10-16 23:03:27.151  2706  5625 E WindowManager: win=Window{37e49e9 u0 com.sec.android.app.launcher/com.sec.android.app.launcher.activities.LauncherActivity} destroySurfaces: appStopped=true cleanupOnResume=false win.mWindowRemovalAllowed=false win.mRemoveOnExit=false win.mViewVisibility=8 caller=com.android.server.wm.ActivityRecord.destroySurfaces:25 com.android.server.wm.ActivityRecord.activityStopped:184 com.android.server.wm.ActivityClientController.activityStopped:95 android.app.IActivityClientController$Stub.onTransact:722 com.android.server.wm.ActivityClientController.onTransact:1 android.os.Binder.execTransactInternal:1541 android.os.Binder.execTransact:1480 
10-16 23:03:27.706  2706 11057 E TaskPersister: File error accessing recents directory (directory doesn't exist?).
10-16 23:03:29.945  2706  4352 E Pageboost: ioinfo read failed
10-16 23:03:30.387 26561 26706 E LoadedApk: Exception : java.lang.NullPointerException: Attempt to invoke virtual method 'boolean android.os.Looper.isPerfLogEnable()' on a null object reference
10-16 23:03:30.387 26561 26706 E LoadedApk: Exception : java.lang.NullPointerException: Attempt to invoke virtual method 'boolean android.os.Looper.isPerfLogEnable()' on a null object reference
10-16 23:03:34.847 26561  7950 E LoadedApk: Exception : java.lang.NullPointerException: Attempt to invoke virtual method 'boolean android.os.Looper.isPerfLogEnable()' on a null object reference
10-16 23:03:34.847 26561  7950 E LoadedApk: Exception : java.lang.NullPointerException: Attempt to invoke virtual method 'boolean android.os.Looper.isPerfLogEnable()' on a null object reference
10-16 23:03:37.004  2706  4538 E KernelCpuUidFullTimeReader: Negative delta from freq time for uid: 99211, delta: -10679
10-16 23:03:43.980 26561  7948 E LoadedApk: Exception : java.lang.NullPointerException: Attempt to invoke virtual method 'boolean android.os.Looper.isPerfLogEnable()' on a null object reference
10-16 23:03:43.980 26561  7948 E LoadedApk: Exception : java.lang.NullPointerException: Attempt to invoke virtual method 'boolean android.os.Looper.isPerfLogEnable()' on a null object reference
10-16 23:03:47.447  2706  3069 E Watchdog: !@Sync: 26269 heap(MB): 210 / 225 FD: 1410 [2025-10-16 23:03:47.447]
10-16 23:04:17.451  2706  3069 E Watchdog: !@Sync: 26270 heap(MB): 179 / 226 FD: 1410 [2025-10-16 23:04:17.451]
10-16 23:04:37.271  2706 11088 E WindowManager: win=Window{a44feb3 u0 com.vasylevych.flophouse/com.unity3d.player.UnityPlayerActivity} destroySurfaces: appStopped=true cleanupOnResume=false win.mWindowRemovalAllowed=false win.mRemoveOnExit=false win.mViewVisibility=8 caller=com.android.server.wm.ActivityRecord.destroySurfaces:25 com.android.server.wm.ActivityRecord.activityStopped:184 com.android.server.wm.ActivityClientController.activityStopped:95 android.app.IActivityClientController$Stub.onTransact:722 com.android.server.wm.ActivityClientController.onTransact:1 android.os.Binder.execTransactInternal:1541 android.os.Binder.execTransact:1480 
10-16 23:04:39.546  2706 11057 E TaskPersister: File error accessing recents directory (directory doesn't exist?).
10-16 23:04:47.456  2706  3069 E Watchdog: !@Sync: 26271 heap(MB): 195 / 224 FD: 1416 [2025-10-16 23:04:47.455]
10-16 23:05:17.464  2706  3069 E Watchdog: !@Sync: 26272 heap(MB): 187 / 225 FD: 1415 [2025-10-16 23:05:17.463]
10-16 23:05:23.879  2706  3863 E SGM:SystemInfoCollector: KILL_YOURSELF
10-16 23:05:24.031  2706  3124 E AppWidgetXmlUtil: Label is empty in ComponentInfo{com.samsung.android.app.spage/com.samsung.android.app.spage.news.ui.widget.NewsWidgetReceiverCover}
10-16 23:05:24.421  1009  1532 E KeyStorage: retrieveKey : /data/misc_ce/0/vold/user_keys/391bfaf20db252e5f1d4d1a43090b5a9bdfdcff8fab6f4ad4a01043ae6a38df1/secret
10-16 23:05:24.429  2706  4519 E WindowManager: win=Window{3ba7038 u0 com.vasylevych.flophouse/com.vungle.ads.internal.ui.VungleActivity} destroySurfaces: appStopped=true cleanupOnResume=false win.mWindowRemovalAllowed=false win.mRemoveOnExit=false win.mViewVisibility=8 caller=com.android.server.wm.ActivityRecord.destroySurfaces:25 com.android.server.wm.ActivityRecord.activityStopped:184 com.android.server.wm.ActivityClientController.activityStopped:95 android.app.IActivityClientController$Stub.onTransact:722 com.android.server.wm.ActivityClientController.onTransact:1 android.os.Binder.execTransactInternal:1541 android.os.Binder.execTransact:1480 
10-16 23:05:24.501  1183 17068 E keystore2: system/security/keystore2/src/error.rs:173 - Rc(r#KEY_NOT_FOUND), "system/security/keystore2/src/service.rs:167: In get_key_entry, while trying to load key info. 5009, Some(\"com.samsung.android.scloud_SERVER_CERT\")"
10-16 23:05:24.503  1183 12810 E keystore2: system/security/keystore2/src/error.rs:173 - Rc(r#KEY_NOT_FOUND), "system/security/keystore2/src/service.rs:167: In get_key_entry, while trying to load key info. 5009, Some(\"com.samsung.android.scloud_SERVER_CERT\")"
10-16 23:05:24.619  1009  1532 E KeyStorage: retrieveKey success : /data/misc_ce/0/vold/user_keys/391bfaf20db252e5f1d4d1a43090b5a9bdfdcff8fab6f4ad4a01043ae6a38df1/secret
10-16 23:05:24.619  1009  1532 E KeyStorage: retrieveKey : /data/misc_ce/0/vold/user_keys/391bfaf20db252e5f1d4d1a43090b5a9bdfdcff8fab6f4ad4a01043ae6a38df1/current
10-16 23:05:24.619  1009  1532 E KeyStorage: retrieveKey success : /data/misc_ce/0/vold/user_keys/391bfaf20db252e5f1d4d1a43090b5a9bdfdcff8fab6f4ad4a01043ae6a38df1/current
10-16 23:05:24.713  1009  1532 E KeyStorage: retrieveKey : /data/misc_ce/0/vold/user_keys/391bfaf20db252e5f1d4d1a43090b5a9bdfdcff8fab6f4ad4a01043ae6a38df1/secret
10-16 23:05:24.892  1009  1532 E KeyStorage: retrieveKey success : /data/misc_ce/0/vold/user_keys/391bfaf20db252e5f1d4d1a43090b5a9bdfdcff8fab6f4ad4a01043ae6a38df1/secret
10-16 23:05:24.892  1009  1532 E KeyStorage: retrieveKey : /data/misc_ce/0/vold/user_keys/391bfaf20db252e5f1d4d1a43090b5a9bdfdcff8fab6f4ad4a01043ae6a38df1/current
10-16 23:05:24.892  1009  1532 E KeyStorage: retrieveKey success : /data/misc_ce/0/vold/user_keys/391bfaf20db252e5f1d4d1a43090b5a9bdfdcff8fab6f4ad4a01043ae6a38df1/current
10-16 23:05:25.222  1009  1532 E KeyStorage: retrieveKey : /data/misc_ce/0/vold/user_keys/391bfaf20db252e5f1d4d1a43090b5a9bdfdcff8fab6f4ad4a01043ae6a38df1/secret
10-16 23:05:25.403  1009  1532 E KeyStorage: retrieveKey success : /data/misc_ce/0/vold/user_keys/391bfaf20db252e5f1d4d1a43090b5a9bdfdcff8fab6f4ad4a01043ae6a38df1/secret
10-16 23:05:25.404  1009  1532 E KeyStorage: retrieveKey : /data/misc_ce/0/vold/user_keys/391bfaf20db252e5f1d4d1a43090b5a9bdfdcff8fab6f4ad4a01043ae6a38df1/current
10-16 23:05:25.404  1009  1532 E KeyStorage: retrieveKey success : /data/misc_ce/0/vold/user_keys/391bfaf20db252e5f1d4d1a43090b5a9bdfdcff8fab6f4ad4a01043ae6a38df1/current
10-16 23:05:25.488  1009  1532 E KeyStorage: retrieveKey : /data/misc_ce/0/vold/user_keys/391bfaf20db252e5f1d4d1a43090b5a9bdfdcff8fab6f4ad4a01043ae6a38df1/secret
10-16 23:05:25.678  1009  1532 E KeyStorage: retrieveKey success : /data/misc_ce/0/vold/user_keys/391bfaf20db252e5f1d4d1a43090b5a9bdfdcff8fab6f4ad4a01043ae6a38df1/secret
10-16 23:05:25.678  1009  1532 E KeyStorage: retrieveKey : /data/misc_ce/0/vold/user_keys/391bfaf20db252e5f1d4d1a43090b5a9bdfdcff8fab6f4ad4a01043ae6a38df1/current
10-16 23:05:25.678  1009  1532 E KeyStorage: retrieveKey success : /data/misc_ce/0/vold/user_keys/391bfaf20db252e5f1d4d1a43090b5a9bdfdcff8fab6f4ad4a01043ae6a38df1/current
10-16 23:05:25.758  1009 10602 E KeyStorage: retrieveKey : /data/misc_ce/0/vold/user_keys/391bfaf20db252e5f1d4d1a43090b5a9bdfdcff8fab6f4ad4a01043ae6a38df1/secret
10-16 23:05:25.931  1009 10602 E KeyStorage: retrieveKey success : /data/misc_ce/0/vold/user_keys/391bfaf20db252e5f1d4d1a43090b5a9bdfdcff8fab6f4ad4a01043ae6a38df1/secret
10-16 23:05:25.932  1009 10602 E KeyStorage: retrieveKey : /data/misc_ce/0/vold/user_keys/391bfaf20db252e5f1d4d1a43090b5a9bdfdcff8fab6f4ad4a01043ae6a38df1/current
10-16 23:05:25.932  1009 10602 E KeyStorage: retrieveKey success : /data/misc_ce/0/vold/user_keys/391bfaf20db252e5f1d4d1a43090b5a9bdfdcff8fab6f4ad4a01043ae6a38df1/current
10-16 23:05:26.298  1009 10602 E KeyStorage: retrieveKey : /data/misc_ce/0/vold/user_keys/391bfaf20db252e5f1d4d1a43090b5a9bdfdcff8fab6f4ad4a01043ae6a38df1/secret
10-16 23:05:26.486  1009 10602 E KeyStorage: retrieveKey success : /data/misc_ce/0/vold/user_keys/391bfaf20db252e5f1d4d1a43090b5a9bdfdcff8fab6f4ad4a01043ae6a38df1/secret
10-16 23:05:26.486  1009 10602 E KeyStorage: retrieveKey : /data/misc_ce/0/vold/user_keys/391bfaf20db252e5f1d4d1a43090b5a9bdfdcff8fab6f4ad4a01043ae6a38df1/current
10-16 23:05:26.486  1009 10602 E KeyStorage: retrieveKey success : /data/misc_ce/0/vold/user_keys/391bfaf20db252e5f1d4d1a43090b5a9bdfdcff8fab6f4ad4a01043ae6a38df1/current
10-16 23:05:26.583  2706  3124 E AppWidgetXmlUtil: Label is empty in ComponentInfo{com.samsung.android.app.spage/com.samsung.android.app.spage.news.ui.widget.NewsWidgetReceiverCover}
10-16 23:05:26.604 26561  7950 E LoadedApk: Exception : java.lang.NullPointerException: Attempt to invoke virtual method 'boolean android.os.Looper.isPerfLogEnable()' on a null object reference
10-16 23:05:26.605 26561  7950 E LoadedApk: Exception : java.lang.NullPointerException: Attempt to invoke virtual method 'boolean android.os.Looper.isPerfLogEnable()' on a null object reference
10-16 23:05:26.643  2706 11067 E WindowManager: win=Window{ae8f257 u0 com.sec.android.app.sbrowser/com.sec.android.app.sbrowser.SBrowserMainActivity} destroySurfaces: appStopped=true cleanupOnResume=false win.mWindowRemovalAllowed=false win.mRemoveOnExit=false win.mViewVisibility=8 caller=com.android.server.wm.ActivityRecord.destroySurfaces:25 com.android.server.wm.ActivityRecord.activityStopped:184 com.android.server.wm.ActivityClientController.activityStopped:95 android.app.IActivityClientController$Stub.onTransact:722 com.android.server.wm.ActivityClientController.onTransact:1 android.os.Binder.execTransactInternal:1541 android.os.Binder.execTransact:1480 
10-16 23:05:26.704  1009  1532 E KeyStorage: retrieveKey : /data/misc_ce/0/vold/user_keys/391bfaf20db252e5f1d4d1a43090b5a9bdfdcff8fab6f4ad4a01043ae6a38df1/secret
10-16 23:05:26.749  2706  3124 E AppWidgetXmlUtil: Label is empty in ComponentInfo{com.samsung.android.app.spage/com.samsung.android.app.spage.news.ui.widget.NewsWidgetReceiverCover}
10-16 23:05:26.884  1009  1532 E KeyStorage: retrieveKey success : /data/misc_ce/0/vold/user_keys/391bfaf20db252e5f1d4d1a43090b5a9bdfdcff8fab6f4ad4a01043ae6a38df1/secret
10-16 23:05:26.884  1009  1532 E KeyStorage: retrieveKey : /data/misc_ce/0/vold/user_keys/391bfaf20db252e5f1d4d1a43090b5a9bdfdcff8fab6f4ad4a01043ae6a38df1/current
10-16 23:05:26.884  1009  1532 E KeyStorage: retrieveKey success : /data/misc_ce/0/vold/user_keys/391bfaf20db252e5f1d4d1a43090b5a9bdfdcff8fab6f4ad4a01043ae6a38df1/current
10-16 23:05:27.164  2706  4352 E Pageboost: ioinfo read failed
10-16 23:05:27.658  2706  6214 E WindowManager: win=Window{1fed4bb u0 com.einnovation.temu/com.baogong.home.activity.LauncherActivity} destroySurfaces: appStopped=true cleanupOnResume=false win.mWindowRemovalAllowed=false win.mRemoveOnExit=false win.mViewVisibility=8 caller=com.android.server.wm.ActivityRecord.destroySurfaces:25 com.android.server.wm.ActivityRecord.activityStopped:184 com.android.server.wm.ActivityClientController.activityStopped:95 android.app.IActivityClientController$Stub.onTransact:722 com.android.server.wm.ActivityClientController.onTransact:1 android.os.Binder.execTransactInternal:1541 android.os.Binder.execTransact:1480 
10-16 23:05:28.253  2706 11057 E TaskPersister: File error accessing recents directory (directory doesn't exist?).
10-16 23:05:28.559  2706 11057 E TaskPersister: File error accessing recents directory (directory doesn't exist?).
10-16 23:05:28.974  2706 11057 E TaskPersister: File error accessing recents directory (directory doesn't exist?).
10-16 23:05:29.299  2706  4457 E LockSettingsStorage: Unexpected error while get sp path for user 0
10-16 23:05:29.301  2706  4457 E LockSettingsStorage: Unexpected error while get sp path for user 0
10-16 23:05:29.422  2706  4352 E Pageboost: ioinfo read failed
10-16 23:05:29.538  2706 11083 E WindowManager: win=Window{84c1c09 u0 com.sec.android.app.launcher/com.android.quickstep.RecentsActivity} destroySurfaces: appStopped=true cleanupOnResume=false win.mWindowRemovalAllowed=false win.mRemoveOnExit=false win.mViewVisibility=8 caller=com.android.server.wm.ActivityRecord.destroySurfaces:25 com.android.server.wm.ActivityRecord.activityStopped:184 com.android.server.wm.ActivityClientController.activityStopped:95 android.app.IActivityClientController$Stub.onTransact:722 com.android.server.wm.ActivityClientController.onTransact:1 android.os.Binder.execTransactInternal:1541 android.os.Binder.execTransact:1480 
10-16 23:05:32.539  2706 11057 E TaskPersister: File error accessing recents directory (directory doesn't exist?).
10-16 23:05:37.274  2706  6881 E KernelCpuUidFullTimeReader: Negative delta from freq time for uid: 99213, delta: -2861
10-16 23:05:37.275  2706  6881 E KernelCpuUidFullTimeReader: Negative delta from freq time for uid: 99214, delta: -49645
10-16 23:05:39.421  2706 11057 E TaskPersister: File error accessing recents directory (directory doesn't exist?).
10-16 23:05:47.474  2706  3069 E Watchdog: !@Sync: 26273 heap(MB): 185 / 226 FD: 1409 [2025-10-16 23:05:47.474]
10-16 23:06:17.478  2706  3069 E Watchdog: !@Sync: 26274 heap(MB): 200 / 226 FD: 1414 [2025-10-16 23:06:17.477]
10-16 23:06:38.640  2706  3124 E AppWidgetXmlUtil: Label is empty in ComponentInfo{com.samsung.android.app.spage/com.samsung.android.app.spage.news.ui.widget.NewsWidgetReceiverCover}
10-16 23:06:47.481  2706  3069 E Watchdog: !@Sync: 26275 heap(MB): 195 / 226 FD: 1412 [2025-10-16 23:06:47.481]
10-16 23:07:17.485  2706  3069 E Watchdog: !@Sync: 26276 heap(MB): 205 / 226 FD: 1412 [2025-10-16 23:07:17.484]
10-16 23:07:47.490  2706  3069 E Watchdog: !@Sync: 26277 heap(MB): 222 / 227 FD: 1411 [2025-10-16 23:07:47.490]
10-16 23:08:16.432  2706  6215 E WindowManager: win=Window{a44feb3 u0 com.vasylevych.flophouse/com.unity3d.player.UnityPlayerActivity} destroySurfaces: appStopped=true cleanupOnResume=false win.mWindowRemovalAllowed=false win.mRemoveOnExit=false win.mViewVisibility=8 caller=com.android.server.wm.ActivityRecord.destroySurfaces:25 com.android.server.wm.ActivityRecord.activityStopped:184 com.android.server.wm.ActivityClientController.activityStopped:95 android.app.IActivityClientController$Stub.onTransact:722 com.android.server.wm.ActivityClientController.onTransact:1 android.os.Binder.execTransactInternal:1541 android.os.Binder.execTransact:1480 
10-16 23:08:17.492  2706  3069 E Watchdog: !@Sync: 26278 heap(MB): 202 / 227 FD: 1421 [2025-10-16 23:08:17.492]
10-16 23:08:25.855  6266 12350 E ActivityThread: Failed to find provider info for issuetracker_provider
10-16 23:08:33.844 19861 20025 E ActivityThread: Failed to find provider info for com.zhiliaoapp.musically.apm
10-16 23:08:47.498  2706  3069 E Watchdog: !@Sync: 26279 heap(MB): 200 / 226 FD: 1418 [2025-10-16 23:08:47.497]
10-16 23:09:17.620  2706  3069 E Watchdog: !@Sync: 26280 heap(MB): 217 / 227 native(MB): 124 FD: 1418 WaitTime: 0 ms GCcnt: 0 FullGC: 0 [2025-10-16 23:09:17.502]
10-16 23:09:47.623  2706  3069 E Watchdog: !@Sync: 26281 heap(MB): 195 / 226 FD: 1424 [2025-10-16 23:09:47.623]
10-16 23:10:12.142  2706 11081 E WindowManager: win=Window{a44feb3 u0 com.vasylevych.flophouse/com.unity3d.player.UnityPlayerActivity} destroySurfaces: appStopped=true cleanupOnResume=false win.mWindowRemovalAllowed=false win.mRemoveOnExit=false win.mViewVisibility=8 caller=com.android.server.wm.ActivityRecord.destroySurfaces:25 com.android.server.wm.ActivityRecord.activityStopped:184 com.android.server.wm.ActivityClientController.activityStopped:95 android.app.IActivityClientController$Stub.onTransact:722 com.android.server.wm.ActivityClientController.onTransact:1 android.os.Binder.execTransactInternal:1541 android.os.Binder.execTransact:1480 
10-16 23:10:14.949  2706 11057 E TaskPersister: File error accessing recents directory (directory doesn't exist?).
10-16 23:10:17.632  2706  3069 E Watchdog: !@Sync: 26282 heap(MB): 206 / 226 FD: 1434 [2025-10-16 23:10:17.632]
10-16 23:10:22.370  2706 11083 E AppWidgetServiceImpl: getAppWidgetInfo() returns null because widget is null. appWidgetId=0 userId=0
10-16 23:10:22.370  2706 11083 E AppWidgetServiceImpl: getAppWidgetInfo() returns null because widget is null. appWidgetId=0 userId=0
10-16 23:10:22.370  2706 11083 E AppWidgetServiceImpl: getAppWidgetInfo() returns null because widget is null. appWidgetId=0 userId=0
10-16 23:10:22.834  2706  3124 E AppWidgetXmlUtil: Label is empty in ComponentInfo{com.samsung.android.app.spage/com.samsung.android.app.spage.news.ui.widget.NewsWidgetReceiverCover}
10-16 23:10:47.640  2706  3069 E Watchdog: !@Sync: 26283 heap(MB): 220 / 230 FD: 1443 [2025-10-16 23:10:47.640]
10-16 23:10:52.656  2706 11057 E TaskPersister: File error accessing recents directory (directory doesn't exist?).
10-16 23:11:17.646  2706  3069 E Watchdog: !@Sync: 26284 heap(MB): 188 / 226 FD: 1424 [2025-10-16 23:11:17.646]
10-16 23:11:38.152  2706  4538 E KernelCpuUidFullTimeReader: Negative delta from freq time for uid: 90002, delta: -1460
10-16 23:11:38.152  2706  4538 E KernelCpuUidFullTimeReader: Negative delta from freq time for uid: 90003, delta: -798
10-16 23:11:38.152  2706  4538 E KernelCpuUidFullTimeReader: Negative delta from freq time for uid: 90004, delta: -10
10-16 23:11:38.152  2706  4538 E KernelCpuUidFullTimeReader: Negative delta from freq time for uid: 99193, delta: -56956
10-16 23:11:38.152  2706  4538 E KernelCpuUidFullTimeReader: Negative delta from freq time for uid: 99194, delta: -98
10-16 23:11:38.152  2706  4538 E KernelCpuUidFullTimeReader: Negative delta from freq time for uid: 99195, delta: -11
10-16 23:11:38.152  2706  4538 E KernelCpuUidFullTimeReader: Negative delta from freq time for uid: 99196, delta: -3492
10-16 23:11:38.152  2706  4538 E KernelCpuUidFullTimeReader: Negative delta from freq time for uid: 99200, delta: -45949
10-16 23:11:38.152  2706  4538 E KernelCpuUidFullTimeReader: Negative delta from freq time for uid: 99201, delta: -4236
10-16 23:11:38.152  2706  4538 E KernelCpuUidFullTimeReader: Negative delta from freq time for uid: 99202, delta: -1688
10-16 23:11:38.152  2706  4538 E KernelCpuUidFullTimeReader: Negative delta from freq time for uid: 99204, delta: -276
10-16 23:11:38.152  2706  4538 E KernelCpuUidFullTimeReader: Negative delta from freq time for uid: 99205, delta: -337
10-16 23:11:38.152  2706  4538 E KernelCpuUidFullTimeReader: Negative delta from freq time for uid: 99206, delta: -1742
10-16 23:11:38.152  2706  4538 E KernelCpuUidFullTimeReader: Negative delta from freq time for uid: 99207, delta: -331
10-16 23:11:38.152  2706  4538 E KernelCpuUidFullTimeReader: Negative delta from freq time for uid: 99208, delta: -486
10-16 23:11:38.152  2706  4538 E KernelCpuUidFullTimeReader: Negative delta from freq time for uid: 99211, delta: -470
10-16 23:11:38.152  2706  4538 E KernelCpuUidFullTimeReader: Negative delta from freq time for uid: 99213, delta: -2861
10-16 23:11:38.152  2706  4538 E KernelCpuUidFullTimeReader: Negative delta from freq time for uid: 99214, delta: -49645
10-16 23:11:47.650  2706  3069 E Watchdog: !@Sync: 26285 heap(MB): 203 / 226 FD: 1424 [2025-10-16 23:11:47.650]
10-16 23:12:17.654  2706  3069 E Watchdog: !@Sync: 26286 heap(MB): 219 / 227 FD: 1424 [2025-10-16 23:12:17.654]
10-16 23:12:47.657  2706  3069 E Watchdog: !@Sync: 26287 heap(MB): 180 / 226 FD: 1424 [2025-10-16 23:12:47.657]
--------- beginning of main
10-16 23:13:04.297  2086  2086 E SecVibrator-HAL-AIDL-EXT: V_5_0: performPrebakedHapticPattern 0 : 4000 : 0
10-16 23:13:04.297  2086  2086 E SecVibrator-HAL-AIDL-CORE: HW_API: [setForceFeedbackAmplitude]amplitude: 4000
10-16 23:13:04.312  2086  2086 E SecVibrator-HAL-AIDL-CORE: HW_API: [uploadForceFeedbackeffect]ioctl success ,uploaded effect with ID: 0
10-16 23:13:04.312  2086  2086 E SecVibrator-HAL-AIDL-CORE: V_2_0: Vibrator set amplitude: 1
10-16 23:13:04.312  2086  2086 E SecVibrator-HAL-AIDL-CORE: HW_API: [isAmplitudeControlExist]return true
10-16 23:13:04.312  2086  2086 E SecVibrator-HAL-AIDL-CORE: HW_API: [setForceFeedbackAmplitude]amplitude: 10000
10-16 23:13:04.312  2086  2086 E SecVibrator-HAL-AIDL-CORE: V_2_0: Vibrator on for timeoutMs: 40
10-16 23:13:04.312  2086  2086 E SecVibrator-HAL-AIDL-CORE: HW_API: do_on for timeoutMs: 40
10-16 23:13:04.322  2086  2086 E SecVibrator-HAL-AIDL-CORE: HW_API: [uploadForceFeedbackeffect]ioctl success ,uploaded effect with ID: 0
10-16 23:13:04.322  2086  2086 E SecVibrator-HAL-AIDL-CORE: HW_API: [triggerForceFeedbackVibration]on: 1
10-16 23:13:04.353  2086  2086 E SecVibrator-HAL-AIDL-CORE: V_2_0: Vibrator off
10-16 23:13:04.353  2086  2086 E SecVibrator-HAL-AIDL-CORE: HW_API: do_off
10-16 23:13:04.353  2086  2086 E SecVibrator-HAL-AIDL-CORE: HW_API: [triggerForceFeedbackVibration]on: 0
10-16 23:13:08.928  4753 16956 E LeAudioService: getGroupId: No valid descriptor for device: XX:XX:XX:XX:21:B9
10-16 23:13:09.529  2070  2162 E BatteryDump: !@new_battery_dump : 4288,-600,100,100,91,307,314,333,307,0,325,333,0,Discharging,NO_CHARGING,None,Good,NONE,0,Normal,0,0,9300,0x40000000,0x10000,0x0,0,0,478,v0002,0000,0000,00000000,0,0,0,0,47,4323,8953,980,0,
10-16 23:13:11.714  2156 24375 E ConversionHelperAidl: Function: parseAndSetVendorParameters Line: 94 Failed 
10-16 23:13:11.714  2156 24375 E ConversionHelperAidl: Function: parseAndSetVendorParameters Line: 94 Failed 
10-16 23:13:11.718  2156 24375 E ConversionHelperAidl: Function: parseAndSetVendorParameters Line: 94 Failed 
10-16 23:13:11.718  2156 24375 E ConversionHelperAidl: Function: parseAndSetVendorParameters Line: 94 Failed 
10-16 23:13:17.661  2706  3069 E Watchdog: !@Sync: 26288 heap(MB): 199 / 226 FD: 1424 [2025-10-16 23:13:17.661]
10-16 23:13:21.750  2156 21624 E ConversionHelperAidl: Function: parseAndSetVendorParameters Line: 94 Failed 
10-16 23:13:21.750  2156 21624 E ConversionHelperAidl: Function: parseAndSetVendorParameters Line: 94 Failed 
10-16 23:13:21.754  2156 21624 E ConversionHelperAidl: Function: parseAndSetVendorParameters Line: 94 Failed 
10-16 23:13:21.754  2156 21624 E ConversionHelperAidl: Function: parseAndSetVendorParameters Line: 94 Failed 
10-16 23:13:25.688  2086  2086 E SecVibrator-HAL-AIDL-EXT: V_5_0: performPrebakedHapticPattern 0 : 4000 : 0
10-16 23:13:25.688  2086  2086 E SecVibrator-HAL-AIDL-CORE: HW_API: [setForceFeedbackAmplitude]amplitude: 4000
10-16 23:13:25.705  2086  2086 E SecVibrator-HAL-AIDL-CORE: HW_API: [uploadForceFeedbackeffect]ioctl success ,uploaded effect with ID: 0
10-16 23:13:25.705  2086  2086 E SecVibrator-HAL-AIDL-CORE: V_2_0: Vibrator set amplitude: 0.152941
10-16 23:13:25.705  2086  2086 E SecVibrator-HAL-AIDL-CORE: HW_API: [isAmplitudeControlExist]return true
10-16 23:13:25.705  2086  2086 E SecVibrator-HAL-AIDL-CORE: HW_API: [setForceFeedbackAmplitude]amplitude: 1529
10-16 23:13:25.705  2086  2086 E SecVibrator-HAL-AIDL-CORE: V_2_0: Vibrator on for timeoutMs: 40
10-16 23:13:25.705  2086  2086 E SecVibrator-HAL-AIDL-CORE: HW_API: do_on for timeoutMs: 40
10-16 23:13:25.716  2086  2086 E SecVibrator-HAL-AIDL-CORE: HW_API: [uploadForceFeedbackeffect]ioctl success ,uploaded effect with ID: 0
10-16 23:13:25.716  2086  2086 E SecVibrator-HAL-AIDL-CORE: HW_API: [triggerForceFeedbackVibration]on: 1
10-16 23:13:25.746  2086  2086 E SecVibrator-HAL-AIDL-CORE: V_2_0: Vibrator off
10-16 23:13:25.746  2086  2086 E SecVibrator-HAL-AIDL-CORE: HW_API: do_off
10-16 23:13:25.746  2086  2086 E SecVibrator-HAL-AIDL-CORE: HW_API: [triggerForceFeedbackVibration]on: 0
10-16 23:13:25.870  2086  2086 E SecVibrator-HAL-AIDL-EXT: V_5_0: performPrebakedHapticPattern 0 : 4000 : 0
10-16 23:13:25.870  2086  2086 E SecVibrator-HAL-AIDL-CORE: HW_API: [setForceFeedbackAmplitude]amplitude: 4000
10-16 23:13:25.880  2086  2086 E SecVibrator-HAL-AIDL-CORE: HW_API: [uploadForceFeedbackeffect]ioctl success ,uploaded effect with ID: 0
10-16 23:13:25.881  2086  2086 E SecVibrator-HAL-AIDL-CORE: V_2_0: Vibrator set amplitude: 0.152941
10-16 23:13:25.881  2086  2086 E SecVibrator-HAL-AIDL-CORE: HW_API: [isAmplitudeControlExist]return true
10-16 23:13:25.881  2086  2086 E SecVibrator-HAL-AIDL-CORE: HW_API: [setForceFeedbackAmplitude]amplitude: 1529
10-16 23:13:25.881  2086  2086 E SecVibrator-HAL-AIDL-CORE: V_2_0: Vibrator on for timeoutMs: 40
10-16 23:13:25.881  2086  2086 E SecVibrator-HAL-AIDL-CORE: HW_API: do_on for timeoutMs: 40
10-16 23:13:25.891  2086  2086 E SecVibrator-HAL-AIDL-CORE: HW_API: [uploadForceFeedbackeffect]ioctl success ,uploaded effect with ID: 0
10-16 23:13:25.891  2086  2086 E SecVibrator-HAL-AIDL-CORE: HW_API: [triggerForceFeedbackVibration]on: 1
10-16 23:13:25.921  2086  2086 E SecVibrator-HAL-AIDL-CORE: V_2_0: Vibrator off
10-16 23:13:25.921  2086  2086 E SecVibrator-HAL-AIDL-CORE: HW_API: do_off
10-16 23:13:25.922  2086  2086 E SecVibrator-HAL-AIDL-CORE: HW_API: [triggerForceFeedbackVibration]on: 0
10-16 23:13:26.053  2086  2086 E SecVibrator-HAL-AIDL-EXT: V_5_0: performPrebakedHapticPattern 0 : 4000 : 0
10-16 23:13:26.053  2086  2086 E SecVibrator-HAL-AIDL-CORE: HW_API: [setForceFeedbackAmplitude]amplitude: 4000
10-16 23:13:26.064  2086  2086 E SecVibrator-HAL-AIDL-CORE: HW_API: [uploadForceFeedbackeffect]ioctl success ,uploaded effect with ID: 0
10-16 23:13:26.064  2086  2086 E SecVibrator-HAL-AIDL-CORE: V_2_0: Vibrator set amplitude: 0.152941
10-16 23:13:26.064  2086  2086 E SecVibrator-HAL-AIDL-CORE: HW_API: [isAmplitudeControlExist]return true
10-16 23:13:26.064  2086  2086 E SecVibrator-HAL-AIDL-CORE: HW_API: [setForceFeedbackAmplitude]amplitude: 1529
10-16 23:13:26.065  2086  2086 E SecVibrator-HAL-AIDL-CORE: V_2_0: Vibrator on for timeoutMs: 40
10-16 23:13:26.065  2086  2086 E SecVibrator-HAL-AIDL-CORE: HW_API: do_on for timeoutMs: 40
10-16 23:13:26.075  2086  2086 E SecVibrator-HAL-AIDL-CORE: HW_API: [uploadForceFeedbackeffect]ioctl success ,uploaded effect with ID: 0
10-16 23:13:26.075  2086  2086 E SecVibrator-HAL-AIDL-CORE: HW_API: [triggerForceFeedbackVibration]on: 1
10-16 23:13:26.105  2086  2086 E SecVibrator-HAL-AIDL-CORE: V_2_0: Vibrator off
10-16 23:13:26.105  2086  2086 E SecVibrator-HAL-AIDL-CORE: HW_API: do_off
10-16 23:13:26.105  2086  2086 E SecVibrator-HAL-AIDL-CORE: HW_API: [triggerForceFeedbackVibration]on: 0
10-16 23:13:26.130  2086  2086 E SecVibrator-HAL-AIDL-EXT: V_5_0: performPrebakedHapticPattern 0 : 4000 : 0
10-16 23:13:26.130  2086  2086 E SecVibrator-HAL-AIDL-CORE: HW_API: [setForceFeedbackAmplitude]amplitude: 4000
10-16 23:13:26.141  2086  2086 E SecVibrator-HAL-AIDL-CORE: HW_API: [uploadForceFeedbackeffect]ioctl success ,uploaded effect with ID: 0
10-16 23:13:26.141  2086  2086 E SecVibrator-HAL-AIDL-CORE: V_2_0: Vibrator set amplitude: 1
10-16 23:13:26.141  2086  2086 E SecVibrator-HAL-AIDL-CORE: HW_API: [isAmplitudeControlExist]return true
10-16 23:13:26.141  2086  2086 E SecVibrator-HAL-AIDL-CORE: HW_API: [setForceFeedbackAmplitude]amplitude: 10000
10-16 23:13:26.141  2086  2086 E SecVibrator-HAL-AIDL-CORE: V_2_0: Vibrator on for timeoutMs: 40
10-16 23:13:26.141  2086  2086 E SecVibrator-HAL-AIDL-CORE: HW_API: do_on for timeoutMs: 40
10-16 23:13:26.151  2086  2086 E SecVibrator-HAL-AIDL-CORE: HW_API: [uploadForceFeedbackeffect]ioctl success ,uploaded effect with ID: 0
10-16 23:13:26.151  2086  2086 E SecVibrator-HAL-AIDL-CORE: HW_API: [triggerForceFeedbackVibration]on: 1
10-16 23:13:26.181  2086  2086 E SecVibrator-HAL-AIDL-CORE: V_2_0: Vibrator off
10-16 23:13:26.181  2086  2086 E SecVibrator-HAL-AIDL-CORE: HW_API: do_off
10-16 23:13:26.181  2086  2086 E SecVibrator-HAL-AIDL-CORE: HW_API: [triggerForceFeedbackVibration]on: 0
10-16 23:13:26.236  2086  2086 E SecVibrator-HAL-AIDL-EXT: V_5_0: performPrebakedHapticPattern 0 : 4000 : 0
10-16 23:13:26.237  2086  2086 E SecVibrator-HAL-AIDL-CORE: HW_API: [setForceFeedbackAmplitude]amplitude: 4000
10-16 23:13:26.247  2086  2086 E SecVibrator-HAL-AIDL-CORE: HW_API: [uploadForceFeedbackeffect]ioctl success ,uploaded effect with ID: 0
10-16 23:13:26.247  2086  2086 E SecVibrator-HAL-AIDL-CORE: V_2_0: Vibrator set amplitude: 0.152941
10-16 23:13:26.247  2086  2086 E SecVibrator-HAL-AIDL-CORE: HW_API: [isAmplitudeControlExist]return true
10-16 23:13:26.247  2086  2086 E SecVibrator-HAL-AIDL-CORE: HW_API: [setForceFeedbackAmplitude]amplitude: 1529
10-16 23:13:26.247  2086  2086 E SecVibrator-HAL-AIDL-CORE: V_2_0: Vibrator on for timeoutMs: 40
10-16 23:13:26.247  2086  2086 E SecVibrator-HAL-AIDL-CORE: HW_API: do_on for timeoutMs: 40
10-16 23:13:26.257  2086  2086 E SecVibrator-HAL-AIDL-CORE: HW_API: [uploadForceFeedbackeffect]ioctl success ,uploaded effect with ID: 0
10-16 23:13:26.257  2086  2086 E SecVibrator-HAL-AIDL-CORE: HW_API: [triggerForceFeedbackVibration]on: 1
10-16 23:13:26.287  2086  2086 E SecVibrator-HAL-AIDL-CORE: V_2_0: Vibrator off
10-16 23:13:26.287  2086  2086 E SecVibrator-HAL-AIDL-CORE: HW_API: do_off
10-16 23:13:26.287  2086  2086 E SecVibrator-HAL-AIDL-CORE: HW_API: [triggerForceFeedbackVibration]on: 0
10-16 23:13:26.429  2086  2086 E SecVibrator-HAL-AIDL-EXT: V_5_0: performPrebakedHapticPattern 0 : 4000 : 0
10-16 23:13:26.429  2086  2086 E SecVibrator-HAL-AIDL-CORE: HW_API: [setForceFeedbackAmplitude]amplitude: 4000
10-16 23:13:26.440  2086  2086 E SecVibrator-HAL-AIDL-CORE: HW_API: [uploadForceFeedbackeffect]ioctl success ,uploaded effect with ID: 0
10-16 23:13:26.440  2086  2086 E SecVibrator-HAL-AIDL-CORE: V_2_0: Vibrator set amplitude: 0.152941
10-16 23:13:26.440  2086  2086 E SecVibrator-HAL-AIDL-CORE: HW_API: [isAmplitudeControlExist]return true
10-16 23:13:26.440  2086  2086 E SecVibrator-HAL-AIDL-CORE: HW_API: [setForceFeedbackAmplitude]amplitude: 1529
10-16 23:13:26.440  2086  2086 E SecVibrator-HAL-AIDL-CORE: V_2_0: Vibrator on for timeoutMs: 40
10-16 23:13:26.440  2086  2086 E SecVibrator-HAL-AIDL-CORE: HW_API: do_on for timeoutMs: 40
10-16 23:13:26.451  2086  2086 E SecVibrator-HAL-AIDL-CORE: HW_API: [uploadForceFeedbackeffect]ioctl success ,uploaded effect with ID: 0
10-16 23:13:26.451  2086  2086 E SecVibrator-HAL-AIDL-CORE: HW_API: [triggerForceFeedbackVibration]on: 1
10-16 23:13:26.480  2086  2086 E SecVibrator-HAL-AIDL-CORE: V_2_0: Vibrator off
10-16 23:13:26.480  2086  2086 E SecVibrator-HAL-AIDL-CORE: HW_API: do_off
10-16 23:13:26.480  2086  2086 E SecVibrator-HAL-AIDL-CORE: HW_API: [triggerForceFeedbackVibration]on: 0
10-16 23:13:26.603  2086  2086 E SecVibrator-HAL-AIDL-EXT: V_5_0: performPrebakedHapticPattern 0 : 4000 : 0
10-16 23:13:26.603  2086  2086 E SecVibrator-HAL-AIDL-CORE: HW_API: [setForceFeedbackAmplitude]amplitude: 4000
10-16 23:13:26.614  2086  2086 E SecVibrator-HAL-AIDL-CORE: HW_API: [uploadForceFeedbackeffect]ioctl success ,uploaded effect with ID: 0
10-16 23:13:26.615  2086  2086 E SecVibrator-HAL-AIDL-CORE: V_2_0: Vibrator set amplitude: 0.152941
10-16 23:13:26.615  2086  2086 E SecVibrator-HAL-AIDL-CORE: HW_API: [isAmplitudeControlExist]return true
10-16 23:13:26.615  2086  2086 E SecVibrator-HAL-AIDL-CORE: HW_API: [setForceFeedbackAmplitude]amplitude: 1529
10-16 23:13:26.615  2086  2086 E SecVibrator-HAL-AIDL-CORE: V_2_0: Vibrator on for timeoutMs: 40
10-16 23:13:26.615  2086  2086 E SecVibrator-HAL-AIDL-CORE: HW_API: do_on for timeoutMs: 40
10-16 23:13:26.625  2086  2086 E SecVibrator-HAL-AIDL-CORE: HW_API: [uploadForceFeedbackeffect]ioctl success ,uploaded effect with ID: 0
10-16 23:13:26.625  2086  2086 E SecVibrator-HAL-AIDL-CORE: HW_API: [triggerForceFeedbackVibration]on: 1
10-16 23:13:26.655  2086  2086 E SecVibrator-HAL-AIDL-CORE: V_2_0: Vibrator off
10-16 23:13:26.655  2086  2086 E SecVibrator-HAL-AIDL-CORE: HW_API: do_off
10-16 23:13:26.655  2086  2086 E SecVibrator-HAL-AIDL-CORE: HW_API: [triggerForceFeedbackVibration]on: 0
10-16 23:13:26.756  7196  7345 E TTPBanners: processAction:: action = PAUSE, current state = HIDING, source = TTPInterstitialImpl
10-16 23:13:26.757  7196  7345 E TTPBanners: processAction:: result state = PAUSED_HIDING
10-16 23:13:26.804  5804  5804 E pageboostd: Received HALT command code 2
10-16 23:13:26.805  7196  7196 E TTPBanners: processAction:: action = PAUSE, current state = PAUSED_HIDING, source = background
10-16 23:13:26.805  7196  7196 E TTPBanners: processAction:: result state = PAUSED_HIDING
10-16 23:13:26.920  4753  4753 E MediaControlProfile: onCurrentPlayerStateUpdated: base actions not supported, player actions= 0, expected at least= 7f
10-16 23:13:26.967  5804  5804 E pageboostd: Received HALT command code 2
10-16 23:13:26.976  2193  2193 E SurfaceFlinger: alpha changed 1.000 -> 0.000 - Surface(name=91b0560 NavigationBar0)/@0x4141676 - animation-leash of insets_animation#285510
10-16 23:13:26.976  2193  2193 E SurfaceFlinger: alpha changed 1.000 -> 0.000 - Surface(name=e753dc3 StatusBar)/@0x51d199b - animation-leash of insets_animation#285509
10-16 23:13:26.976  2193  2193 E SurfaceFlinger: alpha changed 0.000 -> 0.000 - Surface(name=e753dc3 StatusBar)/@0x51d199b - animation-leash of insets_animation#285509
10-16 23:13:26.976  2193  2193 E SurfaceFlinger: alpha changed 0.000 -> 1.000 - Surface(name=91b0560 NavigationBar0)/@0x4141676 - animation-leash of insets_animation#285510
10-16 23:13:26.976  2193  2193 E SurfaceFlinger: alpha changed 1.000 -> 0.000 - ActivityRecord{f953a57 u0 com.vasylevych.flophouse/com.unity3d.services.ads.adunit.AdUnitActivity t4790}#285505
10-16 23:13:26.976  2193  2193 E SurfaceFlinger: alpha changed 0.000 -> 1.000 - ActivityRecord{f953a57 u0 com.vasylevych.flophouse/com.unity3d.services.ads.adunit.AdUnitActivity t4790}#285505
10-16 23:13:27.016  2156  2878 E ConversionHelperAidl: Function: parseAndSetVendorParameters Line: 94 Failed 
10-16 23:13:27.016  2156  2878 E ConversionHelperAidl: Function: parseAndSetVendorParameters Line: 94 Failed 
10-16 23:13:27.030  2471 15591 E SEC_DRM_PLUGIN_Omafl: OmaPlugin::onOpenDecryptSession(fd)::Drm2IsDrmFileByExtFd::file is NOT DRM by extension
10-16 23:13:27.033  2706  5074 E WindowManager: win=Window{a44feb3 u0 com.vasylevych.flophouse/com.unity3d.player.UnityPlayerActivity} destroySurfaces: appStopped=true cleanupOnResume=false win.mWindowRemovalAllowed=false win.mRemoveOnExit=false win.mViewVisibility=8 caller=com.android.server.wm.ActivityRecord.destroySurfaces:25 com.android.server.wm.ActivityRecord.activityStopped:184 com.android.server.wm.ActivityClientController.activityStopped:95 android.app.IActivityClientController$Stub.onTransact:722 com.android.server.wm.ActivityClientController.onTransact:1 android.os.Binder.execTransactInternal:1541 android.os.Binder.execTransact:1480 
10-16 23:13:27.059  2193  2193 E SurfaceFlinger: alpha changed 1.000 -> 0.000 - Surface(name=5728d3c InputMethod)/@0xc61c1a - animation-leash of insets_animation#285517
10-16 23:13:27.128  4753  4753 E MediaControlProfile: onCurrentPlayerStateUpdated: base actions not supported, player actions= 0, expected at least= 7f
10-16 23:13:27.145  2064 18742 E QC2Comp : [vp9D_245] configureIntf failed 95
10-16 23:13:27.147  2064 14144 E QC2V4l2Codec: [v4lvp9D_245]  ? is not a supported pixel format!
10-16 23:13:27.154  2838 31770 E Codec2-ComponentInterface: We have a failed config
10-16 23:13:27.273  2156  3211 E StreamHalAidl: Function: getRecommendedLatencyModes Line: 943 Failed 
10-16 23:13:27.275  2156  2878 E ConversionHelperAidl: Function: parseAndSetVendorParameters Line: 94 Failed 
10-16 23:13:27.275  2156  2878 E ConversionHelperAidl: Function: parseAndSetVendorParameters Line: 94 Failed 
10-16 23:13:27.294  2041  3148 E ACDB    : vendor/qcom/proprietary/args/acdb/src/acdb_command.c:AcdbCmdGetProcSubgraphCalDataPersist:8255 Error[19]: No calibration found
10-16 23:13:27.294  2041  3148 E ACDB    : vendor/qcom/proprietary/args/acdb/src/acdb_command.c:AcdbCmdGetProcSubgraphCalDataPersist:8255 Error[19]: No calibration found
10-16 23:13:27.294  2041  3148 E ACDB    : vendor/qcom/proprietary/args/acdb/src/acdb_command.c:AcdbCmdGetProcSubgraphCalDataPersist:8255 Error[19]: No calibration found
10-16 23:13:27.295  2041  3148 E ACDB    : vendor/qcom/proprietary/args/acdb/src/acdb_command.c:AcdbCmdGetProcSubgraphCalDataPersist:8255 Error[19]: No calibration found
10-16 23:13:27.295  2041  3148 E ACDB    : vendor/qcom/proprietary/args/acdb/src/acdb_command.c:AcdbCmdGetProcSubgraphCalDataPersist:8255 Error[19]: No calibration found
10-16 23:13:27.295  2041  3148 E ACDB    : vendor/qcom/proprietary/args/acdb/src/acdb_command.c:AcdbCmdGetProcSubgraphCalDataPersist:8255 Error[19]: No calibration found
10-16 23:13:27.720  7196  7196 E TTPBanners: processAction:: action = PAUSE, current state = PAUSED_HIDING, source = TTPInterstitialImpl
10-16 23:13:27.720  7196  7196 E TTPBanners: processAction:: result state = PAUSED_HIDING
10-16 23:13:27.741 18066 21055 E adservices.measurement: User has not consented.
10-16 23:13:29.015  2471 29601 E SEC_DRM_PLUGIN_Omafl: OmaPlugin::onOpenDecryptSession(fd)::Drm2IsDrmFileByExtFd::file is NOT DRM by extension
10-16 23:13:29.805  2706 11057 E TaskPersister: File error accessing recents directory (directory doesn't exist?).
10-16 23:13:31.810  2156 21624 E ConversionHelperAidl: Function: parseAndSetVendorParameters Line: 94 Failed 
10-16 23:13:31.810  2156 21624 E ConversionHelperAidl: Function: parseAndSetVendorParameters Line: 94 Failed 
10-16 23:13:31.830  2156 21624 E ConversionHelperAidl: Function: parseAndSetVendorParameters Line: 94 Failed 
10-16 23:13:31.831  2156 21624 E ConversionHelperAidl: Function: parseAndSetVendorParameters Line: 94 Failed 
10-16 23:13:33.244  7196  7196 E InMobiMediationAdapter: {
10-16 23:13:33.244  7196  7196 E InMobiMediationAdapter:   "Code": 2,
10-16 23:13:33.244  7196  7196 E InMobiMediationAdapter:   "Message": "Ad request successful but no ad served.",
10-16 23:13:33.244  7196  7196 E InMobiMediationAdapter:   "Domain": "com.inmobi.sdk",
10-16 23:13:33.244  7196  7196 E InMobiMediationAdapter:   "Cause": "null"
10-16 23:13:33.244  7196  7196 E InMobiMediationAdapter: }
10-16 23:13:33.625  2041  2730 E PAL: HotwordInterface: GetParameter: 233: Unsupported param id 17
10-16 23:13:33.625  2041  2730 E PAL: HotwordInterface: GetParameter: 233: Unsupported param id 18
10-16 23:13:33.647 15857 19691 E word_detector_0: RecordingActivityTracker(): binding to audio service failed, service up?
10-16 23:13:33.651  2041 16896 E AHAL_StreamIn_QTI: updateMetadataCommon: stream was closed
10-16 23:13:33.659  2041 16896 E AHAL_StreamIn_QTI: updateMetadataCommon : usecase: HOTWORD_RECORD IoHandle:21630: stream was closed
10-16 23:13:33.661  2041 16896 E AHAL_StreamIn_QTI: updateMetadataCommon : usecase: HOTWORD_RECORD IoHandle:21630: stream was closed
10-16 23:13:33.662  2156  2878 E ConversionHelperAidl: Function: parseAndSetVendorParameters Line: 94 Failed 
10-16 23:13:33.662  2156  2878 E ConversionHelperAidl: Function: parseAndSetVendorParameters Line: 94 Failed 
10-16 23:13:33.663  2041 14391 E PAL: HotwordInterface: GetParameter: 233: Unsupported param id 21
10-16 23:13:34.446 14418 14418 E rivacydashboard: Not starting debugger since process cannot load the jdwp agent.
10-16 23:13:34.684  2041  2048 E AHAL_StreamIn_QTI: updateMetadataCommon : usecase: HOTWORD_RECORD IoHandle:21630: stream was closed
10-16 23:13:34.686  8275  8275 E BWU@DspControlUtil: Ph_OnServiceStateChanged 0 [main] 
10-16 23:13:34.687  2041  2048 E AHAL_StreamIn_QTI: updateMetadataCommon : usecase: HOTWORD_RECORD IoHandle:21630: stream was closed
10-16 23:13:34.687  2041  2048 E AHAL_Platform_QTI: configureAndFetchPalDevices the set devices is empty
10-16 23:13:34.687  2041  2048 E AHAL_Platform_QTI: configureSecPalDevicesForCapture the set devices is empty
10-16 23:13:34.708  2041 16896 E PAL: HotwordInterface: GetParameter: 233: Unsupported param id 30
10-16 23:13:36.960  7335  7893 E Moneta::DataProviderTags: not enabled tag(playing_game), Disable in DataProviderTags
10-16 23:13:36.968  8766  8950 E fb4a.msys: E[N MQTT]onConnectError(562)=>Connect Error: folly::AsyncSocketException: AsyncSocketException: connect timed out after 199998ms, type = Timed out
10-16 23:13:38.347  2041  2730 E PAL: HotwordInterface: GetParameter: 233: Unsupported param id 17
10-16 23:13:38.347  2041  2730 E PAL: HotwordInterface: GetParameter: 233: Unsupported param id 18
10-16 23:13:38.357 15857 19691 E word_detector_0: RecordingActivityTracker(): binding to audio service failed, service up?
10-16 23:13:38.364  2041 16896 E AHAL_StreamIn_QTI: updateMetadataCommon: stream was closed
10-16 23:13:38.372  2041  3326 E AHAL_StreamIn_QTI: updateMetadataCommon : usecase: HOTWORD_RECORD IoHandle:21630: stream was closed
10-16 23:13:38.374  2041  2048 E AHAL_StreamIn_QTI: updateMetadataCommon : usecase: HOTWORD_RECORD IoHandle:21630: stream was closed
10-16 23:13:38.376  2156  2878 E ConversionHelperAidl: Function: parseAndSetVendorParameters Line: 94 Failed 
10-16 23:13:38.376  2156  2878 E ConversionHelperAidl: Function: parseAndSetVendorParameters Line: 94 Failed 
10-16 23:13:38.377  2041 14506 E PAL: HotwordInterface: GetParameter: 233: Unsupported param id 21
10-16 23:13:39.407  2041  3326 E AHAL_StreamIn_QTI: updateMetadataCommon : usecase: HOTWORD_RECORD IoHandle:21630: stream was closed
10-16 23:13:39.408  8275  8275 E BWU@DspControlUtil: Ph_OnServiceStateChanged 0 [main] 
10-16 23:13:39.411  2041  3326 E AHAL_StreamIn_QTI: updateMetadataCommon : usecase: HOTWORD_RECORD IoHandle:21630: stream was closed
10-16 23:13:39.411  2041  2048 E AHAL_Platform_QTI: configureAndFetchPalDevices the set devices is empty
10-16 23:13:39.411  2041  2048 E AHAL_Platform_QTI: configureSecPalDevicesForCapture the set devices is empty
10-16 23:13:39.426  2041  3326 E PAL: HotwordInterface: GetParameter: 233: Unsupported param id 30
10-16 23:13:39.685  2070  2162 E BatteryDump: !@new_battery_dump : 4287,-577,100,100,91,308,316,336,308,0,326,336,0,Discharging,NO_CHARGING,None,Good,NONE,0,Normal,0,0,9300,0x40000000,0x10000,0x0,0,0,538,v0002,0000,0000,00000000,0,0,0,0,47,4322,8945,980,0,
10-16 23:13:41.853  2156  6956 E ConversionHelperAidl: Function: parseAndSetVendorParameters Line: 94 Failed 
10-16 23:13:41.853  2156  6956 E ConversionHelperAidl: Function: parseAndSetVendorParameters Line: 94 Failed 
10-16 23:13:41.870  2156  6956 E ConversionHelperAidl: Function: parseAndSetVendorParameters Line: 94 Failed 
10-16 23:13:41.871  2156  6956 E ConversionHelperAidl: Function: parseAndSetVendorParameters Line: 94 Failed 
10-16 23:13:47.671  2706  3069 E Watchdog: !@Sync: 26289 heap(MB): 215 / 225 FD: 1435 [2025-10-16 23:13:47.670]
10-16 23:13:51.891  2156  6956 E ConversionHelperAidl: Function: parseAndSetVendorParameters Line: 94 Failed 
10-16 23:13:51.892  2156  6956 E ConversionHelperAidl: Function: parseAndSetVendorParameters Line: 94 Failed 
10-16 23:13:51.910  2156  6956 E ConversionHelperAidl: Function: parseAndSetVendorParameters Line: 94 Failed 
10-16 23:13:51.911  2156  6956 E ConversionHelperAidl: Function: parseAndSetVendorParameters Line: 94 Failed 
10-16 23:14:01.935  2156 14836 E ConversionHelperAidl: Function: parseAndSetVendorParameters Line: 94 Failed 
10-16 23:14:01.935  2156 14836 E ConversionHelperAidl: Function: parseAndSetVendorParameters Line: 94 Failed 
10-16 23:14:01.950  2156 14836 E ConversionHelperAidl: Function: parseAndSetVendorParameters Line: 94 Failed 
10-16 23:14:01.950  2156 14836 E ConversionHelperAidl: Function: parseAndSetVendorParameters Line: 94 Failed 
10-16 23:14:09.868  2070  2162 E BatteryDump: !@new_battery_dump : 4302,-250,100,100,91,308,317,326,308,0,332,326,0,Discharging,NO_CHARGING,None,Good,NONE,0,Normal,0,0,9300,0x40000000,0x10000,0x0,0,0,313,v0002,0000,0000,00000000,0,0,0,0,47,4321,8940,980,0,
10-16 23:14:11.992  2156  6357 E ConversionHelperAidl: Function: parseAndSetVendorParameters Line: 94 Failed 
10-16 23:14:11.992  2156  6357 E ConversionHelperAidl: Function: parseAndSetVendorParameters Line: 94 Failed 
10-16 23:14:12.011  2156  6357 E ConversionHelperAidl: Function: parseAndSetVendorParameters Line: 94 Failed 
10-16 23:14:12.011  2156  6357 E ConversionHelperAidl: Function: parseAndSetVendorParameters Line: 94 Failed 
10-16 23:14:17.676  2706  3069 E Watchdog: !@Sync: 26290 heap(MB): 201 / 227 FD: 1434 [2025-10-16 23:14:17.676]
10-16 23:14:19.818  6421  6456 E GameTools: HoneyPlayEventManager: Key event system_event_close_system_dialog handler not registered yet.
10-16 23:14:19.838  5804  5804 E pageboostd: Received HALT command code 2
10-16 23:14:19.857  4753  4753 E MediaControlProfile: onCurrentPlayerStateUpdated: base actions not supported, player actions= 0, expected at least= 7f
10-16 23:14:19.869  2706  3863 E SGM:SystemInfoCollector: KILL_YOURSELF
10-16 23:14:19.876  2193  2193 E SurfaceFlinger: alpha changed 1.000 -> 0.000 - Surface(name=e753dc3 StatusBar)/@0x51d199b - animation-leash of insets_animation#285520
10-16 23:14:19.876  2193  2193 E SurfaceFlinger: alpha changed 0.000 -> 1.000 - Surface(name=e753dc3 StatusBar)/@0x51d199b - animation-leash of insets_animation#285520
10-16 23:14:19.891  2064  2211 E QC2PerfCtrlUtil: Release hint has returned unexpected handle 2064072
10-16 23:14:19.892  2193  2193 E SurfaceFlinger: alpha changed 1.000 -> 0.000 - com.sec.android.app.launcher/com.sec.android.app.launcher.activities.LauncherActivity$_8886#285518
10-16 23:14:19.892  2193  2193 E SurfaceFlinger: alpha changed 1.000 -> 0.000 - Surface(name=Task=1)/@0xb09e5f7_transition-leash#285523
10-16 23:14:19.893  2706  2706 E DrmMediaResourceHelper: onRemove making Dpdrm to 0 second point 
10-16 23:14:19.895  2193  2193 E FrameStats: Failed to flush file.
10-16 23:14:19.909  2193  2193 E SurfaceFlinger: alpha changed 0.000 -> 1.000 - Surface(name=Task=1)/@0xb09e5f7_transition-leash#285523
10-16 23:14:19.912  5080 11615 E AppIconSolution: Couldn't get theme package resources, package is null
10-16 23:14:19.916 14637 14637 E .office.outlook: Not starting debugger since process cannot load the jdwp agent.
10-16 23:14:19.942  2193  2193 E SurfaceFlinger: alpha changed 1.000 -> 0.000 - Surface(name=5728d3c InputMethod)/@0xc61c1a - animation-leash of insets_animation#285526
10-16 23:14:19.944  6757  6757 E SALog   : true
10-16 23:14:19.999  2037  2037 E sensors-hal: sendContextData:133, slocationcore h 193 m 23 s 55
10-16 23:14:19.999  2037  2037 E sensors-hal: create_send_context_data:64, slocationcore create_send_context_data
10-16 23:14:19.999  2037  3950 E sensors-hal: handle_sns_client_event:78, slocationcore_event: msgid:1025
10-16 23:14:20.000  2037  2037 E sensors-hal: sendContextData:133, slocationcore h 193 m 23 s 55
10-16 23:14:20.000  2037  2037 E sensors-hal: create_send_context_data:64, slocationcore create_send_context_data
10-16 23:14:20.000  2037  3950 E sensors-hal: handle_sns_client_event:78, slocationcore_event: msgid:1025
10-16 23:14:20.050  2041 16896 E AHAL_EffectImpl: command: line239 return with expr mState == State::INIT
10-16 23:14:20.050  2041  3326 E AHAL_EffectImpl: command: line239 return with expr mState == State::INIT
10-16 23:14:20.051  2156  2879 E EffectProxy: runWithActiveSubEffect null active sub-effect interface, active Descriptor{common: Common{id: Identity{type: AudioUuid{timeLow: -1228886816, timeMid: 25946, timeHiAndVersion: 4580, clockSeq: 38913, node: [0, 2, 165, 213, 197, 27]}, uuid: AudioUuid{timeLow: 878880480, timeMid: 25946, timeHiAndVersion: 4580, clockSeq: 35687, node: [0, 2, 165, 213, 197, 27]}, proxy: AudioUuid{timeLow: 479329440, timeMid: 26186, timeHiAndVersion: 4580, clockSeq: 47298, node: [0, 2, 165, 213, 197, 27]}}, flags: Flags{type: INSERT, insert: LAST, volume: NONE, hwAcceleratorMode: NONE, offloadIndication: false, deviceIndication: true, audioModeIndication: false, audioSourceIndication: false, bypass: false, sinkMetadataIndication: false, sourceMetadataIndication: false}, cpuLoad: 0, memoryUsage: 0, name: MySpace Library, implementor: The Android Open Source Project}, capability: Capability{vendorExtension: VendorExtension{extension: AParcelableHolder}, range: Range{vendorExtension: []}}}
10-16 23:14:20.052  2156  2878 E ConversionHelperAidl: Function: parseAndSetVendorParameters Line: 94 Failed 
10-16 23:14:20.052  2156  2878 E ConversionHelperAidl: Function: parseAndSetVendorParameters Line: 94 Failed 
10-16 23:14:20.125  5080  5080 E SurfaceComposerClient: SurfaceComposerClient::Transaction::setAlpha: invalid alpha -0.016384, clamping
10-16 23:14:20.142  2193  2193 E SurfaceFlinger: alpha changed 0.022 -> 0.000 - Surface(name=Task=4790)/@0x38ffecd_transition-leash#285524
10-16 23:14:20.142  5080  5080 E SurfaceComposerClient: SurfaceComposerClient::Transaction::setAlpha: invalid alpha -0.036481, clamping
10-16 23:14:20.159  5080  5080 E SurfaceComposerClient: SurfaceComposerClient::Transaction::setAlpha: invalid alpha -0.047539, clamping
10-16 23:14:20.175  5080  5080 E SurfaceComposerClient: SurfaceComposerClient::Transaction::setAlpha: invalid alpha -0.050438, clamping
10-16 23:14:20.192  5080  5080 E SurfaceComposerClient: SurfaceComposerClient::Transaction::setAlpha: invalid alpha -0.047134, clamping
10-16 23:14:20.208  5080  5080 E SurfaceComposerClient: SurfaceComposerClient::Transaction::setAlpha: invalid alpha -0.040076, clamping
10-16 23:14:20.224 14637 14675 E COST    : bootstrap: 18 result: 0
10-16 23:14:20.225  5080  5080 E SurfaceComposerClient: SurfaceComposerClient::Transaction::setAlpha: invalid alpha -0.029535, clamping
10-16 23:14:20.242  5080  5080 E SurfaceComposerClient: SurfaceComposerClient::Transaction::setAlpha: invalid alpha -0.015622, clamping
10-16 23:14:20.274 14741 14741 E appmanager:auth: Not starting debugger since process cannot load the jdwp agent.
