--------- beginning of main
10-12 01:12:43.824  2156 25962 E ConversionHelperAidl: Function: parseAndSetVendorParameters Line: 94 Failed 
10-12 01:12:43.824  2156 25962 E ConversionHelperAidl: Function: parseAndSetVendorParameters Line: 94 Failed 
10-12 01:12:43.824  2156  6357 E ConversionHelperAidl: Function: parseAndSetVendorParameters Line: 94 Failed 
10-12 01:12:43.824  2156  6357 E ConversionHelperAidl: Function: parseAndSetVendorParameters Line: 94 Failed 
10-12 01:12:43.832  2706 12088 E SemContext.CaeProvider: setAttribute() : attribute is null!
10-12 01:12:43.832  2706 12088 E SensorService: BigData:Pakage) 5 already enabled. 
10-12 01:12:43.833  2706  5625 E SensorService: BigData:Pakage) 5 already disabled. 
10-12 01:12:45.055  2070  2162 E BatteryDump: !@new_battery_dump : 4285,449,1300,3370,88,296,274,393,296,0,340,393,0,Charging,NO_CHARGING,Normal,Good,PDIC,0,Normal,0,0,9274,0x8000,0x10010000,0x0,0,0,1043,v0002,0000,0000,ffff0700,0,0,0,0,43,4271,8652,980,0,
10-12 01:12:52.017  2706  2706 E PocketModeEvent: ACTION_SCREEN_ON(by 1)
10-12 01:12:52.019  2018  2119 E minksocket: MinkIPC ERROR: ( 2018:2119 ) MinkIPC_preProcess:272 Client down, but cannot find corresponding minksession
10-12 01:12:52.020  2018  2126 E minksocket: MinkIPC ERROR: ( 2018:2126 ) MinkIPC_preProcess:272 Client down, but cannot find corresponding minksession
10-12 01:12:52.021  2018  2119 E minksocket: MinkIPC ERROR: ( 2018:2119 ) MinkIPC_preProcess:272 Client down, but cannot find corresponding minksession
10-12 01:12:52.021  2018  2126 E minksocket: MinkIPC ERROR: ( 2018:2126 ) MinkIPC_preProcess:272 Client down, but cannot find corresponding minksession
10-12 01:12:52.021  3008  3402 E SmcInvoke_MinkDescriptor: mem obj with id :20 not found in list
10-12 01:12:52.021  2018  2126 E minksocket: MinkIPC ERROR: ( 2018:2126 ) MinkIPC_preProcess:272 Client down, but cannot find corresponding minksession
10-12 01:12:52.021  2018  2119 E minksocket: MinkIPC ERROR: ( 2018:2119 ) MinkIPC_preProcess:272 Client down, but cannot find corresponding minksession
10-12 01:12:52.022  4753  6636 E BtGatt.GattService: [GSIM LOG]: gsimLogHandler, msg: MESSAGE_SCAN_STOP, appName: android, scannerId: 2, reportDelayMillis=0
10-12 01:12:52.022  2018  2126 E minksocket: MinkIPC ERROR: ( 2018:2126 ) MinkIPC_preProcess:272 Client down, but cannot find corresponding minksession
10-12 01:12:52.022  2018  2119 E minksocket: MinkIPC ERROR: ( 2018:2119 ) MinkIPC_preProcess:272 Client down, but cannot find corresponding minksession
10-12 01:12:52.029  4370  4370 E ThemeUtils: View class com.airbnb.lottie.LottieAnimationView is an AppCompat widget that can only be used with a Theme.AppCompat theme (or descendant).
10-12 01:12:52.035  2706  4128 E WifiConnectivityMonitor.NetworkStatsAnalyzer: mCurrentBssid is null.
10-12 01:12:52.037  2037  4168 E libprotobuf-native: [libprotobuf ERROR external/protobuf/src/google/protobuf/message_lite.cc:133] Can't parse message of type "sns_std_sensor_event" because it is missing required fields: (cannot determine missing fields for lite message)
10-12 01:12:52.040  2018  2119 E minksocket: MinkIPC ERROR: ( 2018:2119 ) MinkIPC_preProcess:272 Client down, but cannot find corresponding minksession
10-12 01:12:52.040  2018  2126 E minksocket: MinkIPC ERROR: ( 2018:2126 ) MinkIPC_preProcess:272 Client down, but cannot find corresponding minksession
10-12 01:12:52.041  2061  2207 E PERFHAL-REQUEST: PERFHAL-REQUEST: Process() 384: Translate to physical failed
10-12 01:12:52.044  4370  4370 E NowBarCardStackView: getTopCard topCard is null view size = 0
10-12 01:12:52.045  2018  2126 E minksocket: MinkIPC ERROR: ( 2018:2126 ) MinkIPC_preProcess:272 Client down, but cannot find corresponding minksession
10-12 01:12:52.045  2018  2119 E minksocket: MinkIPC ERROR: ( 2018:2119 ) MinkIPC_preProcess:272 Client down, but cannot find corresponding minksession
10-12 01:12:52.047  2018  2119 E minksocket: MinkIPC ERROR: ( 2018:2119 ) MinkIPC_preProcess:272 Client down, but cannot find corresponding minksession
10-12 01:12:52.047  2018  2126 E minksocket: MinkIPC ERROR: ( 2018:2126 ) MinkIPC_preProcess:272 Client down, but cannot find corresponding minksession
10-12 01:12:52.049  2018  2126 E minksocket: MinkIPC ERROR: ( 2018:2126 ) MinkIPC_preProcess:272 Client down, but cannot find corresponding minksession
10-12 01:12:52.049  2018  2119 E minksocket: MinkIPC ERROR: ( 2018:2119 ) MinkIPC_preProcess:272 Client down, but cannot find corresponding minksession
10-12 01:12:52.051  2706  3956 E PocketMotionManager: register activity tracker
10-12 01:12:52.056  2037  4168 E libprotobuf-native: [libprotobuf ERROR external/protobuf/src/google/protobuf/message_lite.cc:133] Can't parse message of type "sns_std_sensor_event" because it is missing required fields: (cannot determine missing fields for lite message)
10-12 01:12:52.062  4753  6636 E BtGatt.GattService: [GSIM LOG]: gsimLogHandler, msg: MESSAGE_SCAN_STOP, appName: com.samsung.android.mdx.kit, scannerId: 1, reportDelayMillis=0
10-12 01:12:52.062  2042 10690 E sec_fr_NativeFaceService: wait callback state(1)
10-12 01:12:52.062  2193  2193 E Scheduler: trackPendingFrame: Invalid present fence
10-12 01:12:52.065  4753  4787 E BluetoothUtils: Permission denial: Need ACCESS_FINE_LOCATION permission to get scan results
10-12 01:12:52.065  4753  6636 E BtGatt.GattService: [GSIM LOG]: gsimLogHandler, msg: MESSAGE_SCAN_START, appName: com.samsung.android.mcfds, scannerId: 2, reportDelayMillis=0
--------- beginning of system
10-12 01:12:52.066 30404 17931 E LoadedApk: Exception : java.lang.NullPointerException: Attempt to invoke virtual method 'boolean android.os.Looper.isPerfLogEnable()' on a null object reference
10-12 01:12:52.070  4370  4370 E NowBarCardViewModel: updateExpandedClickPanelVisibility screen on = true expanded falseisTopCardSettingViewOpened = false
10-12 01:12:52.073  2018  2119 E minksocket: MinkIPC ERROR: ( 2018:2119 ) MinkIPC_preProcess:272 Client down, but cannot find corresponding minksession
10-12 01:12:52.073  2018  2126 E minksocket: MinkIPC ERROR: ( 2018:2126 ) MinkIPC_preProcess:272 Client down, but cannot find corresponding minksession
10-12 01:12:52.078  2018  2119 E minksocket: MinkIPC ERROR: ( 2018:2119 ) MinkIPC_preProcess:272 Client down, but cannot find corresponding minksession
10-12 01:12:52.078  2018  2126 E minksocket: MinkIPC ERROR: ( 2018:2126 ) MinkIPC_preProcess:272 Client down, but cannot find corresponding minksession
10-12 01:12:52.079  2706 11067 E AppOps  : package client.pid<2042> not found, can't check for attributionTag null
10-12 01:12:52.079  2706 11067 E AppOps  : Bad call made by uid 1047. Package "client.pid<2042>" does not belong to uid 1000.
10-12 01:12:52.079  2706 11067 E AppOps  : Cannot checkOperation: non-application UID 1000
10-12 01:12:52.079  2018  2119 E minksocket: MinkIPC ERROR: ( 2018:2119 ) MinkIPC_preProcess:272 Client down, but cannot find corresponding minksession
10-12 01:12:52.079  2018  2126 E minksocket: MinkIPC ERROR: ( 2018:2126 ) MinkIPC_preProcess:272 Client down, but cannot find corresponding minksession
10-12 01:12:52.080  4753  6636 E BtGatt.GattService: [GSIM LOG]: gsimLogHandler, msg: MESSAGE_SCAN_START, appName: com.samsung.android.beaconmanager, scannerId: 1, reportDelayMillis=0
10-12 01:12:52.081 10486 10497 E ActivityThread: Failed to find provider info for com.samsung.systemui.lockstar.provider.LockScreenDataContent
10-12 01:12:52.083 10486 25127 E AbsSettings: refreshInner: refreshedSettingsDBItem key lock_theme_clock_restore_pending_package val = 
10-12 01:12:52.083 10486 25127 E AbsSettings: refreshInner: refreshedSettingsDBItem key CLOCK_VERSION val = 17
10-12 01:12:52.083 10486 25127 E AbsSettings: refreshInner: refreshedSettingsDBItem key PALETTE_VERSION val = 400000
10-12 01:12:52.083 10486 25127 E AbsSettings: refreshInner: refreshedSettingsDBItem key lock_clock_scale_rate val = 1.0
10-12 01:12:52.083 10486 25127 E AbsSettings: refreshInner: refreshedSettingsDBItem key lock_clock_visibility val = 0
10-12 01:12:52.083 10486 25127 E AbsSettings: refreshInner: refreshedSettingsDBItem key clock_gravity val = 0
10-12 01:12:52.083 10486 25127 E AbsSettings: refreshInner: refreshedSettingsDBItem key clock_bottom_margin_ratio val = 0.0
10-12 01:12:52.083 10486 25127 E AbsSettings: refreshInner: refreshedSettingsDBItem key clock_horizontal_margin_ratio val = 0.0
10-12 01:12:52.083 10486 25127 E AbsSettings: refreshInner: refreshedSettingsDBItem key clock_position_based_on_movable_area val = 0
10-12 01:12:52.083 10486 25127 E AbsSettings: refreshInner: refreshedSettingsDBItem key clock_show_weather_info val = 0
10-12 01:12:52.083 10486 25127 E AbsSettings: refreshInner: refreshedSettingsDBItem key lock_clock_show_date_info_first val = 0
10-12 01:12:52.083 10486 25127 E AbsSettings: refreshInner: refreshedSettingsDBItem key lock_world_clock_city_list val = 
10-12 01:12:52.083 10486 25127 E AbsSettings: refreshInner: refreshedSettingsDBItem key lock_clock_color_data val = {"adaptiveColor":-2764052,"fontColorType":0,"isAdaptiveColor":false,"isThemeWallpaper":false,"shadowStyle":{"shadowColor":0,"shadowDx":0.0,"shadowDy":0.0,"shadowRadius":0.0}}
10-12 01:12:52.083 10486 25127 E AbsSettings: refreshInner: refreshedSettingsDBItem key lock_shortcut_color_data val = {"fontColorType":0}
10-12 01:12:52.083 10486 25127 E AbsSettings: refreshInner: refreshedSettingsDBItem key lock_widget_color_data val = {"backgroundColor":-11319225}
10-12 01:12:52.083 10486 25127 E AbsSettings: refreshInner: refreshedSettingsDBItem key SELECTED_CLOCK_TYPE val = 2
10-12 01:12:52.083  4753  5718 E bluetooth: system/gd/hci/le_scanning_manager.cc:997 scan_filter_add: Add passive filterScan. filter_index=25, uuid=0000fd59-0000-1000-8000-00805f9b34fb
10-12 01:12:52.083 10486 25127 E AbsSettings: refreshInner: refreshedSettingsDBItem key all_complication_widgets_list val = com.samsung.android.calendar/com.android.calendar.widget.complication.SmallComplicationWidgetReceiver-com.samsung.android.calendar/com.android.calendar.widget.complication.BigComplicationWidgetReceiver-com.android.settings.intelligence/com.samsung.android.settings.intelligence.widget.GlanceListWidgetReceiver-com.android.settings.intelligence/com.samsung.android.settings.intelligence.widget.GlanceCircleWidgetReceiver-com.samsung.android.app.reminder/com.samsung.android.app.reminder.remote.widget.complication.SmallComplicationWidgetReceiver-com.samsung.android.app.reminder/com.samsung.android.app.reminder.remote.widget.complication.BigComplicationWidgetReceiver-com.sec.android.app.clockpackage/com.sec.android.app.clockpackage.alarmwidget.AlarmGlanceWidgetReceiver-com.sec.android.daemonapp/com.sec.android.daemonapp.complication.receiver.ComplicationUVReceiver-com.sec.android.daemonapp/com.sec.android.daemonapp.complication.receiver.ComplicationMoonReceiver-com.sec.android.daemonapp/com.sec.android.daemonapp.complication.receiver.ComplicationSimpleWeatherReceiver-com.sec.android.daemonapp/com.sec.android.daemonapp.complication.receiver.ComplicationWeatherDetailReceiver-com.sec.android.daemonapp/com.sec.android.daemonapp.complication.receiver.ComplicationPrecipitationReceiver-com.sec.android.daemonapp/com.sec.android.daemonapp.complication.receiver.ComplicationAirQualityReceiver-com.sec.android.daemonapp/com.sec.android.daemonapp.complication.receiver.ComplicationFineDustReceiver-com.sec.android.daemonapp/com.sec.android.daemonapp.complication.receiver.ComplicationSunriseSunsetReceiver-com.sec.android.app.shealth/com.samsung.android.app.shealth.tracker.dailyactivity.widget.DaComplicationWidgetReceiver1x1-com.sec.android.app.shealth/com.samsung.android.app.shealth.tracker.dailyactivity.widget.DaComplicationWidgetReceiver2x1
10-12 01:12:52.083 10486 25127 E AbsSettings: refreshInner: refreshedSettingsDBItem key enabled_complication_widgets_id_list val = 
10-12 01:12:52.084 10486 25127 E AbsSettings: refreshInner: refreshedSettingsDBItem key clock_horizontal_margin_ratio val = 0.0
10-12 01:12:52.084 10486 25127 E AbsSettings: refreshInner: refreshedSettingsDBItem key clock_bottom_margin_ratio val = 0.0
10-12 01:12:52.084 10486 25127 E AbsSettings: refreshInner: refreshedSettingsDBItem key clock_gravity val = 0
10-12 01:12:52.084 10486 25127 E ActivityThread: Failed to find provider info for com.samsung.systemui.lockstar.provider.LockScreenDataContent
10-12 01:12:52.084  2018  2126 E minksocket: MinkIPC ERROR: ( 2018:2126 ) MinkIPC_preProcess:272 Client down, but cannot find corresponding minksession
10-12 01:12:52.084  2018  2119 E minksocket: MinkIPC ERROR: ( 2018:2119 ) MinkIPC_preProcess:272 Client down, but cannot find corresponding minksession
10-12 01:12:52.085  2706  3829 E CameraService_worker: Recent tasks don't include camera client package name: client.pid<2042>
10-12 01:12:52.085  4753  6636 E BtGatt.GattService: [GSIM LOG]: gsimLogHandler, msg: MESSAGE_SCAN_START, appName: com.google.android.gms, scannerId: 4, reportDelayMillis=0
10-12 01:12:52.091  2706  3956 E PocketModeEvent: MSG_TYPE_START_SENSING
10-12 01:12:52.092  4753  6636 E BtGatt.GattService: [GSIM LOG]: gsimLogHandler, msg: MESSAGE_ADV_SET_STOP, appName: com.samsung.android.mcfds, id: 1, isLegacy: true
10-12 01:12:52.100 10486 25127 E ActivityThread: Failed to find provider info for com.samsung.systemui.lockstar.provider.LockScreenDataContent
10-12 01:12:52.102 10486 10497 E AbsSettings: refreshInner: refreshedSettingsDBItem key all_complication_widgets_list val = com.samsung.android.calendar/com.android.calendar.widget.complication.SmallComplicationWidgetReceiver-com.samsung.android.calendar/com.android.calendar.widget.complication.BigComplicationWidgetReceiver-com.android.settings.intelligence/com.samsung.android.settings.intelligence.widget.GlanceListWidgetReceiver-com.android.settings.intelligence/com.samsung.android.settings.intelligence.widget.GlanceCircleWidgetReceiver-com.samsung.android.app.reminder/com.samsung.android.app.reminder.remote.widget.complication.SmallComplicationWidgetReceiver-com.samsung.android.app.reminder/com.samsung.android.app.reminder.remote.widget.complication.BigComplicationWidgetReceiver-com.sec.android.app.clockpackage/com.sec.android.app.clockpackage.alarmwidget.AlarmGlanceWidgetReceiver-com.sec.android.daemonapp/com.sec.android.daemonapp.complication.receiver.ComplicationUVReceiver-com.sec.android.daemonapp/com.sec.android.daemonapp.complication.receiver.ComplicationMoonReceiver-com.sec.android.daemonapp/com.sec.android.daemonapp.complication.receiver.ComplicationSimpleWeatherReceiver-com.sec.android.daemonapp/com.sec.android.daemonapp.complication.receiver.ComplicationWeatherDetailReceiver-com.sec.android.daemonapp/com.sec.android.daemonapp.complication.receiver.ComplicationPrecipitationReceiver-com.sec.android.daemonapp/com.sec.android.daemonapp.complication.receiver.ComplicationAirQualityReceiver-com.sec.android.daemonapp/com.sec.android.daemonapp.complication.receiver.ComplicationFineDustReceiver-com.sec.android.daemonapp/com.sec.android.daemonapp.complication.receiver.ComplicationSunriseSunsetReceiver-com.sec.android.app.shealth/com.samsung.android.app.shealth.tracker.dailyactivity.widget.DaComplicationWidgetReceiver1x1-com.sec.android.app.shealth/com.samsung.android.app.shealth.tracker.dailyactivity.widget.DaComplicationWidgetReceiver2x1
10-12 01:12:52.102 10486 10497 E AbsSettings: refreshInner: refreshedSettingsDBItem key enabled_complication_widgets_id_list val = 
10-12 01:12:52.102 10486 10497 E ActivityThread: Failed to find provider info for com.samsung.systemui.lockstar.provider.LockScreenDataContent
10-12 01:12:52.103 10486 25127 E ActivityThread: Failed to find provider info for com.samsung.systemui.lockstar.provider.LockScreenDataContent
10-12 01:12:52.103 10486 25127 E ActivityThread: Failed to find provider info for com.samsung.systemui.lockstar.provider.LockScreenDataContent
10-12 01:12:52.104  4370  4370 E AbsSettings: refreshInner: refreshedSettingsDBItem key SELECTED_CLOCK_TYPE val = 2
10-12 01:12:52.105  4370  4370 E AbsSettings: refreshInner: refreshedSettingsDBItem key clock_gravity val = 0
10-12 01:12:52.105  4370  4370 E AbsSettings: refreshInner: refreshedSettingsDBItem key clock_horizontal_margin_ratio val = 0.0
10-12 01:12:52.105  4370  4370 E AbsSettings: refreshInner: refreshedSettingsDBItem key clock_bottom_margin_ratio val = 0.0
10-12 01:12:52.105  4370  4370 E AbsSettings: refreshInner: refreshedSettingsDBItem key clock_position_based_on_movable_area val = 0
10-12 01:12:52.105  4370  4370 E ClockPackSettingsUtils: isRoamingState: android.provider.Settings$SettingNotFoundException: easy_mode_switch
10-12 01:12:52.112 30404 19096 E LoadedApk: Exception : java.lang.NullPointerException: Attempt to invoke virtual method 'boolean android.os.Looper.isPerfLogEnable()' on a null object reference
10-12 01:12:52.115  4370  4370 E NowBarCardViewModel: updateExpandedClickPanelVisibility screen on = true expanded falseisTopCardSettingViewOpened = false
10-12 01:12:52.124 30404 19096 E LoadedApk: Exception : java.lang.NullPointerException: Attempt to invoke virtual method 'boolean android.os.Looper.isPerfLogEnable()' on a null object reference
10-12 01:12:52.131  2069  2085 E ChiX    : [ERROR][CORE   ] chxextensionmodule.cpp:18736 InitializeSensorSession() Skip SensorInit on CAM_FRONT_SECURE(logicalCameraId:3)
10-12 01:12:52.135  4753  6636 E BtGatt.GattService: [GSIM LOG]: gsimLogHandler, msg: MESSAGE_SCAN_STOP, appName: com.google.android.gms, scannerId: 3, reportDelayMillis=0
10-12 01:12:52.142  4753  6636 E BtGatt.GattService: [GSIM LOG]: gsimLogHandler, msg: MESSAGE_SCAN_START, appName: com.google.android.gms, scannerId: 3, reportDelayMillis=0
10-12 01:12:52.150  4753  6636 E BtGatt.GattService: [GSIM LOG]: gsimLogHandler, msg: MESSAGE_SCAN_START, appName: com.samsung.android.mcfserver, scannerId: 6, reportDelayMillis=0
10-12 01:12:52.151  3008  3402 E SmcInvoke_MinkDescriptor: mem obj with id :20 not found in list
10-12 01:12:52.152 16996 16996 E VSET/CameraStateManagerImpl: isCameraFacingFront : failed to get camera characteristics Attempt to invoke virtual method 'java.lang.Object android.hardware.camera2.CameraCharacteristics.get(android.hardware.camera2.CameraCharacteristics$Key)' on a null object reference
10-12 01:12:52.154  2755  2755 E CameraService: applyExtraRequestsToRequestInjector
10-12 01:12:52.155  2755 18226 E Camera2-FrameProcessorBase: FrameProcessorBase: created
10-12 01:12:52.155  2755 18226 E Camera2-FrameProcessorBase: registerListener: Registering listener for frame id range 0 - 2147483647
10-12 01:12:52.159  2156 25962 E ConversionHelperAidl: Function: parseAndSetVendorParameters Line: 94 Failed 
10-12 01:12:52.159  2156 25962 E ConversionHelperAidl: Function: parseAndSetVendorParameters Line: 94 Failed 
10-12 01:12:52.164  4753  6636 E BtGatt.GattService: [GSIM LOG]: gsimLogHandler, msg: MESSAGE_ADV_SET_START, appName: com.samsung.android.mcfds, id: 1, isLegacy: true
10-12 01:12:52.167  4370  4370 E LSO_LSOInterface: LSO Service is not yet ready!!!
10-12 01:12:52.167  4753  6636 E BtGatt.GattService: [GSIM LOG]: gsimLogHandler, msg: MESSAGE_SCAN_START, appName: com.samsung.android.mdx.kit, scannerId: 7, reportDelayMillis=0
10-12 01:12:52.177  2193  5455 E NativeCustomFrequencyManager: [NativeCFMS] BpCustomFrequencyManager::acquire()
10-12 01:12:52.181  3008  3403 E SmcInvoke_MinkDescriptor: mem obj with id :20 not found in list
10-12 01:12:52.185  4370  4370 E LSO_LSOInterface: LSO Service is not yet ready!!!
10-12 01:12:52.197  2706  3933 E SensorService: BigData:Pakage) 5 already enabled. 
10-12 01:12:52.206  4370  4370 E AOD_CONFIG@AODConfigurationController: Skipping unregisterMonitor MONITOR_SEMCONTEXT - no registered monitor
10-12 01:12:52.206  4370  4370 E AOD_CONFIG@AODConfigurationController: Skipping unregisterMonitor MONITOR_BROADCAST_PSM - no registered monitor
10-12 01:12:52.206  4370  4370 E AOD_CONFIG@AODConfigurationController: Skipping unregisterMonitor MONITOR_BROADCAST_WALLPAPER - no registered monitor
10-12 01:12:52.206  4370  4370 E AOD_CONFIG@AODConfigurationController: Skipping unregisterMonitor MONITOR_FOLD_STATE - no registered monitor
10-12 01:12:52.206  4370  4370 E AOD_CONFIG@AODConfigurationController: Skipping unregisterMonitor MONITOR_BROADCAST_ROAMING - no registered monitor
10-12 01:12:52.206  4370  4370 E AOD_CONFIG@AODConfigurationController: Skipping unregisterMonitor MONITOR_WEATHER_INFO_ENABLED - no registered monitor
10-12 01:12:52.206  4370  4370 E AOD_CONFIG@AODConfigurationController: Skipping unregisterMonitor MONITOR_BROADCAST_OMC - no registered monitor
10-12 01:12:52.207  4370  4370 E MODManager: hideSubUIChargingInfo skip because mAODChargingInfoSubUiPresenter is null
10-12 01:12:52.208  4370  4370 E SQLiteLog: (10) POSIX Error : 11 SQLite Error : 3850
10-12 01:12:52.208  4370  4370 E SQLiteLog: (10) LOCK : Getting lock (4) failed due to (11). The current owner is (10486).
10-12 01:12:52.218  2037  4168 E sensors-hal: handle_sns_client_event:71, num_items=17 exceeds SENSORS_HAL_MAX_DATA_LEN=16
10-12 01:12:52.222  4753  6636 E BtGatt.GattService: [GSIM LOG]: gsimLogHandler, msg: MESSAGE_SCAN_START, appName: com.samsung.android.mcfserver, scannerId: 8, reportDelayMillis=0
10-12 01:12:52.223  4753  5718 E bluetooth: system/gd/hci/le_scanning_manager.cc:997 scan_filter_add: Add passive filterScan. filter_index=61, uuid=0000fd5a-0000-1000-8000-00805f9b34fb
10-12 01:12:52.223  4753  5718 E bluetooth: system/gd/hci/le_scanning_manager.cc:997 scan_filter_add: Add passive filterScan. filter_index=4, uuid=0000fd69-0000-1000-8000-00805f9b34fb
10-12 01:12:52.224  2069 29699 E CamX    : [ERROR][CHI    ] camxchicontext.cpp:5608 SetPipelineDescriptorOptions() [FmtNego] SecurePreview: Node 65538_0 Output Port::[8] Can't convert buffer format 4
10-12 01:12:52.230  2069  4218 E CamX    : [ERROR][SENSOR ] camxsensornode.cpp:1770 SensorThreadJobCallback() Sensor[5][SecurePreview_Sensor0_cam5] currConfigStatus:1
10-12 01:12:52.230  2069  4218 E CamX    : [ERROR][SENSOR ] camxsensor.cpp:10077 AcquireDevice() Sensor[5][SecurePreview_Sensor0_cam5] hCSL:0x10200 hDev:0x8f0101 devIdx:35 isAcquired:0 pipelineRefCount:0
10-12 01:12:52.233  2069 19142 E SS_3A   : ERROR:  AF: AIAf_init: 134: [AIAF] version = 0xA00C
10-12 01:12:52.233  2069 19145 E SS_3A   : ERROR:  AF: AIAf_setModel: 102: [AIAF] prod id 2
10-12 01:12:52.234  2069 19145 E snap_api::snpe: Power save is mapped for model : aiAutoFocus_v1.0.24U.dlc with SNPE_PERF_MODE : SNPE_PERFORMANCE_PROFILE_LOW_POWER_SAVER (level : 6)
10-12 01:12:52.236  2069 19146 E CamX    : [ERROR][CORE   ] camxnodecore.h:4996 IsVSREnabled() SecurePreview_OFE0_cam5 Failed to read VSR enable metaTag
10-12 01:12:52.236  2069 29699 E CamX    : [ERROR][CHI    ] camxchicontext.cpp:5608 SetPipelineDescriptorOptions() [FmtNego] SecurePreview: Node 65538_0 Output Port::[8] Can't convert buffer format 4
10-12 01:12:52.236  2069 19145 E snap_api::snpe: Failed to read property ro.hardware.chipname
10-12 01:12:52.236  2037  4168 E sensors-hal: handle_sns_client_event:71, num_items=17 exceeds SENSORS_HAL_MAX_DATA_LEN=16
10-12 01:12:52.237  2706  2706 E PocketProximityCluster: data duplication
10-12 01:12:52.253  2069 19147 E AF_DEBUG: AfLib_BootingInit(724) : [cam_id_4] AF_Lib Version = 0x7007 Chip Type = 1 (0:LSI, 1:QC) 
10-12 01:12:52.253  2069 19147 E AF_DEBUG: LinkAfCalData(187) : af_cal = ref_table_arr[0]->af_cal_data max_arr= 5
10-12 01:12:52.253  2069 19147 E AF_DEBUG: SetAfModuleInfo(529) : [cam_id_4] Module = S12XLRD00NM, ModuleInfo = PA123_FRONT, ModuleType = 31, phaseType = 1
10-12 01:12:52.253  2069 19147 E AF_DEBUG: PrintAfCalData(606) : [cam_id_4] 12bit | af cal data far: 2048, mid2: -1, mid1: -1, near: 2893, max: 4088, add_80: -1, plus_offset: 65535, minus_offset: 65535 zoom_rate(x1000) 1000
10-12 01:12:52.253  2069 19147 E AF_DEBUG: AfLib_BootingInit(743) : [cam_id_4][factory_af_booting_init]  factory_af_flag = 0
10-12 01:12:52.254  2069 19147 E SS_3A   : ERROR:  AF: TsAf_Range_check_connect: 3853: [TsAf_Range] Rear Camera is not activated. Sensor Id : 1
10-12 01:12:52.254  2069 19147 E AF_DEBUG: AfLib_AlgorithmInit(1044) : [cam_id_4] paf_cal_data_info = 20240527 paf_cal_errcheck 0x00000000 vpd_cal 0 vpd_cal_data_info = 0 vpaf_cal_errcheck 0x00000000 
10-12 01:12:52.254  2069 19147 E AF_DEBUG: AfInit(5681) : [cam_id_4] Version(0x7007). mode(0). lens(2048). sensor(4000 x 3000). touch(0 x 0 ). pafstatvalid(0)
10-12 01:12:52.254  2069 19147 E AF_DEBUG: UpdateAfStatus(68) : [cam_id_4] AF status 0x0 -> 0x20, called from : AfInit(5719)  
10-12 01:12:52.260  2069 19147 E CamX    : [ERROR][STATS_AEC] camxcaecstatsprocessor.cpp:7084 GetCropWindow() Wrong input: HALCropWindow left(0),top(0) width,height = 0x0
10-12 01:12:52.261  2069  4218 E CamX    : [ERROR][SENSOR ] camxsensorcache.cpp:117 SetSubDeviceHandle() Device[5][Sensor] refCount:0 hCSL:0x10200 hDev:0xb90101 hCSLCached:0x330200 isAcquired:0 pipelineRefCount:0
10-12 01:12:52.261  2069  4218 E CamX    : [ERROR][SENSOR ] camxsensornode.cpp:1785 SensorThreadJobCallback() Sensor[5][SecurePreview_Sensor0_cam5] currConfigStatus:2
10-12 01:12:52.261  2069  4218 E CamX    : [ERROR][SENSOR ] camxsensorcache.cpp:117 SetSubDeviceHandle() Device[5][CSIPHY] refCount:1 hCSL:0x10200 hDev:0x4e0102 hCSLCached:0x10200 isAcquired:0 pipelineRefCount:0
10-12 01:12:52.261  2069  4218 E CamX    : [ERROR][SENSOR ] camxactuator.cpp:143 Initialize() Actuator[5][SecurePreview_Sensor0_cam5] hCSL:0x10200 hDev:0x7e0103 devIdx:23 isAcquired:0 pipelineRefCount:0
10-12 01:12:52.266  2069 19153 E SensorListener: ERR(initSensor[968]):failed to open hrm alc sensor's name
10-12 01:12:52.269  2018  2119 E minksocket: MinkIPC ERROR: ( 2018:2119 ) MinkIPC_preProcess:272 Client down, but cannot find corresponding minksession
10-12 01:12:52.269  2018  2126 E minksocket: MinkIPC ERROR: ( 2018:2126 ) MinkIPC_preProcess:272 Client down, but cannot find corresponding minksession
10-12 01:12:52.272  2018  2119 E minksocket: MinkIPC ERROR: ( 2018:2119 ) MinkIPC_preProcess:272 Client down, but cannot find corresponding minksession
10-12 01:12:52.272  2018  2126 E minksocket: MinkIPC ERROR: ( 2018:2126 ) MinkIPC_preProcess:272 Client down, but cannot find corresponding minksession
10-12 01:12:52.273  2018  2119 E minksocket: MinkIPC ERROR: ( 2018:2119 ) MinkIPC_preProcess:272 Client down, but cannot find corresponding minksession
10-12 01:12:52.273  2018  2126 E minksocket: MinkIPC ERROR: ( 2018:2126 ) MinkIPC_preProcess:272 Client down, but cannot find corresponding minksession
10-12 01:12:52.273  2018  2119 E minksocket: MinkIPC ERROR: ( 2018:2119 ) MinkIPC_preProcess:272 Client down, but cannot find corresponding minksession
10-12 01:12:52.273  2018  2126 E minksocket: MinkIPC ERROR: ( 2018:2126 ) MinkIPC_preProcess:272 Client down, but cannot find corresponding minksession
10-12 01:12:52.276  2042 19100 E sec_fr_FaceCameraClient: [0] state is not matched (256)(132)
10-12 01:12:52.277  2018  2126 E minksocket: MinkIPC ERROR: ( 2018:2126 ) MinkIPC_preProcess:272 Client down, but cannot find corresponding minksession
10-12 01:12:52.277  2018  2119 E minksocket: MinkIPC ERROR: ( 2018:2119 ) MinkIPC_preProcess:272 Client down, but cannot find corresponding minksession
10-12 01:12:52.279  2018  2119 E minksocket: MinkIPC ERROR: ( 2018:2119 ) MinkIPC_preProcess:272 Client down, but cannot find corresponding minksession
10-12 01:12:52.279  2018  2126 E minksocket: MinkIPC ERROR: ( 2018:2126 ) MinkIPC_preProcess:272 Client down, but cannot find corresponding minksession
10-12 01:12:52.279  2018  2119 E minksocket: MinkIPC ERROR: ( 2018:2119 ) MinkIPC_preProcess:272 Client down, but cannot find corresponding minksession
10-12 01:12:52.279  2018  2126 E minksocket: MinkIPC ERROR: ( 2018:2126 ) MinkIPC_preProcess:272 Client down, but cannot find corresponding minksession
10-12 01:12:52.280  2018  2126 E minksocket: MinkIPC ERROR: ( 2018:2126 ) MinkIPC_preProcess:272 Client down, but cannot find corresponding minksession
10-12 01:12:52.280  2018  2119 E minksocket: MinkIPC ERROR: ( 2018:2119 ) MinkIPC_preProcess:272 Client down, but cannot find corresponding minksession
10-12 01:12:52.283  2069  4218 E CamX    : [ERROR][SENSOR ] camxsensorcache.cpp:117 SetSubDeviceHandle() Device[5][Actuator] refCount:2 hCSL:0x10200 hDev:0x8e0103 hCSLCached:0x10200 isAcquired:0 pipelineRefCount:0
10-12 01:12:52.283  2069  4218 E CamX    : [ERROR][SENSOR ] camxsensornode.cpp:2105 SensorThreadJobCallback() Sensor[5][SecurePreview_Sensor0_cam5] currConfigStatus:4
10-12 01:12:52.324  2069 29699 E CamX    : [ERROR][SENSOR ] camxsensornode.cpp:662 PrepareStreamOn() Sensor[5][SecurePreview_Sensor0_cam5] currConfigStatus:5
10-12 01:12:52.330  2069 29699 E CamX    : [ERROR][IQMod  ] camxtfebds2demosaic201.cpp:277 UpdateBDS2InputData() SecurePreview_MCTFE0_cam5 bayerPattern 1
10-12 01:12:52.348  2069  4218 E CamX    : [ERROR][IQMod  ] camxtfebds2demosaic201.cpp:277 UpdateBDS2InputData() SecurePreview_MCTFE0_cam5 bayerPattern 1
10-12 01:12:52.378  2706  2706 E PocketModeEvent: Acc, AT is unregister by condition 2, 0
10-12 01:12:52.378  2706  3956 E PocketModeEvent: MSG_TYPE_STOP_SENSING
10-12 01:12:52.378  2706  3956 E PocketModeEvent: unregisterSensor L : -1 P : 0
10-12 01:12:52.379  2706  2706 E PocketMotionManager: unregister activity tracker
10-12 01:12:52.381  2018  2126 E minksocket: MinkIPC ERROR: ( 2018:2126 ) MinkIPC_preProcess:272 Client down, but cannot find corresponding minksession
10-12 01:12:52.381  2018  2119 E minksocket: MinkIPC ERROR: ( 2018:2119 ) MinkIPC_preProcess:272 Client down, but cannot find corresponding minksession
10-12 01:12:52.418  2042  2219 E ACameraDeviceVendor: onCaptureStarted: request = 0xb400006eb98d6a00
10-12 01:12:52.459  2069  4219 E DATC-IF : [ERROR][ChiNode] camxchinodesecofectrl.cpp:888 OverrideOFECGData() SecurePreview_OFE0 req 1 get metadata fail NULL pointer 0x0
10-12 01:12:52.507  2042 18869 E SmcInvoke_MinkDescriptor: Invalid handle 37
10-12 01:12:52.517  2042  2219 E ACameraDeviceVendor: onCaptureStarted: request = 0xb400006eb98d6a00
10-12 01:12:52.521  2706  5566 E SemWifiApSmartBleScanner: mGuidScanFilterBluetoothLeScanFilter [mDeviceName=null, mDeviceAddress=null, mUuid=null, mUuidMask=null, mServiceSolicitationUuid=null, mServiceSolicitationUuidMask=null, mServiceDataUuid=null, mServiceData=null, mServiceDataMask=null, mManufacturerId=117, mManufacturerData=[1, 18, 86, -82, -110, 59, 0, 0, 0, 0, 4, 0, 0, 0, 0, 0, 0, 0, 0, 0, 0, 0, 0, 0], mManufacturerDataMask=[0, -1, -1, -1, -1, -1, 0, 0, 0, 0, 0, 0, 0, 0, 0, 0, 0, 0, 0, 0, 0, 0, 0, 0], mAdvertisingDataType=-1, mAdvertisingData=null, mAdvertisingDataMask=null, mTransportBlockFilter=null]
10-12 01:12:52.530  4753  6636 E BtGatt.GattService: [GSIM LOG]: gsimLogHandler, msg: MESSAGE_SCAN_START, appName: android, scannerId: 9, reportDelayMillis=0
10-12 01:12:52.543  2069  4219 E DATC-IF : [ERROR][ChiNode] camxchinodesecofectrl.cpp:888 OverrideOFECGData() SecurePreview_OFE0 req 2 get metadata fail NULL pointer 0x0
10-12 01:12:52.567  2042  2219 E ACameraDeviceVendor: onCaptureStarted: request = 0xb400006eb98d6a00
10-12 01:12:52.576  2042 18871 E SmcInvoke_MinkDescriptor: mem obj with id :41 not found in list
10-12 01:12:52.593  2069  4220 E DATC-IF : [ERROR][ChiNode] camxchinodesecofectrl.cpp:888 OverrideOFECGData() SecurePreview_OFE0 req 3 get metadata fail NULL pointer 0x0
10-12 01:12:52.607  2042  2219 E ACameraDeviceVendor: onCaptureStarted: request = 0xb400006eb98d6a00
10-12 01:12:52.627  2042 18871 E SmcInvoke_MinkDescriptor: mem obj with id :41 not found in list
10-12 01:12:52.633  2069  4219 E DATC-IF : [ERROR][ChiNode] camxchinodesecofectrl.cpp:888 OverrideOFECGData() SecurePreview_OFE0 req 4 get metadata fail NULL pointer 0x0
10-12 01:12:52.641  2042  2219 E ACameraDeviceVendor: onCaptureStarted: request = 0xb400006eb98d6a00
10-12 01:12:52.664  2069  4217 E DATC-IF : [ERROR][ChiNode] camxchinodesecofectrl.cpp:888 OverrideOFECGData() SecurePreview_OFE0 req 5 get metadata fail NULL pointer 0x0
10-12 01:12:52.665  2042 18869 E SmcInvoke_MinkDescriptor: mem obj with id :41 not found in list
10-12 01:12:52.681  2042  2219 E ACameraDeviceVendor: onCaptureStarted: request = 0xb400006eb98d6a00
10-12 01:12:52.704  2069  4219 E DATC-IF : [ERROR][ChiNode] camxchinodesecofectrl.cpp:888 OverrideOFECGData() SecurePreview_OFE0 req 6 get metadata fail NULL pointer 0x0
10-12 01:12:52.721  2042  2219 E ACameraDeviceVendor: onCaptureStarted: request = 0xb400006eb98d6a00
10-12 01:12:52.744  2069  4219 E DATC-IF : [ERROR][ChiNode] camxchinodesecofectrl.cpp:888 OverrideOFECGData() SecurePreview_OFE0 req 7 get metadata fail NULL pointer 0x0
10-12 01:12:52.761  2042 11419 E ACameraDeviceVendor: onCaptureStarted: request = 0xb400006eb98d6a00
10-12 01:12:52.784  2069  4222 E DATC-IF : [ERROR][ChiNode] camxchinodesecofectrl.cpp:888 OverrideOFECGData() SecurePreview_OFE0 req 8 get metadata fail NULL pointer 0x0
10-12 01:12:52.811  2042 11419 E ACameraDeviceVendor: onCaptureStarted: request = 0xb400006eb98d6a00
10-12 01:12:52.832  2042 18871 E SmcInvoke_MinkDescriptor: mem obj with id :41 not found in list
10-12 01:12:52.833  2755  2755 E Camera3-OutputStream: [VSync] getBufferLockedCommon: Stream 0: wait for dequeued buffer exceeds 30000us (110663)us
10-12 01:12:52.835  2069  4222 E DATC-IF : [ERROR][ChiNode] camxchinodesecofectrl.cpp:888 OverrideOFECGData() SecurePreview_OFE0 req 9 get metadata fail NULL pointer 0x0
10-12 01:12:52.861  2042  2219 E ACameraDeviceVendor: onCaptureStarted: request = 0xb400006eb98d6a00
10-12 01:12:52.885  2069  4218 E DATC-IF : [ERROR][ChiNode] camxchinodesecofectrl.cpp:888 OverrideOFECGData() SecurePreview_OFE0 req 10 get metadata fail NULL pointer 0x0
10-12 01:12:52.911  2042  2219 E ACameraDeviceVendor: onCaptureStarted: request = 0xb400006eb98d6a00
10-12 01:12:52.936  2069  4219 E DATC-IF : [ERROR][ChiNode] camxchinodesecofectrl.cpp:888 OverrideOFECGData() SecurePreview_OFE0 req 11 get metadata fail NULL pointer 0x0
10-12 01:12:52.961  2042  2219 E ACameraDeviceVendor: onCaptureStarted: request = 0xb400006eb98d6a00
10-12 01:12:52.981  2042 18869 E SmcInvoke_MinkDescriptor: mem obj with id :47 not found in list
10-12 01:12:52.987  2069  4220 E DATC-IF : [ERROR][ChiNode] camxchinodesecofectrl.cpp:888 OverrideOFECGData() SecurePreview_OFE0 req 12 get metadata fail NULL pointer 0x0
10-12 01:12:52.997  2042 18869 E SmcInvoke_MinkDescriptor: mem obj with id :46 not found in list
10-12 01:12:52.999  2042 18871 E SmcInvoke_MinkDescriptor: mem obj with id :46 not found in list
10-12 01:12:52.999  2042 19086 E sec_fr_FaceRecognizer: identify fails
10-12 01:12:53.011  2042  2219 E ACameraDeviceVendor: onCaptureStarted: request = 0xb400006eb98d6a00
10-12 01:12:53.037  2069  4219 E DATC-IF : [ERROR][ChiNode] camxchinodesecofectrl.cpp:888 OverrideOFECGData() SecurePreview_OFE0 req 13 get metadata fail NULL pointer 0x0
10-12 01:12:53.061  2042  2219 E ACameraDeviceVendor: onCaptureStarted: request = 0xb400006eb98d6a00
10-12 01:12:53.087  2069  4219 E DATC-IF : [ERROR][ChiNode] camxchinodesecofectrl.cpp:888 OverrideOFECGData() SecurePreview_OFE0 req 14 get metadata fail NULL pointer 0x0
10-12 01:12:53.119  2042 11419 E ACameraDeviceVendor: onCaptureStarted: request = 0xb400006eb98d6a00
10-12 01:12:53.126  2061  2207 E PERFHAL-REQUEST: PERFHAL-REQUEST: Process() 384: Translate to physical failed
10-12 01:12:53.126  4370  4370 E ThemeUtils: View class com.airbnb.lottie.LottieAnimationView is an AppCompat widget that can only be used with a Theme.AppCompat theme (or descendant).
10-12 01:12:53.132  4370  4370 E NowBarCardViewModel: updateExpandedClickPanelVisibility screen on = true expanded falseisTopCardSettingViewOpened = false
10-12 01:12:53.138  2069  4218 E DATC-IF : [ERROR][ChiNode] camxchinodesecofectrl.cpp:888 OverrideOFECGData() SecurePreview_OFE0 req 15 get metadata fail NULL pointer 0x0
10-12 01:12:53.145  2042 18871 E SmcInvoke_MinkDescriptor: mem obj with id :42 not found in list
10-12 01:12:53.161  2042  2219 E ACameraDeviceVendor: onCaptureStarted: request = 0xb400006eb98d6a00
10-12 01:12:53.173  2193  2193 E SurfaceFlinger: alpha changed 1.000 -> 0.000 - Surface(name=91b0560 NavigationBar0)/@0x4141676 - animation-leash of insets_animation#225761
10-12 01:12:53.173  2193  2193 E SurfaceFlinger: alpha changed 1.000 -> 0.000 - Dim Layer for - Display 0 name="Built-in Screen"#225762
10-12 01:12:53.173  2193  2193 E SurfaceFlinger: alpha changed 0.000 -> 1.000 - Surface(name=91b0560 NavigationBar0)/@0x4141676 - animation-leash of insets_animation#225761
10-12 01:12:53.174  2042 18869 E SmcInvoke_MinkDescriptor: mem obj with id :42 not found in list
10-12 01:12:53.180  2042 18869 E SmcInvoke_MinkDescriptor: mem obj with id :42 not found in list
10-12 01:12:53.180  2042 19086 E sec_fr_FaceRecognizer: identify fails
10-12 01:12:53.188  2069  4217 E DATC-IF : [ERROR][ChiNode] camxchinodesecofectrl.cpp:888 OverrideOFECGData() SecurePreview_OFE0 req 16 get metadata fail NULL pointer 0x0
10-12 01:12:53.211  2042 11419 E ACameraDeviceVendor: onCaptureStarted: request = 0xb400006eb98d6a00
10-12 01:12:53.239  2069  4219 E DATC-IF : [ERROR][ChiNode] camxchinodesecofectrl.cpp:888 OverrideOFECGData() SecurePreview_OFE0 req 17 get metadata fail NULL pointer 0x0
10-12 01:12:53.261  2042 11419 E ACameraDeviceVendor: onCaptureStarted: request = 0xb400006eb98d6a00
10-12 01:12:53.291  2069  4217 E DATC-IF : [ERROR][ChiNode] camxchinodesecofectrl.cpp:888 OverrideOFECGData() SecurePreview_OFE0 req 18 get metadata fail NULL pointer 0x0
10-12 01:12:53.311  2042 11419 E ACameraDeviceVendor: onCaptureStarted: request = 0xb400006eb98d6a00
10-12 01:12:53.341  2069  4219 E DATC-IF : [ERROR][ChiNode] camxchinodesecofectrl.cpp:888 OverrideOFECGData() SecurePreview_OFE0 req 19 get metadata fail NULL pointer 0x0
10-12 01:12:53.361  2042 11419 E ACameraDeviceVendor: onCaptureStarted: request = 0xb400006eb98d6a00
10-12 01:12:53.391  2069  4222 E DATC-IF : [ERROR][ChiNode] camxchinodesecofectrl.cpp:888 OverrideOFECGData() SecurePreview_OFE0 req 20 get metadata fail NULL pointer 0x0
10-12 01:12:53.395  2042 18869 E SmcInvoke_MinkDescriptor: mem obj with id :36 not found in list
10-12 01:12:53.411  2042 11419 E ACameraDeviceVendor: onCaptureStarted: request = 0xb400006eb98d6a00
10-12 01:12:53.420  2042 18869 E SmcInvoke_MinkDescriptor: mem obj with id :36 not found in list
10-12 01:12:53.422  2042 18869 E SmcInvoke_MinkDescriptor: mem obj with id :36 not found in list
10-12 01:12:53.422  2042 19086 E sec_fr_FaceRecognizer: identify fails
10-12 01:12:53.442  2069  4220 E DATC-IF : [ERROR][ChiNode] camxchinodesecofectrl.cpp:888 OverrideOFECGData() SecurePreview_OFE0 req 21 get metadata fail NULL pointer 0x0
10-12 01:12:53.461  2042 11419 E ACameraDeviceVendor: onCaptureStarted: request = 0xb400006eb98d6a00
10-12 01:12:53.491  2069  4219 E DATC-IF : [ERROR][ChiNode] camxchinodesecofectrl.cpp:888 OverrideOFECGData() SecurePreview_OFE0 req 22 get metadata fail NULL pointer 0x0
10-12 01:12:53.511  2042 11419 E ACameraDeviceVendor: onCaptureStarted: request = 0xb400006eb98d6a00
10-12 01:12:53.532  2069  4218 E DATC-IF : [ERROR][ChiNode] camxchinodesecofectrl.cpp:888 OverrideOFECGData() SecurePreview_OFE0 req 23 get metadata fail NULL pointer 0x0
10-12 01:12:53.561  2042 11419 E ACameraDeviceVendor: onCaptureStarted: request = 0xb400006eb98d6a00
10-12 01:12:53.592  2069  4220 E DATC-IF : [ERROR][ChiNode] camxchinodesecofectrl.cpp:888 OverrideOFECGData() SecurePreview_OFE0 req 24 get metadata fail NULL pointer 0x0
10-12 01:12:53.611  2042 11419 E ACameraDeviceVendor: onCaptureStarted: request = 0xb400006eb98d6a00
10-12 01:12:53.627  2042 18869 E SmcInvoke_MinkDescriptor: mem obj with id :36 not found in list
10-12 01:12:53.643  2069  4218 E DATC-IF : [ERROR][ChiNode] camxchinodesecofectrl.cpp:888 OverrideOFECGData() SecurePreview_OFE0 req 25 get metadata fail NULL pointer 0x0
10-12 01:12:53.652  2042 18869 E SmcInvoke_MinkDescriptor: mem obj with id :36 not found in list
10-12 01:12:53.654  2042 18869 E SmcInvoke_MinkDescriptor: mem obj with id :36 not found in list
10-12 01:12:53.654  2042 19086 E sec_fr_FaceRecognizer: identify fails
10-12 01:12:53.654  2042 19086 E sec_fr_FaceRecognizer: No match count(5) is max, send status to Service
10-12 01:12:53.661  2042 11419 E ACameraDeviceVendor: onCaptureStarted: request = 0xb400006eb98d6a00
10-12 01:12:53.690  2193  5455 E NativeCustomFrequencyManager: [NativeCFMS] BpCustomFrequencyManager::acquire()
10-12 01:12:53.693  2069  4220 E DATC-IF : [ERROR][ChiNode] camxchinodesecofectrl.cpp:888 OverrideOFECGData() SecurePreview_OFE0 req 26 get metadata fail NULL pointer 0x0
10-12 01:12:53.711  2042 11419 E ACameraDeviceVendor: onCaptureStarted: request = 0xb400006eb98d6a00
10-12 01:12:53.733  2069  4222 E DATC-IF : [ERROR][ChiNode] camxchinodesecofectrl.cpp:888 OverrideOFECGData() SecurePreview_OFE0 req 27 get metadata fail NULL pointer 0x0
10-12 01:12:53.761  2042 11419 E ACameraDeviceVendor: onCaptureStarted: request = 0xb400006eb98d6a00
10-12 01:12:53.783  2069  4217 E DATC-IF : [ERROR][ChiNode] camxchinodesecofectrl.cpp:888 OverrideOFECGData() SecurePreview_OFE0 req 28 get metadata fail NULL pointer 0x0
10-12 01:12:53.811  2042 11419 E ACameraDeviceVendor: onCaptureStarted: request = 0xb400006eb98d6a00
10-12 01:12:53.833  2069  4218 E DATC-IF : [ERROR][ChiNode] camxchinodesecofectrl.cpp:888 OverrideOFECGData() SecurePreview_OFE0 req 29 get metadata fail NULL pointer 0x0
10-12 01:12:53.851  2156  6956 E ConversionHelperAidl: Function: parseAndSetVendorParameters Line: 94 Failed 
10-12 01:12:53.851  2156  6956 E ConversionHelperAidl: Function: parseAndSetVendorParameters Line: 94 Failed 
10-12 01:12:53.851  2156  6956 E ConversionHelperAidl: Function: parseAndSetVendorParameters Line: 94 Failed 
10-12 01:12:53.851  2156  6956 E ConversionHelperAidl: Function: parseAndSetVendorParameters Line: 94 Failed 
10-12 01:12:53.855  2706  2720 E SemContext.CaeProvider: setAttribute() : attribute is null!
10-12 01:12:53.855  2706  6215 E SensorService: BigData:Pakage) 5 already enabled. 
10-12 01:12:53.860  2042 18869 E SmcInvoke_MinkDescriptor: mem obj with id :36 not found in list
10-12 01:12:53.861  2042 11419 E ACameraDeviceVendor: onCaptureStarted: request = 0xb400006eb98d6a00
10-12 01:12:53.885  2042 18871 E SmcInvoke_MinkDescriptor: mem obj with id :36 not found in list
10-12 01:12:53.887  2042 18871 E SmcInvoke_MinkDescriptor: mem obj with id :36 not found in list
10-12 01:12:53.887  2042 19086 E sec_fr_FaceRecognizer: identify fails
10-12 01:12:53.894  2069  4220 E DATC-IF : [ERROR][ChiNode] camxchinodesecofectrl.cpp:888 OverrideOFECGData() SecurePreview_OFE0 req 30 get metadata fail NULL pointer 0x0
10-12 01:12:53.911  2042 11419 E ACameraDeviceVendor: onCaptureStarted: request = 0xb400006eb98d6a00
10-12 01:12:53.944  2069  4219 E DATC-IF : [ERROR][ChiNode] camxchinodesecofectrl.cpp:888 OverrideOFECGData() SecurePreview_OFE0 req 31 get metadata fail NULL pointer 0x0
10-12 01:12:53.961  2042 11419 E ACameraDeviceVendor: onCaptureStarted: request = 0xb400006eb98d6a00
10-12 01:12:53.985  2069  4219 E DATC-IF : [ERROR][ChiNode] camxchinodesecofectrl.cpp:888 OverrideOFECGData() SecurePreview_OFE0 req 32 get metadata fail NULL pointer 0x0
10-12 01:12:54.011  2042 11419 E ACameraDeviceVendor: onCaptureStarted: request = 0xb400006eb98d6a00
10-12 01:12:54.035  2069  4222 E DATC-IF : [ERROR][ChiNode] camxchinodesecofectrl.cpp:888 OverrideOFECGData() SecurePreview_OFE0 req 33 get metadata fail NULL pointer 0x0
10-12 01:12:54.061  2042 11419 E ACameraDeviceVendor: onCaptureStarted: request = 0xb400006eb98d6a00
10-12 01:12:54.085  2069  4220 E DATC-IF : [ERROR][ChiNode] camxchinodesecofectrl.cpp:888 OverrideOFECGData() SecurePreview_OFE0 req 34 get metadata fail NULL pointer 0x0
10-12 01:12:54.091  2042 18871 E SmcInvoke_MinkDescriptor: mem obj with id :36 not found in list
10-12 01:12:54.111  2042 11419 E ACameraDeviceVendor: onCaptureStarted: request = 0xb400006eb98d6a00
10-12 01:12:54.116  2042 18871 E SmcInvoke_MinkDescriptor: mem obj with id :36 not found in list
10-12 01:12:54.118  2042 18871 E SmcInvoke_MinkDescriptor: mem obj with id :36 not found in list
10-12 01:12:54.118  2042 19086 E sec_fr_FaceRecognizer: identify fails
10-12 01:12:54.136  2069  4218 E DATC-IF : [ERROR][ChiNode] camxchinodesecofectrl.cpp:888 OverrideOFECGData() SecurePreview_OFE0 req 35 get metadata fail NULL pointer 0x0
10-12 01:12:54.161  2042 11419 E ACameraDeviceVendor: onCaptureStarted: request = 0xb400006eb98d6a00
10-12 01:12:54.186  2069  4222 E DATC-IF : [ERROR][ChiNode] camxchinodesecofectrl.cpp:888 OverrideOFECGData() SecurePreview_OFE0 req 36 get metadata fail NULL pointer 0x0
10-12 01:12:54.211  2042 11419 E ACameraDeviceVendor: onCaptureStarted: request = 0xb400006eb98d6a00
10-12 01:12:54.247  2069  4218 E DATC-IF : [ERROR][ChiNode] camxchinodesecofectrl.cpp:888 OverrideOFECGData() SecurePreview_OFE0 req 37 get metadata fail NULL pointer 0x0
10-12 01:12:54.261  2042 11419 E ACameraDeviceVendor: onCaptureStarted: request = 0xb400006eb98d6a00
10-12 01:12:54.287  2069  4219 E DATC-IF : [ERROR][ChiNode] camxchinodesecofectrl.cpp:888 OverrideOFECGData() SecurePreview_OFE0 req 38 get metadata fail NULL pointer 0x0
10-12 01:12:54.311  2042 11419 E ACameraDeviceVendor: onCaptureStarted: request = 0xb400006eb98d6a00
10-12 01:12:54.325  2042 18871 E SmcInvoke_MinkDescriptor: mem obj with id :36 not found in list
10-12 01:12:54.338  2069  4219 E DATC-IF : [ERROR][ChiNode] camxchinodesecofectrl.cpp:888 OverrideOFECGData() SecurePreview_OFE0 req 39 get metadata fail NULL pointer 0x0
10-12 01:12:54.350  2042 18871 E SmcInvoke_MinkDescriptor: mem obj with id :36 not found in list
10-12 01:12:54.352  2042 18869 E SmcInvoke_MinkDescriptor: mem obj with id :36 not found in list
10-12 01:12:54.352  2042 19086 E sec_fr_FaceRecognizer: identify fails
10-12 01:12:54.361  2042 11419 E ACameraDeviceVendor: onCaptureStarted: request = 0xb400006eb98d6a00
10-12 01:12:54.387  2069  4222 E DATC-IF : [ERROR][ChiNode] camxchinodesecofectrl.cpp:888 OverrideOFECGData() SecurePreview_OFE0 req 40 get metadata fail NULL pointer 0x0
10-12 01:12:54.411  2042 11419 E ACameraDeviceVendor: onCaptureStarted: request = 0xb400006eb98d6a00
10-12 01:12:54.437  2069  4220 E DATC-IF : [ERROR][ChiNode] camxchinodesecofectrl.cpp:888 OverrideOFECGData() SecurePreview_OFE0 req 41 get metadata fail NULL pointer 0x0
10-12 01:12:54.461  2042 11419 E ACameraDeviceVendor: onCaptureStarted: request = 0xb400006eb98d6a00
10-12 01:12:54.488  2069  4220 E DATC-IF : [ERROR][ChiNode] camxchinodesecofectrl.cpp:888 OverrideOFECGData() SecurePreview_OFE0 req 42 get metadata fail NULL pointer 0x0
10-12 01:12:54.511  2042 11419 E ACameraDeviceVendor: onCaptureStarted: request = 0xb400006eb98d6a00
10-12 01:12:54.538  2069  4218 E DATC-IF : [ERROR][ChiNode] camxchinodesecofectrl.cpp:888 OverrideOFECGData() SecurePreview_OFE0 req 43 get metadata fail NULL pointer 0x0
10-12 01:12:54.557  2042 18869 E SmcInvoke_MinkDescriptor: mem obj with id :36 not found in list
10-12 01:12:54.561  2042 11419 E ACameraDeviceVendor: onCaptureStarted: request = 0xb400006eb98d6a00
10-12 01:12:54.582  2042 18869 E SmcInvoke_MinkDescriptor: mem obj with id :36 not found in list
10-12 01:12:54.584  2042 18869 E SmcInvoke_MinkDescriptor: mem obj with id :36 not found in list
10-12 01:12:54.584  2042 19086 E sec_fr_FaceRecognizer: identify fails
10-12 01:12:54.589  2069  4222 E DATC-IF : [ERROR][ChiNode] camxchinodesecofectrl.cpp:888 OverrideOFECGData() SecurePreview_OFE0 req 44 get metadata fail NULL pointer 0x0
10-12 01:12:54.611  2042 11419 E ACameraDeviceVendor: onCaptureStarted: request = 0xb400006eb98d6a00
10-12 01:12:54.639  2069  4217 E DATC-IF : [ERROR][ChiNode] camxchinodesecofectrl.cpp:888 OverrideOFECGData() SecurePreview_OFE0 req 45 get metadata fail NULL pointer 0x0
10-12 01:12:54.661  2042 11419 E ACameraDeviceVendor: onCaptureStarted: request = 0xb400006eb98d6a00
10-12 01:12:54.690  2069  4217 E DATC-IF : [ERROR][ChiNode] camxchinodesecofectrl.cpp:888 OverrideOFECGData() SecurePreview_OFE0 req 46 get metadata fail NULL pointer 0x0
10-12 01:12:54.711  2042 11419 E ACameraDeviceVendor: onCaptureStarted: request = 0xb400006eb98d6a00
10-12 01:12:54.740  2069  4217 E DATC-IF : [ERROR][ChiNode] camxchinodesecofectrl.cpp:888 OverrideOFECGData() SecurePreview_OFE0 req 47 get metadata fail NULL pointer 0x0
10-12 01:12:54.762  2042 11419 E ACameraDeviceVendor: onCaptureStarted: request = 0xb400006eb98d6a00
10-12 01:12:54.790  2042 18869 E SmcInvoke_MinkDescriptor: mem obj with id :36 not found in list
10-12 01:12:54.790  2069  4220 E DATC-IF : [ERROR][ChiNode] camxchinodesecofectrl.cpp:888 OverrideOFECGData() SecurePreview_OFE0 req 48 get metadata fail NULL pointer 0x0
10-12 01:12:54.812  2042 11419 E ACameraDeviceVendor: onCaptureStarted: request = 0xb400006eb98d6a00
10-12 01:12:54.814  2042 18869 E SmcInvoke_MinkDescriptor: mem obj with id :36 not found in list
10-12 01:12:54.816  2042 18869 E SmcInvoke_MinkDescriptor: mem obj with id :36 not found in list
10-12 01:12:54.816  2042 19086 E sec_fr_FaceRecognizer: identify fails
10-12 01:12:54.816  2042 19086 E sec_fr_FaceRecognizer: No match count(5) is max, send status to Service
10-12 01:12:54.841  2069  4220 E DATC-IF : [ERROR][ChiNode] camxchinodesecofectrl.cpp:888 OverrideOFECGData() SecurePreview_OFE0 req 49 get metadata fail NULL pointer 0x0
10-12 01:12:54.861  2042 11419 E ACameraDeviceVendor: onCaptureStarted: request = 0xb400006eb98d6a00
10-12 01:12:54.891  2069  4219 E DATC-IF : [ERROR][ChiNode] camxchinodesecofectrl.cpp:888 OverrideOFECGData() SecurePreview_OFE0 req 50 get metadata fail NULL pointer 0x0
10-12 01:12:54.911  2042 11419 E ACameraDeviceVendor: onCaptureStarted: request = 0xb400006eb98d6a00
