10-12 01:14:11.725 10486 10497 E AbsSettings: refreshInner: refreshedSettingsDBItem key enabled_complication_widgets_id_list val = 
10-12 01:14:11.725 10486 10497 E ActivityThread: Failed to find provider info for com.samsung.systemui.lockstar.provider.LockScreenDataContent
10-12 01:14:11.725 10486 25127 E ActivityThread: Failed to find provider info for com.samsung.systemui.lockstar.provider.LockScreenDataContent
10-12 01:14:11.726 10486 10497 E ActivityThread: Failed to find provider info for com.samsung.systemui.lockstar.provider.LockScreenDataContent
10-12 01:14:11.727 10486 10497 E AbsSettings: refreshInner: refreshedSettingsDBItem key lock_theme_clock_restore_pending_package val = 
10-12 01:14:11.727 10486 10497 E AbsSettings: refreshInner: refreshedSettingsDBItem key CLOCK_VERSION val = 17
10-12 01:14:11.727 10486 10497 E AbsSettings: refreshInner: refreshedSettingsDBItem key PALETTE_VERSION val = 400000
10-12 01:14:11.727 10486 10497 E AbsSettings: refreshInner: refreshedSettingsDBItem key lock_clock_scale_rate val = 1.0
10-12 01:14:11.727 10486 10497 E AbsSettings: refreshInner: refreshedSettingsDBItem key lock_clock_visibility val = 0
10-12 01:14:11.727 10486 10497 E AbsSettings: refreshInner: refreshedSettingsDBItem key clock_gravity val = 0
10-12 01:14:11.727 10486 10497 E AbsSettings: refreshInner: refreshedSettingsDBItem key clock_bottom_margin_ratio val = 0.0
10-12 01:14:11.727 10486 10497 E AbsSettings: refreshInner: refreshedSettingsDBItem key clock_horizontal_margin_ratio val = 0.0
10-12 01:14:11.727 10486 10497 E AbsSettings: refreshInner: refreshedSettingsDBItem key clock_position_based_on_movable_area val = 0
10-12 01:14:11.727 10486 10497 E AbsSettings: refreshInner: refreshedSettingsDBItem key clock_show_weather_info val = 0
10-12 01:14:11.727 10486 10497 E AbsSettings: refreshInner: refreshedSettingsDBItem key lock_clock_show_date_info_first val = 0
10-12 01:14:11.727 10486 10497 E AbsSettings: refreshInner: refreshedSettingsDBItem key lock_world_clock_city_list val = 
10-12 01:14:11.727 10486 10497 E AbsSettings: refreshInner: refreshedSettingsDBItem key lock_clock_color_data val = {"adaptiveColor":-2764052,"fontColorType":0,"isAdaptiveColor":false,"isThemeWallpaper":false,"shadowStyle":{"shadowColor":0,"shadowDx":0.0,"shadowDy":0.0,"shadowRadius":0.0}}
10-12 01:14:11.727 10486 10497 E AbsSettings: refreshInner: refreshedSettingsDBItem key lock_shortcut_color_data val = {"fontColorType":0}
10-12 01:14:11.727 10486 10497 E AbsSettings: refreshInner: refreshedSettingsDBItem key lock_widget_color_data val = {"backgroundColor":-11319225}
10-12 01:14:11.727 10486 10497 E AbsSettings: refreshInner: refreshedSettingsDBItem key SELECTED_CLOCK_TYPE val = 2
10-12 01:14:11.727 10486 10497 E AbsSettings: refreshInner: refreshedSettingsDBItem key all_complication_widgets_list val = com.samsung.android.calendar/com.android.calendar.widget.complication.SmallComplicationWidgetReceiver-com.samsung.android.calendar/com.android.calendar.widget.complication.BigComplicationWidgetReceiver-com.android.settings.intelligence/com.samsung.android.settings.intelligence.widget.GlanceListWidgetReceiver-com.android.settings.intelligence/com.samsung.android.settings.intelligence.widget.GlanceCircleWidgetReceiver-com.samsung.android.app.reminder/com.samsung.android.app.reminder.remote.widget.complication.SmallComplicationWidgetReceiver-com.samsung.android.app.reminder/com.samsung.android.app.reminder.remote.widget.complication.BigComplicationWidgetReceiver-com.sec.android.app.clockpackage/com.sec.android.app.clockpackage.alarmwidget.AlarmGlanceWidgetReceiver-com.sec.android.daemonapp/com.sec.android.daemonapp.complication.receiver.ComplicationUVReceiver-com.sec.android.daemonapp/com.sec.android.daemonapp.complication.receiver.ComplicationMoonReceiver-com.sec.android.daemonapp/com.sec.android.daemonapp.complication.receiver.ComplicationSimpleWeatherReceiver-com.sec.android.daemonapp/com.sec.android.daemonapp.complication.receiver.ComplicationWeatherDetailReceiver-com.sec.android.daemonapp/com.sec.android.daemonapp.complication.receiver.ComplicationPrecipitationReceiver-com.sec.android.daemonapp/com.sec.android.daemonapp.complication.receiver.ComplicationAirQualityReceiver-com.sec.android.daemonapp/com.sec.android.daemonapp.complication.receiver.ComplicationFineDustReceiver-com.sec.android.daemonapp/com.sec.android.daemonapp.complication.receiver.ComplicationSunriseSunsetReceiver-com.sec.android.app.shealth/com.samsung.android.app.shealth.tracker.dailyactivity.widget.DaComplicationWidgetReceiver1x1-com.sec.android.app.shealth/com.samsung.android.app.shealth.tracker.dailyactivity.widget.DaComplicationWidgetReceiver2x1
10-12 01:14:11.727 10486 10497 E AbsSettings: refreshInner: refreshedSettingsDBItem key enabled_complication_widgets_id_list val = 
10-12 01:14:11.727 10486 10497 E AbsSettings: refreshInner: refreshedSettingsDBItem key clock_horizontal_margin_ratio val = 0.0
10-12 01:14:11.727 10486 10497 E AbsSettings: refreshInner: refreshedSettingsDBItem key clock_bottom_margin_ratio val = 0.0
10-12 01:14:11.727 10486 10497 E AbsSettings: refreshInner: refreshedSettingsDBItem key clock_gravity val = 0
10-12 01:14:11.727 10486 10497 E ActivityThread: Failed to find provider info for com.samsung.systemui.lockstar.provider.LockScreenDataContent
10-12 01:14:11.729  4370  4370 E AbsSettings: refreshInner: refreshedSettingsDBItem key SELECTED_CLOCK_TYPE val = 2
10-12 01:14:11.729  4370  4370 E AbsSettings: refreshInner: refreshedSettingsDBItem key clock_gravity val = 0
10-12 01:14:11.729  4370  4370 E AbsSettings: refreshInner: refreshedSettingsDBItem key clock_horizontal_margin_ratio val = 0.0
10-12 01:14:11.729  4370  4370 E AbsSettings: refreshInner: refreshedSettingsDBItem key clock_bottom_margin_ratio val = 0.0
10-12 01:14:11.729  4370  4370 E AbsSettings: refreshInner: refreshedSettingsDBItem key clock_position_based_on_movable_area val = 0
10-12 01:14:11.729  4370  4370 E ClockPackSettingsUtils: isRoamingState: android.provider.Settings$SettingNotFoundException: easy_mode_switch
10-12 01:14:11.736  4370  4370 E NowBarCardStackView: getTopCard topCard is null view size = 0
10-12 01:14:11.736  4370  4370 E NowBarCardViewModel: updateExpandedClickPanelVisibility screen on = false expanded falseisTopCardSettingViewOpened = false
10-12 01:14:11.790  3008  3402 E SmcInvoke_MinkDescriptor: mem obj with id :20 not found in list
10-12 01:14:11.794  3008  3402 E SmcInvoke_MinkDescriptor: mem obj with id :20 not found in list
10-12 01:14:11.808  3008  3402 E SmcInvoke_MinkDescriptor: mem obj with id :20 not found in list
10-12 01:14:11.813  3008  3402 E SmcInvoke_MinkDescriptor: mem obj with id :20 not found in list
10-12 01:14:11.824  4753  6636 E BtGatt.GattService: [GSIM LOG]: gsimLogHandler, msg: MESSAGE_SCAN_STOP, appName: com.google.android.gms, scannerId: 11, reportDelayMillis=0
10-12 01:14:11.833  4753  6636 E BtGatt.GattService: [GSIM LOG]: gsimLogHandler, msg: MESSAGE_SCAN_STOP, appName: com.google.android.gms, scannerId: 10, reportDelayMillis=0
10-12 01:14:11.833  4753  6636 E BtGatt.GattService: [GSIM LOG]: gsimLogHandler, msg: MESSAGE_ADV_SET_STOP, appName: com.google.android.gms, id: 3, isLegacy: true
10-12 01:14:11.834  4753  6636 E BtGatt.GattService: [GSIM LOG]: gsimLogHandler, msg: MESSAGE_ADV_SET_STOP, appName: com.google.android.gms, id: 1, isLegacy: false
10-12 01:14:11.841  3008  3402 E SmcInvoke_MinkDescriptor: mem obj with id :20 not found in list
10-12 01:14:11.843  4753  6636 E BtGatt.GattService: [GSIM LOG]: gsimLogHandler, msg: MESSAGE_ADV_SET_START, appName: com.google.android.gms, id: 1, isLegacy: true
10-12 01:14:11.844 30404 19043 E NearbyMediums: MEDIUM_ERROR [SYSTEM][WIFI_LAN][START_LISTENING_INCOMING_CONNECTION][ACCEPT_CONNECTION_FAILED][SOCKET_CLOSED], service-id=NearbySharing
10-12 01:14:11.844 30404 19043 E NearbyMediums: Extra Sensitive/PII message : Socket closed
10-12 01:14:11.851  3008  3402 E SmcInvoke_MinkDescriptor: mem obj with id :20 not found in list
10-12 01:14:11.851  4753  6636 E BtGatt.GattService: [GSIM LOG]: gsimLogHandler, msg: MESSAGE_ADV_SET_START, appName: com.google.android.gms, id: 2, isLegacy: true
10-12 01:14:12.097  2018  2126 E minksocket: MinkIPC ERROR: ( 2018:2126 ) MinkIPC_preProcess:272 Client down, but cannot find corresponding minksession
10-12 01:14:12.098  2018  2119 E minksocket: MinkIPC ERROR: ( 2018:2119 ) MinkIPC_preProcess:272 Client down, but cannot find corresponding minksession
10-12 01:14:12.113  2037  4168 E libprotobuf-native: [libprotobuf ERROR external/protobuf/src/google/protobuf/message_lite.cc:133] Can't parse message of type "sns_std_sensor_event" because it is missing required fields: (cannot determine missing fields for lite message)
10-12 01:14:12.116  4753  6636 E BtGatt.GattService: [GSIM LOG]: gsimLogHandler, msg: MESSAGE_SCAN_STOP, appName: com.google.android.gms, scannerId: 4, reportDelayMillis=0
10-12 01:14:12.131  2037  4168 E libprotobuf-native: [libprotobuf ERROR external/protobuf/src/google/protobuf/message_lite.cc:133] Can't parse message of type "sns_std_sensor_event" because it is missing required fields: (cannot determine missing fields for lite message)
10-12 01:14:12.134  2706  2720 E WindowManager: win=Window{d229b10 u0 com.sec.android.app.launcher/com.sec.android.app.launcher.activities.LauncherActivity} destroySurfaces: appStopped=true cleanupOnResume=false win.mWindowRemovalAllowed=false win.mRemoveOnExit=false win.mViewVisibility=8 caller=com.android.server.wm.ActivityRecord.destroySurfaces:25 com.android.server.wm.ActivityRecord.activityStopped:184 com.android.server.wm.ActivityClientController.activityStopped:95 android.app.IActivityClientController$Stub.onTransact:722 com.android.server.wm.ActivityClientController.onTransact:1 android.os.Binder.execTransactInternal:1541 android.os.Binder.execTransact:1480 
10-12 01:14:12.134  2706  2720 E WindowManager: win=Window{37e49e9 u0 com.sec.android.app.launcher/com.sec.android.app.launcher.activities.LauncherActivity} destroySurfaces: appStopped=true cleanupOnResume=false win.mWindowRemovalAllowed=false win.mRemoveOnExit=false win.mViewVisibility=8 caller=com.android.server.wm.ActivityRecord.destroySurfaces:25 com.android.server.wm.ActivityRecord.activityStopped:184 com.android.server.wm.ActivityClientController.activityStopped:95 android.app.IActivityClientController$Stub.onTransact:722 com.android.server.wm.ActivityClientController.onTransact:1 android.os.Binder.execTransactInternal:1541 android.os.Binder.execTransact:1480 
10-12 01:14:12.283  2193  2193 E SurfaceFlinger: alpha changed 1.000 -> 0.000 - Surface(name=WallpaperWindowToken{72bfbe0 token=android.os.Binder@fd1ccaf})/@0xea15b2c_transition-leash#225802
10-12 01:14:12.284  2061 19615 E ANDR-PERF-LM: Core: detectAndRunIdle() 182: Not able to open /sys/class/power_supply/battery/status, Error: Permission denied
10-12 01:14:12.291  4370  4370 E AbsSettings: refreshInner: refreshedSettingsDBItem key CLOCK_VERSION val = 300000
10-12 01:14:12.291  4370  4370 E AbsSettings: refreshInner: refreshedSettingsDBItem key PALETTE_VERSION val = 90000
10-12 01:14:12.291  4370  4370 E AbsSettings: refreshInner: refreshedSettingsDBItem key SELECTED_CLOCK_TYPE val = 2
10-12 01:14:12.303  4370  4370 E ClockPackSettingsUtils: isRoamingState: android.provider.Settings$SettingNotFoundException: easy_mode_switch
10-12 01:14:12.306 10486 10497 E AbsSettings: refreshInner: refreshedSettingsDBItem key lock_theme_clock_restore_pending_package val = 
10-12 01:14:12.307 10486 10497 E AbsSettings: refreshInner: refreshedSettingsDBItem key CLOCK_VERSION val = 17
10-12 01:14:12.307 10486 10497 E AbsSettings: refreshInner: refreshedSettingsDBItem key PALETTE_VERSION val = 400000
10-12 01:14:12.307 10486 10497 E AbsSettings: refreshInner: refreshedSettingsDBItem key lock_clock_scale_rate val = 1.0
10-12 01:14:12.307 10486 10497 E AbsSettings: refreshInner: refreshedSettingsDBItem key lock_clock_visibility val = 0
10-12 01:14:12.307 10486 10497 E AbsSettings: refreshInner: refreshedSettingsDBItem key clock_gravity val = 0
10-12 01:14:12.307 10486 10497 E AbsSettings: refreshInner: refreshedSettingsDBItem key clock_bottom_margin_ratio val = 0.0
10-12 01:14:12.307 10486 10497 E AbsSettings: refreshInner: refreshedSettingsDBItem key clock_horizontal_margin_ratio val = 0.0
10-12 01:14:12.307 10486 10497 E AbsSettings: refreshInner: refreshedSettingsDBItem key clock_position_based_on_movable_area val = 0
10-12 01:14:12.307 10486 10497 E AbsSettings: refreshInner: refreshedSettingsDBItem key clock_show_weather_info val = 0
10-12 01:14:12.307 10486 10497 E AbsSettings: refreshInner: refreshedSettingsDBItem key lock_clock_show_date_info_first val = 0
10-12 01:14:12.307 10486 10497 E AbsSettings: refreshInner: refreshedSettingsDBItem key lock_world_clock_city_list val = 
10-12 01:14:12.307 10486 10497 E AbsSettings: refreshInner: refreshedSettingsDBItem key lock_clock_color_data val = {"adaptiveColor":-2764052,"fontColorType":0,"isAdaptiveColor":false,"isThemeWallpaper":false,"shadowStyle":{"shadowColor":0,"shadowDx":0.0,"shadowDy":0.0,"shadowRadius":0.0}}
10-12 01:14:12.307 10486 10497 E AbsSettings: refreshInner: refreshedSettingsDBItem key lock_shortcut_color_data val = {"fontColorType":0}
10-12 01:14:12.307 10486 10497 E AbsSettings: refreshInner: refreshedSettingsDBItem key lock_widget_color_data val = {"backgroundColor":-11319225}
10-12 01:14:12.307 10486 10497 E AbsSettings: refreshInner: refreshedSettingsDBItem key SELECTED_CLOCK_TYPE val = 2
10-12 01:14:12.307 10486 10497 E AbsSettings: refreshInner: refreshedSettingsDBItem key all_complication_widgets_list val = com.samsung.android.calendar/com.android.calendar.widget.complication.SmallComplicationWidgetReceiver-com.samsung.android.calendar/com.android.calendar.widget.complication.BigComplicationWidgetReceiver-com.android.settings.intelligence/com.samsung.android.settings.intelligence.widget.GlanceListWidgetReceiver-com.android.settings.intelligence/com.samsung.android.settings.intelligence.widget.GlanceCircleWidgetReceiver-com.samsung.android.app.reminder/com.samsung.android.app.reminder.remote.widget.complication.SmallComplicationWidgetReceiver-com.samsung.android.app.reminder/com.samsung.android.app.reminder.remote.widget.complication.BigComplicationWidgetReceiver-com.sec.android.app.clockpackage/com.sec.android.app.clockpackage.alarmwidget.AlarmGlanceWidgetReceiver-com.sec.android.daemonapp/com.sec.android.daemonapp.complication.receiver.ComplicationUVReceiver-com.sec.android.daemonapp/com.sec.android.daemonapp.complication.receiver.ComplicationMoonReceiver-com.sec.android.daemonapp/com.sec.android.daemonapp.complication.receiver.ComplicationSimpleWeatherReceiver-com.sec.android.daemonapp/com.sec.android.daemonapp.complication.receiver.ComplicationWeatherDetailReceiver-com.sec.android.daemonapp/com.sec.android.daemonapp.complication.receiver.ComplicationPrecipitationReceiver-com.sec.android.daemonapp/com.sec.android.daemonapp.complication.receiver.ComplicationAirQualityReceiver-com.sec.android.daemonapp/com.sec.android.daemonapp.complication.receiver.ComplicationFineDustReceiver-com.sec.android.daemonapp/com.sec.android.daemonapp.complication.receiver.ComplicationSunriseSunsetReceiver-com.sec.android.app.shealth/com.samsung.android.app.shealth.tracker.dailyactivity.widget.DaComplicationWidgetReceiver1x1-com.sec.android.app.shealth/com.samsung.android.app.shealth.tracker.dailyactivity.widget.DaComplicationWidgetReceiver2x1
10-12 01:14:12.307 10486 10497 E AbsSettings: refreshInner: refreshedSettingsDBItem key enabled_complication_widgets_id_list val = 
10-12 01:14:12.307 10486 10497 E AbsSettings: refreshInner: refreshedSettingsDBItem key clock_horizontal_margin_ratio val = 0.0
10-12 01:14:12.307 10486 10497 E AbsSettings: refreshInner: refreshedSettingsDBItem key clock_bottom_margin_ratio val = 0.0
10-12 01:14:12.307  2706  2706 E PocketModeEvent: ACTION_SCREEN_OFF
10-12 01:14:12.308  2706  3956 E PocketModeEvent: currentState : 1
10-12 01:14:12.308 10486 10497 E AbsSettings: refreshInner: refreshedSettingsDBItem key clock_gravity val = 0
10-12 01:14:12.308  2706  3956 E PocketModeEvent: MSG_TYPE_STOP_SENSING
10-12 01:14:12.308 10486 10497 E ActivityThread: Failed to find provider info for com.samsung.systemui.lockstar.provider.LockScreenDataContent
10-12 01:14:12.309  4370  4370 E ClockPackSettingsUtils: isRoamingState: android.provider.Settings$SettingNotFoundException: easy_mode_switch
10-12 01:14:12.310  4753  6636 E BtGatt.GattService: [GSIM LOG]: gsimLogHandler, msg: MESSAGE_SCAN_STOP, appName: android, scannerId: 9, reportDelayMillis=0
10-12 01:14:12.315  2037  4168 E libprotobuf-native: [libprotobuf ERROR external/protobuf/src/google/protobuf/message_lite.cc:133] Can't parse message of type "sns_std_sensor_event" because it is missing required fields: (cannot determine missing fields for lite message)
10-12 01:14:12.323  4753  6636 E BtGatt.GattService: [GSIM LOG]: gsimLogHandler, msg: MESSAGE_SCAN_STOP, appName: com.samsung.android.mcfds, scannerId: 2, reportDelayMillis=0
10-12 01:14:12.324 31804 31832 E [MCFSDK_fmm_1.0.2039]_McfContext: getBleAdapter -return instance created 116459078
10-12 01:14:12.326  4753  6636 E BtGatt.GattService: [GSIM LOG]: gsimLogHandler, msg: MESSAGE_SCAN_STOP, appName: com.samsung.android.mdx.kit, scannerId: 7, reportDelayMillis=0
10-12 01:14:12.329 30404 18467 E LoadedApk: Exception : java.lang.NullPointerException: Attempt to invoke virtual method 'boolean android.os.Looper.isPerfLogEnable()' on a null object reference
10-12 01:14:12.330  4753  6636 E BtGatt.GattService: [GSIM LOG]: gsimLogHandler, msg: MESSAGE_SCAN_STOP, appName: com.samsung.android.mcfserver, scannerId: 6, reportDelayMillis=0
10-12 01:14:12.336  4753  5718 E bluetooth: system/gd/hci/le_scanning_manager.cc:933 scan_filter_parameter_setup: Remove passive filterScan. filter_index=25, uuid=0000fd59-0000-1000-8000-00805f9b34fb
10-12 01:14:12.336 30404 19043 E LoadedApk: Exception : java.lang.NullPointerException: Attempt to invoke virtual method 'boolean android.os.Looper.isPerfLogEnable()' on a null object reference
10-12 01:14:12.336  4753  6636 E BtGatt.GattService: [GSIM LOG]: gsimLogHandler, msg: MESSAGE_SCAN_STOP, appName: com.samsung.android.beaconmanager, scannerId: 1, reportDelayMillis=0
10-12 01:14:12.337  4753  6636 E BtGatt.GattService: [GSIM LOG]: gsimLogHandler, msg: MESSAGE_SCAN_STOP, appName: com.samsung.android.mcfserver, scannerId: 12, reportDelayMillis=0
10-12 01:14:12.338 30404 19043 E LoadedApk: Exception : java.lang.NullPointerException: Attempt to invoke virtual method 'boolean android.os.Looper.isPerfLogEnable()' on a null object reference
10-12 01:14:12.338  4370  4370 E NowBarCardStackView: getTopCard topCard is null view size = 0
10-12 01:14:12.338  4370  4370 E NowBarCardStackView: getTopCard topCard is null view size = 0
10-12 01:14:12.338  4370  4370 E NowBarCardViewModel: updateExpandedClickPanelVisibility screen on = false expanded falseisTopCardSettingViewOpened = false
10-12 01:14:12.338  4370  4370 E NowBarCardStackView: getTopCard topCard is null view size = 0
10-12 01:14:12.338  4370  4370 E NowBarCardViewModel: updateExpandedClickPanelVisibility screen on = false expanded falseisTopCardSettingViewOpened = false
10-12 01:14:12.339  4753  5718 E bluetooth: system/gd/hci/le_scanning_manager.cc:933 scan_filter_parameter_setup: Remove passive filterScan. filter_index=61, uuid=0000fd5a-0000-1000-8000-00805f9b34fb
10-12 01:14:12.339  4753  5718 E bluetooth: system/gd/hci/le_scanning_manager.cc:933 scan_filter_parameter_setup: Remove passive filterScan. filter_index=4, uuid=0000fd69-0000-1000-8000-00805f9b34fb
10-12 01:14:12.341  4753  6636 E BtGatt.GattService: [GSIM LOG]: gsimLogHandler, msg: MESSAGE_SCAN_STOP, appName: com.samsung.android.mcfserver, scannerId: 8, reportDelayMillis=0
10-12 01:14:12.374  4753  6636 E BtGatt.GattService: [GSIM LOG]: gsimLogHandler, msg: MESSAGE_ADV_SET_STOP, appName: com.samsung.android.mcfds, id: 4, isLegacy: true
10-12 01:14:12.421  4753  6636 E BtGatt.GattService: [GSIM LOG]: gsimLogHandler, msg: MESSAGE_SCAN_START, appName: com.samsung.android.mdx.kit, scannerId: 1, reportDelayMillis=0
10-12 01:14:12.444  4753  6636 E BtGatt.GattService: [GSIM LOG]: gsimLogHandler, msg: MESSAGE_ADV_SET_START, appName: com.samsung.android.mcfds, id: 3, isLegacy: true
10-12 01:14:12.496  2042 19642 E SmcInvoke_MinkDescriptor: mem obj with id :11 not found in list
10-12 01:14:12.717  4370  4370 E AOD_CONFIG@AODConfigurationController: Skipping unregisterMonitor MONITOR_SEMCONTEXT - no registered monitor
10-12 01:14:12.717  4370  4370 E AOD_CONFIG@AODConfigurationController: Skipping unregisterMonitor MONITOR_BROADCAST_PSM - no registered monitor
10-12 01:14:12.717  4370  4370 E AOD_CONFIG@AODConfigurationController: Skipping unregisterMonitor MONITOR_BROADCAST_WALLPAPER - no registered monitor
10-12 01:14:12.717  4370  4370 E AOD_CONFIG@AODConfigurationController: Skipping unregisterMonitor MONITOR_BROADCAST_ROAMING - no registered monitor
10-12 01:14:12.717  4370  4370 E AOD_CONFIG@AODConfigurationController: Skipping unregisterMonitor MONITOR_WEATHER_INFO_ENABLED - no registered monitor
10-12 01:14:12.717  4370  4370 E AOD_CONFIG@AODConfigurationController: Skipping unregisterMonitor MONITOR_BROADCAST_OMC - no registered monitor
10-12 01:14:12.724  4370  4370 E AODUiController: removeBottomUI: container is null
10-12 01:14:12.728  2037  4168 E libprotobuf-native: [libprotobuf ERROR external/protobuf/src/google/protobuf/message_lite.cc:133] Can't parse message of type "sns_std_sensor_event" because it is missing required fields: (cannot determine missing fields for lite message)
10-12 01:14:12.810  2706  5566 E SemWifiApSmartBleScanner: mGuidScanFilterBluetoothLeScanFilter [mDeviceName=null, mDeviceAddress=null, mUuid=null, mUuidMask=null, mServiceSolicitationUuid=null, mServiceSolicitationUuidMask=null, mServiceDataUuid=null, mServiceData=null, mServiceDataMask=null, mManufacturerId=117, mManufacturerData=[1, 18, 86, -82, -110, 59, 0, 0, 0, 0, 4, 0, 0, 0, 0, 0, 0, 0, 0, 0, 0, 0, 0, 0], mManufacturerDataMask=[0, -1, -1, -1, -1, -1, 0, 0, 0, 0, 0, 0, 0, 0, 0, 0, 0, 0, 0, 0, 0, 0, 0, 0], mAdvertisingDataType=-1, mAdvertisingData=null, mAdvertisingDataMask=null, mTransportBlockFilter=null]
10-12 01:14:12.815  4753  6636 E BtGatt.GattService: [GSIM LOG]: gsimLogHandler, msg: MESSAGE_SCAN_START, appName: android, scannerId: 2, reportDelayMillis=0
10-12 01:14:13.338  4753  6636 E BtGatt.GattService: [GSIM LOG]: gsimLogHandler, msg: MESSAGE_SCAN_STOP, appName: com.google.android.gms, scannerId: 3, reportDelayMillis=0
10-12 01:14:13.344  4753  6636 E BtGatt.GattService: [GSIM LOG]: gsimLogHandler, msg: MESSAGE_SCAN_START, appName: com.google.android.gms, scannerId: 3, reportDelayMillis=0
10-12 01:14:13.844  4753  6636 E BtGatt.GattService: [GSIM LOG]: gsimLogHandler, msg: MESSAGE_ADV_SET_STOP, appName: com.google.android.gms, id: 1, isLegacy: true
10-12 01:14:14.066  2156  2243 E ConversionHelperAidl: Function: parseAndSetVendorParameters Line: 94 Failed 
10-12 01:14:14.066  2156  2243 E ConversionHelperAidl: Function: parseAndSetVendorParameters Line: 94 Failed 
10-12 01:14:14.066  2156  2243 E ConversionHelperAidl: Function: parseAndSetVendorParameters Line: 94 Failed 
10-12 01:14:14.066  2156  2243 E ConversionHelperAidl: Function: parseAndSetVendorParameters Line: 94 Failed 
10-12 01:14:16.087  2070  2162 E BatteryDump: !@new_battery_dump : 4287,454,1300,3370,88,313,282,403,313,0,349,403,0,Charging,NO_CHARGING,Normal,Good,PDIC,0,Normal,0,0,9266,0x8000,0x10010000,0x0,0,0,1032,v0002,0000,0000,ffff0700,0,0,0,0,43,4271,8666,980,0,
10-12 01:14:16.711  4370  4370 E ThemeUtils: View class com.airbnb.lottie.LottieAnimationView is an AppCompat widget that can only be used with a Theme.AppCompat theme (or descendant).
10-12 01:14:16.726  1886  1886 E engmode_world: Unknown token(00/00/00)
10-12 01:14:16.726  1203  1203 E engmode_aidl_service: error to server(0xd0060012)
10-12 01:14:16.728  4370  9710 E engmode_client_list: Cannot find client
10-12 01:14:16.728  4370  9710 E engmode_client_aidl: Client error
10-12 01:14:16.729  1886  1886 E engmode_world: Unknown token(00/00/00)
10-12 01:14:16.729  1203  1203 E engmode_aidl_service: error to server(0xd0060012)
10-12 01:14:16.735 19676 19676 E asif.Stocktally: Not starting debugger since process cannot load the jdwp agent.
10-12 01:14:16.754  4370  4370 E SystemUITextView: set Background Drawable!!
10-12 01:14:22.539  4753  6636 E BtGatt.GattService: [GSIM LOG]: gsimLogHandler, msg: MESSAGE_ADV_SET_STOP, appName: com.google.android.gms, id: 0, isLegacy: true
10-12 01:14:22.557  4753  6636 E BtGatt.GattService: [GSIM LOG]: gsimLogHandler, msg: MESSAGE_ADV_SET_START, appName: com.google.android.gms, id: 0, isLegacy: true
10-12 01:14:24.093  2156  2243 E ConversionHelperAidl: Function: parseAndSetVendorParameters Line: 94 Failed 
10-12 01:14:24.093  2156  2243 E ConversionHelperAidl: Function: parseAndSetVendorParameters Line: 94 Failed 
10-12 01:14:24.094  2156  6384 E ConversionHelperAidl: Function: parseAndSetVendorParameters Line: 94 Failed 
10-12 01:14:24.094  2156  6384 E ConversionHelperAidl: Function: parseAndSetVendorParameters Line: 94 Failed 
10-12 01:14:26.203  2070  2162 E BatteryDump: !@new_battery_dump : 4287,446,1300,3370,88,315,282,404,315,0,353,404,0,Charging,NO_CHARGING,Normal,Good,PDIC,0,Normal,0,0,9266,0x8000,0x10010000,0x0,0,0,1012,v0002,0000,0000,ffff0700,0,0,0,0,43,4272,8667,980,0,
10-12 01:14:32.670  2706  3069 E Watchdog: !@Sync: 19421 heap(MB): 173 / 215 FD: 1643 [2025-10-12 01:14:32.670]
10-12 01:14:34.120  2156  6384 E ConversionHelperAidl: Function: parseAndSetVendorParameters Line: 94 Failed 
10-12 01:14:34.120  2156  6384 E ConversionHelperAidl: Function: parseAndSetVendorParameters Line: 94 Failed 
10-12 01:14:34.121  2156  6384 E ConversionHelperAidl: Function: parseAndSetVendorParameters Line: 94 Failed 
10-12 01:14:34.121  2156  6384 E ConversionHelperAidl: Function: parseAndSetVendorParameters Line: 94 Failed 
10-12 01:14:36.319  2070  2162 E BatteryDump: !@new_battery_dump : 4287,475,1300,3370,88,316,283,403,316,0,351,403,0,Charging,NO_CHARGING,Normal,Good,PDIC,0,Normal,0,0,9266,0x8000,0x10010000,0x0,0,0,960,v0002,0000,0000,ffff0700,0,0,0,0,43,4272,8671,980,0,
10-12 01:14:44.147  2156  2243 E ConversionHelperAidl: Function: parseAndSetVendorParameters Line: 94 Failed 
10-12 01:14:44.147  2156  2243 E ConversionHelperAidl: Function: parseAndSetVendorParameters Line: 94 Failed 
10-12 01:14:44.148  2156  2243 E ConversionHelperAidl: Function: parseAndSetVendorParameters Line: 94 Failed 
10-12 01:14:44.148  2156  2243 E ConversionHelperAidl: Function: parseAndSetVendorParameters Line: 94 Failed 
10-12 01:14:46.431  2070  2162 E BatteryDump: !@new_battery_dump : 4289,454,1300,3370,88,318,284,404,318,0,350,404,0,Charging,NO_CHARGING,Normal,Good,PDIC,0,Normal,0,0,9258,0x8000,0x10010000,0x0,0,0,948,v0002,0000,0000,ffff0700,0,0,0,0,43,4272,8674,980,0,
10-12 01:14:54.174  2156  2243 E ConversionHelperAidl: Function: parseAndSetVendorParameters Line: 94 Failed 
10-12 01:14:54.174  2156  2243 E ConversionHelperAidl: Function: parseAndSetVendorParameters Line: 94 Failed 
10-12 01:14:54.175  2156  2243 E ConversionHelperAidl: Function: parseAndSetVendorParameters Line: 94 Failed 
10-12 01:14:54.175  2156  2243 E ConversionHelperAidl: Function: parseAndSetVendorParameters Line: 94 Failed 
10-12 01:14:56.543  2070  2162 E BatteryDump: !@new_battery_dump : 4284,303,1300,3370,88,319,285,403,319,0,351,403,0,Charging,NO_CHARGING,Normal,Good,PDIC,0,Normal,0,0,9258,0x8000,0x10010000,0x0,0,0,938,v0002,0000,0000,ffff0700,0,0,0,0,43,4272,8676,980,0,
10-12 01:15:02.673  2706  3069 E Watchdog: !@Sync: 19422 heap(MB): 175 / 215 FD: 1642 [2025-10-12 01:15:02.673]
10-12 01:15:04.202  2156  2243 E ConversionHelperAidl: Function: parseAndSetVendorParameters Line: 94 Failed 
10-12 01:15:04.202  2156  2243 E ConversionHelperAidl: Function: parseAndSetVendorParameters Line: 94 Failed 
10-12 01:15:04.202  2156  2243 E ConversionHelperAidl: Function: parseAndSetVendorParameters Line: 94 Failed 
10-12 01:15:04.202  2156  2243 E ConversionHelperAidl: Function: parseAndSetVendorParameters Line: 94 Failed 
10-12 01:15:04.801  4370  4370 E ThemeUtils: View class com.airbnb.lottie.LottieAnimationView is an AppCompat widget that can only be used with a Theme.AppCompat theme (or descendant).
10-12 01:15:04.805  2061  2207 E PERFHAL-REQUEST: PERFHAL-REQUEST: Process() 384: Translate to physical failed
10-12 01:15:04.805  2706  2706 E PocketModeEvent: ACTION_SCREEN_ON(by 1)
10-12 01:15:04.806  2193  2193 E Scheduler: trackPendingFrame: Invalid present fence
10-12 01:15:04.807  3008  3403 E SmcInvoke_MinkDescriptor: mem obj with id :20 not found in list
10-12 01:15:04.811  4753  6636 E BtGatt.GattService: [GSIM LOG]: gsimLogHandler, msg: MESSAGE_SCAN_STOP, appName: android, scannerId: 2, reportDelayMillis=0
10-12 01:15:04.812  2018  2119 E minksocket: MinkIPC ERROR: ( 2018:2119 ) MinkIPC_preProcess:272 Client down, but cannot find corresponding minksession
10-12 01:15:04.812  2018  2126 E minksocket: MinkIPC ERROR: ( 2018:2126 ) MinkIPC_preProcess:272 Client down, but cannot find corresponding minksession
10-12 01:15:04.814  2018  2126 E minksocket: MinkIPC ERROR: ( 2018:2126 ) MinkIPC_preProcess:272 Client down, but cannot find corresponding minksession
10-12 01:15:04.814  2018  2119 E minksocket: MinkIPC ERROR: ( 2018:2119 ) MinkIPC_preProcess:272 Client down, but cannot find corresponding minksession
10-12 01:15:04.814  2018  2119 E minksocket: MinkIPC ERROR: ( 2018:2119 ) MinkIPC_preProcess:272 Client down, but cannot find corresponding minksession
10-12 01:15:04.814  2018  2126 E minksocket: MinkIPC ERROR: ( 2018:2126 ) MinkIPC_preProcess:272 Client down, but cannot find corresponding minksession
10-12 01:15:04.814  2018  2126 E minksocket: MinkIPC ERROR: ( 2018:2126 ) MinkIPC_preProcess:272 Client down, but cannot find corresponding minksession
10-12 01:15:04.814  2018  2119 E minksocket: MinkIPC ERROR: ( 2018:2119 ) MinkIPC_preProcess:272 Client down, but cannot find corresponding minksession
10-12 01:15:04.816  4370  4370 E NowBarCardStackView: getTopCard topCard is null view size = 0
10-12 01:15:04.819  4370  4370 E NowBarCardViewModel: updateExpandedClickPanelVisibility screen on = true expanded falseisTopCardSettingViewOpened = false
10-12 01:15:04.821  2018  2119 E minksocket: MinkIPC ERROR: ( 2018:2119 ) MinkIPC_preProcess:272 Client down, but cannot find corresponding minksession
10-12 01:15:04.821  2018  2126 E minksocket: MinkIPC ERROR: ( 2018:2126 ) MinkIPC_preProcess:272 Client down, but cannot find corresponding minksession
10-12 01:15:04.825  2018  2126 E minksocket: MinkIPC ERROR: ( 2018:2126 ) MinkIPC_preProcess:272 Client down, but cannot find corresponding minksession
10-12 01:15:04.825  2018  2119 E minksocket: MinkIPC ERROR: ( 2018:2119 ) MinkIPC_preProcess:272 Client down, but cannot find corresponding minksession
10-12 01:15:04.826  2018  2119 E minksocket: MinkIPC ERROR: ( 2018:2119 ) MinkIPC_preProcess:272 Client down, but cannot find corresponding minksession
10-12 01:15:04.826  2018  2126 E minksocket: MinkIPC ERROR: ( 2018:2126 ) MinkIPC_preProcess:272 Client down, but cannot find corresponding minksession
10-12 01:15:04.831  2018  2119 E minksocket: MinkIPC ERROR: ( 2018:2119 ) MinkIPC_preProcess:272 Client down, but cannot find corresponding minksession
10-12 01:15:04.832  2018  2126 E minksocket: MinkIPC ERROR: ( 2018:2126 ) MinkIPC_preProcess:272 Client down, but cannot find corresponding minksession
10-12 01:15:04.832  2037  4168 E libprotobuf-native: [libprotobuf ERROR external/protobuf/src/google/protobuf/message_lite.cc:133] Can't parse message of type "sns_std_sensor_event" because it is missing required fields: (cannot determine missing fields for lite message)
10-12 01:15:04.833  2706  3956 E PocketMotionManager: register activity tracker
10-12 01:15:04.835  2042 10690 E sec_fr_NativeFaceService: wait callback state(1)
10-12 01:15:04.835  2018  2126 E minksocket: MinkIPC ERROR: ( 2018:2126 ) MinkIPC_preProcess:272 Client down, but cannot find corresponding minksession
10-12 01:15:04.835  2018  2119 E minksocket: MinkIPC ERROR: ( 2018:2119 ) MinkIPC_preProcess:272 Client down, but cannot find corresponding minksession
10-12 01:15:04.835 10486 10497 E ActivityThread: Failed to find provider info for com.samsung.systemui.lockstar.provider.LockScreenDataContent
10-12 01:15:04.835  2706  4967 E AppOps  : package client.pid<2042> not found, can't check for attributionTag null
10-12 01:15:04.835  2706  4967 E AppOps  : Bad call made by uid 1047. Package "client.pid<2042>" does not belong to uid 1000.
10-12 01:15:04.835  2706  4967 E AppOps  : Cannot checkOperation: non-application UID 1000
10-12 01:15:04.835  2018  2126 E minksocket: MinkIPC ERROR: ( 2018:2126 ) MinkIPC_preProcess:272 Client down, but cannot find corresponding minksession
10-12 01:15:04.835  2018  2119 E minksocket: MinkIPC ERROR: ( 2018:2119 ) MinkIPC_preProcess:272 Client down, but cannot find corresponding minksession
10-12 01:15:04.836 10486 25127 E AbsSettings: refreshInner: refreshedSettingsDBItem key lock_theme_clock_restore_pending_package val = 
10-12 01:15:04.836 10486 25127 E AbsSettings: refreshInner: refreshedSettingsDBItem key CLOCK_VERSION val = 17
10-12 01:15:04.836 10486 25127 E AbsSettings: refreshInner: refreshedSettingsDBItem key PALETTE_VERSION val = 400000
10-12 01:15:04.836 10486 25127 E AbsSettings: refreshInner: refreshedSettingsDBItem key lock_clock_scale_rate val = 1.0
10-12 01:15:04.836  2018  2119 E minksocket: MinkIPC ERROR: ( 2018:2119 ) MinkIPC_preProcess:272 Client down, but cannot find corresponding minksession
10-12 01:15:04.836 10486 25127 E AbsSettings: refreshInner: refreshedSettingsDBItem key lock_clock_visibility val = 0
10-12 01:15:04.836  2018  2126 E minksocket: MinkIPC ERROR: ( 2018:2126 ) MinkIPC_preProcess:272 Client down, but cannot find corresponding minksession
10-12 01:15:04.836 10486 25127 E AbsSettings: refreshInner: refreshedSettingsDBItem key clock_gravity val = 0
10-12 01:15:04.836 10486 25127 E AbsSettings: refreshInner: refreshedSettingsDBItem key clock_bottom_margin_ratio val = 0.0
10-12 01:15:04.836 10486 25127 E AbsSettings: refreshInner: refreshedSettingsDBItem key clock_horizontal_margin_ratio val = 0.0
10-12 01:15:04.836 10486 25127 E AbsSettings: refreshInner: refreshedSettingsDBItem key clock_position_based_on_movable_area val = 0
10-12 01:15:04.836 10486 25127 E AbsSettings: refreshInner: refreshedSettingsDBItem key clock_show_weather_info val = 0
10-12 01:15:04.836 10486 25127 E AbsSettings: refreshInner: refreshedSettingsDBItem key lock_clock_show_date_info_first val = 0
10-12 01:15:04.836 10486 25127 E AbsSettings: refreshInner: refreshedSettingsDBItem key lock_world_clock_city_list val = 
10-12 01:15:04.836 10486 25127 E AbsSettings: refreshInner: refreshedSettingsDBItem key lock_clock_color_data val = {"adaptiveColor":-2764052,"fontColorType":0,"isAdaptiveColor":false,"isThemeWallpaper":false,"shadowStyle":{"shadowColor":0,"shadowDx":0.0,"shadowDy":0.0,"shadowRadius":0.0}}
10-12 01:15:04.836 10486 25127 E AbsSettings: refreshInner: refreshedSettingsDBItem key lock_shortcut_color_data val = {"fontColorType":0}
10-12 01:15:04.836 10486 25127 E AbsSettings: refreshInner: refreshedSettingsDBItem key lock_widget_color_data val = {"backgroundColor":-11319225}
10-12 01:15:04.836 10486 25127 E AbsSettings: refreshInner: refreshedSettingsDBItem key SELECTED_CLOCK_TYPE val = 2
10-12 01:15:04.836 10486 25127 E AbsSettings: refreshInner: refreshedSettingsDBItem key all_complication_widgets_list val = com.samsung.android.calendar/com.android.calendar.widget.complication.SmallComplicationWidgetReceiver-com.samsung.android.calendar/com.android.calendar.widget.complication.BigComplicationWidgetReceiver-com.android.settings.intelligence/com.samsung.android.settings.intelligence.widget.GlanceListWidgetReceiver-com.android.settings.intelligence/com.samsung.android.settings.intelligence.widget.GlanceCircleWidgetReceiver-com.samsung.android.app.reminder/com.samsung.android.app.reminder.remote.widget.complication.SmallComplicationWidgetReceiver-com.samsung.android.app.reminder/com.samsung.android.app.reminder.remote.widget.complication.BigComplicationWidgetReceiver-com.sec.android.app.clockpackage/com.sec.android.app.clockpackage.alarmwidget.AlarmGlanceWidgetReceiver-com.sec.android.daemonapp/com.sec.android.daemonapp.complication.receiver.ComplicationUVReceiver-com.sec.android.daemonapp/com.sec.android.daemonapp.complication.receiver.ComplicationMoonReceiver-com.sec.android.daemonapp/com.sec.android.daemonapp.complication.receiver.ComplicationSimpleWeatherReceiver-com.sec.android.daemonapp/com.sec.android.daemonapp.complication.receiver.ComplicationWeatherDetailReceiver-com.sec.android.daemonapp/com.sec.android.daemonapp.complication.receiver.ComplicationPrecipitationReceiver-com.sec.android.daemonapp/com.sec.android.daemonapp.complication.receiver.ComplicationAirQualityReceiver-com.sec.android.daemonapp/com.sec.android.daemonapp.complication.receiver.ComplicationFineDustReceiver-com.sec.android.daemonapp/com.sec.android.daemonapp.complication.receiver.ComplicationSunriseSunsetReceiver-com.sec.android.app.shealth/com.samsung.android.app.shealth.tracker.dailyactivity.widget.DaComplicationWidgetReceiver1x1-com.sec.android.app.shealth/com.samsung.android.app.shealth.tracker.dailyactivity.widget.DaComplicationWidgetReceiver2x1
10-12 01:15:04.836 10486 25127 E AbsSettings: refreshInner: refreshedSettingsDBItem key enabled_complication_widgets_id_list val = 
10-12 01:15:04.837  2018  2126 E minksocket: MinkIPC ERROR: ( 2018:2126 ) MinkIPC_preProcess:272 Client down, but cannot find corresponding minksession
10-12 01:15:04.837  2018  2119 E minksocket: MinkIPC ERROR: ( 2018:2119 ) MinkIPC_preProcess:272 Client down, but cannot find corresponding minksession
10-12 01:15:04.837 10486 25127 E AbsSettings: refreshInner: refreshedSettingsDBItem key clock_horizontal_margin_ratio val = 0.0
10-12 01:15:04.837 10486 25127 E AbsSettings: refreshInner: refreshedSettingsDBItem key clock_bottom_margin_ratio val = 0.0
10-12 01:15:04.837 10486 25127 E AbsSettings: refreshInner: refreshedSettingsDBItem key clock_gravity val = 0
10-12 01:15:04.838 10486 25127 E ActivityThread: Failed to find provider info for com.samsung.systemui.lockstar.provider.LockScreenDataContent
10-12 01:15:04.838  2706  3956 E PocketModeEvent: MSG_TYPE_START_SENSING
10-12 01:15:04.838  2706  3829 E CameraService_worker: Recent tasks don't include camera client package name: client.pid<2042>
10-12 01:15:04.843  2069  2069 E ChiX    : [ERROR][CORE   ] chxextensionmodule.cpp:18736 InitializeSensorSession() Skip SensorInit on CAM_FRONT_SECURE(logicalCameraId:3)
10-12 01:15:04.845  2037  4168 E libprotobuf-native: [libprotobuf ERROR external/protobuf/src/google/protobuf/message_lite.cc:133] Can't parse message of type "sns_std_sensor_event" because it is missing required fields: (cannot determine missing fields for lite message)
10-12 01:15:04.846  2755  2924 E Camera2-FrameProcessorBase: FrameProcessorBase: created
10-12 01:15:04.846  2755  2924 E Camera2-FrameProcessorBase: registerListener: Registering listener for frame id range 0 - 2147483647
10-12 01:15:04.848  2156  2243 E ConversionHelperAidl: Function: parseAndSetVendorParameters Line: 94 Failed 
10-12 01:15:04.848  2156  2243 E ConversionHelperAidl: Function: parseAndSetVendorParameters Line: 94 Failed 
10-12 01:15:04.853  2193  2193 E Scheduler: trackPendingFrame: Invalid present fence
10-12 01:15:04.857 10486 25127 E ActivityThread: Failed to find provider info for com.samsung.systemui.lockstar.provider.LockScreenDataContent
10-12 01:15:04.859 10486 25127 E AbsSettings: refreshInner: refreshedSettingsDBItem key all_complication_widgets_list val = com.samsung.android.calendar/com.android.calendar.widget.complication.SmallComplicationWidgetReceiver-com.samsung.android.calendar/com.android.calendar.widget.complication.BigComplicationWidgetReceiver-com.android.settings.intelligence/com.samsung.android.settings.intelligence.widget.GlanceListWidgetReceiver-com.android.settings.intelligence/com.samsung.android.settings.intelligence.widget.GlanceCircleWidgetReceiver-com.samsung.android.app.reminder/com.samsung.android.app.reminder.remote.widget.complication.SmallComplicationWidgetReceiver-com.samsung.android.app.reminder/com.samsung.android.app.reminder.remote.widget.complication.BigComplicationWidgetReceiver-com.sec.android.app.clockpackage/com.sec.android.app.clockpackage.alarmwidget.AlarmGlanceWidgetReceiver-com.sec.android.daemonapp/com.sec.android.daemonapp.complication.receiver.ComplicationUVReceiver-com.sec.android.daemonapp/com.sec.android.daemonapp.complication.receiver.ComplicationMoonReceiver-com.sec.android.daemonapp/com.sec.android.daemonapp.complication.receiver.ComplicationSimpleWeatherReceiver-com.sec.android.daemonapp/com.sec.android.daemonapp.complication.receiver.ComplicationWeatherDetailReceiver-com.sec.android.daemonapp/com.sec.android.daemonapp.complication.receiver.ComplicationPrecipitationReceiver-com.sec.android.daemonapp/com.sec.android.daemonapp.complication.receiver.ComplicationAirQualityReceiver-com.sec.android.daemonapp/com.sec.android.daemonapp.complication.receiver.ComplicationFineDustReceiver-com.sec.android.daemonapp/com.sec.android.daemonapp.complication.receiver.ComplicationSunriseSunsetReceiver-com.sec.android.app.shealth/com.samsung.android.app.shealth.tracker.dailyactivity.widget.DaComplicationWidgetReceiver1x1-com.sec.android.app.shealth/com.samsung.android.app.shealth.tracker.dailyactivity.widget.DaComplicationWidgetReceiver2x1
10-12 01:15:04.860 10486 25127 E AbsSettings: refreshInner: refreshedSettingsDBItem key enabled_complication_widgets_id_list val = 
10-12 01:15:04.862 10486 25127 E ActivityThread: Failed to find provider info for com.samsung.systemui.lockstar.provider.LockScreenDataContent
10-12 01:15:04.863  2706  4128 E WifiConnectivityMonitor.NetworkStatsAnalyzer: mCurrentBssid is null.
10-12 01:15:04.864 10486 25127 E ActivityThread: Failed to find provider info for com.samsung.systemui.lockstar.provider.LockScreenDataContent
10-12 01:15:04.866  2069 12098 E CamX    : [ERROR][CHI    ] camxchicontext.cpp:5608 SetPipelineDescriptorOptions() [FmtNego] SecurePreview: Node 65538_0 Output Port::[8] Can't convert buffer format 4
10-12 01:15:04.866  4753  6636 E BtGatt.GattService: [GSIM LOG]: gsimLogHandler, msg: MESSAGE_SCAN_STOP, appName: com.samsung.android.mdx.kit, scannerId: 1, reportDelayMillis=0
10-12 01:15:04.867  4753 28373 E BluetoothUtils: Permission denial: Need ACCESS_FINE_LOCATION permission to get scan results
10-12 01:15:04.869 30404 17931 E LoadedApk: Exception : java.lang.NullPointerException: Attempt to invoke virtual method 'boolean android.os.Looper.isPerfLogEnable()' on a null object reference
10-12 01:15:04.872  2069  4222 E CamX    : [ERROR][SENSOR ] camxsensornode.cpp:1770 SensorThreadJobCallback() Sensor[5][SecurePreview_Sensor0_cam5] currConfigStatus:1
10-12 01:15:04.872  2069  4222 E CamX    : [ERROR][SENSOR ] camxsensor.cpp:10077 AcquireDevice() Sensor[5][SecurePreview_Sensor0_cam5] hCSL:0x3a0200 hDev:0xb90101 devIdx:35 isAcquired:0 pipelineRefCount:0
10-12 01:15:04.873 10486 10497 E ActivityThread: Failed to find provider info for com.samsung.systemui.lockstar.provider.LockScreenDataContent
10-12 01:15:04.873  2069 19788 E SS_3A   : ERROR:  AF: AIAf_init: 134: [AIAF] version = 0xA00C
10-12 01:15:04.873  2069 19791 E SS_3A   : ERROR:  AF: AIAf_setModel: 102: [AIAF] prod id 2
10-12 01:15:04.874  4370  4370 E AbsSettings: refreshInner: refreshedSettingsDBItem key SELECTED_CLOCK_TYPE val = 2
10-12 01:15:04.874  2069 19791 E snap_api::snpe: Power save is mapped for model : aiAutoFocus_v1.0.24U.dlc with SNPE_PERF_MODE : SNPE_PERFORMANCE_PROFILE_LOW_POWER_SAVER (level : 6)
10-12 01:15:04.874  4370  4370 E AbsSettings: refreshInner: refreshedSettingsDBItem key clock_gravity val = 0
10-12 01:15:04.874  4370  4370 E AbsSettings: refreshInner: refreshedSettingsDBItem key clock_horizontal_margin_ratio val = 0.0
10-12 01:15:04.874  4370  4370 E AbsSettings: refreshInner: refreshedSettingsDBItem key clock_bottom_margin_ratio val = 0.0
10-12 01:15:04.874  2069 19791 E snap_api::snpe: Failed to read property ro.hardware.chipname
10-12 01:15:04.874  4370  4370 E AbsSettings: refreshInner: refreshedSettingsDBItem key clock_position_based_on_movable_area val = 0
10-12 01:15:04.874 16996 16996 E VSET/CameraStateManagerImpl: isCameraFacingFront : failed to get camera characteristics Attempt to invoke virtual method 'java.lang.Object android.hardware.camera2.CameraCharacteristics.get(android.hardware.camera2.CameraCharacteristics$Key)' on a null object reference
10-12 01:15:04.874  4370  4370 E ClockPackSettingsUtils: isRoamingState: android.provider.Settings$SettingNotFoundException: easy_mode_switch
10-12 01:15:04.875  2755  2926 E CameraService: applyExtraRequestsToRequestInjector
10-12 01:15:04.880  4753  6636 E BtGatt.GattService: [GSIM LOG]: gsimLogHandler, msg: MESSAGE_SCAN_START, appName: com.samsung.android.mcfds, scannerId: 1, reportDelayMillis=0
10-12 01:15:04.886  2069 19798 E CamX    : [ERROR][CORE   ] camxnodecore.h:4996 IsVSREnabled() SecurePreview_OFE0_cam5 Failed to read VSR enable metaTag
10-12 01:15:04.886 30404 19761 E LoadedApk: Exception : java.lang.NullPointerException: Attempt to invoke virtual method 'boolean android.os.Looper.isPerfLogEnable()' on a null object reference
10-12 01:15:04.887  2069 12098 E CamX    : [ERROR][CHI    ] camxchicontext.cpp:5608 SetPipelineDescriptorOptions() [FmtNego] SecurePreview: Node 65538_0 Output Port::[8] Can't convert buffer format 4
10-12 01:15:04.890  4753  6636 E BtGatt.GattService: [GSIM LOG]: gsimLogHandler, msg: MESSAGE_SCAN_START, appName: com.samsung.android.beaconmanager, scannerId: 2, reportDelayMillis=0
10-12 01:15:04.892 30404 19761 E LoadedApk: Exception : java.lang.NullPointerException: Attempt to invoke virtual method 'boolean android.os.Looper.isPerfLogEnable()' on a null object reference
10-12 01:15:04.895  4753  6636 E BtGatt.GattService: [GSIM LOG]: gsimLogHandler, msg: MESSAGE_ADV_SET_STOP, appName: com.samsung.android.mcfds, id: 3, isLegacy: true
10-12 01:15:04.897  4753  5718 E bluetooth: system/gd/hci/le_scanning_manager.cc:997 scan_filter_add: Add passive filterScan. filter_index=12, uuid=0000fd59-0000-1000-8000-00805f9b34fb
10-12 01:15:04.899  4753  6636 E BtGatt.GattService: [GSIM LOG]: gsimLogHandler, msg: MESSAGE_SCAN_STOP, appName: com.google.android.gms, scannerId: 3, reportDelayMillis=0
10-12 01:15:04.899  4753  6636 E BtGatt.GattService: [GSIM LOG]: gsimLogHandler, msg: MESSAGE_SCAN_START, appName: com.google.android.gms, scannerId: 3, reportDelayMillis=0
10-12 01:15:04.900  4753  6636 E BtGatt.GattService: [GSIM LOG]: gsimLogHandler, msg: MESSAGE_SCAN_START, appName: com.google.android.gms, scannerId: 4, reportDelayMillis=0
10-12 01:15:04.902  4370  4370 E NowBarCardViewModel: updateExpandedClickPanelVisibility screen on = true expanded falseisTopCardSettingViewOpened = false
10-12 01:15:04.904  2193  5455 E NativeCustomFrequencyManager: [NativeCFMS] BpCustomFrequencyManager::acquire()
10-12 01:15:04.911  2069 19802 E AF_DEBUG: AfLib_BootingInit(724) : [cam_id_4] AF_Lib Version = 0x7007 Chip Type = 1 (0:LSI, 1:QC) 
10-12 01:15:04.911  2069 19802 E AF_DEBUG: LinkAfCalData(187) : af_cal = ref_table_arr[0]->af_cal_data max_arr= 5
10-12 01:15:04.911  2069 19802 E AF_DEBUG: SetAfModuleInfo(529) : [cam_id_4] Module = S12XLRD00NM, ModuleInfo = PA123_FRONT, ModuleType = 31, phaseType = 1
10-12 01:15:04.911  2069 19802 E AF_DEBUG: PrintAfCalData(606) : [cam_id_4] 12bit | af cal data far: 2048, mid2: -1, mid1: -1, near: 2893, max: 4088, add_80: -1, plus_offset: 65535, minus_offset: 65535 zoom_rate(x1000) 1000
10-12 01:15:04.911  2069 19802 E AF_DEBUG: AfLib_BootingInit(743) : [cam_id_4][factory_af_booting_init]  factory_af_flag = 0
10-12 01:15:04.911  2069 19802 E SS_3A   : ERROR:  AF: TsAf_Range_check_connect: 3853: [TsAf_Range] Rear Camera is not activated. Sensor Id : 1
10-12 01:15:04.911  2069 19802 E AF_DEBUG: AfLib_AlgorithmInit(1044) : [cam_id_4] paf_cal_data_info = 20240527 paf_cal_errcheck 0x00000000 vpd_cal 0 vpd_cal_data_info = 0 vpaf_cal_errcheck 0x00000000 
10-12 01:15:04.911  2069 19802 E AF_DEBUG: AfInit(5681) : [cam_id_4] Version(0x7007). mode(0). lens(2048). sensor(4000 x 3000). touch(0 x 0 ). pafstatvalid(0)
10-12 01:15:04.911  2069 19802 E AF_DEBUG: UpdateAfStatus(68) : [cam_id_4] AF status 0x0 -> 0x20, called from : AfInit(5719)  
10-12 01:15:04.917  3008  3402 E SmcInvoke_MinkDescriptor: mem obj with id :20 not found in list
10-12 01:15:04.919  2069 19802 E CamX    : [ERROR][STATS_AEC] camxcaecstatsprocessor.cpp:7084 GetCropWindow() Wrong input: HALCropWindow left(0),top(0) width,height = 0x0
10-12 01:15:04.928  2069 19809 E SensorListener: ERR(initSensor[968]):failed to open hrm alc sensor's name
10-12 01:15:04.929  4370  4370 E LSO_LSOInterface: LSO Service is not yet ready!!!
10-12 01:15:04.931  2042 19765 E sec_fr_FaceCameraClient: [0] state is not matched (256)(132)
10-12 01:15:04.934  4370  4370 E LSO_LSOInterface: LSO Service is not yet ready!!!
10-12 01:15:04.936  2018  2126 E minksocket: MinkIPC ERROR: ( 2018:2126 ) MinkIPC_preProcess:272 Client down, but cannot find corresponding minksession
10-12 01:15:04.936  2018  2119 E minksocket: MinkIPC ERROR: ( 2018:2119 ) MinkIPC_preProcess:272 Client down, but cannot find corresponding minksession
10-12 01:15:04.936  2018  2119 E minksocket: MinkIPC ERROR: ( 2018:2119 ) MinkIPC_preProcess:272 Client down, but cannot find corresponding minksession
