10-16 23:33:04.301 23985 24414 E AndroidRuntime: getQualifiedRouteComponent@1:1160981
10-16 23:33:04.301 23985 24414 E AndroidRuntime: getComponent@1:1161988
10-16 23:33:04.301 23985 24414 E AndroidRuntime: SceneView@1:1000474
10-16 23:33:04.301 23985 24414 E AndroidRuntime: renderWithHooks@1:233273
10-16 23:33:04.301 23985 24414 E AndroidRuntime: updateFunctionComponent@1:245700
10-16 23:33:04.301 23985 24414 E AndroidRuntime: beginWork@1:253380
10-16 23:33:04.301 23985 24414 E AndroidRuntime: performUnitOfWork@1:273991
10-16 23:33:04.301 23985 24414 E AndroidRuntime: workLoopSync@1:273023
10-16 23:33:04.301 23985 24414 E AndroidRuntime: renderRootSync@1:272855
10-16 23:33:04.301 23985 24414 E AndroidRuntime: performWorkOnRoot@1:270120
10-16 23:33:04.301 23985 24414 E AndroidRuntime: performSyncWorkOnRoot@1:223629
10-16 23:33:04.301 23985 24414 E AndroidRuntime: flushSyncWorkAcrossRoots_impl@1:222642
10-16 23:33:04.301 23985 24414 E AndroidRuntime: processRootScheduleInMicrotask@1:222986
10-16 23:33:04.301 23985 24414 E AndroidRuntime: anonymous@1:223728
10-16 23:33:04.301 23985 24414 E AndroidRuntime: 
10-16 23:33:04.301 23985 24414 E AndroidRuntime: 	at com.facebook.react.modules.core.ExceptionsManagerModule.reportException(ExceptionsManagerModule.kt:52)
10-16 23:33:04.301 23985 24414 E AndroidRuntime: 	at com.facebook.jni.NativeRunnable.run(Native Method)
10-16 23:33:04.301 23985 24414 E AndroidRuntime: 	at android.os.Handler.handleCallback(Handler.java:959)
10-16 23:33:04.301 23985 24414 E AndroidRuntime: 	at android.os.Handler.dispatchMessage(Handler.java:100)
10-16 23:33:04.301 23985 24414 E AndroidRuntime: 	at com.facebook.react.bridge.queue.MessageQueueThreadHandler.dispatchMessage(MessageQueueThreadHandler.kt:20)
10-16 23:33:04.301 23985 24414 E AndroidRuntime: 	at android.os.Looper.loopOnce(Looper.java:257)
10-16 23:33:04.301 23985 24414 E AndroidRuntime: 	at android.os.Looper.loop(Looper.java:342)
10-16 23:33:04.301 23985 24414 E AndroidRuntime: 	at com.facebook.react.bridge.queue.MessageQueueThreadImpl$Companion.startNewBackgroundThread$lambda$1(MessageQueueThreadImpl.kt:175)
10-16 23:33:04.301 23985 24414 E AndroidRuntime: 	at com.facebook.react.bridge.queue.MessageQueueThreadImpl$Companion.$r8$lambda$ldnZnqelhYFctGaUKkOKYj5rxo4(Unknown Source:0)
10-16 23:33:04.301 23985 24414 E AndroidRuntime: 	at com.facebook.react.bridge.queue.MessageQueueThreadImpl$Companion$$ExternalSyntheticLambda0.run(D8$$SyntheticClass:0)
10-16 23:33:04.301 23985 24414 E AndroidRuntime: 	at java.lang.Thread.run(Thread.java:1119)
10-18 00:13:18.728   575   616 E AndroidRuntime: FATAL EXCEPTION: mqt_v_native
10-18 00:13:18.728   575   616 E AndroidRuntime: Process: com.asif.Stocktally, PID: 575
10-18 00:13:18.728   575   616 E AndroidRuntime: com.facebook.react.common.JavascriptException: TypeError: undefined is not a function
10-18 00:13:18.728   575   616 E AndroidRuntime: 
10-18 00:13:18.728   575   616 E AndroidRuntime: This error is located at:
10-18 00:13:18.728   575   616 E AndroidRuntime:     at ProUserProvider (address at index.android.bundle:1:1292199)
10-18 00:13:18.728   575   616 E AndroidRuntime:     at AuthProvider (address at index.android.bundle:1:1037337)
10-18 00:13:18.728   575   616 E AndroidRuntime:     at ErrorBoundary (address at index.android.bundle:1:1568327)
10-18 00:13:18.728   575   616 E AndroidRuntime:     at RCTView (<anonymous>)
10-18 00:13:18.728   575   616 E AndroidRuntime:     at anonymous (address at index.android.bundle:1:488409)
10-18 00:13:18.728   575   616 E AndroidRuntime:     at RCTView (<anonymous>)
10-18 00:13:18.728   575   616 E AndroidRuntime:     at anonymous (address at index.android.bundle:1:488409)
10-18 00:13:18.728   575   616 E AndroidRuntime:     at MenuProvider (address at index.android.bundle:1:1584168)
10-18 00:13:18.728   575   616 E AndroidRuntime:     at RootLayout (address at index.android.bundle:1:1567375)
10-18 00:13:18.728   575   616 E AndroidRuntime:     at Suspense (<anonymous>)
10-18 00:13:18.728   575   616 E AndroidRuntime:     at Route (address at index.android.bundle:1:1162075)
10-18 00:13:18.728   575   616 E AndroidRuntime:     at BaseRoute (address at index.android.bundle:1:1165952)
10-18 00:13:18.728   575   616 E AndroidRuntime:     at StaticContainer (address at index.android.bundle:1:1004050)
10-18 00:13:18.728   575   616 E AndroidRuntime:     at EnsureSingleNavigator (address at index.android.bundle:1:945436)
10-18 00:13:18.728   575   616 E AndroidRuntime:     at SceneView (address at index.android.bundle:1:1001586)
10-18 00:13:18.728   575   616 E AndroidRuntime:     at PreventRemoveProvider (address at index.android.bundle:1:981079)
10-18 00:13:18.728   575   616 E AndroidRuntime:     at NavigationStateListenerProvider (address at index.android.bundle:1:1010643)
10-18 00:13:18.728   575   616 E AndroidRuntime:     at NavigationContent (address at index.android.bundle:1:997953)
10-18 00:13:18.728   575   616 E AndroidRuntime:     at anonymous (address at index.android.bundle:1:997856)
10-18 00:13:18.728   575   616 E AndroidRuntime:     at Content (address at index.android.bundle:1:1268976)
10-18 00:13:18.728   575   616 E AndroidRuntime:     at RNCSafeAreaProvider (<anonymous>)
10-18 00:13:18.728   575   616 E AndroidRuntime:     at SafeAreaProvider (address at index.android.bundle:1:1119086)
10-18 00:13:18.728   575   616 E AndroidRuntime:     at wrapper (address at index.android.bundle:1:1268048)
10-18 00:13:18.728   575   616 E AndroidRuntime:     at ThemeProvider (address at index.android.bundle:1:948662)
10-18 00:13:18.728   575   616 E AndroidRuntime:     at EnsureSingleNavigator (address at index.android.bundle:1:945436)
10-18 00:13:18.728   575   616 E AndroidRuntime:     at BaseNavigationContainer (address at index.android.bundle:1:923927)
10-18 00:13:18.728   575   616 E AndroidRuntime:     at NavigationContainerInner (address at index.android.bundle:1:1270781)
10-18 00:13:18.728   575   616 E AndroidRuntime:     at ContextNavigator (address at index.android.bundle:1:1268246)
10-18 00:13:18.728   575   616 E AndroidRuntime:     at ExpoRoot (address at index.android.bundle:1:1267955)
10-18 00:13:18.728   575   616 E AndroidRuntime:     at App (<anonymous>)
10-18 00:13:18.728   575   616 E AndroidRuntime:     at RCTView (<anonymous>)
10-18 00:13:18.728   575   616 E AndroidRuntime:     at anonymous (address at index.android.bundle:1:488409)
10-18 00:13:18.728   575   616 E AndroidRuntime:     at AppContainer (address at index.android.bundle:1:487610), js engine: hermes, stack:
10-18 00:13:18.728   575   616 E AndroidRuntime: anonymous@1:1293316
10-18 00:13:18.728   575   616 E AndroidRuntime: commitHookEffectListUnmount@1:261028
10-18 00:13:18.728   575   616 E AndroidRuntime: commitPassiveUnmountEffectsInsideOfDeletedTree_begin@1:269479
10-18 00:13:18.728   575   616 E AndroidRuntime: recursivelyTraversePassiveUnmountEffects@1:268638
10-18 00:13:18.728   575   616 E AndroidRuntime: commitPassiveUnmountOnFiber@1:268954
10-18 00:13:18.728   575   616 E AndroidRuntime: flushPassiveEffects@1:276017
10-18 00:13:18.728   575   616 E AndroidRuntime: anonymous@1:275756
10-18 00:13:18.728   575   616 E AndroidRuntime: 
10-18 00:13:18.728   575   616 E AndroidRuntime: 	at com.facebook.react.modules.core.ExceptionsManagerModule.reportException(ExceptionsManagerModule.kt:52)
10-18 00:13:18.728   575   616 E AndroidRuntime: 	at com.facebook.jni.NativeRunnable.run(Native Method)
10-18 00:13:18.728   575   616 E AndroidRuntime: 	at android.os.Handler.handleCallback(Handler.java:959)
10-18 00:13:18.728   575   616 E AndroidRuntime: 	at android.os.Handler.dispatchMessage(Handler.java:100)
10-18 00:13:18.728   575   616 E AndroidRuntime: 	at com.facebook.react.bridge.queue.MessageQueueThreadHandler.dispatchMessage(MessageQueueThreadHandler.kt:20)
10-18 00:13:18.728   575   616 E AndroidRuntime: 	at android.os.Looper.loopOnce(Looper.java:257)
10-18 00:13:18.728   575   616 E AndroidRuntime: 	at android.os.Looper.loop(Looper.java:342)
10-18 00:13:18.728   575   616 E AndroidRuntime: 	at com.facebook.react.bridge.queue.MessageQueueThreadImpl$Companion.startNewBackgroundThread$lambda$1(MessageQueueThreadImpl.kt:175)
10-18 00:13:18.728   575   616 E AndroidRuntime: 	at com.facebook.react.bridge.queue.MessageQueueThreadImpl$Companion.$r8$lambda$ldnZnqelhYFctGaUKkOKYj5rxo4(Unknown Source:0)
10-18 00:13:18.728   575   616 E AndroidRuntime: 	at com.facebook.react.bridge.queue.MessageQueueThreadImpl$Companion$$ExternalSyntheticLambda0.run(D8$$SyntheticClass:0)
10-18 00:13:18.728   575   616 E AndroidRuntime: 	at java.lang.Thread.run(Thread.java:1119)
--------- beginning of system
10-18 14:17:38.747  2706 11080 E WindowManager: win=Window{5728d3c u0 InputMethod} destroySurfaces: appStopped=true cleanupOnResume=false win.mWindowRemovalAllowed=false win.mRemoveOnExit=false win.mViewVisibility=8 caller=com.android.server.wm.WindowManagerService.tryStartExitingAnimation:147 com.android.server.wm.WindowManagerService.relayoutWindowInner:112 com.android.server.wm.WindowManagerService.relayoutWindow:6 com.android.server.wm.Session.relayout:27 android.view.IWindowSession$Stub.onTransact:861 com.android.server.wm.Session.onTransact:1 android.os.Binder.execTransactInternal:1541 
10-18 14:17:51.313 32195 32195 E ActivityThread: Failed to find provider info for com.zhiliaoapp.musically.apm
10-18 14:17:51.810  2706 11084 E WindowManager: win=Window{ad7ec0e u0 com.snapchat.android/com.snap.mushroom.MainActivity} destroySurfaces: appStopped=true cleanupOnResume=false win.mWindowRemovalAllowed=false win.mRemoveOnExit=false win.mViewVisibility=8 caller=com.android.server.wm.ActivityRecord.destroySurfaces:25 com.android.server.wm.ActivityRecord.activityStopped:184 com.android.server.wm.ActivityClientController.activityStopped:95 android.app.IActivityClientController$Stub.onTransact:722 com.android.server.wm.ActivityClientController.onTransact:1 android.os.Binder.execTransactInternal:1541 android.os.Binder.execTransact:1480 
10-18 14:17:51.810  2706 11084 E WindowManager: win=Window{310c91f u0 com.snapchat.android/com.snap.mushroom.MainActivity} destroySurfaces: appStopped=true cleanupOnResume=false win.mWindowRemovalAllowed=false win.mRemoveOnExit=false win.mViewVisibility=8 caller=com.android.server.wm.ActivityRecord.destroySurfaces:25 com.android.server.wm.ActivityRecord.activityStopped:184 com.android.server.wm.ActivityClientController.activityStopped:95 android.app.IActivityClientController$Stub.onTransact:722 com.android.server.wm.ActivityClientController.onTransact:1 android.os.Binder.execTransactInternal:1541 android.os.Binder.execTransact:1480 
10-18 14:17:54.304  2706 11057 E TaskPersister: File error accessing recents directory (directory doesn't exist?).
10-18 14:18:05.625  2706  3069 E Watchdog: !@Sync: 27852 heap(MB): 221 / 225 FD: 1396 [2025-10-18 14:18:05.625]
10-18 14:18:31.797 32195 32326 E ActivityThread: Failed to find provider info for com.zhiliaoapp.musically.apm
10-18 14:18:35.629  2706  3069 E Watchdog: !@Sync: 27853 heap(MB): 206 / 240 FD: 1415 [2025-10-18 14:18:35.629]
10-18 14:18:58.036  2706 11083 E NotificationService: isPkgBlocked = false
10-18 14:18:58.036  2706 11083 E NotificationService: isRecordBlocked = true
10-18 14:18:58.036  2706 11083 E NotificationService: Suppressing notification from package com.sec.android.app.shealth by user request.
10-18 14:19:00.201  2706  6881 E NotificationService: isPkgBlocked = false
10-18 14:19:00.202  2706  6881 E NotificationService: isRecordBlocked = true
10-18 14:19:00.202  2706  6881 E NotificationService: Suppressing notification from package com.sec.android.app.shealth by user request.
10-18 14:19:00.274  2706 11083 E NotificationService: isPkgBlocked = false
10-18 14:19:00.274  2706 11083 E NotificationService: isRecordBlocked = true
10-18 14:19:00.274  2706 11083 E NotificationService: Suppressing notification from package com.sec.android.app.shealth by user request.
10-18 14:19:05.635  2706  3069 E Watchdog: !@Sync: 27854 heap(MB): 212 / 226 FD: 1403 [2025-10-18 14:19:05.635]
10-18 14:19:35.643  2706  3069 E Watchdog: !@Sync: 27855 heap(MB): 215 / 226 FD: 1411 [2025-10-18 14:19:35.643]
10-18 14:20:00.879  2706  5625 E NotificationService: isPkgBlocked = false
10-18 14:20:00.879  2706  5625 E NotificationService: isRecordBlocked = true
10-18 14:20:00.879  2706  5625 E NotificationService: Suppressing notification from package com.sec.android.app.shealth by user request.
10-18 14:20:05.651  2706  3069 E Watchdog: !@Sync: 27856 heap(MB): 221 / 224 FD: 1411 [2025-10-18 14:20:05.651]
10-18 14:20:35.659  2706  3069 E Watchdog: !@Sync: 27857 heap(MB): 194 / 225 FD: 1397 [2025-10-18 14:20:35.659]
10-18 14:20:58.756  2706  4754 E NotificationService: isPkgBlocked = false
10-18 14:20:58.756  2706  4754 E NotificationService: isRecordBlocked = true
10-18 14:20:58.756  2706  4754 E NotificationService: Suppressing notification from package com.sec.android.app.shealth by user request.
10-18 14:21:00.027  2706  4457 E NotificationService: isPkgBlocked = false
10-18 14:21:00.027  2706  4457 E NotificationService: isRecordBlocked = true
10-18 14:21:00.027  2706  4457 E NotificationService: Suppressing notification from package com.sec.android.app.shealth by user request.
10-18 14:21:05.666  2706  3069 E Watchdog: !@Sync: 27858 heap(MB): 224 / 226 FD: 1412 [2025-10-18 14:21:05.666]
10-18 14:21:21.712  2706 11083 E NotificationService: isPkgBlocked = false
10-18 14:21:21.712  2706 11083 E NotificationService: isRecordBlocked = true
10-18 14:21:21.712  2706 11083 E NotificationService: Suppressing notification from package com.sec.android.app.shealth by user request.
10-18 14:21:35.673  2706  3069 E Watchdog: !@Sync: 27859 heap(MB): 219 / 225 FD: 1397 [2025-10-18 14:21:35.673]
10-18 14:22:05.794  2706  3069 E Watchdog: !@Sync: 27860 heap(MB): 213 / 225 native(MB): 118 FD: 1397 WaitTime: 7 ms GCcnt: 0 FullGC: 0 [2025-10-18 14:22:05.680]
10-18 14:22:35.802  2706  3069 E Watchdog: !@Sync: 27861 heap(MB): 224 / 225 FD: 1415 [2025-10-18 14:22:35.802]
10-18 14:22:58.375  2706  6889 E NotificationService: isPkgBlocked = false
10-18 14:22:58.375  2706  6889 E NotificationService: isRecordBlocked = true
10-18 14:22:58.375  2706  6889 E NotificationService: Suppressing notification from package com.sec.android.app.shealth by user request.
10-18 14:23:02.272  2706  6889 E NotificationService: isPkgBlocked = false
10-18 14:23:02.272  2706  6889 E NotificationService: isRecordBlocked = true
10-18 14:23:02.272  2706  6889 E NotificationService: Suppressing notification from package com.sec.android.app.shealth by user request.
10-18 14:23:05.805  2706  3069 E Watchdog: !@Sync: 27862 heap(MB): 214 / 226 FD: 1405 [2025-10-18 14:23:05.805]
10-18 14:23:31.799 32195 32326 E ActivityThread: Failed to find provider info for com.zhiliaoapp.musically.apm
10-18 14:23:35.811  2706  3069 E Watchdog: !@Sync: 27863 heap(MB): 214 / 225 FD: 1416 [2025-10-18 14:23:35.811]
10-18 14:24:04.574  2706 11526 E NotificationService: isPkgBlocked = false
10-18 14:24:04.574  2706 11526 E NotificationService: isRecordBlocked = true
10-18 14:24:04.574  2706 11526 E NotificationService: Suppressing notification from package com.sec.android.app.shealth by user request.
10-18 14:24:05.818  2706  3069 E Watchdog: !@Sync: 27864 heap(MB): 217 / 225 FD: 1402 [2025-10-18 14:24:05.818]
10-18 14:24:07.755  2706  4754 E WindowManager: win=Window{ace18f5 u0 com.zhiliaoapp.musically/com.ss.android.ugc.aweme.splash.SplashActivity} destroySurfaces: appStopped=true cleanupOnResume=false win.mWindowRemovalAllowed=false win.mRemoveOnExit=false win.mViewVisibility=8 caller=com.android.server.wm.ActivityRecord.destroySurfaces:25 com.android.server.wm.ActivityRecord.activityStopped:184 com.android.server.wm.ActivityClientController.activityStopped:95 android.app.IActivityClientController$Stub.onTransact:722 com.android.server.wm.ActivityClientController.onTransact:1 android.os.Binder.execTransactInternal:1541 android.os.Binder.execTransact:1480 
10-18 14:24:10.597  2706 11057 E TaskPersister: File error accessing recents directory (directory doesn't exist?).
10-18 14:24:35.825  2706  3069 E Watchdog: !@Sync: 27865 heap(MB): 207 / 225 FD: 1399 [2025-10-18 14:24:35.825]
10-18 14:24:49.192  2706 11057 E TaskPersister: File error accessing recents directory (directory doesn't exist?).
10-18 14:25:05.835  2706  3069 E Watchdog: !@Sync: 27866 heap(MB): 219 / 225 FD: 1397 [2025-10-18 14:25:05.835]
10-18 14:25:35.844  2706  3069 E Watchdog: !@Sync: 27867 heap(MB): 185 / 225 FD: 1405 [2025-10-18 14:25:35.843]
10-18 14:26:05.851  2706  3069 E Watchdog: !@Sync: 27868 heap(MB): 201 / 229 FD: 1405 [2025-10-18 14:26:05.851]
10-18 14:26:35.859  2706  3069 E Watchdog: !@Sync: 27869 heap(MB): 194 / 225 FD: 1405 [2025-10-18 14:26:35.859]
10-18 14:27:05.867  2706  3069 E Watchdog: !@Sync: 27870 heap(MB): 205 / 225 FD: 1405 [2025-10-18 14:27:05.867]
10-18 14:27:35.876  2706  3069 E Watchdog: !@Sync: 27871 heap(MB): 209 / 225 FD: 1419 [2025-10-18 14:27:35.875]
10-18 14:27:36.891  2706  6214 E NotificationService: isPkgBlocked = false
10-18 14:27:36.891  2706  6214 E NotificationService: isRecordBlocked = true
10-18 14:27:36.891  2706  6214 E NotificationService: Suppressing notification from package com.sec.android.app.shealth by user request.
10-18 14:27:57.460  2706  3029 E WindowManager: win=Window{4e60a94 u0 com.zhiliaoapp.musically/com.ss.android.ugc.aweme.splash.SplashActivity EXITING} destroySurfaces: appStopped=false cleanupOnResume=false win.mWindowRemovalAllowed=true win.mRemoveOnExit=true win.mViewVisibility=0 caller=com.android.server.wm.WindowState.onExitAnimationDone:222 com.android.server.wm.WindowState.onAnimationFinished:161 com.android.server.wm.WindowContainer$$ExternalSyntheticLambda5.onAnimationFinished:26 com.android.server.wm.SurfaceAnimator$$ExternalSyntheticLambda1.run:28 com.android.server.wm.SurfaceAnimator$$ExternalSyntheticLambda0.onAnimationFinished:65 com.android.server.wm.LocalAnimationAdapter$$ExternalSyntheticLambda0.run:10 android.os.Handler.handleCallback:959 
10-18 14:28:00.690  2706  3029 E WindowManager: win=Window{f27eda2 u0 com.zhiliaoapp.musically/com.ss.android.ugc.aweme.splash.SplashActivity EXITING} destroySurfaces: appStopped=false cleanupOnResume=false win.mWindowRemovalAllowed=true win.mRemoveOnExit=true win.mViewVisibility=0 caller=com.android.server.wm.WindowState.onExitAnimationDone:222 com.android.server.wm.WindowState.onAnimationFinished:161 com.android.server.wm.WindowContainer$$ExternalSyntheticLambda5.onAnimationFinished:26 com.android.server.wm.SurfaceAnimator$$ExternalSyntheticLambda1.run:28 com.android.server.wm.SurfaceAnimator$$ExternalSyntheticLambda0.onAnimationFinished:65 com.android.server.wm.LocalAnimationAdapter$$ExternalSyntheticLambda0.run:10 android.os.Handler.handleCallback:959 
10-18 14:28:01.558  2706 11083 E NotificationService: isPkgBlocked = false
10-18 14:28:01.558  2706 11083 E NotificationService: isRecordBlocked = true
10-18 14:28:01.558  2706 11083 E NotificationService: Suppressing notification from package com.sec.android.app.shealth by user request.
10-18 14:28:01.594  2706 11083 E NotificationService: isPkgBlocked = false
10-18 14:28:01.594  2706 11083 E NotificationService: isRecordBlocked = true
10-18 14:28:01.594  2706 11083 E NotificationService: Suppressing notification from package com.sec.android.app.shealth by user request.
10-18 14:28:05.882  2706  3069 E Watchdog: !@Sync: 27872 heap(MB): 186 / 229 FD: 1405 [2025-10-18 14:28:05.882]
10-18 14:28:31.801 32195 32326 E ActivityThread: Failed to find provider info for com.zhiliaoapp.musically.apm
10-18 14:28:35.885  2706  3069 E Watchdog: !@Sync: 27873 heap(MB): 225 / 225 FD: 1405 [2025-10-18 14:28:35.885]
10-18 14:28:38.335  8648 21523 E LoadedApk: Exception : java.lang.NullPointerException: Attempt to invoke virtual method 'boolean android.os.Looper.isPerfLogEnable()' on a null object reference
10-18 14:28:38.370  8648 21537 E LoadedApk: Exception : java.lang.NullPointerException: Attempt to invoke virtual method 'boolean android.os.Looper.isPerfLogEnable()' on a null object reference
10-18 14:28:38.407  2706  4569 E AppOpService: Blocked setUidMode call for runtime permission app op: uid = 1000, code = CAMERA, mode = foreground, callingUid = 1000, oldMode = allow
10-18 14:28:38.407  2706  4569 E AppOpService: java.lang.RuntimeException
10-18 14:28:38.407  2706  4569 E AppOpService: 	at com.android.server.permission.access.appop.AppOpService.setUidMode(qb/98980305 0b399ac4d289e3f0315d1f7beced4a500f214af83d2ed90ff6fd71a0c4d5f1b4:165)
10-18 14:28:38.407  2706  4569 E AppOpService: 	at com.android.server.appop.AppOpsCheckingServiceTracingDecorator.setUidMode(qb/98980305 0b399ac4d289e3f0315d1f7beced4a500f214af83d2ed90ff6fd71a0c4d5f1b4:10)
10-18 14:28:38.407  2706  4569 E AppOpService: 	at com.android.server.appop.AppOpsService.setUidMode(qb/98980305 0b399ac4d289e3f0315d1f7beced4a500f214af83d2ed90ff6fd71a0c4d5f1b4:52)
10-18 14:28:38.407  2706  4569 E AppOpService: 	at com.android.server.appop.AppOpsService.setUidMode(qb/98980305 0b399ac4d289e3f0315d1f7beced4a500f214af83d2ed90ff6fd71a0c4d5f1b4:1)
10-18 14:28:38.407  2706  4569 E AppOpService: 	at android.app.AppOpsManager.setUidMode(AppOpsManager.java:8106)
10-18 14:28:38.407  2706  4569 E AppOpService: 	at com.android.role.controller.model.Permissions.setAppOpModeAsUser(Permissions.java:908)
10-18 14:28:38.407  2706  4569 E AppOpService: 	at com.android.role.controller.model.Permissions.setAppOpUidModeAsUser(Permissions.java:885)
10-18 14:28:38.407  2706  4569 E AppOpService: 	at com.android.role.controller.model.Permissions.grantPermissionAndAppOpAsUser(Permissions.java:373)
10-18 14:28:38.407  2706  4569 E AppOpService: 	at com.android.role.controller.model.Permissions.grantSingleAsUser(Permissions.java:247)
10-18 14:28:38.407  2706  4569 E AppOpService: 	at com.android.role.controller.model.Permissions.grantAsUser(Permissions.java:205)
10-18 14:28:38.407  2706  4569 E AppOpService: 	at com.android.role.controller.model.Role.grantAsUser(Role.java:867)
10-18 14:28:38.407  2706  4569 E AppOpService: 	at com.android.role.controller.service.RoleControllerServiceImpl.addRoleHolderInternal(RoleControllerServiceImpl.java:376)
10-18 14:28:38.407  2706  4569 E AppOpService: 	at com.android.role.controller.service.RoleControllerServiceImpl.onGrantDefaultRoles(RoleControllerServiceImpl.java:163)
10-18 14:28:38.407  2706  4569 E AppOpService: 	at com.android.role.LocalRoleController.lambda$grantDefaultRoles$1(LocalRoleController.java:56)
10-18 14:28:38.407  2706  4569 E AppOpService: 	at com.android.role.LocalRoleController.$r8$lambda$ye-flP7Mf14AbTzwSmiTgndT6Cg(LocalRoleController.java:0)
10-18 14:28:38.407  2706  4569 E AppOpService: 	at com.android.role.LocalRoleController$$ExternalSyntheticLambda1.run(R8$$SyntheticClass:0)
10-18 14:28:38.407  2706  4569 E AppOpService: 	at android.os.Handler.handleCallback(Handler.java:959)
10-18 14:28:38.407  2706  4569 E AppOpService: 	at android.os.Handler.dispatchMessage(Handler.java:100)
10-18 14:28:38.407  2706  4569 E AppOpService: 	at android.os.Looper.loopOnce(Looper.java:257)
10-18 14:28:38.407  2706  4569 E AppOpService: 	at android.os.Looper.loop(Looper.java:342)
10-18 14:28:38.407  2706  4569 E AppOpService: 	at android.os.HandlerThread.run(HandlerThread.java:85)
10-18 14:28:38.855  2706  3124 E AppWidgetXmlUtil: Label is empty in ComponentInfo{com.samsung.android.app.spage/com.samsung.android.app.spage.news.ui.widget.NewsWidgetReceiverCover}
10-18 14:29:00.387  2706  6881 E NotificationService: isPkgBlocked = false
10-18 14:29:00.387  2706  6881 E NotificationService: isRecordBlocked = true
10-18 14:29:00.387  2706  6881 E NotificationService: Suppressing notification from package com.sec.android.app.shealth by user request.
10-18 14:29:05.200  2706  5064 E WindowManager: win=Window{8e0fa28 u0 NotificationShade} destroySurfaces: appStopped=true cleanupOnResume=false win.mWindowRemovalAllowed=false win.mRemoveOnExit=false win.mViewVisibility=4 caller=com.android.server.wm.WindowManagerService.tryStartExitingAnimation:147 com.android.server.wm.WindowManagerService.relayoutWindowInner:112 com.android.server.wm.WindowManagerService.relayoutWindow:6 com.android.server.wm.Session.relayout:27 android.view.IWindowSession$Stub.onTransact:861 com.android.server.wm.Session.onTransact:1 android.os.Binder.execTransactInternal:1541 
10-18 14:29:05.891  2706  3069 E Watchdog: !@Sync: 27874 heap(MB): 219 / 225 FD: 1399 [2025-10-18 14:29:05.891]
10-18 14:29:13.361 32195 32195 E ActivityThread: Failed to find provider info for com.zhiliaoapp.musically.apm
10-18 14:29:13.382  2706  6881 E WindowManager: win=Window{ace18f5 u0 com.zhiliaoapp.musically/com.ss.android.ugc.aweme.splash.SplashActivity} destroySurfaces: appStopped=true cleanupOnResume=false win.mWindowRemovalAllowed=false win.mRemoveOnExit=false win.mViewVisibility=8 caller=com.android.server.wm.ActivityRecord.destroySurfaces:25 com.android.server.wm.ActivityRecord.activityStopped:184 com.android.server.wm.ActivityClientController.activityStopped:95 android.app.IActivityClientController$Stub.onTransact:722 com.android.server.wm.ActivityClientController.onTransact:1 android.os.Binder.execTransactInternal:1541 android.os.Binder.execTransact:1480 
10-18 14:29:14.419 22493 22504 E ActivityThread: Failed to find provider info for com.samsung.systemui.lockstar.provider.LockScreenDataContent
10-18 14:29:14.427 22493 22504 E ActivityThread: Failed to find provider info for com.samsung.systemui.lockstar.provider.LockScreenDataContent
10-18 14:29:14.431 22493 22504 E ActivityThread: Failed to find provider info for com.samsung.systemui.lockstar.provider.LockScreenDataContent
10-18 14:29:14.432 22493 22504 E ActivityThread: Failed to find provider info for com.samsung.systemui.lockstar.provider.LockScreenDataContent
10-18 14:29:14.433 22493 22504 E ActivityThread: Failed to find provider info for com.samsung.systemui.lockstar.provider.LockScreenDataContent
10-18 14:29:14.433 22493 22504 E ActivityThread: Failed to find provider info for com.samsung.systemui.lockstar.provider.LockScreenDataContent
10-18 14:29:14.436 22493 22504 E ActivityThread: Failed to find provider info for com.samsung.systemui.lockstar.provider.LockScreenDataContent
10-18 14:29:14.655  2706 11085 E WindowManager: win=Window{ce52b3d u0 com.sec.android.app.launcher/com.sec.android.app.launcher.activities.LauncherActivity} destroySurfaces: appStopped=true cleanupOnResume=false win.mWindowRemovalAllowed=false win.mRemoveOnExit=false win.mViewVisibility=8 caller=com.android.server.wm.ActivityRecord.destroySurfaces:25 com.android.server.wm.ActivityRecord.activityStopped:184 com.android.server.wm.ActivityClientController.activityStopped:95 android.app.IActivityClientController$Stub.onTransact:722 com.android.server.wm.ActivityClientController.onTransact:1 android.os.Binder.execTransactInternal:1541 android.os.Binder.execTransact:1480 
10-18 14:29:14.655  2706 11085 E WindowManager: win=Window{37e49e9 u0 com.sec.android.app.launcher/com.sec.android.app.launcher.activities.LauncherActivity} destroySurfaces: appStopped=true cleanupOnResume=false win.mWindowRemovalAllowed=false win.mRemoveOnExit=false win.mViewVisibility=8 caller=com.android.server.wm.ActivityRecord.destroySurfaces:25 com.android.server.wm.ActivityRecord.activityStopped:184 com.android.server.wm.ActivityClientController.activityStopped:95 android.app.IActivityClientController$Stub.onTransact:722 com.android.server.wm.ActivityClientController.onTransact:1 android.os.Binder.execTransactInternal:1541 android.os.Binder.execTransact:1480 
10-18 14:29:14.817 22493 22504 E ActivityThread: Failed to find provider info for com.samsung.systemui.lockstar.provider.LockScreenDataContent
10-18 14:29:14.918  8648 22112 E LoadedApk: Exception : java.lang.NullPointerException: Attempt to invoke virtual method 'boolean android.os.Looper.isPerfLogEnable()' on a null object reference
10-18 14:29:14.966  8648  9773 E LoadedApk: Exception : java.lang.NullPointerException: Attempt to invoke virtual method 'boolean android.os.Looper.isPerfLogEnable()' on a null object reference
10-18 14:29:14.975  8648  9773 E LoadedApk: Exception : java.lang.NullPointerException: Attempt to invoke virtual method 'boolean android.os.Looper.isPerfLogEnable()' on a null object reference
10-18 14:29:14.982  2814  2814 E wificond: NL80211_CMD_TRIGGER_SCAN failed: Device or resource busy
10-18 14:29:18.516  8648 22532 E LoadedApk: Exception : java.lang.NullPointerException: Attempt to invoke virtual method 'boolean android.os.Looper.isPerfLogEnable()' on a null object reference
10-18 14:29:18.516  8648 22532 E LoadedApk: Exception : java.lang.NullPointerException: Attempt to invoke virtual method 'boolean android.os.Looper.isPerfLogEnable()' on a null object reference
10-18 14:29:19.909  8648 22535 E LoadedApk: Exception : java.lang.NullPointerException: Attempt to invoke virtual method 'boolean android.os.Looper.isPerfLogEnable()' on a null object reference
10-18 14:29:19.909  8648 22535 E LoadedApk: Exception : java.lang.NullPointerException: Attempt to invoke virtual method 'boolean android.os.Looper.isPerfLogEnable()' on a null object reference
10-18 14:29:19.934  2706  4569 E AppOpService: Blocked setUidMode call for runtime permission app op: uid = 1000, code = CAMERA, mode = foreground, callingUid = 1000, oldMode = allow
10-18 14:29:19.934  2706  4569 E AppOpService: java.lang.RuntimeException
10-18 14:29:19.934  2706  4569 E AppOpService: 	at com.android.server.permission.access.appop.AppOpService.setUidMode(qb/98980305 0b399ac4d289e3f0315d1f7beced4a500f214af83d2ed90ff6fd71a0c4d5f1b4:165)
10-18 14:29:19.934  2706  4569 E AppOpService: 	at com.android.server.appop.AppOpsCheckingServiceTracingDecorator.setUidMode(qb/98980305 0b399ac4d289e3f0315d1f7beced4a500f214af83d2ed90ff6fd71a0c4d5f1b4:10)
10-18 14:29:19.934  2706  4569 E AppOpService: 	at com.android.server.appop.AppOpsService.setUidMode(qb/98980305 0b399ac4d289e3f0315d1f7beced4a500f214af83d2ed90ff6fd71a0c4d5f1b4:52)
10-18 14:29:19.934  2706  4569 E AppOpService: 	at com.android.server.appop.AppOpsService.setUidMode(qb/98980305 0b399ac4d289e3f0315d1f7beced4a500f214af83d2ed90ff6fd71a0c4d5f1b4:1)
10-18 14:29:19.934  2706  4569 E AppOpService: 	at android.app.AppOpsManager.setUidMode(AppOpsManager.java:8106)
10-18 14:29:19.934  2706  4569 E AppOpService: 	at com.android.role.controller.model.Permissions.setAppOpModeAsUser(Permissions.java:908)
10-18 14:29:19.934  2706  4569 E AppOpService: 	at com.android.role.controller.model.Permissions.setAppOpUidModeAsUser(Permissions.java:885)
10-18 14:29:19.934  2706  4569 E AppOpService: 	at com.android.role.controller.model.Permissions.grantPermissionAndAppOpAsUser(Permissions.java:373)
10-18 14:29:19.934  2706  4569 E AppOpService: 	at com.android.role.controller.model.Permissions.grantSingleAsUser(Permissions.java:247)
10-18 14:29:19.934  2706  4569 E AppOpService: 	at com.android.role.controller.model.Permissions.grantAsUser(Permissions.java:205)
10-18 14:29:19.934  2706  4569 E AppOpService: 	at com.android.role.controller.model.Role.grantAsUser(Role.java:867)
10-18 14:29:19.934  2706  4569 E AppOpService: 	at com.android.role.controller.service.RoleControllerServiceImpl.addRoleHolderInternal(RoleControllerServiceImpl.java:376)
10-18 14:29:19.934  2706  4569 E AppOpService: 	at com.android.role.controller.service.RoleControllerServiceImpl.onGrantDefaultRoles(RoleControllerServiceImpl.java:163)
10-18 14:29:19.934  2706  4569 E AppOpService: 	at com.android.role.LocalRoleController.lambda$grantDefaultRoles$1(LocalRoleController.java:56)
10-18 14:29:19.934  2706  4569 E AppOpService: 	at com.android.role.LocalRoleController.$r8$lambda$ye-flP7Mf14AbTzwSmiTgndT6Cg(LocalRoleController.java:0)
10-18 14:29:19.934  2706  4569 E AppOpService: 	at com.android.role.LocalRoleController$$ExternalSyntheticLambda1.run(R8$$SyntheticClass:0)
10-18 14:29:19.934  2706  4569 E AppOpService: 	at android.os.Handler.handleCallback(Handler.java:959)
10-18 14:29:19.934  2706  4569 E AppOpService: 	at android.os.Handler.dispatchMessage(Handler.java:100)
10-18 14:29:19.934  2706  4569 E AppOpService: 	at android.os.Looper.loopOnce(Looper.java:257)
10-18 14:29:19.934  2706  4569 E AppOpService: 	at android.os.Looper.loop(Looper.java:342)
10-18 14:29:19.934  2706  4569 E AppOpService: 	at android.os.HandlerThread.run(HandlerThread.java:85)
10-18 14:29:19.971  2706  3124 E AppWidgetXmlUtil: Label is empty in ComponentInfo{com.samsung.android.app.spage/com.samsung.android.app.spage.news.ui.widget.NewsWidgetReceiverCover}
10-18 14:29:28.277  2706  3124 E AppWidgetXmlUtil: Label is empty in ComponentInfo{com.samsung.android.app.spage/com.samsung.android.app.spage.news.ui.widget.NewsWidgetReceiverCover}
10-18 14:29:28.332  2706  6881 E ShortcutService: Invalid icon type in shortcut renfrew1912@hotmail.com. Bitmaps are not allowed in long-lived shortcuts. Use Resource icons, or Uri-based icons instead.
10-18 14:29:28.984  2706 11075 E WindowManager: win=Window{875fc1d u0 FP Iconview} destroySurfaces: appStopped=true cleanupOnResume=false win.mWindowRemovalAllowed=false win.mRemoveOnExit=false win.mViewVisibility=4 caller=com.android.server.wm.WindowManagerService.tryStartExitingAnimation:147 com.android.server.wm.WindowManagerService.relayoutWindowInner:112 com.android.server.wm.WindowManagerService.relayoutWindow:6 com.android.server.wm.Session.relayout:27 android.view.IWindowSession$Stub.onTransact:861 com.android.server.wm.Session.onTransact:1 android.os.Binder.execTransactInternal:1536 
10-18 14:29:35.902  2706  3069 E Watchdog: !@Sync: 27875 heap(MB): 198 / 225 FD: 1391 [2025-10-18 14:29:35.902]
10-18 14:29:51.307  2706 11075 E WindowManager: win=Window{875fc1d u0 FP Iconview} destroySurfaces: appStopped=true cleanupOnResume=false win.mWindowRemovalAllowed=false win.mRemoveOnExit=false win.mViewVisibility=4 caller=com.android.server.wm.WindowManagerService.tryStartExitingAnimation:147 com.android.server.wm.WindowManagerService.relayoutWindowInner:112 com.android.server.wm.WindowManagerService.relayoutWindow:6 com.android.server.wm.Session.relayout:27 android.view.IWindowSession$Stub.onTransact:861 com.android.server.wm.Session.onTransact:1 android.os.Binder.execTransactInternal:1536 
10-18 14:29:51.676  2706 11081 E NotificationService: isCoverClosed =  false coverType = 2
10-18 14:29:52.056 12016 12016 E ActivityThread: Failed to find provider info for com.samsung.android.systemui.edgelighting.plus.provider
10-18 14:30:01.419  2706 11083 E NotificationService: isCoverClosed =  false coverType = 2
10-18 14:30:01.711 12016 12016 E ActivityThread: Failed to find provider info for com.samsung.android.systemui.edgelighting.plus.provider
10-18 14:30:05.911  2706  3069 E Watchdog: !@Sync: 27876 heap(MB): 216 / 225 FD: 1411 [2025-10-18 14:30:05.911]
10-18 14:30:14.796  2706  4538 E NotificationService: isPkgBlocked = false
10-18 14:30:14.796  2706  4538 E NotificationService: isRecordBlocked = true
10-18 14:30:14.796  2706  4538 E NotificationService: Suppressing notification from package com.sec.android.app.shealth by user request.
10-18 14:30:35.918  2706  3069 E Watchdog: !@Sync: 27877 heap(MB): 224 / 225 FD: 1401 [2025-10-18 14:30:35.918]
10-18 14:31:05.927  2706  3069 E Watchdog: !@Sync: 27878 heap(MB): 193 / 225 FD: 1401 [2025-10-18 14:31:05.926]
10-18 14:31:35.931  2706  3069 E Watchdog: !@Sync: 27879 heap(MB): 186 / 225 FD: 1411 [2025-10-18 14:31:35.930]
10-18 14:32:06.061  2706  3069 E Watchdog: !@Sync: 27880 heap(MB): 203 / 225 native(MB): 120 FD: 1408 WaitTime: 0 ms GCcnt: 0 FullGC: 0 [2025-10-18 14:32:05.940]
10-18 14:32:36.065  2706  3069 E Watchdog: !@Sync: 27881 heap(MB): 207 / 226 FD: 1409 [2025-10-18 14:32:36.065]
10-18 14:32:58.035  2706 12127 E WindowManager: win=Window{875fc1d u0 FP Iconview} destroySurfaces: appStopped=true cleanupOnResume=false win.mWindowRemovalAllowed=false win.mRemoveOnExit=false win.mViewVisibility=4 caller=com.android.server.wm.WindowManagerService.tryStartExitingAnimation:147 com.android.server.wm.WindowManagerService.relayoutWindowInner:112 com.android.server.wm.WindowManagerService.relayoutWindow:6 com.android.server.wm.Session.relayout:27 android.view.IWindowSession$Stub.onTransact:861 com.android.server.wm.Session.onTransact:1 android.os.Binder.execTransactInternal:1536 
10-18 14:33:06.074  2706  3069 E Watchdog: !@Sync: 27882 heap(MB): 215 / 225 FD: 1409 [2025-10-18 14:33:06.074]
10-18 14:33:31.803 32195 32326 E ActivityThread: Failed to find provider info for com.zhiliaoapp.musically.apm
10-18 14:33:36.082  2706  3069 E Watchdog: !@Sync: 27883 heap(MB): 208 / 225 FD: 1413 [2025-10-18 14:33:36.081]
10-18 14:34:06.090  2706  3069 E Watchdog: !@Sync: 27884 heap(MB): 187 / 226 FD: 1415 [2025-10-18 14:34:06.090]
10-18 14:34:18.060  1193  1374 E spcomlib: [spcom_ioctl] IOCTL failed: ret[-1], error [-4]
10-18 14:34:18.060  1175  1329 E spcomlib: [spcom_ioctl] IOCTL failed: ret[-1], error [-4]
10-18 14:34:18.060  1175  1329 E spcomlib: [spcom_check_link_up_state] SPCom check for link up interrupted - ioctl ret[-4], cmd ret[0], wait[1]
10-18 14:34:18.061  1179  1326 E spcomlib: [spcom_ioctl] IOCTL failed: ret[-1], error [-4]
10-18 14:34:18.061  1179  1326 E spcomlib: [spcom_check_link_up_state] SPCom check for link up interrupted - ioctl ret[-4], cmd ret[0], wait[1]
10-18 14:34:18.062  1193  1374 E spcomlib: [spcom_check_link_up_state] SPCom check for link up interrupted - ioctl ret[-4], cmd ret[0], wait[1]
10-18 14:34:18.063  2218  2322 E spcomlib: [spcom_ioctl] IOCTL failed: ret[-1], error [-4]
10-18 14:34:18.063  2218  2322 E spcomlib: [spcom_check_link_up_state] SPCom check for link up interrupted - ioctl ret[-4], cmd ret[0], wait[1]
10-18 14:34:20.264  1179  1326 E spcomlib: [spcom_ioctl] IOCTL failed: ret[-1], error [-4]
10-18 14:34:20.264  1193  1374 E spcomlib: [spcom_ioctl] IOCTL failed: ret[-1], error [-4]
10-18 14:34:20.264  1193  1374 E spcomlib: [spcom_check_link_up_state] SPCom check for link up interrupted - ioctl ret[-4], cmd ret[0], wait[1]
10-18 14:34:20.264  1179  1326 E spcomlib: [spcom_check_link_up_state] SPCom check for link up interrupted - ioctl ret[-4], cmd ret[0], wait[1]
10-18 14:34:20.265  1175  1329 E spcomlib: [spcom_ioctl] IOCTL failed: ret[-1], error [-4]
10-18 14:34:20.265  1175  1329 E spcomlib: [spcom_check_link_up_state] SPCom check for link up interrupted - ioctl ret[-4], cmd ret[0], wait[1]
10-18 14:34:20.267  2218  2322 E spcomlib: [spcom_ioctl] IOCTL failed: ret[-1], error [-4]
10-18 14:34:20.267  2218  2322 E spcomlib: [spcom_check_link_up_state] SPCom check for link up interrupted - ioctl ret[-4], cmd ret[0], wait[1]
10-18 14:34:20.561  1175  1329 E spcomlib: [spcom_ioctl] IOCTL failed: ret[-1], error [-4]
10-18 14:34:20.561  1175  1329 E spcomlib: [spcom_check_link_up_state] SPCom check for link up interrupted - ioctl ret[-4], cmd ret[0], wait[1]
10-18 14:34:20.561  1179  1326 E spcomlib: [spcom_ioctl] IOCTL failed: ret[-1], error [-4]
10-18 14:34:20.561  1179  1326 E spcomlib: [spcom_check_link_up_state] SPCom check for link up interrupted - ioctl ret[-4], cmd ret[0], wait[1]
10-18 14:34:20.561  1193  1374 E spcomlib: [spcom_ioctl] IOCTL failed: ret[-1], error [-4]
10-18 14:34:20.561  1193  1374 E spcomlib: [spcom_check_link_up_state] SPCom check for link up interrupted - ioctl ret[-4], cmd ret[0], wait[1]
10-18 14:34:20.563  2218  2322 E spcomlib: [spcom_ioctl] IOCTL failed: ret[-1], error [-4]
10-18 14:34:20.563  2218  2322 E spcomlib: [spcom_check_link_up_state] SPCom check for link up interrupted - ioctl ret[-4], cmd ret[0], wait[1]
10-18 14:34:43.618  1175  1329 E spcomlib: [spcom_ioctl] IOCTL failed: ret[-1], error [-4]
10-18 14:34:43.618  1175  1329 E spcomlib: [spcom_check_link_up_state] SPCom check for link up interrupted - ioctl ret[-4], cmd ret[0], wait[1]
10-18 14:34:43.618  1179  1326 E spcomlib: [spcom_ioctl] IOCTL failed: ret[-1], error [-4]
10-18 14:34:43.619  1179  1326 E spcomlib: [spcom_check_link_up_state] SPCom check for link up interrupted - ioctl ret[-4], cmd ret[0], wait[1]
10-18 14:34:43.619  1193  1374 E spcomlib: [spcom_ioctl] IOCTL failed: ret[-1], error [-4]
10-18 14:34:43.619  1193  1374 E spcomlib: [spcom_check_link_up_state] SPCom check for link up interrupted - ioctl ret[-4], cmd ret[0], wait[1]
10-18 14:34:43.623  2218  2322 E spcomlib: [spcom_ioctl] IOCTL failed: ret[-1], error [-4]
10-18 14:34:43.623  2218  2322 E spcomlib: [spcom_check_link_up_state] SPCom check for link up interrupted - ioctl ret[-4], cmd ret[0], wait[1]
10-18 14:35:01.775  1175  1329 E spcomlib: [spcom_ioctl] IOCTL failed: ret[-1], error [-4]
10-18 14:35:01.775  1175  1329 E spcomlib: [spcom_check_link_up_state] SPCom check for link up interrupted - ioctl ret[-4], cmd ret[0], wait[1]
10-18 14:35:01.776  1179  1326 E spcomlib: [spcom_ioctl] IOCTL failed: ret[-1], error [-4]
10-18 14:35:01.777  1193  1374 E spcomlib: [spcom_ioctl] IOCTL failed: ret[-1], error [-4]
10-18 14:35:01.777  1193  1374 E spcomlib: [spcom_check_link_up_state] SPCom check for link up interrupted - ioctl ret[-4], cmd ret[0], wait[1]
10-18 14:35:01.779  1179  1326 E spcomlib: [spcom_check_link_up_state] SPCom check for link up interrupted - ioctl ret[-4], cmd ret[0], wait[1]
10-18 14:35:01.779  2218  2322 E spcomlib: [spcom_ioctl] IOCTL failed: ret[-1], error [-4]
10-18 14:35:01.779  2218  2322 E spcomlib: [spcom_check_link_up_state] SPCom check for link up interrupted - ioctl ret[-4], cmd ret[0], wait[1]
10-18 14:35:01.848  2706 11084 E NotificationService: isPkgBlocked = false
10-18 14:35:01.848  2706 11084 E NotificationService: isRecordBlocked = true
10-18 14:35:01.848  2706 11084 E NotificationService: Suppressing notification from package com.sec.android.app.shealth by user request.
10-18 14:35:01.873  2706  5074 E NotificationService: isPkgBlocked = false
10-18 14:35:01.873  2706  5074 E NotificationService: isRecordBlocked = true
10-18 14:35:01.873  2706  5074 E NotificationService: Suppressing notification from package com.sec.android.app.shealth by user request.
10-18 14:35:02.582  1175  1329 E spcomlib: [spcom_ioctl] IOCTL failed: ret[-1], error [-4]
10-18 14:35:02.582  1179  1326 E spcomlib: [spcom_ioctl] IOCTL failed: ret[-1], error [-4]
10-18 14:35:02.582  1175  1329 E spcomlib: [spcom_check_link_up_state] SPCom check for link up interrupted - ioctl ret[-4], cmd ret[0], wait[1]
10-18 14:35:02.582  1179  1326 E spcomlib: [spcom_check_link_up_state] SPCom check for link up interrupted - ioctl ret[-4], cmd ret[0], wait[1]
10-18 14:35:02.582  1193  1374 E spcomlib: [spcom_ioctl] IOCTL failed: ret[-1], error [-4]
10-18 14:35:02.582  1193  1374 E spcomlib: [spcom_check_link_up_state] SPCom check for link up interrupted - ioctl ret[-4], cmd ret[0], wait[1]
10-18 14:35:02.584  2218  2322 E spcomlib: [spcom_ioctl] IOCTL failed: ret[-1], error [-4]
10-18 14:35:02.584  2218  2322 E spcomlib: [spcom_check_link_up_state] SPCom check for link up interrupted - ioctl ret[-4], cmd ret[0], wait[1]
10-18 14:35:14.347  1175  1329 E spcomlib: [spcom_ioctl] IOCTL failed: ret[-1], error [-4]
10-18 14:35:14.348  1175  1329 E spcomlib: [spcom_check_link_up_state] SPCom check for link up interrupted - ioctl ret[-4], cmd ret[0], wait[1]
10-18 14:35:14.348  1179  1326 E spcomlib: [spcom_ioctl] IOCTL failed: ret[-1], error [-4]
10-18 14:35:14.348  1179  1326 E spcomlib: [spcom_check_link_up_state] SPCom check for link up interrupted - ioctl ret[-4], cmd ret[0], wait[1]
10-18 14:35:14.348  1193  1374 E spcomlib: [spcom_ioctl] IOCTL failed: ret[-1], error [-4]
10-18 14:35:14.350  1193  1374 E spcomlib: [spcom_check_link_up_state] SPCom check for link up interrupted - ioctl ret[-4], cmd ret[0], wait[1]
10-18 14:35:14.352  2218  2322 E spcomlib: [spcom_ioctl] IOCTL failed: ret[-1], error [-4]
10-18 14:35:14.352  2218  2322 E spcomlib: [spcom_check_link_up_state] SPCom check for link up interrupted - ioctl ret[-4], cmd ret[0], wait[1]
10-18 14:35:15.389  1175  1329 E spcomlib: [spcom_ioctl] IOCTL failed: ret[-1], error [-4]
10-18 14:35:15.389  1175  1329 E spcomlib: [spcom_check_link_up_state] SPCom check for link up interrupted - ioctl ret[-4], cmd ret[0], wait[1]
10-18 14:35:15.389  1179  1326 E spcomlib: [spcom_ioctl] IOCTL failed: ret[-1], error [-4]
10-18 14:35:15.389  1179  1326 E spcomlib: [spcom_check_link_up_state] SPCom check for link up interrupted - ioctl ret[-4], cmd ret[0], wait[1]
10-18 14:35:15.389  1193  1374 E spcomlib: [spcom_ioctl] IOCTL failed: ret[-1], error [-4]
10-18 14:35:15.389  1193  1374 E spcomlib: [spcom_check_link_up_state] SPCom check for link up interrupted - ioctl ret[-4], cmd ret[0], wait[1]
10-18 14:35:15.391  2218  2322 E spcomlib: [spcom_ioctl] IOCTL failed: ret[-1], error [-4]
10-18 14:35:15.391  2218  2322 E spcomlib: [spcom_check_link_up_state] SPCom check for link up interrupted - ioctl ret[-4], cmd ret[0], wait[1]
10-18 14:35:40.275  1175  1329 E spcomlib: [spcom_ioctl] IOCTL failed: ret[-1], error [-4]
10-18 14:35:40.275  1179  1326 E spcomlib: [spcom_ioctl] IOCTL failed: ret[-1], error [-4]
10-18 14:35:40.275  1179  1326 E spcomlib: [spcom_check_link_up_state] SPCom check for link up interrupted - ioctl ret[-4], cmd ret[0], wait[1]
10-18 14:35:40.275  1193  1374 E spcomlib: [spcom_ioctl] IOCTL failed: ret[-1], error [-4]
10-18 14:35:40.275  1175  1329 E spcomlib: [spcom_check_link_up_state] SPCom check for link up interrupted - ioctl ret[-4], cmd ret[0], wait[1]
10-18 14:35:40.275  1193  1374 E spcomlib: [spcom_check_link_up_state] SPCom check for link up interrupted - ioctl ret[-4], cmd ret[0], wait[1]
10-18 14:35:40.281  2218  2322 E spcomlib: [spcom_ioctl] IOCTL failed: ret[-1], error [-4]
10-18 14:35:40.281  2218  2322 E spcomlib: [spcom_check_link_up_state] SPCom check for link up interrupted - ioctl ret[-4], cmd ret[0], wait[1]
10-18 14:35:48.356  1175  1329 E spcomlib: [spcom_ioctl] IOCTL failed: ret[-1], error [-4]
10-18 14:35:48.356  1175  1329 E spcomlib: [spcom_check_link_up_state] SPCom check for link up interrupted - ioctl ret[-4], cmd ret[0], wait[1]
10-18 14:35:48.356  1179  1326 E spcomlib: [spcom_ioctl] IOCTL failed: ret[-1], error [-4]
10-18 14:35:48.356  1193  1374 E spcomlib: [spcom_ioctl] IOCTL failed: ret[-1], error [-4]
10-18 14:35:48.356  1179  1326 E spcomlib: [spcom_check_link_up_state] SPCom check for link up interrupted - ioctl ret[-4], cmd ret[0], wait[1]
10-18 14:35:48.357  1193  1374 E spcomlib: [spcom_check_link_up_state] SPCom check for link up interrupted - ioctl ret[-4], cmd ret[0], wait[1]
10-18 14:35:48.361  2218  2322 E spcomlib: [spcom_ioctl] IOCTL failed: ret[-1], error [-4]
10-18 14:35:48.365  2218  2322 E spcomlib: [spcom_check_link_up_state] SPCom check for link up interrupted - ioctl ret[-4], cmd ret[0], wait[1]
10-18 14:36:23.348  1175  1329 E spcomlib: [spcom_ioctl] IOCTL failed: ret[-1], error [-4]
10-18 14:36:23.348  1175  1329 E spcomlib: [spcom_check_link_up_state] SPCom check for link up interrupted - ioctl ret[-4], cmd ret[0], wait[1]
10-18 14:36:23.348  1193  1374 E spcomlib: [spcom_ioctl] IOCTL failed: ret[-1], error [-4]
10-18 14:36:23.348  1193  1374 E spcomlib: [spcom_check_link_up_state] SPCom check for link up interrupted - ioctl ret[-4], cmd ret[0], wait[1]
10-18 14:36:23.350  1179  1326 E spcomlib: [spcom_ioctl] IOCTL failed: ret[-1], error [-4]
10-18 14:36:23.351  1179  1326 E spcomlib: [spcom_check_link_up_state] SPCom check for link up interrupted - ioctl ret[-4], cmd ret[0], wait[1]
10-18 14:36:23.353  2218  2322 E spcomlib: [spcom_ioctl] IOCTL failed: ret[-1], error [-4]
10-18 14:36:23.353  2218  2322 E spcomlib: [spcom_check_link_up_state] SPCom check for link up interrupted - ioctl ret[-4], cmd ret[0], wait[1]
10-18 14:36:55.273  1179  1326 E spcomlib: [spcom_ioctl] IOCTL failed: ret[-1], error [-4]
10-18 14:36:55.273  1175  1329 E spcomlib: [spcom_ioctl] IOCTL failed: ret[-1], error [-4]
10-18 14:36:55.273  1179  1326 E spcomlib: [spcom_check_link_up_state] SPCom check for link up interrupted - ioctl ret[-4], cmd ret[0], wait[1]
10-18 14:36:55.273  1175  1329 E spcomlib: [spcom_check_link_up_state] SPCom check for link up interrupted - ioctl ret[-4], cmd ret[0], wait[1]
10-18 14:36:55.273  1193  1374 E spcomlib: [spcom_ioctl] IOCTL failed: ret[-1], error [-4]
10-18 14:36:55.273  1193  1374 E spcomlib: [spcom_check_link_up_state] SPCom check for link up interrupted - ioctl ret[-4], cmd ret[0], wait[1]
10-18 14:36:55.277  2218  2322 E spcomlib: [spcom_ioctl] IOCTL failed: ret[-1], error [-4]
10-18 14:36:55.277  2218  2322 E spcomlib: [spcom_check_link_up_state] SPCom check for link up interrupted - ioctl ret[-4], cmd ret[0], wait[1]
10-18 14:37:02.614  2706 12127 E BatteryStatsService: Invalid uid for waking network packet: -1
10-18 14:37:04.434  2706  3069 E Watchdog: !@Sync: 27885 heap(MB): 186 / 226 FD: 1424 [2025-10-18 14:37:04.434]
10-18 14:37:06.286 12016 12016 E ActivityThread: Failed to find provider info for com.samsung.android.systemui.edgelighting.plus.provider
10-18 14:37:20.629  2706  6881 E BatteryStatsService: Invalid uid for waking network packet: -1
10-18 14:37:32.335  1175  1329 E spcomlib: [spcom_ioctl] IOCTL failed: ret[-1], error [-4]
10-18 14:37:32.335  1175  1329 E spcomlib: [spcom_check_link_up_state] SPCom check for link up interrupted - ioctl ret[-4], cmd ret[0], wait[1]
10-18 14:37:32.336  1179  1326 E spcomlib: [spcom_ioctl] IOCTL failed: ret[-1], error [-4]
10-18 14:37:32.336  1179  1326 E spcomlib: [spcom_check_link_up_state] SPCom check for link up interrupted - ioctl ret[-4], cmd ret[0], wait[1]
10-18 14:37:32.336  1193  1374 E spcomlib: [spcom_ioctl] IOCTL failed: ret[-1], error [-4]
10-18 14:37:32.336  1193  1374 E spcomlib: [spcom_check_link_up_state] SPCom check for link up interrupted - ioctl ret[-4], cmd ret[0], wait[1]
