10-18 23:10:33.788  2156  8897 E ConversionHelperAidl: Function: parseAndSetVendorParameters Line: 94 Failed 
10-18 23:10:33.788  2156  8897 E ConversionHelperAidl: Function: parseAndSetVendorParameters Line: 94 Failed 
10-18 23:10:34.990  2070  2162 E BatteryDump: !@new_battery_dump : 4130,-403,100,100,78,330,329,331,330,0,340,331,0,Discharging,NO_CHARGING,None,Good,NONE,0,Normal,0,0,9300,0x40000000,0x10000,0x0,0,0,339,v0002,0000,0000,00000000,0,0,0,0,48,4156,7744,980,0,
10-18 23:10:43.474  2064  2064 E QC2Comp : [hvcD_463] configureIntf failed 95
10-18 23:10:43.475  2064 16645 E QC2V4l2Codec: [v4lhvcD_463]  ? is not a supported pixel format!
10-18 23:10:43.519  2706  2706 E DrmMediaResourceHelper: onRemove making Dpdrm to 0 second point 
10-18 23:10:43.723 14971 16663 E livestrategy: (SettingsManager_Config.cpp:505): VeLSSettingsManager:no config for:live_stream_strategy_global_threadpool
10-18 23:10:43.806  2156 28112 E ConversionHelperAidl: Function: parseAndSetVendorParameters Line: 94 Failed 
10-18 23:10:43.807  2156 28112 E ConversionHelperAidl: Function: parseAndSetVendorParameters Line: 94 Failed 
10-18 23:10:43.827  2156 28112 E ConversionHelperAidl: Function: parseAndSetVendorParameters Line: 94 Failed 
10-18 23:10:43.827  2156 28112 E ConversionHelperAidl: Function: parseAndSetVendorParameters Line: 94 Failed 
10-18 23:10:44.606  4753  4753 E MediaControlProfile: onCurrentPlayerStateUpdated: base actions not supported, player actions= 0, expected at least= 7f
10-18 23:10:44.616  2064  2064 E QC2Comp : [hvcD_464] configureIntf failed 95
10-18 23:10:44.616  2064 16674 E QC2V4l2Codec: [v4lhvcD_464]  ? is not a supported pixel format!
10-18 23:10:44.624  2706  2706 E DrmMediaResourceHelper: onRemove making Dpdrm to 0 second point 
10-18 23:10:44.631  4753  4753 E MediaControlProfile: onCurrentPlayerStateUpdated: base actions not supported, player actions= 0, expected at least= 7f
10-18 23:10:45.675 14971 14980 E gcblocker: gc block end, 849503919,2079
10-18 23:10:46.905  2193  2193 E TimeStats: [311350]-[SurfaceView[com.zhiliaoapp.musically/com.ss.android.ugc.aweme.splash.SplashActivity]@0(BLAST)#311350]-timeRecords is at its maximum size[64]. Ignore this when unittesting.
10-18 23:10:48.700  2037  2037 E sensors-hal: sendContextData:133, slocationcore h 193 m 23 s 55
10-18 23:10:48.700  2037  2037 E sensors-hal: create_send_context_data:64, slocationcore create_send_context_data
10-18 23:10:48.701  2037  2037 E sensors-hal: sendContextData:133, slocationcore h 193 m 23 s 55
10-18 23:10:48.701  2037  3950 E sensors-hal: handle_sns_client_event:78, slocationcore_event: msgid:1025
10-18 23:10:48.701  2037  2037 E sensors-hal: create_send_context_data:64, slocationcore create_send_context_data
10-18 23:10:48.701  2037  3950 E sensors-hal: handle_sns_client_event:78, slocationcore_event: msgid:1025
10-18 23:10:51.723  2037  2037 E sensors-hal: sendContextData:133, slocationcore h 193 m 23 s 55
10-18 23:10:51.723  2037  2037 E sensors-hal: create_send_context_data:64, slocationcore create_send_context_data
10-18 23:10:51.724  2037  3950 E sensors-hal: handle_sns_client_event:78, slocationcore_event: msgid:1025
10-18 23:10:51.724  2037  2037 E sensors-hal: sendContextData:133, slocationcore h 193 m 23 s 55
10-18 23:10:51.724  2037  2037 E sensors-hal: create_send_context_data:64, slocationcore create_send_context_data
10-18 23:10:51.725  2037  3950 E sensors-hal: handle_sns_client_event:78, slocationcore_event: msgid:1025
10-18 23:10:53.867  2156  8897 E ConversionHelperAidl: Function: parseAndSetVendorParameters Line: 94 Failed 
10-18 23:10:53.868  2156  8897 E ConversionHelperAidl: Function: parseAndSetVendorParameters Line: 94 Failed 
10-18 23:10:53.890  2156  8897 E ConversionHelperAidl: Function: parseAndSetVendorParameters Line: 94 Failed 
10-18 23:10:53.890  2156  8897 E ConversionHelperAidl: Function: parseAndSetVendorParameters Line: 94 Failed 
10-18 23:11:03.600  2706  3069 E Watchdog: !@Sync: 28303 heap(MB): 207 / 227 FD: 1467 [2025-10-18 23:11:03.600]
10-18 23:11:03.927  2156  8897 E ConversionHelperAidl: Function: parseAndSetVendorParameters Line: 94 Failed 
10-18 23:11:03.927  2156  8897 E ConversionHelperAidl: Function: parseAndSetVendorParameters Line: 94 Failed 
10-18 23:11:03.946  2156  8897 E ConversionHelperAidl: Function: parseAndSetVendorParameters Line: 94 Failed 
10-18 23:11:03.946  2156  8897 E ConversionHelperAidl: Function: parseAndSetVendorParameters Line: 94 Failed 
10-18 23:11:04.399  2193  2193 E TimeStats: [311350]-[SurfaceView[com.zhiliaoapp.musically/com.ss.android.ugc.aweme.splash.SplashActivity]@0(BLAST)#311350]-timeRecords is at its maximum size[64]. Ignore this when unittesting.
10-18 23:11:05.155  2070  2162 E BatteryDump: !@new_battery_dump : 4129,-382,100,100,78,330,329,330,330,0,336,330,0,Discharging,NO_CHARGING,None,Good,NONE,0,Normal,0,0,9300,0x40000000,0x10000,0x0,0,0,305,v0002,0000,0000,00000000,0,0,0,0,48,4155,7739,980,0,
10-18 23:11:07.130  2064 18743 E QC2Comp : [hvcD_465] configureIntf failed 95
10-18 23:11:07.131  2064 16710 E QC2V4l2Codec: [v4lhvcD_465]  ? is not a supported pixel format!
10-18 23:11:07.182  4753  4753 E MediaControlProfile: onCurrentPlayerStateUpdated: base actions not supported, player actions= 0, expected at least= 7f
10-18 23:11:07.196  2706  2706 E DrmMediaResourceHelper: onRemove making Dpdrm to 0 second point 
10-18 23:11:07.207  4753  4753 E MediaControlProfile: onCurrentPlayerStateUpdated: base actions not supported, player actions= 0, expected at least= 7f
10-18 23:11:07.211  2064 16708 E StandardCaps: max size must equal to/greater than output size
10-18 23:11:07.452  2064 18743 E QC2Comp : [hvcD_466] configureIntf failed 95
10-18 23:11:07.453  2064 16746 E QC2V4l2Codec: [v4lhvcD_466]  ? is not a supported pixel format!
10-18 23:11:13.180  2064  3281 E QC2Comp : [hvcD_467] configureIntf failed 95
10-18 23:11:13.180  2064 16822 E QC2V4l2Codec: [v4lhvcD_467]  ? is not a supported pixel format!
10-18 23:11:13.207  2064 16819 E StandardCaps: max size must equal to/greater than output size
10-18 23:11:13.968  2156  2242 E ConversionHelperAidl: Function: parseAndSetVendorParameters Line: 94 Failed 
10-18 23:11:13.969  2156  2242 E ConversionHelperAidl: Function: parseAndSetVendorParameters Line: 94 Failed 
10-18 23:11:13.986  2156  2242 E ConversionHelperAidl: Function: parseAndSetVendorParameters Line: 94 Failed 
10-18 23:11:13.986  2156  2242 E ConversionHelperAidl: Function: parseAndSetVendorParameters Line: 94 Failed 
10-18 23:11:14.886  2193  2193 E TimeStats: [311360]-[SurfaceView[com.zhiliaoapp.musically/com.ss.android.ugc.aweme.splash.SplashActivity]@0(BLAST)#311360]-timeRecords is at its maximum size[64]. Ignore this when unittesting.
10-18 23:11:16.330 14971 15408 E ttmn    : <6fe7367c80,ff_demuxer_android.cpp,readFFPacket,885>ffmpeg format error.code:-499960,message:Unknown error 499960
10-18 23:11:16.347  2706  2706 E DrmMediaResourceHelper: onRemove making Dpdrm to 0 second point 
10-18 23:11:16.524 14971 14988 E BufferQueueProducer: [[BBQ]Live-3#311352#15(BLAST Consumer)15](id:3a7b00000010,api:3,p:14971,c:14971) cancelBuffer: BufferQueue has been abandoned
10-18 23:11:16.524 14971 16770 E BufferQueueProducer: [[BBQ]Live-3#311352#15(BLAST Consumer)15](id:3a7b00000010,api:3,p:14971,c:14971) cancelBuffer: BufferQueue has been abandoned
10-18 23:11:16.524 14971 14988 E BufferQueueProducer: [[BBQ]Live-3#311352#15(BLAST Consumer)15](id:3a7b00000010,api:3,p:14971,c:14971) cancelBuffer: BufferQueue has been abandoned
10-18 23:11:16.524 14971 14988 E BufferQueueProducer: [[BBQ]Live-3#311352#15(BLAST Consumer)15](id:3a7b00000010,api:3,p:14971,c:14971) cancelBuffer: BufferQueue has been abandoned
10-18 23:11:16.524 14971 16770 E BufferQueueProducer: [[BBQ]Live-3#311352#15(BLAST Consumer)15](id:3a7b00000010,api:3,p:14971,c:14971) cancelBuffer: BufferQueue has been abandoned
10-18 23:11:16.524 14971 16770 E BufferQueueProducer: [[BBQ]Live-3#311352#15(BLAST Consumer)15](id:3a7b00000010,api:3,p:14971,c:14971) cancelBuffer: BufferQueue has been abandoned
10-18 23:11:16.525 14971 14988 E BufferQueueProducer: [[BBQ]Live-3#311352#15(BLAST Consumer)15](id:3a7b00000010,api:3,p:14971,c:14971) cancelBuffer: BufferQueue has been abandoned
10-18 23:11:16.525 14971 15454 E BufferQueueProducer: [[BBQ]Live-3#311352#15(BLAST Consumer)15](id:3a7b00000010,api:3,p:14971,c:14971) cancelBuffer: BufferQueue has been abandoned
10-18 23:11:16.525 14971 16332 E BufferQueueProducer: [[BBQ]Live-3#311352#15(BLAST Consumer)15](id:3a7b00000010,api:3,p:14971,c:14971) cancelBuffer: BufferQueue has been abandoned
10-18 23:11:16.525 14971 15454 E BufferQueueProducer: [[BBQ]Live-3#311352#15(BLAST Consumer)15](id:3a7b00000010,api:3,p:14971,c:14971) cancelBuffer: BufferQueue has been abandoned
10-18 23:11:16.525 14971 15454 E BufferQueueProducer: [[BBQ]Live-3#311352#15(BLAST Consumer)15](id:3a7b00000010,api:3,p:14971,c:14971) cancelBuffer: BufferQueue has been abandoned
10-18 23:11:16.525 14971 15454 E BufferQueueProducer: [[BBQ]Live-3#311352#15(BLAST Consumer)15](id:3a7b00000010,api:3,p:14971,c:14971) cancelBuffer: BufferQueue has been abandoned
10-18 23:11:16.525 14971 15341 E BufferQueueProducer: [[BBQ]Live-3#311352#15(BLAST Consumer)15](id:3a7b00000010,api:3,p:14971,c:14971) cancelBuffer: BufferQueue has been abandoned
10-18 23:11:16.525 14971 15341 E BufferQueueProducer: [[BBQ]Live-3#311352#15(BLAST Consumer)15](id:3a7b00000010,api:3,p:14971,c:14971) cancelBuffer: BufferQueue has been abandoned
10-18 23:11:16.525 14971 15341 E BufferQueueProducer: [[BBQ]Live-3#311352#15(BLAST Consumer)15](id:3a7b00000010,api:3,p:14971,c:14971) cancelBuffer: BufferQueue has been abandoned
10-18 23:11:16.525 14971 15341 E BufferQueueProducer: [[BBQ]Live-3#311352#15(BLAST Consumer)15](id:3a7b00000010,api:3,p:14971,c:14971) cancelBuffer: BufferQueue has been abandoned
10-18 23:11:16.533  2706  2706 E DrmMediaResourceHelper: onRemove making Dpdrm to 0 second point 
10-18 23:11:16.575  2064  2064 E QC2Comp : [hvcD_468] configureIntf failed 95
10-18 23:11:16.576  2064 16865 E QC2V4l2Codec: [v4lhvcD_468]  ? is not a supported pixel format!
10-18 23:11:17.253 14971 14980 E gcblocker: gc block end, 849536657,919
10-18 23:11:18.415  4753  4753 E MediaControlProfile: onCurrentPlayerStateUpdated: base actions not supported, player actions= 0, expected at least= 7f
10-18 23:11:18.417  4753  4753 E MediaControlProfile: onCurrentPlayerStateUpdated: base actions not supported, player actions= 0, expected at least= 7f
10-18 23:11:18.431  2706  2706 E DrmMediaResourceHelper: onRemove making Dpdrm to 0 second point 
10-18 23:11:18.990  2064  3281 E QC2Comp : [hvcD_469] configureIntf failed 95
10-18 23:11:18.991  2064 16914 E QC2V4l2Codec: [v4lhvcD_469]  ? is not a supported pixel format!
10-18 23:11:19.343 14971 16845 E Forest_null: could not get any valid access key from remote settings
10-18 23:11:19.343 14971 16845 E Forest_ResourceFetcherChain: fetchAsync error:30: memoryError:cannot find cached buffer, 
10-18 23:11:19.352 14971 15544 E Forest_GeckoFetcher: download failed with waitGeckoUpdate=true ,channel = tiktok_ecommerce_pdp_reviews,bundle = reviews/template.js
10-18 23:11:19.352 14971 15544 E Forest_GeckoFetcher: java.lang.Throwable: invalid channel
10-18 23:11:19.352 14971 15544 E Forest_GeckoFetcher: 	at X.0g3n.LJIIIIZZ(SourceFile:33554554)
10-18 23:11:19.352 14971 15544 E Forest_GeckoFetcher: 	at X.0gI8.LIZ(SourceFile:16777732)
10-18 23:11:19.352 14971 15544 E Forest_GeckoFetcher: 	at X.0gI8.run(SourceFile:5)
10-18 23:11:19.352 14971 15544 E Forest_GeckoFetcher: 	at Y.AObjectS258S0100000_24.invoke$0(SourceFile:16777222)
10-18 23:11:19.352 14971 15544 E Forest_GeckoFetcher: 	at Y.AObjectS258S0100000_24.invoke(Unknown Source:27)
10-18 23:11:19.352 14971 15544 E Forest_GeckoFetcher: 	at X.0pzF.invoke(SourceFile:4)
10-18 23:11:19.352 14971 15544 E Forest_GeckoFetcher: 	at X.04vN.LIZ(SourceFile:50331896)
10-18 23:11:19.352 14971 15544 E Forest_GeckoFetcher: 	at X.0pzE.LIZIZ(SourceFile:81)
10-18 23:11:19.352 14971 15544 E Forest_GeckoFetcher: 	at X.0pzE.run(SourceFile:0)
10-18 23:11:19.352 14971 15544 E Forest_GeckoFetcher: 	at java.util.concurrent.ThreadPoolExecutor.runWorker(ThreadPoolExecutor.java:1156)
10-18 23:11:19.352 14971 15544 E Forest_GeckoFetcher: 	at java.util.concurrent.ThreadPoolExecutor$Worker.run(ThreadPoolExecutor.java:651)
10-18 23:11:19.352 14971 15544 E Forest_GeckoFetcher: 	at X.0pzI.run(SourceFile:9)
10-18 23:11:19.352 14971 15544 E Forest_GeckoFetcher: 	at java.lang.Thread.run(Thread.java:1119)
10-18 23:11:19.352 14971 15544 E Forest_GeckoXAdapter: onLocalNewestVersion:localPackage:com.bytedance.geckox.model.LocalPackageModel@3ea9c2f
10-18 23:11:19.352 14971 16845 E Forest_null: could not get any valid access key from remote settings
10-18 23:11:19.353 14971 16845 E Forest_ResourceFetcherChain: fetchAsync error:30: memoryError:cannot find cached buffer, 
10-18 23:11:19.357 14971 15544 E Forest_GeckoFetcher: download failed with waitGeckoUpdate=true ,channel = tiktok_ecommerce_pdp_product_detail,bundle = pdp_product_detail/template.js
10-18 23:11:19.357 14971 15544 E Forest_GeckoFetcher: java.lang.Throwable: invalid channel
10-18 23:11:19.357 14971 15544 E Forest_GeckoFetcher: 	at X.0g3n.LJIIIIZZ(SourceFile:33554554)
10-18 23:11:19.357 14971 15544 E Forest_GeckoFetcher: 	at X.0gI8.LIZ(SourceFile:16777732)
10-18 23:11:19.357 14971 15544 E Forest_GeckoFetcher: 	at X.0gI8.run(SourceFile:5)
10-18 23:11:19.357 14971 15544 E Forest_GeckoFetcher: 	at Y.AObjectS258S0100000_24.invoke$0(SourceFile:16777222)
10-18 23:11:19.357 14971 15544 E Forest_GeckoFetcher: 	at Y.AObjectS258S0100000_24.invoke(Unknown Source:27)
10-18 23:11:19.357 14971 15544 E Forest_GeckoFetcher: 	at X.0pzF.invoke(SourceFile:4)
10-18 23:11:19.357 14971 15544 E Forest_GeckoFetcher: 	at X.04vN.LIZ(SourceFile:50331896)
10-18 23:11:19.357 14971 15544 E Forest_GeckoFetcher: 	at X.0pzE.LIZIZ(SourceFile:81)
10-18 23:11:19.357 14971 15544 E Forest_GeckoFetcher: 	at X.0pzE.run(SourceFile:0)
10-18 23:11:19.357 14971 15544 E Forest_GeckoFetcher: 	at java.util.concurrent.ThreadPoolExecutor.runWorker(ThreadPoolExecutor.java:1156)
10-18 23:11:19.357 14971 15544 E Forest_GeckoFetcher: 	at java.util.concurrent.ThreadPoolExecutor$Worker.run(ThreadPoolExecutor.java:651)
10-18 23:11:19.357 14971 15544 E Forest_GeckoFetcher: 	at X.0pzI.run(SourceFile:9)
10-18 23:11:19.357 14971 15544 E Forest_GeckoFetcher: 	at java.lang.Thread.run(Thread.java:1119)
10-18 23:11:19.357 14971 15544 E Forest_GeckoXAdapter: onLocalNewestVersion:localPackage:com.bytedance.geckox.model.LocalPackageModel@5d17240
10-18 23:11:19.358 14971 16845 E Forest_null: could not get any valid access key from remote settings
10-18 23:11:19.358 14971 16845 E Forest_ResourceFetcherChain: fetchAsync error:30: memoryError:cannot find cached buffer, 
10-18 23:11:19.366 14971 15544 E Forest_GeckoFetcher: download failed with waitGeckoUpdate=true ,channel = tiktok_ecommerce_pdp_prodcut_info,bundle = pdp_product_info/template.js
10-18 23:11:19.366 14971 15544 E Forest_GeckoFetcher: java.lang.Throwable: invalid channel
10-18 23:11:19.366 14971 15544 E Forest_GeckoFetcher: 	at X.0g3n.LJIIIIZZ(SourceFile:33554554)
10-18 23:11:19.366 14971 15544 E Forest_GeckoFetcher: 	at X.0gI8.LIZ(SourceFile:16777732)
10-18 23:11:19.366 14971 15544 E Forest_GeckoFetcher: 	at X.0gI8.run(SourceFile:5)
10-18 23:11:19.366 14971 15544 E Forest_GeckoFetcher: 	at Y.AObjectS258S0100000_24.invoke$0(SourceFile:16777222)
10-18 23:11:19.366 14971 15544 E Forest_GeckoFetcher: 	at Y.AObjectS258S0100000_24.invoke(Unknown Source:27)
10-18 23:11:19.366 14971 15544 E Forest_GeckoFetcher: 	at X.0pzF.invoke(SourceFile:4)
10-18 23:11:19.366 14971 15544 E Forest_GeckoFetcher: 	at X.04vN.LIZ(SourceFile:50331896)
10-18 23:11:19.366 14971 15544 E Forest_GeckoFetcher: 	at X.0pzE.LIZIZ(SourceFile:81)
10-18 23:11:19.366 14971 15544 E Forest_GeckoFetcher: 	at X.0pzE.run(SourceFile:0)
10-18 23:11:19.366 14971 15544 E Forest_GeckoFetcher: 	at java.util.concurrent.ThreadPoolExecutor.runWorker(ThreadPoolExecutor.java:1156)
10-18 23:11:19.366 14971 15544 E Forest_GeckoFetcher: 	at java.util.concurrent.ThreadPoolExecutor$Worker.run(ThreadPoolExecutor.java:651)
10-18 23:11:19.366 14971 15544 E Forest_GeckoFetcher: 	at X.0pzI.run(SourceFile:9)
10-18 23:11:19.366 14971 15544 E Forest_GeckoFetcher: 	at java.lang.Thread.run(Thread.java:1119)
10-18 23:11:19.366 14971 15544 E Forest_GeckoXAdapter: onLocalNewestVersion:localPackage:com.bytedance.geckox.model.LocalPackageModel@8cbd0ed
10-18 23:11:19.367 14971 15441 E Forest_null: could not get any valid access key from remote settings
10-18 23:11:19.511  2706  2706 E DrmMediaResourceHelper: onRemove making Dpdrm to 0 second point 
10-18 23:11:23.079  2064  3281 E QC2Comp : [hvcD_470] configureIntf failed 95
10-18 23:11:23.079  2064 16955 E QC2V4l2Codec: [v4lhvcD_470]  ? is not a supported pixel format!
10-18 23:11:23.114  4753  4753 E MediaControlProfile: onCurrentPlayerStateUpdated: base actions not supported, player actions= 0, expected at least= 7f
10-18 23:11:23.125  2706  2706 E DrmMediaResourceHelper: onRemove making Dpdrm to 0 second point 
10-18 23:11:23.164  4753  4753 E MediaControlProfile: onCurrentPlayerStateUpdated: base actions not supported, player actions= 0, expected at least= 7f
10-18 23:11:23.166  2064 16953 E StandardCaps: max size must equal to/greater than output size
10-18 23:11:24.007  2156  8897 E ConversionHelperAidl: Function: parseAndSetVendorParameters Line: 94 Failed 
10-18 23:11:24.007  2156  8897 E ConversionHelperAidl: Function: parseAndSetVendorParameters Line: 94 Failed 
10-18 23:11:24.026  2156  8897 E ConversionHelperAidl: Function: parseAndSetVendorParameters Line: 94 Failed 
10-18 23:11:24.026  2156  8897 E ConversionHelperAidl: Function: parseAndSetVendorParameters Line: 94 Failed 
10-18 23:11:26.372 14971 14980 E gcblocker: too long GC blocking: 3000
10-18 23:11:26.372 14971 14980 E gcblocker: gc block end, 849543687,3008
10-18 23:11:30.534 14971 15300 E Forest_null: could not get any valid access key from remote settings
10-18 23:11:30.538 14971 15544 E Forest_GeckoFetcher: download failed with waitGeckoUpdate=true ,channel = tiktok_ecom_hybrid_mall,bundle = config/nativeprefetch.json
10-18 23:11:30.538 14971 15544 E Forest_GeckoFetcher: java.lang.Throwable: invalid channel
10-18 23:11:30.538 14971 15544 E Forest_GeckoFetcher: 	at X.0g3n.LJIIIIZZ(SourceFile:33554554)
10-18 23:11:30.538 14971 15544 E Forest_GeckoFetcher: 	at X.0gI8.LIZ(SourceFile:16777732)
10-18 23:11:30.538 14971 15544 E Forest_GeckoFetcher: 	at X.0gI8.run(SourceFile:5)
10-18 23:11:30.538 14971 15544 E Forest_GeckoFetcher: 	at Y.AObjectS258S0100000_24.invoke$0(SourceFile:16777222)
10-18 23:11:30.538 14971 15544 E Forest_GeckoFetcher: 	at Y.AObjectS258S0100000_24.invoke(Unknown Source:27)
10-18 23:11:30.538 14971 15544 E Forest_GeckoFetcher: 	at X.0pzF.invoke(SourceFile:4)
10-18 23:11:30.538 14971 15544 E Forest_GeckoFetcher: 	at X.04vN.LIZ(SourceFile:50331896)
10-18 23:11:30.538 14971 15544 E Forest_GeckoFetcher: 	at X.0pzE.LIZIZ(SourceFile:81)
10-18 23:11:30.538 14971 15544 E Forest_GeckoFetcher: 	at X.0pzE.run(SourceFile:0)
10-18 23:11:30.538 14971 15544 E Forest_GeckoFetcher: 	at java.util.concurrent.ThreadPoolExecutor.runWorker(ThreadPoolExecutor.java:1156)
10-18 23:11:30.538 14971 15544 E Forest_GeckoFetcher: 	at java.util.concurrent.ThreadPoolExecutor$Worker.run(ThreadPoolExecutor.java:651)
10-18 23:11:30.538 14971 15544 E Forest_GeckoFetcher: 	at X.0pzI.run(SourceFile:9)
10-18 23:11:30.538 14971 15544 E Forest_GeckoFetcher: 	at java.lang.Thread.run(Thread.java:1119)
10-18 23:11:30.538 14971 15544 E Forest_GeckoXAdapter: onLocalNewestVersion:localPackage:com.bytedance.geckox.model.LocalPackageModel@1636fb
10-18 23:11:30.597  4753  4753 E MediaControlProfile: onCurrentPlayerStateUpdated: base actions not supported, player actions= 0, expected at least= 7f
10-18 23:11:30.606 14971 16945 E Forest_null: could not get any valid access key from remote settings
10-18 23:11:30.606 14971 16945 E Forest_ResourceFetcherChain: fetchAsync error:30: memoryError:cannot find cached buffer, 
10-18 23:11:30.610 14971 16945 E Forest_null: could not get any valid access key from remote settings
10-18 23:11:30.611 14971 16945 E Forest_ResourceFetcherChain: fetchAsync error:30: memoryError:cannot find cached buffer, 
10-18 23:11:30.611 14971 15544 E Forest_GeckoFetcher: download failed with waitGeckoUpdate=true ,channel = tiktok_ecom_hybrid_mall,bundle = global_feed/video_card/template.western.js
10-18 23:11:30.611 14971 15544 E Forest_GeckoFetcher: java.lang.Throwable: invalid channel
10-18 23:11:30.611 14971 15544 E Forest_GeckoFetcher: 	at X.0g3n.LJIIIIZZ(SourceFile:33554554)
10-18 23:11:30.611 14971 15544 E Forest_GeckoFetcher: 	at X.0gI8.LIZ(SourceFile:16777732)
10-18 23:11:30.611 14971 15544 E Forest_GeckoFetcher: 	at X.0gI8.run(SourceFile:5)
10-18 23:11:30.611 14971 15544 E Forest_GeckoFetcher: 	at Y.AObjectS258S0100000_24.invoke$0(SourceFile:16777222)
10-18 23:11:30.611 14971 15544 E Forest_GeckoFetcher: 	at Y.AObjectS258S0100000_24.invoke(Unknown Source:27)
10-18 23:11:30.611 14971 15544 E Forest_GeckoFetcher: 	at X.0pzF.invoke(SourceFile:4)
10-18 23:11:30.611 14971 15544 E Forest_GeckoFetcher: 	at X.04vN.LIZ(SourceFile:50331896)
10-18 23:11:30.611 14971 15544 E Forest_GeckoFetcher: 	at X.0pzE.LIZIZ(SourceFile:81)
10-18 23:11:30.611 14971 15544 E Forest_GeckoFetcher: 	at X.0pzE.run(SourceFile:0)
10-18 23:11:30.611 14971 15544 E Forest_GeckoFetcher: 	at java.util.concurrent.ThreadPoolExecutor.runWorker(ThreadPoolExecutor.java:1156)
10-18 23:11:30.611 14971 15544 E Forest_GeckoFetcher: 	at java.util.concurrent.ThreadPoolExecutor$Worker.run(ThreadPoolExecutor.java:651)
10-18 23:11:30.611 14971 15544 E Forest_GeckoFetcher: 	at X.0pzI.run(SourceFile:9)
10-18 23:11:30.611 14971 15544 E Forest_GeckoFetcher: 	at java.lang.Thread.run(Thread.java:1119)
10-18 23:11:30.611 14971 15544 E Forest_GeckoXAdapter: onLocalNewestVersion:localPackage:com.bytedance.geckox.model.LocalPackageModel@9060ed9
10-18 23:11:30.614 14971 15544 E Forest_GeckoFetcher: download failed with waitGeckoUpdate=true ,channel = tiktok_ecom_hybrid_mall,bundle = global_feed/live_card/template.western.js
10-18 23:11:30.614 14971 15544 E Forest_GeckoFetcher: java.lang.Throwable: invalid channel
10-18 23:11:30.614 14971 15544 E Forest_GeckoFetcher: 	at X.0g3n.LJIIIIZZ(SourceFile:33554554)
10-18 23:11:30.614 14971 15544 E Forest_GeckoFetcher: 	at X.0gI8.LIZ(SourceFile:16777732)
10-18 23:11:30.614 14971 15544 E Forest_GeckoFetcher: 	at X.0gI8.run(SourceFile:5)
10-18 23:11:30.614 14971 15544 E Forest_GeckoFetcher: 	at Y.AObjectS258S0100000_24.invoke$0(SourceFile:16777222)
10-18 23:11:30.614 14971 15544 E Forest_GeckoFetcher: 	at Y.AObjectS258S0100000_24.invoke(Unknown Source:27)
10-18 23:11:30.614 14971 15544 E Forest_GeckoFetcher: 	at X.0pzF.invoke(SourceFile:4)
10-18 23:11:30.614 14971 15544 E Forest_GeckoFetcher: 	at X.04vN.LIZ(SourceFile:50331896)
10-18 23:11:30.614 14971 15544 E Forest_GeckoFetcher: 	at X.0pzE.LIZIZ(SourceFile:81)
10-18 23:11:30.614 14971 15544 E Forest_GeckoFetcher: 	at X.0pzE.run(SourceFile:0)
10-18 23:11:30.614 14971 15544 E Forest_GeckoFetcher: 	at java.util.concurrent.ThreadPoolExecutor.runWorker(ThreadPoolExecutor.java:1156)
10-18 23:11:30.614 14971 15544 E Forest_GeckoFetcher: 	at java.util.concurrent.ThreadPoolExecutor$Worker.run(ThreadPoolExecutor.java:651)
10-18 23:11:30.614 14971 15544 E Forest_GeckoFetcher: 	at X.0pzI.run(SourceFile:9)
10-18 23:11:30.614 14971 15544 E Forest_GeckoFetcher: 	at java.lang.Thread.run(Thread.java:1119)
10-18 23:11:30.614 14971 15544 E Forest_GeckoXAdapter: onLocalNewestVersion:localPackage:com.bytedance.geckox.model.LocalPackageModel@ded4224
10-18 23:11:30.787  2156  2878 E ConversionHelperAidl: Function: parseAndSetVendorParameters Line: 94 Failed 
10-18 23:11:30.787  2156  2878 E ConversionHelperAidl: Function: parseAndSetVendorParameters Line: 94 Failed 
10-18 23:11:31.026  2156  2878 E ConversionHelperAidl: Function: parseAndSetVendorParameters Line: 94 Failed 
10-18 23:11:31.026  2156  2878 E ConversionHelperAidl: Function: parseAndSetVendorParameters Line: 94 Failed 
10-18 23:11:31.031  4753  4753 E MediaControlProfile: onCurrentPlayerStateUpdated: base actions not supported, player actions= 0, expected at least= 7f
10-18 23:11:31.032  5804  5804 E pageboostd: Received HALT command code 2
10-18 23:11:31.037  4753  4753 E MediaControlProfile: onCurrentPlayerStateUpdated: base actions not supported, player actions= 0, expected at least= 7f
10-18 23:11:31.046  2706 15442 E PerProcessNandswap$NandswapHandler: failed to handleMessage 0
10-18 23:11:31.046  2706 15442 E PerProcessNandswap$NandswapHandler: failed to handleMessage 0
10-18 23:11:31.052 14971 14971 E Instrumentation: Uninitialized ActivityThread, likely app-created Instrumentation, disabling AppComponentFactory
10-18 23:11:31.052 14971 14971 E Instrumentation: java.lang.Throwable
10-18 23:11:31.052 14971 14971 E Instrumentation: 	at android.app.Instrumentation.getFactory(Instrumentation.java:1463)
10-18 23:11:31.052 14971 14971 E Instrumentation: 	at android.app.Instrumentation.newActivity(Instrumentation.java:1454)
10-18 23:11:31.052 14971 14971 E Instrumentation: 	at android.app.ActivityThread.performLaunchActivity(ActivityThread.java:4306)
10-18 23:11:31.052 14971 14971 E Instrumentation: 	at android.app.ActivityThread.handleLaunchActivity(ActivityThread.java:4650)
10-18 23:11:31.052 14971 14971 E Instrumentation: 	at android.app.servertransaction.LaunchActivityItem.execute(LaunchActivityItem.java:112)
10-18 23:11:31.052 14971 14971 E Instrumentation: 	at android.app.servertransaction.TransactionExecutor.executeNonLifecycleItem(TransactionExecutor.java:174)
10-18 23:11:31.052 14971 14971 E Instrumentation: 	at android.app.servertransaction.TransactionExecutor.executeTransactionItems(TransactionExecutor.java:109)
10-18 23:11:31.052 14971 14971 E Instrumentation: 	at android.app.servertransaction.TransactionExecutor.execute(TransactionExecutor.java:81)
10-18 23:11:31.052 14971 14971 E Instrumentation: 	at android.app.ActivityThread$H.handleMessage(ActivityThread.java:2880)
10-18 23:11:31.052 14971 14971 E Instrumentation: 	at android.os.Handler.dispatchMessage(Handler.java:107)
10-18 23:11:31.052 14971 14971 E Instrumentation: 	at android.os.Looper.loopOnce(Looper.java:257)
10-18 23:11:31.052 14971 14971 E Instrumentation: 	at android.os.Looper.loop(Looper.java:342)
10-18 23:11:31.052 14971 14971 E Instrumentation: 	at android.app.ActivityThread.main(ActivityThread.java:9579)
10-18 23:11:31.052 14971 14971 E Instrumentation: 	at java.lang.reflect.Method.invoke(Native Method)
10-18 23:11:31.052 14971 14971 E Instrumentation: 	at com.android.internal.os.RuntimeInit$MethodAndArgsCaller.run(RuntimeInit.java:619)
10-18 23:11:31.052 14971 14971 E Instrumentation: 	at com.android.internal.os.ZygoteInit.main(ZygoteInit.java:929)
10-18 23:11:31.080 14971 14971 E BX      : [nonstd::optional<StrategyResult> bytebench::ruleengine::BXRuleEngine::executorStrategy(int, const std::string &, bytebench::ruleengine::MatchParams &, bool):95] bytebench_1233, get strategy failed: studio_hdr_camera_config
10-18 23:11:31.111  5573  5635 E RequestManager_FLP: [LocationManager] Location request E7AE82B5(Listener) network interval=600000ms (min=600000ms) from com.zhiliaoapp.musically (10373_COARSE_fg_true_foreground)
10-18 23:11:31.111  5573  5635 E RequestManager_FLP: [LocationManager] Location remove E7AE82B5 from com.zhiliaoapp.musically
10-18 23:11:31.115 14971 14971 E BX      : [nonstd::optional<StrategyResult> bytebench::ruleengine::BXRuleEngine::executorStrategy(int, const std::string &, bytebench::ruleengine::MatchParams &, bool):95] bytebench_1233, get strategy failed: studio_enable_preview_resolution_downgrade
10-18 23:11:31.161  5804  5804 E pageboostd: Received HALT command code 2
10-18 23:11:31.165  2193  2193 E SurfaceFlinger: alpha changed 1.000 -> 0.000 - DimTransitionLayer for Surface(name=ActivityRecord{f2c7ce5 u0 com.zhiliaoapp.musically/com.ss.android.ugc.aweme.adaptation.saa.SAAActivity t4891})/@0x2ff1aaf#311387
10-18 23:11:31.165  2193  2193 E SurfaceFlinger: alpha changed 1.000 -> 0.000 - ActivityRecord{f2c7ce5 u0 com.zhiliaoapp.musically/com.ss.android.ugc.aweme.adaptation.saa.SAAActivity t4891}#311377
10-18 23:11:31.165  2193  2193 E SurfaceFlinger: alpha changed 0.000 -> 0.000 - ActivityRecord{f2c7ce5 u0 com.zhiliaoapp.musically/com.ss.android.ugc.aweme.adaptation.saa.SAAActivity t4891}#311377
10-18 23:11:31.165  2193  2193 E SurfaceFlinger: alpha changed 0.000 -> 0.000 - DimTransitionLayer for Surface(name=ActivityRecord{f2c7ce5 u0 com.zhiliaoapp.musically/com.ss.android.ugc.aweme.adaptation.saa.SAAActivity t4891})/@0x2ff1aaf#311387
10-18 23:11:31.165  2018  2119 E minksocket: MinkIPC ERROR: ( 2018:2119 ) MinkIPC_preProcess:272 Client down, but cannot find corresponding minksession
10-18 23:11:31.165  2018  2126 E minksocket: MinkIPC ERROR: ( 2018:2126 ) MinkIPC_preProcess:272 Client down, but cannot find corresponding minksession
10-18 23:11:31.169  2156  2242 E Hal2AidlMapper: resetPortConfig: port config id 14790 not found
10-18 23:11:31.169  2156  2242 E Hal2AidlMapper: resetPortConfig: port config id 14789 not found
10-18 23:11:31.173  2041  2048 E AHAL_StreamIn_QTI: updateMetadataCommon: stream was closed
10-18 23:11:31.186  2156  2878 E ConversionHelperAidl: Function: parseAndSetVendorParameters Line: 94 Failed 
10-18 23:11:31.186  2156  2878 E ConversionHelperAidl: Function: parseAndSetVendorParameters Line: 94 Failed 
10-18 23:11:31.190 14971 17057 E AE_GAME_TAG: ## 2025-10-18 23:11:31 [threadid:1332491760,DFDocument.cpp,75] ERROR ## [AE_GAME_TAG]THIS IS NOT ERROR: init Doc: buildin/doc#0
10-18 23:11:31.190 14971 17057 E AE_GAME_TAG: ## 2025-10-18 23:11:31 [threadid:1332491760,DFDocument.cpp,75] ERROR ## [AE_GAME_TAG]THIS IS NOT ERROR: init Doc: buildin/doc#0
10-18 23:11:31.192 14971 17057 E         : ## 2025-10-18 23:11:31 [tid:17057,AMGJSScriptSystem.cpp:114] error ## [AE_GAME_TAG]JSScriptSystem Optimize Restart JSModule Is True!!
10-18 23:11:31.193 14971 17057 E         : ## 2025-10-18 23:11:31 [tid:17057,AlgorithmPreloadService.cpp:274] error ## [AE_ALGORITHM_TAG]removeGraph: algorithm node with name blit_0 not found in m_algorithmNodes
10-18 23:11:31.198  2193  2193 E SurfaceFlinger: alpha changed 0.000 -> 0.022 - ActivityRecord{f2c7ce5 u0 com.zhiliaoapp.musically/com.ss.android.ugc.aweme.adaptation.saa.SAAActivity t4891}#311377
10-18 23:11:31.198  2193  2193 E SurfaceFlinger: alpha changed 0.000 -> 0.020 - DimTransitionLayer for Surface(name=ActivityRecord{f2c7ce5 u0 com.zhiliaoapp.musically/com.ss.android.ugc.aweme.adaptation.saa.SAAActivity t4891})/@0x2ff1aaf#311387
10-18 23:11:31.248  2193  2193 E SurfaceFlinger: alpha changed 1.000 -> 0.000 - Surface(name=5728d3c InputMethod)/@0xc61c1a - animation-leash of insets_animation#311389
10-18 23:11:31.518 14971 14971 E BufferQueueProducer: [SurfaceView[com.zhiliaoapp.musically/com.ss.android.ugc.aweme.splash.SplashActivity]@0#23(BLAST Consumer)23](id:3a7b00000018,api:0,p:-1,c:14971) disconnect: not connected (req=2)
10-18 23:11:31.547  2706 11083 E WindowManager: win=Window{505a580 u0 com.zhiliaoapp.musically/com.ss.android.ugc.aweme.splash.SplashActivity} destroySurfaces: appStopped=true cleanupOnResume=false win.mWindowRemovalAllowed=false win.mRemoveOnExit=false win.mViewVisibility=8 caller=com.android.server.wm.ActivityRecord.destroySurfaces:25 com.android.server.wm.ActivityRecord.activityStopped:184 com.android.server.wm.ActivityClientController.activityStopped:95 android.app.IActivityClientController$Stub.onTransact:722 com.android.server.wm.ActivityClientController.onTransact:1 android.os.Binder.execTransactInternal:1541 android.os.Binder.execTransact:1480 
10-18 23:11:31.572  2755  2755 E Camera2-FrameProcessorBase: FrameProcessorBase: created
10-18 23:11:31.572  2755  2755 E Camera2-FrameProcessorBase: registerListener: Registering listener for frame id range 0 - 2147483647
10-18 23:11:31.573 17128 17128 E ng.android.scpm: Not starting debugger since process cannot load the jdwp agent.
10-18 23:11:31.576  2156  6384 E ConversionHelperAidl: Function: parseAndSetVendorParameters Line: 94 Failed 
10-18 23:11:31.576  2156  6384 E ConversionHelperAidl: Function: parseAndSetVendorParameters Line: 94 Failed 
10-18 23:11:31.597  2755  2755 E CameraService: onTorchStatusChangedLocked: cannot get torch status of camera 56: No such file or directory (-2)
10-18 23:11:31.597  2755  2755 E CameraService: onTorchStatusChangedLocked: cannot get torch status of camera 52: No such file or directory (-2)
10-18 23:11:31.597  2755  2755 E CameraService: onTorchStatusChangedLocked: cannot get torch status of camera 54: No such file or directory (-2)
10-18 23:11:31.597  2755  2755 E CameraService: onTorchStatusChangedLocked: cannot get torch status of camera 20: No such file or directory (-2)
10-18 23:11:31.597  2755  2755 E CameraService: onTorchStatusChangedLocked: cannot get torch status of camera 21: No such file or directory (-2)
10-18 23:11:31.597  2755  2755 E CameraService: onTorchStatusChangedLocked: cannot get torch status of camera 23: No such file or directory (-2)
10-18 23:11:31.597  2755  2755 E CameraService: onTorchStatusChangedLocked: cannot get torch status of camera 24: No such file or directory (-2)
10-18 23:11:31.622  2069 20266 E ChiX    : [ERROR][CORE   ] chxextensionmodule.cpp:18736 InitializeSensorSession() Skip SensorInit on CAM_AUTO_NORMAL_U_W_T_T2(logicalCameraId:8)
10-18 23:11:31.637  2069 20266 E Unihal  : CapabilityManager.cpp: GetOptimalCaptureStream: 469: No Jpeg Capture streams found. Return error
10-18 23:11:31.641  2069 20266 E Unihal  : BeautyVideoUnit.cpp: BeautyVideoUnit: 38: Failed to Fetch Samsung Camera Value
10-18 23:11:31.659 32582 32582 E VSET/CameraStateManagerImpl: isCameraFacingFront : failed to get camera characteristics Attempt to invoke virtual method 'java.lang.Object android.hardware.camera2.CameraCharacteristics.get(android.hardware.camera2.CameraCharacteristics$Key)' on a null object reference
10-18 23:11:31.660  2755  2924 E CameraService: applyExtraRequestsToRequestInjector
10-18 23:11:31.670  2069  4220 E CamX    : [ERROR][SENSOR ] camxsensornode.cpp:1770 SensorThreadJobCallback() Sensor[0][FastAECRealtime_Sensor0_cam0] currConfigStatus:1
10-18 23:11:31.670  2069  4220 E CamX    : [ERROR][SENSOR ] camxsensor.cpp:10077 AcquireDevice() Sensor[0][FastAECRealtime_Sensor0_cam0] hCSL:0xe60200 hDev:0xd90101 devIdx:30 isAcquired:0 pipelineRefCount:0
10-18 23:11:31.691  2069 17200 E CamX    : [ERROR][STATS_AEC] camxcaecstatsprocessor.cpp:7084 GetCropWindow() Wrong input: HALCropWindow left(0),top(0) width,height = 0x0
10-18 23:11:31.699  2069 17201 E SensorListener: ERR(initSensor[968]):failed to open hrm alc sensor's name
10-18 23:11:31.702  2018  2126 E minksocket: MinkIPC ERROR: ( 2018:2126 ) MinkIPC_preProcess:272 Client down, but cannot find corresponding minksession
10-18 23:11:31.703  2018  2119 E minksocket: MinkIPC ERROR: ( 2018:2119 ) MinkIPC_preProcess:272 Client down, but cannot find corresponding minksession
10-18 23:11:31.703  2018  2119 E minksocket: MinkIPC ERROR: ( 2018:2119 ) MinkIPC_preProcess:272 Client down, but cannot find corresponding minksession
10-18 23:11:31.703  2018  2119 E minksocket: MinkIPC ERROR: ( 2018:2119 ) MinkIPC_preProcess:272 Client down, but cannot find corresponding minksession
10-18 23:11:31.703  2018  2119 E minksocket: MinkIPC ERROR: ( 2018:2119 ) MinkIPC_preProcess:272 Client down, but cannot find corresponding minksession
10-18 23:11:31.703  2018  2126 E minksocket: MinkIPC ERROR: ( 2018:2126 ) MinkIPC_preProcess:272 Client down, but cannot find corresponding minksession
10-18 23:11:31.703  2018  2126 E minksocket: MinkIPC ERROR: ( 2018:2126 ) MinkIPC_preProcess:272 Client down, but cannot find corresponding minksession
10-18 23:11:31.703  2018  2126 E minksocket: MinkIPC ERROR: ( 2018:2126 ) MinkIPC_preProcess:272 Client down, but cannot find corresponding minksession
10-18 23:11:31.706  2018  2119 E minksocket: MinkIPC ERROR: ( 2018:2119 ) MinkIPC_preProcess:272 Client down, but cannot find corresponding minksession
10-18 23:11:31.706  2018  2119 E minksocket: MinkIPC ERROR: ( 2018:2119 ) MinkIPC_preProcess:272 Client down, but cannot find corresponding minksession
10-18 23:11:31.706  2018  2119 E minksocket: MinkIPC ERROR: ( 2018:2119 ) MinkIPC_preProcess:272 Client down, but cannot find corresponding minksession
10-18 23:11:31.706  2018  2126 E minksocket: MinkIPC ERROR: ( 2018:2126 ) MinkIPC_preProcess:272 Client down, but cannot find corresponding minksession
10-18 23:11:31.706  2018  2126 E minksocket: MinkIPC ERROR: ( 2018:2126 ) MinkIPC_preProcess:272 Client down, but cannot find corresponding minksession
10-18 23:11:31.706  2018  2126 E minksocket: MinkIPC ERROR: ( 2018:2126 ) MinkIPC_preProcess:272 Client down, but cannot find corresponding minksession
10-18 23:11:31.706  2018  2119 E minksocket: MinkIPC ERROR: ( 2018:2119 ) MinkIPC_preProcess:272 Client down, but cannot find corresponding minksession
10-18 23:11:31.706  2018  2126 E minksocket: MinkIPC ERROR: ( 2018:2126 ) MinkIPC_preProcess:272 Client down, but cannot find corresponding minksession
10-18 23:11:31.708  2706 11089 E SensorService: BigData:Pakage) 1 already enabled. 
10-18 23:11:31.709  2706  4652 E SensorService: BigData:Pakage) 4 already enabled. 
10-18 23:11:31.710  2018  2119 E minksocket: MinkIPC ERROR: ( 2018:2119 ) MinkIPC_preProcess:272 Client down, but cannot find corresponding minksession
10-18 23:11:31.710  2018  2119 E minksocket: MinkIPC ERROR: ( 2018:2119 ) MinkIPC_preProcess:272 Client down, but cannot find corresponding minksession
10-18 23:11:31.710  2018  2119 E minksocket: MinkIPC ERROR: ( 2018:2119 ) MinkIPC_preProcess:272 Client down, but cannot find corresponding minksession
10-18 23:11:31.710  2018  2126 E minksocket: MinkIPC ERROR: ( 2018:2126 ) MinkIPC_preProcess:272 Client down, but cannot find corresponding minksession
10-18 23:11:31.710  2018  2126 E minksocket: MinkIPC ERROR: ( 2018:2126 ) MinkIPC_preProcess:272 Client down, but cannot find corresponding minksession
10-18 23:11:31.710  2018  2126 E minksocket: MinkIPC ERROR: ( 2018:2126 ) MinkIPC_preProcess:272 Client down, but cannot find corresponding minksession
10-18 23:11:31.711  2018  2119 E minksocket: MinkIPC ERROR: ( 2018:2119 ) MinkIPC_preProcess:272 Client down, but cannot find corresponding minksession
10-18 23:11:31.711  2018  2126 E minksocket: MinkIPC ERROR: ( 2018:2126 ) MinkIPC_preProcess:272 Client down, but cannot find corresponding minksession
10-18 23:11:31.724  2069  4220 E CamX    : [ERROR][SENSOR ] camxsensorcache.cpp:117 SetSubDeviceHandle() Device[0][Sensor] refCount:0 hCSL:0xe60200 hDev:0x200101 hCSLCached:0xa20200 isAcquired:0 pipelineRefCount:0
10-18 23:11:31.729  2069  4220 E CamX    : [ERROR][SENSOR ] camxsensornode.cpp:1785 SensorThreadJobCallback() Sensor[0][FastAECRealtime_Sensor0_cam0] currConfigStatus:2
10-18 23:11:31.729  2069  4220 E CamX    : [ERROR][SENSOR ] camxsensorcache.cpp:117 SetSubDeviceHandle() Device[0][CSIPHY] refCount:1 hCSL:0xe60200 hDev:0x580103 hCSLCached:0xe60200 isAcquired:0 pipelineRefCount:0
10-18 23:11:31.729  2069  4220 E CamX    : [ERROR][SENSOR ] camxsensornode.cpp:2105 SensorThreadJobCallback() Sensor[0][FastAECRealtime_Sensor0_cam0] currConfigStatus:4
10-18 23:11:31.734  2069 17165 E CamX    : [ERROR][SENSOR ] camxsensornode.cpp:662 PrepareStreamOn() Sensor[0][FastAECRealtime_Sensor0_cam0] currConfigStatus:5
10-18 23:11:31.741  2069  4222 E SS_3A   : ERROR: AEC: TsAecProcessSetBGconfig: 2941: BGconfig error (0,0,0,0)
10-18 23:11:31.741  2069  4222 E SS_3A   : ERROR: AEC: TsAecProcessSetBGconfig: 2941: BGconfig error (0,0,0,0)
10-18 23:11:31.741  2069  4222 E SS_3A   : ERROR: AEC: TsAecProcessSetBGconfig: 2941: BGconfig error (0,0,0,0)
10-18 23:11:31.741  2069  4222 E SS_3A   : ERROR: AEC: TsAecProcessSetBGconfig: 2941: BGconfig error (0,0,0,0)
10-18 23:11:31.741  2069  4222 E SS_3A   : ERROR: AEC: TsAecProcessSetBGconfig: 2941: BGconfig error (0,0,0,0)
10-18 23:11:31.750  2069 17165 E CamX    : [ERROR][META   ] camxmetabuffer.cpp:4244 SetTag() Cannot set org.quic.camera2.streamconfigs.HDRVideoMode(80820000) size 4 max 1
10-18 23:11:31.750  2069 17165 E CamX    : [ERROR][META   ] camxmetabuffer.cpp:4244 SetTag() Cannot set org.quic.camera2.streamconfigs.HDRVideoMode(80820000) size 4 max 1
10-18 23:11:31.750  2069 17165 E CamX    : [ERROR][META   ] camxmetabuffer.cpp:4244 SetTag() Cannot set org.quic.camera2.streamconfigs.HDRVideoMode(80820000) size 4 max 1
10-18 23:11:31.750  2069 17165 E CamX    : [ERROR][META   ] camxmetabuffer.cpp:4244 SetTag() Cannot set org.quic.camera2.streamconfigs.HDRVideoMode(80820000) size 4 max 1
10-18 23:11:31.750  2069 17165 E CamX    : [ERROR][META   ] camxmetabuffer.cpp:4244 SetTag() Cannot set org.quic.camera2.streamconfigs.HDRVideoMode(80820000) size 4 max 1
10-18 23:11:31.750  2069 17165 E CamX    : [ERROR][META   ] camxmetabuffer.cpp:4244 SetTag() Cannot set org.quic.camera2.streamconfigs.HDRVideoMode(80820000) size 4 max 1
10-18 23:11:31.750  2069 17165 E CamX    : [ERROR][META   ] camxmetabuffer.cpp:4244 SetTag() Cannot set org.quic.camera2.streamconfigs.HDRVideoMode(80820000) size 4 max 1
10-18 23:11:31.767  2069 17228 E ChiX    : [ERROR][MCXCore] chimcxmflpolicy.cpp:6008 GetSysfsFallbackState() read failed
10-18 23:11:31.803  2069 20266 E GME     : [ERROR][ChiNode] camxchinodegme.cpp:14911 Check3rdPartyMode() SATOfflineReprocess0_com.qti.node.gme0_cam2 [3RD_PARTY_TUNING] cameraClient(4), check3rdParty(1)
10-18 23:11:31.803  2069 20266 E GME     : [ERROR][ChiNode] camxchinodegme.cpp:15054 GetSSChromatixTuningMode() SATOfflineReprocess0_com.qti.node.gme0_cam2 [3RD_PARTY_TUNING] Third_party_video case
10-18 23:11:31.803  2069 20266 E GME     : [ERROR][ChiNode] camxchinodegme.cpp:15054 GetSSChromatixTuningMode() SATOfflineReprocess0_com.qti.node.gme0_cam2 [3RD_PARTY_TUNING] Third_party_video case
10-18 23:11:31.803  2069 20266 E GME     : [ERROR][ChiNode] camxchinodegme.cpp:15054 GetSSChromatixTuningMode() SATOfflineReprocess0_com.qti.node.gme0_cam2 [3RD_PARTY_TUNING] Third_party_video case
10-18 23:11:31.803  2069 20266 E GME     : [ERROR][ChiNode] camxchinodegme.cpp:15054 GetSSChromatixTuningMode() SATOfflineReprocess0_com.qti.node.gme0_cam2 [3RD_PARTY_TUNING] Third_party_video case
10-18 23:11:31.810  2069 20266 E ArcSoft_C: ARC_MCVOZ_PrjLibKey={ArcSoft_None}
10-18 23:11:31.810  2069 20266 E ARCSOFT_DEBUG: arcsat_multi_impl_base.cpp:1437 /ArcSatMultiImplBase/: [ARC_SAT] MCVOZ_GetVersion: ArcSoft_MultiCamOpticalZoom_6.4.125231001.455_#23487-10-B8552-R70065, date: 12/13/2024
10-18 23:11:31.810  2069 20266 E ARCSOFT_DEBUG: arcsat_multi_impl_base.cpp:1488 /AnalyticalCalibration/: [ARC_SAT] cali_0, pairType = 0, pCaliData = 0xb4000074254992d0, dataLength = 760, bIncorrectCali = 0
10-18 23:11:31.810  2069 20266 E ARCSOFT_DEBUG: arcsat_multi_impl_base.cpp:1488 /AnalyticalCalibration/: [ARC_SAT] cali_1, pairType = 3, pCaliData = 0xb400007425432710, dataLength = 760, bIncorrectCali = 0
10-18 23:11:31.810  2069 20266 E ARCSOFT_DEBUG: arcsat_multi_impl_base.cpp:1488 /AnalyticalCalibration/: [ARC_SAT] cali_2, pairType = 4, pCaliData = 0xb4000074254c8a30, dataLength = 760, bIncorrectCali = 0
10-18 23:11:31.810  2069 20266 E ARCSOFT_DEBUG: arcsat_multi_impl_base.cpp:1488 /AnalyticalCalibration/: [ARC_SAT] cali_3, pairType = 5, pCaliData = 0xb40000742543ebf0, dataLength = 760, bIncorrectCali = 0
10-18 23:11:31.812  2069 20266 E ARCSOFT_DEBUG: arcsat_export_intf.cpp:403 /SetSatCameraConfig/: [ARC_SAT] fMarginStartRatio_W = 2.000000, fMarginStartRatio_T2:100.000000
10-18 23:11:31.812  2069 20266 E ARCSOFT_DEBUG: arcsat_export_intf.cpp:403 /SetSatCameraConfig/: [ARC_SAT] fMarginStartRatio_W = 2.000000, fMarginStartRatio_T2:100.000000
10-18 23:11:31.812  2069 20266 E ARCSOFT_DEBUG: arcsat_export_intf.cpp:403 /SetSatCameraConfig/: [ARC_SAT] fMarginStartRatio_W = 2.000000, fMarginStartRatio_T2:100.000000
10-18 23:11:31.812  2069 20266 E ARCSOFT_DEBUG: arcsat_export_intf.cpp:403 /SetSatCameraConfig/: [ARC_SAT] fMarginStartRatio_W = 2.000000, fMarginStartRatio_T2:100.000000
10-18 23:11:31.812  2069 20266 E ARCSOFT_DEBUG: arcsat_export_intf.cpp:445 /Initialize/: [ARC_SAT] SAT Wrapper version: ArcSoft_MultiCam_SATWrapper_6.0.1001.78_#23487-11 Build time:16:45:08/Dec 13 2024 Copyright 2024 ArcSoft, Inc. All rights reserved.
10-18 23:11:31.815  2069 20266 E QISv2   : [ERROR][ChiNode] camxchinodeeisv2.cpp:11915 Check3rdPartyMode() cameraClient(4), check3rdParty(1)
10-18 23:11:31.815  2069 20266 E QISv2   : [ERROR][ChiNode] camxchinodeeisv2.cpp:11959 GetSSChromatixTuningMode() /sys/class/camera/rear/rear4_moduleinfo : SSCAL EJ50XSRD00YM000007FFR00M8D01D00SC1S00/J50XSRD00YM000007FFR07
10-18 23:11:31.815  2069 20266 E QISv2   : [ERROR][ChiNode] camxchinodeeisv2.cpp:11968 GetSSChromatixTuningMode() m_tele2SEMCO is FALSE!
10-18 23:11:31.815  2069 20266 E QISv2   : [ERROR][ChiNode] camxchinodeeisv2.cpp:12002 GetSSChromatixTuningMode() Third_party_video case
10-18 23:11:31.815  2069 20266 E QISv2   : [ERROR][ChiNode] camxchinodeeisv2.cpp:12002 GetSSChromatixTuningMode() Third_party_video case
10-18 23:11:31.815  2069 20266 E QISv2   : [ERROR][ChiNode] camxchinodeeisv2.cpp:12002 GetSSChromatixTuningMode() Third_party_video case
10-18 23:11:31.815  2069 20266 E QISv2   : [ERROR][ChiNode] camxchinodeeisv2.cpp:12002 GetSSChromatixTuningMode() Third_party_video case
10-18 23:11:31.850  2069  4224 E CamX    : [ERROR][CSL    ] camxcslhw.cpp:1472 CSLReleaseDeviceHW() [SUBDEV_DBG] hCSL[0xe60200] hDevice[0xf00102] hSession[0xe60200]
10-18 23:11:31.850  2069 17230 E ChiX    : [ERROR][F2Feature] chifeature2realtimemcx.cpp:11948 FillPhysicalCameraStateForInSensorZoom() Fail to find the proper mode type with sensor mode index: 3: all index in rInSensorZoomModeIndices should map to one kind of InSensorMode rather than Normal mode
10-18 23:11:31.850  2069  4224 E CamX    : [ERROR][CSL    ] camxcslhw.cpp:1503 CSLReleaseDeviceHW() [SUBDEV_DBG] hDevice[0x3ea2e580] hAcquired[0xf00102] hSession[0xf00102]
10-18 23:11:31.859  2069  4221 E CamX    : [ERROR][SENSOR ] camxsensornode.cpp:1770 SensorThreadJobCallback() Sensor[3][RealtimeDefault2_Sensor0_cam3] currConfigStatus:1
10-18 23:11:31.859  2069  4221 E CamX    : [ERROR][SENSOR ] camxsensor.cpp:10077 AcquireDevice() Sensor[3][RealtimeDefault2_Sensor0_cam3] hCSL:0xe60200 hDev:0xb00105 devIdx:33 isAcquired:0 pipelineRefCount:0
10-18 23:11:31.859  2069  4220 E CamX    : [ERROR][SENSOR ] camxoisbase.cpp:166 AcquireDevice() OIS[3][RealtimeDefault2_Sensor0_cam3] hCSL:0xe60200 hDev:0xb70107 devIdx:27 isAcquired:0 pipelineRefCount:0
10-18 23:11:31.860  2069  4217 E CamX    : [ERROR][SENSOR ] camxsensor.cpp:10077 AcquireDevice() Sensor[0][RealtimeDefault1_Sensor0_cam0] hCSL:0xe60200 hDev:0x200101 devIdx:30 isAcquired:1 pipelineRefCount:0
10-18 23:11:31.860  2069  4217 E CamX    : [ERROR][SENSOR ] camxsensorcache.cpp:117 SetSubDeviceHandle() Device[0][Sensor] refCount:2 hCSL:0xe60200 hDev:0x200101 hCSLCached:0xe60200 isAcquired:1 pipelineRefCount:0
10-18 23:11:31.860  2069  4217 E CamX    : [ERROR][SENSOR ] camxsensornode.cpp:1770 SensorThreadJobCallback() Sensor[4][RealtimeDefault3_Sensor0_cam4] currConfigStatus:1
10-18 23:11:31.860  2069  4217 E CamX    : [ERROR][SENSOR ] camxsensor.cpp:10077 AcquireDevice() Sensor[4][RealtimeDefault3_Sensor0_cam4] hCSL:0xe60200 hDev:0x93010d devIdx:34 isAcquired:0 pipelineRefCount:0
10-18 23:11:31.861  2069  4219 E CamX    : [ERROR][SENSOR ] camxoisbase.cpp:166 AcquireDevice() OIS[0][RealtimeDefault1_Sensor0_cam0] hCSL:0xe60200 hDev:0xb10109 devIdx:26 isAcquired:0 pipelineRefCount:0
10-18 23:11:31.861  2069  4218 E CamX    : [ERROR][SENSOR ] camxoisbase.cpp:166 AcquireDevice() OIS[4][RealtimeDefault3_Sensor0_cam4] hCSL:0xe60200 hDev:0xce010c devIdx:28 isAcquired:0 pipelineRefCount:0
10-18 23:11:31.863  2069 17266 E SS_3A   : ERROR:  AF: AIAf_init: 134: [AIAF] version = 0xA00C
10-18 23:11:31.863  2069 17276 E SS_3A   : ERROR:  AF: AIAf_setModel: 102: [AIAF] prod id 2
10-18 23:11:31.864  2069 17276 E snap_api::snpe: Power save is mapped for model : aiAutoFocus_v1.0.24U.dlc with SNPE_PERF_MODE : SNPE_PERFORMANCE_PROFILE_LOW_POWER_SAVER (level : 6)
10-18 23:11:31.865  2069 17276 E snap_api::snpe: Failed to read property ro.hardware.chipname
10-18 23:11:31.887  2069  4221 E CamX    : [ERROR][SENSOR ] camxsensorcache.cpp:117 SetSubDeviceHandle() Device[3][Sensor] refCount:0 hCSL:0xe60200 hDev:0x220102 hCSLCached:0xa20200 isAcquired:0 pipelineRefCount:0
10-18 23:11:31.887  2069  4219 E CamX    : [ERROR][NCS    ] camxncsoischannelapi.cpp:154 Initialize() [OIS Channel DBG] Start to open OIS PD handle
10-18 23:11:31.887  2069  4219 E CamX    : [ERROR][NCS    ] camxncsoischannelapi.cpp:160 Initialize() [OIS Channel DBG] Success to open OIS PD handle, handle: 0x100
10-18 23:11:31.905 14971 16986 E AMGJNI  : J4ALoader id is exit
10-18 23:11:31.911  2069  4219 E CamX    : [ERROR][SENSOR ] camxsensorcache.cpp:117 SetSubDeviceHandle() Device[0][OIS] refCount:2 hCSL:0xe60200 hDev:0x7f0106 hCSLCached:0xe60200 isAcquired:0 pipelineRefCount:0
10-18 23:11:31.911  2069  4219 E CamX    : [ERROR][SENSOR ] camxsensorcache.cpp:117 SetSubDeviceHandle() Device[0][CSIPHY] refCount:3 hCSL:0xe60200 hDev:0x580103 hCSLCached:0xe60200 isAcquired:1 pipelineRefCount:0
10-18 23:11:31.911  2069  4219 E CamX    : [ERROR][SENSOR ] camxactuator.cpp:143 Initialize() Actuator[0][RealtimeDefault1_Sensor0_cam0] hCSL:0xe60200 hDev:0x1a0108 devIdx:7 isAcquired:0 pipelineRefCount:0
10-18 23:11:31.912  2069  4221 E CamX    : [ERROR][SENSOR ] camxsensornode.cpp:1785 SensorThreadJobCallback() Sensor[3][RealtimeDefault2_Sensor0_cam3] currConfigStatus:2
