10-16 23:15:09.547  2706  4754 E AudioAttributes: Invalid capture preset -1 for AudioAttributes
10-16 23:15:09.547  2086  2086 E SecVibrator-HAL-AIDL-CORE: Vibrator set external control: 0
10-16 23:15:09.549  2041  3326 E AHAL_StreamIn_QTI: updateMetadataCommon : usecase: PCM_RECORD IoHandle:21726: stream was closed
10-16 23:15:09.551  2041 15990 E PAL: StreamPCM: stop: 738: In PAL_AUDIO_INPUT case, device count - 1
10-16 23:15:09.558  8275  8275 E BWU@DspControlUtil: Ph_OnServiceStateChanged 0 [main] 
10-16 23:15:09.560  2041  2048 E AHAL_StreamIn_QTI: updateMetadataCommon : usecase: PCM_RECORD IoHandle:21726: stream was closed
10-16 23:15:09.560  2041  2048 E AHAL_Platform_QTI: configureAndFetchPalDevices the set devices is empty
10-16 23:15:09.560  2041  2048 E AHAL_Platform_QTI: configureSecPalDevicesForCapture the set devices is empty
10-16 23:15:09.574  2041 16896 E PAL: CustomVAInterface: SetParameter: 211: Unsupported param id 2
10-16 23:15:10.031  2061  2207 E PERFHAL-RESOURCEQS: PERFHAL-RESOURCEQS: AddAndApply() 159: Failed to apply optimization [10, 9]
10-16 23:15:10.032  2706  4754 E ActivityTaskManager: Checking for the Active launch isPkgEverLaunched :false, isPkgStopped : true, isPkgSuspended : false
10-16 23:15:10.033  5804 16031 E pageboostd: alp start : app ukcoeemyee
10-16 23:15:10.066  2193  5455 E NativeCustomFrequencyManager: [NativeCFMS] BpCustomFrequencyManager::acquire()
10-16 23:15:10.101  5804 16031 E pageboostd: aal_prefetch_file alp wrong file name:/data/app/~~gOEedBrE_A_qaRlw7mYKxQ==/uk.co.ee.myee-k4BLm2AYynRpocTkU9ytJA==/oat/arm64/base.odex
10-16 23:15:10.101  5804 16031 E pageboostd: ukcoeemyee, amt 73294012 scnt 1 fcnt 1
10-16 23:15:10.101  5804 16031 E pageboostd: ukcoeemyee, amt 0 scnt 0 fcnt 0
10-16 23:15:10.101  5804 16031 E pageboostd: alp end : app ukcoeemyee data_amount 73294012
10-16 23:15:10.133  5804  5804 E pageboostd: Received HALT command code 2
10-16 23:15:10.136  2070  2162 E BatteryDump: !@new_battery_dump : 4265,-1185,100,100,91,310,316,332,310,0,328,332,0,Discharging,NO_CHARGING,None,Good,NONE,0,Normal,0,0,9300,0x40000000,0x10000,0x0,0,0,573,v0002,0000,0000,00000000,0,0,0,0,47,4320,8926,980,0,
10-16 23:15:10.470  2706 11088 E ArtService: Failed to get dexopt status [packageName = com.android.vending, dexPath = /data/user/0/com.android.vending/app_dg_cache/9248E2EB4FD212194D67CB9BB4B409F49C0E2090/the.apk, isa = arm64, classLoaderContext = PCL[];PCL[/data/app/~~TYEZ77jlb9K8DF2JA093ww==/com.android.vending-FL1L8NRe0lrSgvMFyQjX9g==/base.apk]{PCL[/system/framework/org.apache.http.legacy.jar]#PCL[/system_ext/framework/androidx.window.extensions.jar]#PCL[/system_ext/framework/androidx.window.sidecar.jar]}]
10-16 23:15:10.470  2706 11088 E ArtService: android.os.ServiceSpecificException: Failed to create OatFileAssistant: Failed to load class loader context files for '/data/user/0/com.android.vending/app_dg_cache/9248E2EB4FD212194D67CB9BB4B409F49C0E2090/the.apk' with context 'PCL[];PCL[/data/app/~~TYEZ77jlb9K8DF2JA093ww==/com.android.vending-FL1L8NRe0lrSgvMFyQjX9g==/base.apk]{PCL[/system/framework/org.apache.http.legacy.jar]#PCL[/system_ext/framework/androidx.window.extensions.jar]#PCL[/system_ext/framework/androidx.window.sidecar.jar]}' (code 1)
10-16 23:15:10.470  2706 11088 E ArtService: 	at android.os.Parcel.createExceptionOrNull(Parcel.java:3271)
10-16 23:15:10.470  2706 11088 E ArtService: 	at android.os.Parcel.createException(Parcel.java:3241)
10-16 23:15:10.470  2706 11088 E ArtService: 	at android.os.Parcel.readException(Parcel.java:3224)
10-16 23:15:10.470  2706 11088 E ArtService: 	at android.os.Parcel.readException(Parcel.java:3166)
10-16 23:15:10.470  2706 11088 E ArtService: 	at com.android.server.art.IArtd$Stub$Proxy.getDexoptStatus(IArtd.java:880)
10-16 23:15:10.470  2706 11088 E ArtService: 	at com.android.server.art.ArtFileManager.getUsableArtifacts(ArtFileManager.java:153)
10-16 23:15:10.470  2706 11088 E ArtService: 	at com.android.server.art.ArtManagerLocal.getArtManagedFileStats(ArtManagerLocal.java:1056)
10-16 23:15:10.470  2706 11088 E ArtService: 	at com.android.server.usage.StorageStatsService.computeAppStatsByDataTypes(qb/98980305 0b399ac4d289e3f0315d1f7beced4a500f214af83d2ed90ff6fd71a0c4d5f1b4:75)
10-16 23:15:10.470  2706 11088 E ArtService: 	at com.android.server.usage.StorageStatsService.queryStatsForUid(qb/98980305 0b399ac4d289e3f0315d1f7beced4a500f214af83d2ed90ff6fd71a0c4d5f1b4:138)
10-16 23:15:10.470  2706 11088 E ArtService: 	at com.android.server.usage.StorageStatsService.queryStatsForPackage(qb/98980305 0b399ac4d289e3f0315d1f7beced4a500f214af83d2ed90ff6fd71a0c4d5f1b4:83)
10-16 23:15:10.470  2706 11088 E ArtService: 	at android.app.usage.IStorageStatsManager$Stub.onTransact(IStorageStatsManager.java:265)
10-16 23:15:10.470  2706 11088 E ArtService: 	at android.os.Binder.execTransactInternal(Binder.java:1536)
10-16 23:15:10.470  2706 11088 E ArtService: 	at android.os.Binder.execTransact(Binder.java:1480)
10-16 23:15:10.574 15107 16036 E artd    : Unable to resolve path '/data/app/~~73DJG9Yzmkf6A1A4JGZPiw==/com.google.android.youtube-m6EeSrHgJ9GBIVcFIaFqbQ==/base.apk': No such file or directory
10-16 23:15:10.574  2706  2721 E ArtService: Failed to get dexopt status [packageName = com.google.android.youtube, dexPath = /data/user/0/com.google.android.youtube/app_dg_cache/714F40BB5B51B226D2D9A2B8B0995CEE903A47C2/the.apk, isa = arm64, classLoaderContext = PCL[];PCL[/data/app/~~cNTzdbt2aV4kG_IhyU99Gw==/com.google.android.youtube-Kn9XUdRERJtdrlFXvDpD5g==/base.apk]{PCL[/system/framework/org.apache.http.legacy.jar]#PCL[/system_ext/framework/androidx.window.extensions.jar]#PCL[/system_ext/framework/androidx.window.sidecar.jar]}]
10-16 23:15:10.574  2706  2721 E ArtService: android.os.ServiceSpecificException: Failed to create OatFileAssistant: Failed to load class loader context files for '/data/user/0/com.google.android.youtube/app_dg_cache/714F40BB5B51B226D2D9A2B8B0995CEE903A47C2/the.apk' with context 'PCL[];PCL[/data/app/~~cNTzdbt2aV4kG_IhyU99Gw==/com.google.android.youtube-Kn9XUdRERJtdrlFXvDpD5g==/base.apk]{PCL[/system/framework/org.apache.http.legacy.jar]#PCL[/system_ext/framework/androidx.window.extensions.jar]#PCL[/system_ext/framework/androidx.window.sidecar.jar]}' (code 1)
10-16 23:15:10.574  2706  2721 E ArtService: 	at android.os.Parcel.createExceptionOrNull(Parcel.java:3271)
10-16 23:15:10.574  2706  2721 E ArtService: 	at android.os.Parcel.createException(Parcel.java:3241)
10-16 23:15:10.574  2706  2721 E ArtService: 	at android.os.Parcel.readException(Parcel.java:3224)
10-16 23:15:10.574  2706  2721 E ArtService: 	at android.os.Parcel.readException(Parcel.java:3166)
10-16 23:15:10.574  2706  2721 E ArtService: 	at com.android.server.art.IArtd$Stub$Proxy.getDexoptStatus(IArtd.java:880)
10-16 23:15:10.574  2706  2721 E ArtService: 	at com.android.server.art.ArtFileManager.getUsableArtifacts(ArtFileManager.java:153)
10-16 23:15:10.574  2706  2721 E ArtService: 	at com.android.server.art.ArtManagerLocal.getArtManagedFileStats(ArtManagerLocal.java:1056)
10-16 23:15:10.574  2706  2721 E ArtService: 	at com.android.server.usage.StorageStatsService.computeAppStatsByDataTypes(qb/98980305 0b399ac4d289e3f0315d1f7beced4a500f214af83d2ed90ff6fd71a0c4d5f1b4:75)
10-16 23:15:10.574  2706  2721 E ArtService: 	at com.android.server.usage.StorageStatsService.queryStatsForUid(qb/98980305 0b399ac4d289e3f0315d1f7beced4a500f214af83d2ed90ff6fd71a0c4d5f1b4:138)
10-16 23:15:10.574  2706  2721 E ArtService: 	at com.android.server.usage.StorageStatsService.queryStatsForPackage(qb/98980305 0b399ac4d289e3f0315d1f7beced4a500f214af83d2ed90ff6fd71a0c4d5f1b4:83)
10-16 23:15:10.574  2706  2721 E ArtService: 	at android.app.usage.IStorageStatsManager$Stub.onTransact(IStorageStatsManager.java:265)
10-16 23:15:10.574  2706  2721 E ArtService: 	at android.os.Binder.execTransactInternal(Binder.java:1536)
10-16 23:15:10.574  2706  2721 E ArtService: 	at android.os.Binder.execTransact(Binder.java:1480)
10-16 23:15:10.574  2706  2721 E ArtService: Failed to get dexopt status [packageName = com.google.android.youtube, dexPath = /data/user/0/com.google.android.youtube/app_pccache/5/A410D6CBF665646817609CD2009C03000EA43564/pcam.jar, isa = arm64, classLoaderContext = PCL[];PCL[/data/app/~~73DJG9Yzmkf6A1A4JGZPiw==/com.google.android.youtube-m6EeSrHgJ9GBIVcFIaFqbQ==/base.apk]{PCL[/system/framework/org.apache.http.legacy.jar]#PCL[/system_ext/framework/androidx.window.extensions.jar]#PCL[/system_ext/framework/androidx.window.sidecar.jar]}]
10-16 23:15:10.574  2706  2721 E ArtService: android.os.ServiceSpecificException: Failed to create OatFileAssistant: Failed to load class loader context files for '/data/user/0/com.google.android.youtube/app_pccache/5/A410D6CBF665646817609CD2009C03000EA43564/pcam.jar' with context 'PCL[];PCL[/data/app/~~73DJG9Yzmkf6A1A4JGZPiw==/com.google.android.youtube-m6EeSrHgJ9GBIVcFIaFqbQ==/base.apk]{PCL[/system/framework/org.apache.http.legacy.jar]#PCL[/system_ext/framework/androidx.window.extensions.jar]#PCL[/system_ext/framework/androidx.window.sidecar.jar]}' (code 1)
10-16 23:15:10.574  2706  2721 E ArtService: 	at android.os.Parcel.createExceptionOrNull(Parcel.java:3271)
10-16 23:15:10.574  2706  2721 E ArtService: 	at android.os.Parcel.createException(Parcel.java:3241)
10-16 23:15:10.574  2706  2721 E ArtService: 	at android.os.Parcel.readException(Parcel.java:3224)
10-16 23:15:10.574  2706  2721 E ArtService: 	at android.os.Parcel.readException(Parcel.java:3166)
10-16 23:15:10.574  2706  2721 E ArtService: 	at com.android.server.art.IArtd$Stub$Proxy.getDexoptStatus(IArtd.java:880)
10-16 23:15:10.574  2706  2721 E ArtService: 	at com.android.server.art.ArtFileManager.getUsableArtifacts(ArtFileManager.java:153)
10-16 23:15:10.574  2706  2721 E ArtService: 	at com.android.server.art.ArtManagerLocal.getArtManagedFileStats(ArtManagerLocal.java:1056)
10-16 23:15:10.574  2706  2721 E ArtService: 	at com.android.server.usage.StorageStatsService.computeAppStatsByDataTypes(qb/98980305 0b399ac4d289e3f0315d1f7beced4a500f214af83d2ed90ff6fd71a0c4d5f1b4:75)
10-16 23:15:10.574  2706  2721 E ArtService: 	at com.android.server.usage.StorageStatsService.queryStatsForUid(qb/98980305 0b399ac4d289e3f0315d1f7beced4a500f214af83d2ed90ff6fd71a0c4d5f1b4:138)
10-16 23:15:10.574  2706  2721 E ArtService: 	at com.android.server.usage.StorageStatsService.queryStatsForPackage(qb/98980305 0b399ac4d289e3f0315d1f7beced4a500f214af83d2ed90ff6fd71a0c4d5f1b4:83)
10-16 23:15:10.574  2706  2721 E ArtService: 	at android.app.usage.IStorageStatsManager$Stub.onTransact(IStorageStatsManager.java:265)
10-16 23:15:10.574  2706  2721 E ArtService: 	at android.os.Binder.execTransactInternal(Binder.java:1536)
10-16 23:15:10.574  2706  2721 E ArtService: 	at android.os.Binder.execTransact(Binder.java:1480)
10-16 23:15:10.722  2706 11088 E ActivityTaskManager: Checking for the Active launch isPkgEverLaunched :false, isPkgStopped : true, isPkgSuspended : false
10-16 23:15:10.722  2706 11088 E ActivityTaskManager: Checking for the Active launch getApplicationEnabledSetting
10-16 23:15:10.722  5804 16037 E pageboostd: alp start : app commembrjdgyms
10-16 23:15:10.723  5804 16037 E pageboostd: commembrjdgyms, amt 0 scnt 0 fcnt 0
10-16 23:15:10.723  5804 16037 E pageboostd: commembrjdgyms, amt 0 scnt 0 fcnt 0
10-16 23:15:10.723  5804 16037 E pageboostd: alp end : app commembrjdgyms data_amount 0
10-16 23:15:10.822  5804  5804 E pageboostd: Received HALT command code 2
10-16 23:15:11.460  2041  3292 E PAL: ResourceManager: resetStreamInstanceID: 13436: Invalid Stream Instance ID
10-16 23:15:11.587  2706 11088 E ActivityTaskManager: Checking for the Active launch getApplicationEnabledSetting
10-16 23:15:11.587  5804 16048 E pageboostd: alp start : app comfitxrmobile
10-16 23:15:11.592  5804 16048 E pageboostd: comfitxrmobile, amt 2158684 scnt 3 fcnt 0
10-16 23:15:11.592  5804 16048 E pageboostd: comfitxrmobile, amt 0 scnt 0 fcnt 0
10-16 23:15:11.592  5804 16048 E pageboostd: alp end : app comfitxrmobile data_amount 2158684
10-16 23:15:11.609  2193  5455 E NativeCustomFrequencyManager: [NativeCFMS] BpCustomFrequencyManager::acquire()
10-16 23:15:11.688  5804  5804 E pageboostd: Received HALT command code 2
10-16 23:15:12.167  2156  2156 E ConversionHelperAidl: Function: parseAndSetVendorParameters Line: 94 Failed 
10-16 23:15:12.167  2156  2156 E ConversionHelperAidl: Function: parseAndSetVendorParameters Line: 94 Failed 
10-16 23:15:12.167  2156  2156 E ConversionHelperAidl: Function: parseAndSetVendorParameters Line: 94 Failed 
10-16 23:15:12.167  2156  2156 E ConversionHelperAidl: Function: parseAndSetVendorParameters Line: 94 Failed 
10-16 23:15:12.246  5804 16053 E pageboostd: alp start : app commarksandspencerapp
10-16 23:15:12.282  5804 16053 E pageboostd: commarksandspencerapp, amt 32016332 scnt 4 fcnt 0
10-16 23:15:12.285 16054 16054 E sandspencer.app: Not starting debugger since process cannot load the jdwp agent.
10-16 23:15:12.286  5804 16053 E pageboostd: commarksandspencerapp, amt 4165632 scnt 15 fcnt 63
10-16 23:15:12.286  5804 16053 E pageboostd: alp end : app commarksandspencerapp data_amount 36181964
10-16 23:15:12.345  5804  5804 E pageboostd: Received HALT command code 2
10-16 23:15:12.559 16054 16175 E GoogleApiManager: Failed to get service from broker. 
10-16 23:15:12.559 16054 16175 E GoogleApiManager: java.lang.SecurityException: Unknown calling package name 'com.google.android.gms'.
10-16 23:15:12.559 16054 16175 E GoogleApiManager: 	at android.os.Parcel.createExceptionOrNull(Parcel.java:3257)
10-16 23:15:12.559 16054 16175 E GoogleApiManager: 	at android.os.Parcel.createException(Parcel.java:3241)
10-16 23:15:12.559 16054 16175 E GoogleApiManager: 	at android.os.Parcel.readException(Parcel.java:3224)
10-16 23:15:12.559 16054 16175 E GoogleApiManager: 	at android.os.Parcel.readException(Parcel.java:3166)
10-16 23:15:12.559 16054 16175 E GoogleApiManager: 	at bbrc.a(:com.google.android.gms@254031035@25.40.31 (260400-816341114):36)
10-16 23:15:12.559 16054 16175 E GoogleApiManager: 	at bbpd.z(:com.google.android.gms@254031035@25.40.31 (260400-816341114):143)
10-16 23:15:12.559 16054 16175 E GoogleApiManager: 	at bavu.run(:com.google.android.gms@254031035@25.40.31 (260400-816341114):42)
10-16 23:15:12.559 16054 16175 E GoogleApiManager: 	at android.os.Handler.handleCallback(Handler.java:959)
10-16 23:15:12.559 16054 16175 E GoogleApiManager: 	at android.os.Handler.dispatchMessage(Handler.java:100)
10-16 23:15:12.559 16054 16175 E GoogleApiManager: 	at cmsh.mC(:com.google.android.gms@254031035@25.40.31 (260400-816341114):1)
10-16 23:15:12.559 16054 16175 E GoogleApiManager: 	at cmsh.dispatchMessage(:com.google.android.gms@254031035@25.40.31 (260400-816341114):5)
10-16 23:15:12.559 16054 16175 E GoogleApiManager: 	at android.os.Looper.loopOnce(Looper.java:257)
10-16 23:15:12.559 16054 16175 E GoogleApiManager: 	at android.os.Looper.loop(Looper.java:342)
10-16 23:15:12.559 16054 16175 E GoogleApiManager: 	at android.os.HandlerThread.run(HandlerThread.java:85)
10-16 23:15:13.128  2706  4754 E ActivityTaskManager: Checking for the Active launch isPkgEverLaunched :false, isPkgStopped : true, isPkgSuspended : false
10-16 23:15:13.128  2706  4754 E ActivityTaskManager: Checking for the Active launch getApplicationEnabledSetting
10-16 23:15:13.129  5804 16183 E pageboostd: alp start : app comlandroveriguideapp
10-16 23:15:13.143  5804 16183 E pageboostd: aal_prefetch_file alp wrong file name:/data/app/~~r-HaQ9uuGZ7MsP9NcGM71g==/com.landrover.iguideapp-DPEPvIOUacFSj1kO5LfsBg==/oat/arm64/base.odex
10-16 23:15:13.143  5804 16183 E pageboostd: comlandroveriguideapp, amt 11727964 scnt 1 fcnt 1
10-16 23:15:13.143  5804 16183 E pageboostd: comlandroveriguideapp, amt 0 scnt 0 fcnt 0
10-16 23:15:13.143  5804 16183 E pageboostd: alp end : app comlandroveriguideapp data_amount 11727964
10-16 23:15:13.157  2193  5455 E NativeCustomFrequencyManager: [NativeCFMS] BpCustomFrequencyManager::acquire()
10-16 23:15:13.228  5804  5804 E pageboostd: Received HALT command code 2
10-16 23:15:14.100  5804  5804 E pageboostd: Received HALT command code 2
10-16 23:15:14.102  5804  5804 E pageboostd: Received HALT command code 2
10-16 23:15:14.154  2193  2193 E SurfaceFlinger: alpha changed 1.000 -> 0.000 - Surface(name=Task=4787)/@0x2d68ee6_transition-leash#285568
10-16 23:15:14.203  2193  2193 E SurfaceFlinger: alpha changed 0.000 -> 0.032 - Surface(name=Task=4787)/@0x2d68ee6_transition-leash#285568
10-16 23:15:14.235 12766 16220 E AtomicFile: Failed to rename /data/user_de/0/com.samsung.android.honeyboard/files/selected.json.new to /data/user_de/0/com.samsung.android.honeyboard/files/selected.json
10-16 23:15:14.237  2193  2193 E SurfaceFlinger: alpha changed 1.000 -> 0.000 - Surface(name=5728d3c InputMethod)/@0xc61c1a - animation-leash of insets_animation#285572
10-16 23:15:14.244 16219 16219 E ungpassautofill: Not starting debugger since process cannot load the jdwp agent.
10-16 23:15:14.353  2193  2193 E SurfaceFlinger: alpha changed 0.000 -> 1.000 - Surface(name=5728d3c InputMethod)/@0xc61c1a - animation-leash of insets_animation#285572
10-16 23:15:14.395 16219 16219 E [PASS][SPAF]AutofillService: No valid parsed autofill fields
10-16 23:15:14.522  2706 11083 E WindowManager: win=Window{37e49e9 u0 com.sec.android.app.launcher/com.sec.android.app.launcher.activities.LauncherActivity} destroySurfaces: appStopped=true cleanupOnResume=false win.mWindowRemovalAllowed=false win.mRemoveOnExit=false win.mViewVisibility=8 caller=com.android.server.wm.ActivityRecord.destroySurfaces:25 com.android.server.wm.ActivityRecord.activityStopped:184 com.android.server.wm.ActivityClientController.activityStopped:95 android.app.IActivityClientController$Stub.onTransact:722 com.android.server.wm.ActivityClientController.onTransact:1 android.os.Binder.execTransactInternal:1541 android.os.Binder.execTransact:1480 
10-16 23:15:14.522  2706  3938 E WindowManager: win=Window{469c630 u0 com.sec.android.app.launcher/com.sec.android.app.launcher.activities.LauncherActivity} destroySurfaces: appStopped=true cleanupOnResume=false win.mWindowRemovalAllowed=false win.mRemoveOnExit=false win.mViewVisibility=8 caller=com.android.server.wm.WindowManagerService.tryStartExitingAnimation:147 com.android.server.wm.WindowManagerService.relayoutWindowInner:112 com.android.server.wm.WindowManagerService.relayoutWindow:6 com.android.server.wm.Session.relayout:27 android.view.IWindowSession$Stub.onTransact:861 com.android.server.wm.Session.onTransact:1 android.os.Binder.execTransactInternal:1536 
10-16 23:15:17.108  2706 11057 E TaskPersister: File error accessing recents directory (directory doesn't exist?).
10-16 23:15:17.697  2706  3069 E Watchdog: !@Sync: 26292 heap(MB): 219 / 226 FD: 1470 [2025-10-16 23:15:17.697]
10-16 23:15:20.061  4753  6636 E BtGatt.GattService: [GSIM LOG]: gsimLogHandler, msg: MESSAGE_ADV_SET_STOP, appName: com.google.android.gms, id: 1, isLegacy: true
10-16 23:15:20.063  4753  6636 E BtGatt.GattService: [GSIM LOG]: gsimLogHandler, msg: MESSAGE_ADV_SET_STOP, appName: com.google.android.gms, id: 3, isLegacy: false
10-16 23:15:20.082  4753  6636 E BtGatt.GattService: [GSIM LOG]: gsimLogHandler, msg: MESSAGE_ADV_SET_START, appName: com.google.android.gms, id: 1, isLegacy: true
10-16 23:15:20.094 26506  6352 E NearbyMediums: MEDIUM_ERROR [SYSTEM][WIFI_LAN][START_LISTENING_INCOMING_CONNECTION][ACCEPT_CONNECTION_FAILED][SOCKET_CLOSED], service-id=NearbySharing
10-16 23:15:20.094 26506  6352 E NearbyMediums: Extra Sensitive/PII message : Socket closed
10-16 23:15:20.109  4753  6636 E BtGatt.GattService: [GSIM LOG]: gsimLogHandler, msg: MESSAGE_ADV_SET_START, appName: com.google.android.gms, id: 2, isLegacy: false
10-16 23:15:20.112  4753  6636 E BtGatt.GattService: [GSIM LOG]: gsimLogHandler, msg: MESSAGE_ADV_SET_START, appName: com.google.android.gms, id: 3, isLegacy: true
10-16 23:15:21.078  2193  2193 E SurfaceFlinger: alpha changed 1.000 -> 0.000 - DimTransitionLayer for Surface(name=ActivityRecord{302cb6c u0 com.whatsapp/.Conversation t4787})/@0x8ee28c2#285579
10-16 23:15:21.095  2193  2193 E SurfaceFlinger: alpha changed 0.000 -> 0.180 - DimTransitionLayer for Surface(name=ActivityRecord{302cb6c u0 com.whatsapp/.Conversation t4787})/@0x8ee28c2#285579
10-16 23:15:21.127 16339 16339 E llivoiceservice: Not starting debugger since process cannot load the jdwp agent.
10-16 23:15:21.137 16341 16341 E isual.cloudcore: Not starting debugger since process cannot load the jdwp agent.
10-16 23:15:21.145  2193  2193 E SurfaceFlinger: alpha changed 1.000 -> 0.000 - Surface(name=5728d3c InputMethod)/@0xc61c1a - animation-leash of insets_animation#285580
10-16 23:15:21.261  2193  2193 E SurfaceFlinger: alpha changed 0.020 -> 0.000 - DimTransitionLayer for Surface(name=ActivityRecord{302cb6c u0 com.whatsapp/.Conversation t4787})/@0x8ee28c2#285579
10-16 23:15:21.262  2193  2193 E SurfaceFlinger: alpha changed 0.000 -> 0.000 - DimTransitionLayer for Surface(name=ActivityRecord{302cb6c u0 com.whatsapp/.Conversation t4787})/@0x8ee28c2#285579
10-16 23:15:21.477  2706  4967 E WindowManager: win=Window{5728d3c u0 InputMethod} destroySurfaces: appStopped=true cleanupOnResume=false win.mWindowRemovalAllowed=false win.mRemoveOnExit=false win.mViewVisibility=8 caller=com.android.server.wm.WindowManagerService.tryStartExitingAnimation:147 com.android.server.wm.WindowManagerService.relayoutWindowInner:112 com.android.server.wm.WindowManagerService.relayoutWindow:6 com.android.server.wm.Session.relayout:27 android.view.IWindowSession$Stub.onTransact:861 com.android.server.wm.Session.onTransact:1 android.os.Binder.execTransactInternal:1541 
10-16 23:15:21.564 15368 15368 E DWBg    : LocalPkgManager MemoryTrimmable
10-16 23:15:21.564 15368 15368 E DWBn    : UsageDataManager MemoryTrimmable
10-16 23:15:22.092  4753  6636 E BtGatt.GattService: [GSIM LOG]: gsimLogHandler, msg: MESSAGE_ADV_SET_STOP, appName: com.google.android.gms, id: 1, isLegacy: true
10-16 23:15:22.199  2156  2242 E ConversionHelperAidl: Function: parseAndSetVendorParameters Line: 94 Failed 
10-16 23:15:22.199  2156  2242 E ConversionHelperAidl: Function: parseAndSetVendorParameters Line: 94 Failed 
10-16 23:15:22.201  2156  2242 E ConversionHelperAidl: Function: parseAndSetVendorParameters Line: 94 Failed 
10-16 23:15:22.201  2156  2242 E ConversionHelperAidl: Function: parseAndSetVendorParameters Line: 94 Failed 
10-16 23:15:22.465  5804  5804 E pageboostd: Received HALT command code 2
10-16 23:15:22.485 32596 32596 E com.whatsapp: Invalid resource ID 0x00000000.
10-16 23:15:22.485 32596 32596 E com.whatsapp: Invalid resource ID 0x00000000.
10-16 23:15:22.485 32596 32596 E com.whatsapp: Invalid resource ID 0x00000000.
10-16 23:15:22.485 32596 32596 E com.whatsapp: Invalid resource ID 0x00000000.
10-16 23:15:22.485 32596 32596 E com.whatsapp: Invalid resource ID 0x00000000.
10-16 23:15:22.486 32596 32596 E com.whatsapp: Invalid resource ID 0x00000000.
10-16 23:15:22.486 32596 32596 E com.whatsapp: Invalid resource ID 0x00000000.
10-16 23:15:22.486 32596 32596 E com.whatsapp: Invalid resource ID 0x00000000.
10-16 23:15:22.486 32596 32596 E com.whatsapp: Invalid resource ID 0x00000000.
10-16 23:15:22.486 32596 32596 E com.whatsapp: Invalid resource ID 0x00000000.
10-16 23:15:22.486 32596 32596 E com.whatsapp: Invalid resource ID 0x00000000.
10-16 23:15:22.486 32596 32596 E com.whatsapp: Invalid resource ID 0x00000000.
10-16 23:15:22.486 32596 32596 E com.whatsapp: Invalid resource ID 0x00000000.
10-16 23:15:22.486 32596 32596 E com.whatsapp: Invalid resource ID 0x00000000.
10-16 23:15:22.486 32596 32596 E com.whatsapp: Invalid resource ID 0x00000000.
10-16 23:15:22.486 32596 32596 E com.whatsapp: Invalid resource ID 0x00000000.
10-16 23:15:22.486 32596 32596 E com.whatsapp: Invalid resource ID 0x00000000.
10-16 23:15:22.486 32596 32596 E com.whatsapp: Invalid resource ID 0x00000000.
10-16 23:15:22.502  2706  2706 E NotificationRecordLogger: Unexpected reason: 24 with surface 0
10-16 23:15:22.546  5804  5804 E pageboostd: Received HALT command code 2
10-16 23:15:22.560  2193  2193 E SurfaceFlinger: alpha changed 1.000 -> 0.000 - DimTransitionLayer for Surface(name=ActivityRecord{82bc3d1 u0 com.whatsapp/.Conversation t4787})/@0x9425f6c#285588
10-16 23:15:22.560  2193  2193 E SurfaceFlinger: alpha changed 1.000 -> 0.000 - ActivityRecord{82bc3d1 u0 com.whatsapp/.Conversation t4787}#285582
10-16 23:15:22.560  2193  2193 E SurfaceFlinger: alpha changed 0.000 -> 1.000 - ActivityRecord{82bc3d1 u0 com.whatsapp/.Conversation t4787}#285582
10-16 23:15:22.560  2193  2193 E SurfaceFlinger: alpha changed 0.000 -> 0.000 - DimTransitionLayer for Surface(name=ActivityRecord{82bc3d1 u0 com.whatsapp/.Conversation t4787})/@0x9425f6c#285588
10-16 23:15:22.593  2193  2193 E SurfaceFlinger: alpha changed 0.000 -> 0.019 - DimTransitionLayer for Surface(name=ActivityRecord{82bc3d1 u0 com.whatsapp/.Conversation t4787})/@0x9425f6c#285588
10-16 23:15:22.643  2193  2193 E SurfaceFlinger: alpha changed 1.000 -> 0.000 - Surface(name=5728d3c InputMethod)/@0xc61c1a - animation-leash of insets_animation#285590
10-16 23:15:23.078  2706  4754 E WindowManager: win=Window{7205a4d u0 com.whatsapp/com.whatsapp.home.ui.HomeActivity} destroySurfaces: appStopped=true cleanupOnResume=false win.mWindowRemovalAllowed=false win.mRemoveOnExit=false win.mViewVisibility=8 caller=com.android.server.wm.ActivityRecord.destroySurfaces:25 com.android.server.wm.ActivityRecord.activityStopped:184 com.android.server.wm.ActivityClientController.activityStopped:95 android.app.IActivityClientController$Stub.onTransact:722 com.android.server.wm.ActivityClientController.onTransact:1 android.os.Binder.execTransactInternal:1541 android.os.Binder.execTransact:1480 
10-16 23:15:23.689  5804  5804 E pageboostd: Received HALT command code 2
10-16 23:15:23.701  2061  2207 E PERFHAL-RESOURCEQS: PERFHAL-RESOURCEQS: AddAndApply() 159: Failed to apply optimization [10, 8]
10-16 23:15:23.709 10819 16431 E Adreno-AppProfiles: QSPM AIDL service doesn't exist
10-16 23:15:23.727  5804  5804 E pageboostd: Received HALT command code 2
10-16 23:15:23.770  4370  4370 E {OngoingActivityController}: getTaskInfo find task 4793 fail. taskInfoList.size:3
10-16 23:15:23.791  2193  2193 E SurfaceFlinger: alpha changed 1.000 -> 0.000 - DimTransitionLayer for Surface(name=Task=4794)/@0x77a03cc#285601
10-16 23:15:23.791  2193  2193 E SurfaceFlinger: alpha changed 1.000 -> 0.000 - Task=4794#285593
10-16 23:15:23.791  2193  2193 E SurfaceFlinger: alpha changed 0.000 -> 1.000 - Task=4794#285593
10-16 23:15:23.791  2193  2193 E SurfaceFlinger: alpha changed 0.000 -> 0.000 - DimTransitionLayer for Surface(name=Task=4794)/@0x77a03cc#285601
10-16 23:15:23.824  2193  2193 E SurfaceFlinger: alpha changed 0.000 -> 0.020 - DimTransitionLayer for Surface(name=Task=4794)/@0x77a03cc#285601
10-16 23:15:23.836  2156  2156 E ConversionHelperAidl: Function: parseAndSetVendorParameters Line: 94 Failed 
10-16 23:15:23.836  2156  2156 E ConversionHelperAidl: Function: parseAndSetVendorParameters Line: 94 Failed 
10-16 23:15:23.844 10819 10819 E GlobalConfigManager: Incorrect type to request read_highlights_aloud
10-16 23:15:23.851  2706 11083 E DarManagerService_SDP: SDP not supported
10-16 23:15:23.859 10819 10819 E GlobalConfigManager: Incorrect type to request read_highlights_aloud
10-16 23:15:23.872  2706  3124 E AppWidgetXmlUtil: Label is empty in ComponentInfo{com.samsung.android.app.spage/com.samsung.android.app.spage.news.ui.widget.NewsWidgetReceiverCover}
10-16 23:15:23.883 16455 16455 E pp.parentalcare: Not starting debugger since process cannot load the jdwp agent.
10-16 23:15:23.889 10819 10819 E TabActivity: Terrace isn't ready to setDexMode
10-16 23:15:23.928 10819 10819 E id.app.sbrowser: Unable to open libpenguin.so: dlopen failed: library "libpenguin.so" not found.
10-16 23:15:23.945  5804  5804 E pageboostd: Received HALT command code 2
10-16 23:15:23.967 10819 10819 E TerraceSmartProtectManager: error in getFeatureLevel: org.json.JSONException: No value for plugin_fp_protection
10-16 23:15:23.970 10819 10819 E PrivacyPassAttesterManager: PAT Service not yet binded
10-16 23:15:23.976 10819 10819 E SamsungAnalytics605079: Failure to build Log : Event name cannot be null
10-16 23:15:23.982 10819 10819 E SixBlocklistData: isBlockedByBlocklist: no blocklist was stored
10-16 23:15:23.983 10819 10819 E SixPkgUpdater: getInstalledPkgList - No corresponding pkg exists. Aborting!
10-16 23:15:23.984 10819 10819 E SixDefaultExtLoader: checkUpdates - no default ext to install
10-16 23:15:23.984 10819 10819 E SixAppDataUpdater: updateAppsWithMapToInstall - No mapToInstall to update. Aborting.
10-16 23:15:23.989 16513 16513 E ateaccesstokens: Not starting debugger since process cannot load the jdwp agent.
10-16 23:15:23.990 10819 10819 E GlobalConfigManager: Incorrect type to request read_highlights_aloud
10-16 23:15:23.997 10819 10819 E GlobalConfigManager: Incorrect type to request read_highlights_aloud
10-16 23:15:24.004 10819 16481 E ParentalControlStatusManager: isMinorAccount Failed: This device doesn't support this feature
10-16 23:15:24.036 16554 16554 E oid.apps.photos: Not starting debugger since process cannot load the jdwp agent.
10-16 23:15:24.037 10819 10819 E id.app.sbrowser: ----- class 'Lcom/samsung/android/vexfwk/bitmap/VexFwkBitmap;' cl=0x2018bf0 -----
10-16 23:15:24.037 10819 10819 E id.app.sbrowser:   objectSize=221 (216 from super)
10-16 23:15:24.037 10819 10819 E id.app.sbrowser:   access=0x0000.0011
10-16 23:15:24.037 10819 10819 E id.app.sbrowser:   super='java.lang.Class<java.lang.Object>' (cl=0x0)
10-16 23:15:24.037 10819 10819 E id.app.sbrowser:   vtable (0 entries, 11 in super):
10-16 23:15:24.037 10819 10819 E id.app.sbrowser:   direct methods (21 entries):
10-16 23:15:24.037 10819 10819 E id.app.sbrowser:      0: void com.samsung.android.vexfwk.bitmap.VexFwkBitmap.<clinit>()
10-16 23:15:24.037 10819 10819 E id.app.sbrowser:      1: void com.samsung.android.vexfwk.bitmap.VexFwkBitmap.<init>()
10-16 23:15:24.037 10819 10819 E id.app.sbrowser:      2: void com.samsung.android.vexfwk.bitmap.VexFwkBitmap.access$copyBitmapToBitmapNative(android.graphics.Bitmap, android.graphics.Bitmap, int, int, int, int)
10-16 23:15:24.037 10819 10819 E id.app.sbrowser:      3: void com.samsung.android.vexfwk.bitmap.VexFwkBitmap.access$copyBitmapToIntArrayNative(android.graphics.Bitmap, int[], int, int, int, int)
10-16 23:15:24.037 10819 10819 E id.app.sbrowser:      4: void com.samsung.android.vexfwk.bitmap.VexFwkBitmap.access$copyByteArrayToBitmapNative(byte[], android.graphics.Bitmap, int, int, int, int, int, int)
10-16 23:15:24.037 10819 10819 E id.app.sbrowser:      5: void com.samsung.android.vexfwk.bitmap.VexFwkBitmap.access$copyIntArrayToBitmapNative2(int[], android.graphics.Bitmap, int, int, int, int, int)
10-16 23:15:24.037 10819 10819 E id.app.sbrowser:      6: android.graphics.Bitmap com.samsung.android.vexfwk.bitmap.VexFwkBitmap.convertToBitmap(byte[], android.util.Size, int, int, android.graphics.Bitmap$Config)
10-16 23:15:24.037 10819 10819 E id.app.sbrowser:      7: void com.samsung.android.vexfwk.bitmap.VexFwkBitmap.copyBitmap(android.graphics.Bitmap, android.graphics.Bitmap)
10-16 23:15:24.037 10819 10819 E id.app.sbrowser:      8: void com.samsung.android.vexfwk.bitmap.VexFwkBitmap.copyBitmap(android.graphics.Bitmap, android.graphics.Bitmap, int, int, int, int)
10-16 23:15:24.037 10819 10819 E id.app.sbrowser:      9: void com.samsung.android.vexfwk.bitmap.VexFwkBitmap.copyBitmap(android.graphics.Bitmap, android.graphics.Bitmap, android.graphics.Rect)
10-16 23:15:24.037 10819 10819 E id.app.sbrowser:     10: void com.samsung.android.vexfwk.bitmap.VexFwkBitmap.copyBitmap(android.graphics.Bitmap, int[])
10-16 23:15:24.037 10819 10819 E id.app.sbrowser:     11: void com.samsung.android.vexfwk.bitmap.VexFwkBitmap.copyBitmap(android.graphics.Bitmap, int[], int, int, int, int)
10-16 23:15:24.037 10819 10819 E id.app.sbrowser:     12: void com.samsung.android.vexfwk.bitmap.VexFwkBitmap.copyBitmap(android.graphics.Bitmap, int[], android.graphics.Rect)
10-16 23:15:24.037 10819 10819 E id.app.sbrowser:     13: void com.samsung.android.vexfwk.bitmap.VexFwkBitmap.copyBitmap(int[], android.graphics.Bitmap)
10-16 23:15:24.037 10819 10819 E id.app.sbrowser:     14: void com.samsung.android.vexfwk.bitmap.VexFwkBitmap.copyBitmap(int[], android.graphics.Bitmap, int, int, int, int, int)
10-16 23:15:24.037 10819 10819 E id.app.sbrowser:     15: void com.samsung.android.vexfwk.bitmap.VexFwkBitmap.copyBitmap(int[], android.graphics.Bitmap, android.graphics.Rect, int)
10-16 23:15:24.037 10819 10819 E id.app.sbrowser:     16: void com.samsung.android.vexfwk.bitmap.VexFwkBitmap.copyBitmapToBitmapNative(android.graphics.Bitmap, android.graphics.Bitmap, int, int, int, int)
10-16 23:15:24.037 10819 10819 E id.app.sbrowser:     17: void com.samsung.android.vexfwk.bitmap.VexFwkBitmap.copyBitmapToIntArrayNative(android.graphics.Bitmap, int[], int, int, int, int)
10-16 23:15:24.037 10819 10819 E id.app.sbrowser:     18: void com.samsung.android.vexfwk.bitmap.VexFwkBitmap.copyByteArrayToBitmapNative(byte[], android.graphics.Bitmap, int, int, int, int, int, int)
10-16 23:15:24.037 10819 10819 E id.app.sbrowser:     19: void com.samsung.android.vexfwk.bitmap.VexFwkBitmap.copyIntArrayToBitmapNative2(int[], android.graphics.Bitmap, int, int, int, int, int)
10-16 23:15:24.037 10819 10819 E id.app.sbrowser:     20: android.graphics.Bitmap com.samsung.android.vexfwk.bitmap.VexFwkBitmap.resizeBitmap(android.graphics.Bitmap, int, int)
10-16 23:15:24.037 10819 10819 E id.app.sbrowser:   fields (2 entries):
10-16 23:15:24.037 10819 10819 E id.app.sbrowser:      0: static com.samsung.android.vexfwk.bitmap.VexFwkBitmap$Companion com.samsung.android.vexfwk.bitmap.VexFwkBitmap.Companion
10-16 23:15:24.037 10819 10819 E id.app.sbrowser:      1: static boolean com.samsung.android.vexfwk.bitmap.VexFwkBitmap.m_jniLoaded
10-16 23:15:24.037 10819 10819 E id.app.sbrowser: Failed to register native method com.samsung.android.vexfwk.bitmap.VexFwkBitmap.copyIntArrayToBitmapNative([ILandroid/graphics/Bitmap;IIII)V in /data/app/~~CR3RSlfCRgDeVKHMgAS0hA==/com.sec.android.app.sbrowser-aPRCPG8HHHj1Juu3OIXhhg==/base.apk!classes4.dex
10-16 23:15:24.037 10819 10819 E VexRT   : jni_helper.h:328 registerNativeMethodsFlex: com/samsung/android/vexfwk/bitmap/VexFwkBitmap registerNativeMethods is failed but clear the exception.
10-16 23:15:24.037 10819 10819 E VexRT   : VexFwkServiceManager.cpp:81 makeConnection: Need to connect to the service...
10-16 23:15:24.047 16559 16559 E .android.scloud: Not starting debugger since process cannot load the jdwp agent.
10-16 23:15:24.050 10819 10819 E chromium: ERROR:tin_allowlist_controller.cc(244)] [IAT] Allowlist-2 not found in v0.0
10-16 23:15:24.052 10819 10819 E GlobalConfigManager: Incorrect type to request read_highlights_aloud
10-16 23:15:24.055 16455 16574 E pp.parentalcare: No package ID 6a found for resource ID 0x6a0b000f.
10-16 23:15:24.061  7112  7412 E [PASS][PASS]PartnerOperationRelay: getPassVersion : 50000
10-16 23:15:24.096 16596 16596 E ileged_process0: Not starting debugger since process cannot load the jdwp agent.
10-16 23:15:24.097  7112  7412 E [PASS][PASS]PartnerOperationRelay: getPassVersion : 50000
10-16 23:15:24.097  7112  7123 E [PASS][PASS]PartnerOperationRelay: getPassVersion : 50000
10-16 23:15:24.114  1183  1254 E keystore2: system/security/keystore2/src/error.rs:173 - Rc(r#KEY_NOT_FOUND), "system/security/keystore2/src/service.rs:167: In get_key_entry, while trying to load key info. 5009, Some(\"com.samsung.android.scloud_SERVER_CERT\")"
10-16 23:15:24.115  1183 12806 E keystore2: system/security/keystore2/src/error.rs:173 - Rc(r#KEY_NOT_FOUND), "system/security/keystore2/src/service.rs:167: In get_key_entry, while trying to load key info. 5009, Some(\"com.samsung.android.scloud_SERVER_CERT\")"
10-16 23:15:24.123 16559 16651 E [SC]SyncDependencyFactory: [E] dependency meta data not found: com.samsung.android.app.memo 
10-16 23:15:24.124 16559 16651 E [SC]SyncDependencyFactory: [E] dependency meta data not found: com.samsung.android.snote 
10-16 23:15:24.124 16559 16651 E [SC]SyncDependencyFactory: [E] dependency meta data not found: com.samsung.android.app.pinboard 
10-16 23:15:24.138 16596 16669 E chromium: ERROR:rtl.cc(154)] Failed to set the ICU default locale to . Falling back to en-US.
10-16 23:15:24.145 10819 10819 E si__MainViewImpl: onWindowFocusChanged, tab == null
10-16 23:15:24.157  1009  1532 E KeyStorage: retrieveKey : /data/misc_ce/0/vold/user_keys/391bfaf20db252e5f1d4d1a43090b5a9bdfdcff8fab6f4ad4a01043ae6a38df1/secret
10-16 23:15:24.157 12766 16709 E AtomicFile: Failed to rename /data/user_de/0/com.samsung.android.honeyboard/files/selected.json.new to /data/user_de/0/com.samsung.android.honeyboard/files/selected.json
10-16 23:15:24.164 16596 16669 E Adreno-AppProfiles: QSPM AIDL service doesn't exist
10-16 23:15:24.168  7112  7412 E [PASS][PASS]PartnerOperationRelay: getPassVersion : 50000
10-16 23:15:24.174  2193  2193 E SurfaceFlinger: alpha changed 1.000 -> 0.000 - Surface(name=5728d3c InputMethod)/@0xc61c1a - animation-leash of insets_animation#285613
10-16 23:15:24.175 16596 16669 E Adreno-AppProfiles: QSPM AIDL service doesn't exist
10-16 23:15:24.200  1193  1193 E SpuKeymasterUtils: Sanity check ok , ch [sp_keymaster].
10-16 23:15:24.230  1193  1193 E SpuKeymasterUtils: sp_ext_msg_client_send_message: rsp_hdr->msg_len: 20
10-16 23:15:24.267  1193  1193 E SpuKeymasterUtils: Sanity check ok , ch [sp_keymaster].
10-16 23:15:24.275  2706  5064 E WindowManager: win=Window{a89e572 u0 com.whatsapp/com.whatsapp.Conversation} destroySurfaces: appStopped=true cleanupOnResume=false win.mWindowRemovalAllowed=false win.mRemoveOnExit=false win.mViewVisibility=8 caller=com.android.server.wm.ActivityRecord.destroySurfaces:25 com.android.server.wm.ActivityRecord.activityStopped:184 com.android.server.wm.ActivityClientController.activityStopped:95 android.app.IActivityClientController$Stub.onTransact:722 com.android.server.wm.ActivityClientController.onTransact:1 android.os.Binder.execTransactInternal:1541 android.os.Binder.execTransact:1480 
10-16 23:15:24.283  1193  1193 E SpuKeymasterUtils: sp_ext_msg_client_send_message: rsp_hdr->msg_len: 81
10-16 23:15:24.316  1193  1193 E SpuKeymasterUtils: Sanity check ok , ch [sp_keymaster].
10-16 23:15:24.329  1193  1193 E SpuKeymasterUtils: sp_ext_msg_client_send_message: rsp_hdr->msg_len: 9
10-16 23:15:24.344  1009  1532 E KeyStorage: retrieveKey success : /data/misc_ce/0/vold/user_keys/391bfaf20db252e5f1d4d1a43090b5a9bdfdcff8fab6f4ad4a01043ae6a38df1/secret
10-16 23:15:24.349  1009  1532 E KeyStorage: retrieveKey : /data/misc_ce/0/vold/user_keys/391bfaf20db252e5f1d4d1a43090b5a9bdfdcff8fab6f4ad4a01043ae6a38df1/current
10-16 23:15:24.354  1009  1532 E KeyStorage: retrieveKey success : /data/misc_ce/0/vold/user_keys/391bfaf20db252e5f1d4d1a43090b5a9bdfdcff8fab6f4ad4a01043ae6a38df1/current
10-16 23:15:24.360  1193  1193 E SpuKeymasterUtils: Sanity check ok , ch [sp_keymaster].
10-16 23:15:24.377  1193  1193 E SpuKeymasterUtils: sp_ext_msg_client_send_message: rsp_hdr->msg_len: 8
10-16 23:15:24.391  1193  1193 E SpuKeyMasterHalDevice: abort_operation
10-16 23:15:24.391  1193  1193 E SpuKeyMasterHalDevice: ret: -28
10-16 23:15:26.036 16812 16812 E ocessService0:1: Not starting debugger since process cannot load the jdwp agent.
10-16 23:15:26.047  2706 11057 E TaskPersister: File error accessing recents directory (directory doesn't exist?).
10-16 23:15:26.139  2706  3182 E system_server: updateValue is called with a value 850100, which is lower than the previous value 850154
10-16 23:15:26.140  2706  3182 E system_server: updateValue is called with a value 3062688, which is lower than the previous value 3073764
10-16 23:15:26.448 10819 10819 E GlobalConfigManager: Incorrect type to request read_highlights_aloud
10-16 23:15:26.449 10819 10819 E SixBlocklistData: isBlockedByBlocklist: no blocklist was stored
10-16 23:15:26.449 10819 10819 E SixDefaultExtLoader: uninstallDefaultExts - no ext to uninstall
10-16 23:15:26.449 10819 10819 E SixDefaultExtLoader: installDefaultExts - no ext to install
10-16 23:15:26.452 10819 10819 E PWAStatus: PwaType : 2
10-16 23:15:26.467 10819 10819 E GlobalConfigManager: Incorrect type to request read_highlights_aloud
10-16 23:15:26.472 10819 10819 E GlobalConfigManager: Incorrect type to request read_highlights_aloud
10-16 23:15:26.949  2706  4352 E Pageboost: ioinfo read failed
10-16 23:15:32.236  2156 25962 E ConversionHelperAidl: Function: parseAndSetVendorParameters Line: 94 Failed 
10-16 23:15:32.236  2156 25962 E ConversionHelperAidl: Function: parseAndSetVendorParameters Line: 94 Failed 
10-16 23:15:32.238  2156 25962 E ConversionHelperAidl: Function: parseAndSetVendorParameters Line: 94 Failed 
10-16 23:15:32.238  2156 25962 E ConversionHelperAidl: Function: parseAndSetVendorParameters Line: 94 Failed 
10-16 23:15:33.135  5804  5804 E pageboostd: Received HALT command code 2
10-16 23:15:33.138  5804  5804 E pageboostd: Received HALT command code 2
10-16 23:15:33.150  2061  2207 E PERFHAL-RESOURCEQS: PERFHAL-RESOURCEQS: AddAndApply() 159: Failed to apply optimization [10, 8]
10-16 23:15:33.178 10819 10819 E PWAStatus: PwaType : 2
10-16 23:15:33.182 10819 10819 E GlobalConfigManager: Incorrect type to request read_highlights_aloud
10-16 23:15:33.182 10819 10819 E SixBlocklistData: isBlockedByBlocklist: no blocklist was stored
10-16 23:15:33.182 10819 10819 E SixDefaultExtLoader: uninstallDefaultExts - no ext to uninstall
10-16 23:15:33.182 10819 10819 E SixDefaultExtLoader: installDefaultExts - no ext to install
10-16 23:15:33.186 10819 10819 E GlobalConfigManager: Incorrect type to request read_highlights_aloud
10-16 23:15:33.243 18610 18610 E Finsky  : [2] ComposeVisualElement Error: veType=1, CVE is already removed from parent
10-16 23:15:33.247  2193  2193 E SurfaceFlinger: alpha changed 1.000 -> 0.000 - DimTransitionLayer for Surface(name=Task=4704)/@0x8fed356#285620
10-16 23:15:33.247  2193  2193 E SurfaceFlinger: alpha changed 1.000 -> 0.000 - Task=4704#283619
10-16 23:15:33.247  2193  2193 E SurfaceFlinger: alpha changed 0.000 -> 1.000 - Task=4704#283619
10-16 23:15:33.247  2193  2193 E SurfaceFlinger: alpha changed 0.000 -> 0.000 - DimTransitionLayer for Surface(name=Task=4704)/@0x8fed356#285620
10-16 23:15:33.280  2193  2193 E SurfaceFlinger: alpha changed 0.000 -> 0.020 - DimTransitionLayer for Surface(name=Task=4704)/@0x8fed356#285620
10-16 23:15:33.292 12766 16917 E AtomicFile: Failed to rename /data/user_de/0/com.samsung.android.honeyboard/files/selected.json.new to /data/user_de/0/com.samsung.android.honeyboard/files/selected.json
10-16 23:15:33.297  2193  2193 E SurfaceFlinger: alpha changed 1.000 -> 0.000 - Surface(name=5728d3c InputMethod)/@0xc61c1a - animation-leash of insets_animation#285621
10-16 23:15:33.383  2156 25962 E ConversionHelperAidl: Function: parseAndSetVendorParameters Line: 94 Failed 
10-16 23:15:33.383  2156 25962 E ConversionHelperAidl: Function: parseAndSetVendorParameters Line: 94 Failed 
10-16 23:15:33.465 18610 18610 E Finsky  : [2] ComposeVisualElement Error: veType=1914, CVE is already linked to the same parent
10-16 23:15:33.465 18610 18610 E Finsky  : [2] ComposeVisualElement Error: veType=1914, CVE is already linked to the same parent
10-16 23:15:33.699 18610 18651 E AbstractLogEventBuilder: The provided ProductIdOrigin 3 is not one of the process-level expected values: 1 or 2
10-16 23:15:33.747  2706  4652 E WindowManager: win=Window{9b42ac8 u0 com.sec.android.app.sbrowser/com.sec.android.app.sbrowser.SBrowserMainActivity} destroySurfaces: appStopped=true cleanupOnResume=false win.mWindowRemovalAllowed=false win.mRemoveOnExit=false win.mViewVisibility=8 caller=com.android.server.wm.ActivityRecord.destroySurfaces:25 com.android.server.wm.ActivityRecord.activityStopped:184 com.android.server.wm.ActivityClientController.activityStopped:95 android.app.IActivityClientController$Stub.onTransact:722 com.android.server.wm.ActivityClientController.onTransact:1 android.os.Binder.execTransactInternal:1541 android.os.Binder.execTransact:1480 
10-16 23:15:34.791 18610 18610 E Finsky  : [2] ComposeVisualElement Error: veType=1914, CVE is already removed from parent
10-16 23:15:34.791 18610 18610 E Finsky  : [2] ComposeVisualElement Error: veType=1914, CVE is already removed from parent
10-16 23:15:34.829 18610 18657 E Finsky  : [1541] [Counters] attempted to use a non-positive increment for: 4753
10-16 23:15:34.863 18610 18657 E Finsky  : [1541] [Counters] attempted to use a non-positive increment for: 4751
10-16 23:15:35.934 18610 16912 E SQLiteLog: (10) POSIX Error : 11 SQLite Error : 3850
10-16 23:15:35.934 18610 16912 E SQLiteLog: (10) LOCK : Getting pending lock for (1) failed due to (11). The current owner is (507).
10-16 23:15:35.935 18610 16912 E SQLiteLog: (10) POSIX Error : 11 SQLite Error : 3850
10-16 23:15:35.935 18610 16912 E SQLiteLog: (10) LOCK : Getting pending lock for (1) failed due to (11). The current owner is (507).
10-16 23:15:36.138  2706 11057 E TaskPersister: File error accessing recents directory (directory doesn't exist?).
10-16 23:15:37.188 18610 16912 E SQLiteLog: (10) POSIX Error : 11 SQLite Error : 3850
10-16 23:15:37.188 18610 16912 E SQLiteLog: (10) LOCK : Getting pending lock for (1) failed due to (11). The current owner is (507).
10-16 23:15:37.773 18610 16912 E SQLiteLog: (10) POSIX Error : 11 SQLite Error : 3850
10-16 23:15:37.773 18610 16912 E SQLiteLog: (10) LOCK : Getting pending lock for (1) failed due to (11). The current owner is (507).
10-16 23:15:37.774 18610 16912 E SQLiteLog: (10) POSIX Error : 11 SQLite Error : 3850
10-16 23:15:37.774 18610 16912 E SQLiteLog: (10) LOCK : Getting pending lock for (1) failed due to (11). The current owner is (507).
10-16 23:15:38.131  2706  3760 E FileSystemUtils: fallocate failed to punch hole, error:95
10-16 23:15:38.131  2706  3760 E FileSystemUtils: fallocate failed to punch hole, error:95
10-16 23:15:38.131  2706  3760 E FileSystemUtils: fallocate failed to punch hole, error:95
10-16 23:15:38.131  2706  3760 E FileSystemUtils: fallocate failed to punch hole, error:95
10-16 23:15:38.132  2706  3760 E FileSystemUtils: fallocate failed to punch hole, error:95
10-16 23:15:38.132  2706  3760 E FileSystemUtils: fallocate failed to punch hole, error:95
10-16 23:15:38.132  2706  3760 E FileSystemUtils: fallocate failed to punch hole, error:95
10-16 23:15:38.132  2706  3760 E FileSystemUtils: fallocate failed to punch hole, error:95
10-16 23:15:38.132  2706  3760 E FileSystemUtils: fallocate failed to punch hole, error:95
10-16 23:15:38.132  2706  3760 E FileSystemUtils: fallocate failed to punch hole, error:95
10-16 23:15:38.132  2706  3760 E FileSystemUtils: fallocate failed to punch hole, error:95
10-16 23:15:38.132  2706  3760 E FileSystemUtils: fallocate failed to punch hole, error:95
10-16 23:15:38.132  2706  3760 E FileSystemUtils: fallocate failed to punch hole, error:95
10-16 23:15:38.132  2706  3760 E FileSystemUtils: fallocate failed to punch hole, error:95
10-16 23:15:38.133  2706  3760 E FileSystemUtils: fallocate failed to punch hole, error:95
10-16 23:15:38.133  2706  3760 E FileSystemUtils: fallocate failed to punch hole, error:95
10-16 23:15:38.702  2706 11083 E KernelCpuUidFullTimeReader: Negative delta from freq time for uid: 99216, delta: -510
10-16 23:15:40.257  2070  2162 E BatteryDump: !@new_battery_dump : 4248,-1390,100,100,90,313,315,340,313,0,327,340,0,Discharging,NO_CHARGING,None,Good,NONE,0,Normal,0,0,9300,0x40000000,0x10000,0x0,0,0,662,v0002,0000,0000,00000000,0,0,0,0,47,4319,8917,980,0,
10-16 23:15:40.282 17111 17111 E roid.apps.turbo: Not starting debugger since process cannot load the jdwp agent.
10-16 23:15:40.282  2706  3182 E system_server: updateValue is called with a value 5226667, which is lower than the previous value 5226668
10-16 23:15:40.282  2706  3182 E system_server: updateValue is called with a value 3062714, which is lower than the previous value 3062734
10-16 23:15:40.715  2061  2207 E PERFHAL-RESOURCEQS: PERFHAL-RESOURCEQS: AddAndApply() 159: Failed to apply optimization [10, 9]
10-16 23:15:42.261  2156  2242 E ConversionHelperAidl: Function: parseAndSetVendorParameters Line: 94 Failed 
10-16 23:15:42.262  2156  2242 E ConversionHelperAidl: Function: parseAndSetVendorParameters Line: 94 Failed 
10-16 23:15:42.262  2156  2242 E ConversionHelperAidl: Function: parseAndSetVendorParameters Line: 94 Failed 
10-16 23:15:42.262  2156  2242 E ConversionHelperAidl: Function: parseAndSetVendorParameters Line: 94 Failed 
10-16 23:15:42.577  2706  3022 E AppOps  : Trying to set mode for unknown uid 10566.
10-16 23:15:42.578  2706  3022 E AppOpService: Blocked setUidMode call for runtime permission app op: uid = 10566, code = WRITE_EXTERNAL_STORAGE, mode = ignore, callingUid = 1000, oldMode = allow
10-16 23:15:42.578  2706  3022 E AppOpService: java.lang.RuntimeException
10-16 23:15:42.578  2706  3022 E AppOpService: 	at com.android.server.permission.access.appop.AppOpService.setUidMode(qb/98980305 0b399ac4d289e3f0315d1f7beced4a500f214af83d2ed90ff6fd71a0c4d5f1b4:165)
10-16 23:15:42.578  2706  3022 E AppOpService: 	at com.android.server.appop.AppOpsCheckingServiceTracingDecorator.setUidMode(qb/98980305 0b399ac4d289e3f0315d1f7beced4a500f214af83d2ed90ff6fd71a0c4d5f1b4:10)
10-16 23:15:42.578  2706  3022 E AppOpService: 	at com.android.server.appop.AppOpsService.setUidMode(qb/98980305 0b399ac4d289e3f0315d1f7beced4a500f214af83d2ed90ff6fd71a0c4d5f1b4:52)
10-16 23:15:42.578  2706  3022 E AppOpService: 	at com.android.server.appop.AppOpsService$AppOpsManagerInternalImpl.setUidModeFromPermissionPolicy(qb/98980305 0b399ac4d289e3f0315d1f7beced4a500f214af83d2ed90ff6fd71a0c4d5f1b4:3)
