10-12 01:15:40.763 19676 20015 E unknown:ReactNative: Wrapper@1:127756
10-12 01:15:40.763 19676 20015 E unknown:ReactNative: _callSuper@1:125587
10-12 01:15:40.763 19676 20015 E unknown:ReactNative: SyntheticError@1:127243
10-12 01:15:40.763 19676 20015 E unknown:ReactNative: reactConsoleErrorHandler@1:126854
10-12 01:15:40.763 19676 20015 E unknown:ReactNative: anonymous@1:1041619
10-12 01:15:40.763 19676 20015 E unknown:ReactNative: anonymous@1:1039740
10-12 01:15:40.763 19676 20015 E unknown:ReactNative: emit@1:163690
10-12 01:15:40.763 19676 20015 E unknown:ReactNative: anonymous@1:162079
10-12 01:15:40.763 19676 20015 E unknown:ReactNative: emit@1:162373
10-12 01:15:40.763 19676 20015 E unknown:ReactNative: console.error:  Failed to fetch offerings: Error: There is an issue with your configuration. Check the underlying error for more details., js engine: hermes, stack:
10-12 01:15:40.763 19676 20015 E unknown:ReactNative: _construct@1:128102
10-12 01:15:40.763 19676 20015 E unknown:ReactNative: Wrapper@1:127756
10-12 01:15:40.763 19676 20015 E unknown:ReactNative: _callSuper@1:125587
10-12 01:15:40.763 19676 20015 E unknown:ReactNative: SyntheticError@1:127243
10-12 01:15:40.763 19676 20015 E unknown:ReactNative: reactConsoleErrorHandler@1:126854
10-12 01:15:40.763 19676 20015 E unknown:ReactNative: ?anon_0_@1:1592801
10-12 01:15:40.763 19676 20015 E unknown:ReactNative: asyncGeneratorStep@1:557486
10-12 01:15:40.763 19676 20015 E unknown:ReactNative: _throw@1:557791
10-12 01:15:43.525  2193  2193 E SurfaceFlinger: alpha changed 1.000 -> 0.000 - Surface(name=498b15 com.asif.Stocktally/com.asif.Stocktally.MainActivity)/@0x2e107cd - animation-leash of window_animation#225847
10-12 01:15:43.525  2193  2193 E SurfaceFlinger: alpha changed 0.000 -> 0.000 - Surface(name=498b15 com.asif.Stocktally/com.asif.Stocktally.MainActivity)/@0x2e107cd - animation-leash of window_animation#225847
10-12 01:15:43.525  2193  2193 E SurfaceFlinger: alpha changed 1.000 -> 0.000 - Dim Layer for - Task=4454#225848
10-12 01:15:43.542  2193  2193 E SurfaceFlinger: alpha changed 0.000 -> 0.202 - Surface(name=498b15 com.asif.Stocktally/com.asif.Stocktally.MainActivity)/@0x2e107cd - animation-leash of window_animation#225847
10-12 01:15:43.558  2193  2193 E SurfaceFlinger: alpha changed 0.000 -> 0.068 - Dim Layer for - Task=4454#225848
10-12 01:15:44.314  2156  2794 E ConversionHelperAidl: Function: parseAndSetVendorParameters Line: 94 Failed 
10-12 01:15:44.314  2156  2794 E ConversionHelperAidl: Function: parseAndSetVendorParameters Line: 94 Failed 
10-12 01:15:44.315  2156  2794 E ConversionHelperAidl: Function: parseAndSetVendorParameters Line: 94 Failed 
10-12 01:15:44.315  2156  2794 E ConversionHelperAidl: Function: parseAndSetVendorParameters Line: 94 Failed 
10-12 01:15:44.323  2706  6215 E SemContext.CaeProvider: setAttribute() : attribute is null!
10-12 01:15:44.324  2706  6215 E SensorService: BigData:Pakage) 5 already enabled. 
10-12 01:15:44.450  2706  6215 E SensorService: BigData:Pakage) 5 already disabled. 
10-12 01:15:44.723  2193  2193 E SurfaceFlinger: alpha changed 0.013 -> 0.000 - Surface(name=498b15 com.asif.Stocktally/com.asif.Stocktally.MainActivity)/@0x2e107cd - animation-leash of window_animation#225849
10-12 01:15:44.723  2706  3029 E WindowManager: win=Window{498b15 u0 com.asif.Stocktally/com.asif.Stocktally.MainActivity EXITING} destroySurfaces: appStopped=false cleanupOnResume=false win.mWindowRemovalAllowed=true win.mRemoveOnExit=true win.mViewVisibility=0 caller=com.android.server.wm.WindowState.onExitAnimationDone:222 com.android.server.wm.WindowState.onAnimationFinished:161 com.android.server.wm.WindowContainer$$ExternalSyntheticLambda5.onAnimationFinished:26 com.android.server.wm.SurfaceAnimator$$ExternalSyntheticLambda1.run:28 com.android.server.wm.SurfaceAnimator$$ExternalSyntheticLambda0.onAnimationFinished:65 com.android.server.wm.LocalAnimationAdapter$$ExternalSyntheticLambda0.run:10 android.os.Handler.handleCallback:959 
10-12 01:15:44.739  2193  2193 E SurfaceFlinger: alpha changed 0.068 -> 0.000 - Dim Layer for - Task=4454#225848
10-12 01:15:47.133  2070  2162 E BatteryDump: !@new_battery_dump : 4287,426,1300,3370,88,327,291,415,327,0,359,415,0,Charging,NO_CHARGING,Normal,Good,PDIC,0,Normal,0,0,9249,0x8000,0x10010000,0x0,0,0,1052,v0002,0000,0000,ffff0700,0,0,0,0,43,4273,8685,980,0,
10-12 01:15:47.398 19676 20014 E ReactNativeJS: Invariant Violation: TurboModuleRegistry.getEnforcing(...): 'RNCDatePicker' could not be found. Verify that a module by this name is registered in the native binary., js engine: hermes
10-12 01:15:47.402 19676 20015 E AndroidRuntime: FATAL EXCEPTION: mqt_v_native
10-12 01:15:47.402 19676 20015 E AndroidRuntime: Process: com.asif.Stocktally, PID: 19676
10-12 01:15:47.402 19676 20015 E AndroidRuntime: com.facebook.react.common.JavascriptException: Invariant Violation: TurboModuleRegistry.getEnforcing(...): 'RNCDatePicker' could not be found. Verify that a module by this name is registered in the native binary., js engine: hermes, stack:
10-12 01:15:47.402 19676 20015 E AndroidRuntime: invariant@1:114813
10-12 01:15:47.402 19676 20015 E AndroidRuntime: getEnforcing@1:114656
10-12 01:15:47.402 19676 20015 E AndroidRuntime: anonymous@1:1538277
10-12 01:15:47.402 19676 20015 E AndroidRuntime: loadModuleImplementation@1:45092
10-12 01:15:47.402 19676 20015 E AndroidRuntime: guardedLoadModule@1:44622
10-12 01:15:47.402 19676 20015 E AndroidRuntime: metroRequire@1:44252
10-12 01:15:47.402 19676 20015 E AndroidRuntime: anonymous@1:1537289
10-12 01:15:47.402 19676 20015 E AndroidRuntime: loadModuleImplementation@1:45092
10-12 01:15:47.402 19676 20015 E AndroidRuntime: guardedLoadModule@1:44622
10-12 01:15:47.402 19676 20015 E AndroidRuntime: metroRequire@1:44252
10-12 01:15:47.402 19676 20015 E AndroidRuntime: anonymous@1:1537033
10-12 01:15:47.402 19676 20015 E AndroidRuntime: loadModuleImplementation@1:45092
10-12 01:15:47.402 19676 20015 E AndroidRuntime: guardedLoadModule@1:44622
10-12 01:15:47.402 19676 20015 E AndroidRuntime: metroRequire@1:44252
10-12 01:15:47.402 19676 20015 E AndroidRuntime: anonymous@1:1536031
10-12 01:15:47.402 19676 20015 E AndroidRuntime: loadModuleImplementation@1:45092
10-12 01:15:47.402 19676 20015 E AndroidRuntime: guardedLoadModule@1:44622
10-12 01:15:47.402 19676 20015 E AndroidRuntime: metroRequire@1:44252
10-12 01:15:47.402 19676 20015 E AndroidRuntime: anonymous@1:1534773
10-12 01:15:47.402 19676 20015 E AndroidRuntime: loadModuleImplementation@1:45092
10-12 01:15:47.402 19676 20015 E AndroidRuntime: guardedLoadModule@1:44622
10-12 01:15:47.402 19676 20015 E AndroidRuntime: metroRequire@1:44252
10-12 01:15:47.402 19676 20015 E AndroidRuntime: anonymous@1:1534402
10-12 01:15:47.402 19676 20015 E AndroidRuntime: loadModuleImplementation@1:45092
10-12 01:15:47.402 19676 20015 E AndroidRuntime: guardedLoadModule@1:44622
10-12 01:15:47.402 19676 20015 E AndroidRuntime: metroRequire@1:44252
10-12 01:15:47.402 19676 20015 E AndroidRuntime: anonymous@1:1532544
10-12 01:15:47.402 19676 20015 E AndroidRuntime: loadModuleImplementation@1:45092
10-12 01:15:47.402 19676 20015 E AndroidRuntime: guardedLoadModule@1:44622
10-12 01:15:47.402 19676 20015 E AndroidRuntime: metroRequire@1:44252
10-12 01:15:47.402 19676 20015 E AndroidRuntime: anonymous@1:1532146
10-12 01:15:47.402 19676 20015 E AndroidRuntime: loadModuleImplementation@1:45092
10-12 01:15:47.402 19676 20015 E AndroidRuntime: guardedLoadModule@1:44622
10-12 01:15:47.402 19676 20015 E AndroidRuntime: metroRequire@1:44252
10-12 01:15:47.402 19676 20015 E AndroidRuntime: anonymous@1:1278897
10-12 01:15:47.402 19676 20015 E AndroidRuntime: loadModuleImplementation@1:45092
10-12 01:15:47.402 19676 20015 E AndroidRuntime: guardedLoadModule@1:44579
10-12 01:15:47.402 19676 20015 E AndroidRuntime: metroRequire@1:44252
10-12 01:15:47.402 19676 20015 E AndroidRuntime: get@1:854401
10-12 01:15:47.402 19676 20015 E AndroidRuntime: metroContext@1:854241
10-12 01:15:47.402 19676 20015 E AndroidRuntime: loadRoute@1:1238653
10-12 01:15:47.402 19676 20015 E AndroidRuntime: getQualifiedRouteComponent@1:1161033
10-12 01:15:47.402 19676 20015 E AndroidRuntime: getComponent@1:1162040
10-12 01:15:47.402 19676 20015 E AndroidRuntime: SceneView@1:1000496
10-12 01:15:47.402 19676 20015 E AndroidRuntime: renderWithHooks@1:233275
10-12 01:15:47.402 19676 20015 E AndroidRuntime: updateFunctionComponent@1:245702
10-12 01:15:47.402 19676 20015 E AndroidRuntime: beginWork@1:253382
10-12 01:15:47.402 19676 20015 E AndroidRuntime: performUnitOfWork@1:273993
10-12 01:15:47.402 19676 20015 E AndroidRuntime: workLoopSync@1:273025
10-12 01:15:47.402 19676 20015 E AndroidRuntime: renderRootSync@1:272857
10-12 01:15:47.402 19676 20015 E AndroidRuntime: performWorkOnRoot@1:270122
10-12 01:15:47.402 19676 20015 E AndroidRuntime: performSyncWorkOnRoot@1:223627
10-12 01:15:47.402 19676 20015 E AndroidRuntime: flushSyncWorkAcrossRoots_impl@1:222640
10-12 01:15:47.402 19676 20015 E AndroidRuntime: processRootScheduleInMicrotask@1:222984
10-12 01:15:47.402 19676 20015 E AndroidRuntime: anonymous@1:223726
10-12 01:15:47.402 19676 20015 E AndroidRuntime: 
10-12 01:15:47.402 19676 20015 E AndroidRuntime: 	at com.facebook.react.modules.core.ExceptionsManagerModule.reportException(ExceptionsManagerModule.kt:52)
10-12 01:15:47.402 19676 20015 E AndroidRuntime: 	at com.facebook.jni.NativeRunnable.run(Native Method)
10-12 01:15:47.402 19676 20015 E AndroidRuntime: 	at android.os.Handler.handleCallback(Handler.java:959)
10-12 01:15:47.402 19676 20015 E AndroidRuntime: 	at android.os.Handler.dispatchMessage(Handler.java:100)
10-12 01:15:47.402 19676 20015 E AndroidRuntime: 	at com.facebook.react.bridge.queue.MessageQueueThreadHandler.dispatchMessage(MessageQueueThreadHandler.kt:20)
10-12 01:15:47.402 19676 20015 E AndroidRuntime: 	at android.os.Looper.loopOnce(Looper.java:257)
10-12 01:15:47.402 19676 20015 E AndroidRuntime: 	at android.os.Looper.loop(Looper.java:342)
10-12 01:15:47.402 19676 20015 E AndroidRuntime: 	at com.facebook.react.bridge.queue.MessageQueueThreadImpl$Companion.startNewBackgroundThread$lambda$1(MessageQueueThreadImpl.kt:175)
10-12 01:15:47.402 19676 20015 E AndroidRuntime: 	at com.facebook.react.bridge.queue.MessageQueueThreadImpl$Companion.$r8$lambda$ldnZnqelhYFctGaUKkOKYj5rxo4(Unknown Source:0)
10-12 01:15:47.402 19676 20015 E AndroidRuntime: 	at com.facebook.react.bridge.queue.MessageQueueThreadImpl$Companion$$ExternalSyntheticLambda0.run(D8$$SyntheticClass:0)
10-12 01:15:47.402 19676 20015 E AndroidRuntime: 	at java.lang.Thread.run(Thread.java:1119)
10-12 01:15:47.442  2061  2207 E PERFHAL-UTIL: PERFHAL-UTIL: change_node_val() 204: Failed to update node /proc/sys/walt/sched_low_latency with value 20003 0
10-12 01:15:47.442  2061  2207 E PERFHAL-OPTSHANDLER: PERFHAL-OPTSHANDLER: sched_reset_low_latency() 3800: can't reset low latency for tid 20003
10-12 01:15:47.442  2061  2207 E PERFHAL-RESOURCEQS: PERFHAL-RESOURCEQS: RemovePendingRequest() 426: Failed to reset optimization [3, 52]
10-12 01:15:47.442  2061  2207 E PERFHAL-UTIL: PERFHAL-UTIL: change_node_val() 204: Failed to update node /proc/sys/walt/sched_low_latency with value 19676 0
10-12 01:15:47.442  2061  2207 E PERFHAL-OPTSHANDLER: PERFHAL-OPTSHANDLER: sched_reset_low_latency() 3800: can't reset low latency for tid 19676
10-12 01:15:47.442  2061  2207 E PERFHAL-RESOURCEQS: PERFHAL-RESOURCEQS: RemovePendingRequest() 426: Failed to reset optimization [3, 52]
10-12 01:15:47.442  2061  2207 E PERFHAL-UTIL: PERFHAL-UTIL: change_node_val() 204: Failed to update node /proc/sys/walt/sched_low_latency with value 20017 0
10-12 01:15:47.442  2061  2207 E PERFHAL-OPTSHANDLER: PERFHAL-OPTSHANDLER: sched_reset_low_latency() 3800: can't reset low latency for tid 20017
10-12 01:15:47.442  2061  2207 E PERFHAL-RESOURCEQS: PERFHAL-RESOURCEQS: RemovePendingRequest() 426: Failed to reset optimization [3, 52]
10-12 01:15:47.442  2061  2207 E PERFHAL-UTIL: PERFHAL-UTIL: change_node_val() 204: Failed to update node /proc/sys/walt/sched_low_latency with value 20016 0
10-12 01:15:47.442  2061  2207 E PERFHAL-OPTSHANDLER: PERFHAL-OPTSHANDLER: sched_reset_low_latency() 3800: can't reset low latency for tid 20016
10-12 01:15:47.442  2061  2207 E PERFHAL-RESOURCEQS: PERFHAL-RESOURCEQS: RemovePendingRequest() 426: Failed to reset optimization [3, 52]
10-12 01:15:47.442  2044  2144 E HYPER-HAL: [HandlerUClamp.cpp]set_uclamp_min(): sched_setattr failed for thread 20016, err = -1
10-12 01:15:47.442  2044  2144 E HYPER-HAL: [HandlerUClamp.cpp]set_uclamp_min(): sched_setattr failed for thread 20017, err = -1
10-12 01:15:47.442  2044  2144 E HYPER-HAL: [HandlerUClamp.cpp]set_uclamp_min(): sched_setattr failed for thread 19676, err = -1
10-12 01:15:47.442  2044  2144 E HYPER-HAL: [HandlerUClamp.cpp]set_uclamp_min(): sched_setattr failed for thread 20003, err = -1
10-12 01:15:47.442  2044  2144 E HYPER-HAL: [HandlerUClamp.cpp]set_uclamp_min(): sched_setattr failed for thread 20016, err = -1
10-12 01:15:47.442  2044  2144 E HYPER-HAL: [HandlerUClamp.cpp]set_uclamp_min(): sched_setattr failed for thread 20017, err = -1
10-12 01:15:47.442  2044  2144 E HYPER-HAL: [HandlerUClamp.cpp]set_uclamp_min(): sched_setattr failed for thread 19676, err = -1
10-12 01:15:47.442  2044  2144 E HYPER-HAL: [HandlerUClamp.cpp]set_uclamp_min(): sched_setattr failed for thread 20003, err = -1
10-12 01:15:47.448  4370  4370 E {OngoingActivityController}: getTaskInfo find task 4454 fail. taskInfoList.size:3
10-12 01:15:47.469  2193  2193 E SurfaceFlinger: alpha changed 1.000 -> 0.000 - Surface(name=Task=1)/@0x33eb2f7_transition-leash#225857
10-12 01:15:47.469  2193  2193 E SurfaceFlinger: alpha changed 1.000 -> 0.000 - com.sec.android.app.launcher/com.sec.android.app.launcher.activities.LauncherActivity$_7624#225852
10-12 01:15:47.485  2193  2193 E SurfaceFlinger: alpha changed 0.000 -> 1.000 - Surface(name=Task=1)/@0x33eb2f7_transition-leash#225857
10-12 01:15:47.489  2193  5455 E NativeCustomFrequencyManager: [NativeCFMS] BpCustomFrequencyManager::acquire()
10-12 01:15:47.552  2193  2193 E SurfaceFlinger: alpha changed 1.000 -> 0.000 - Surface(name=5728d3c InputMethod)/@0xc61c1a - animation-leash of insets_animation#225860
10-12 01:15:47.702  5080  5080 E SurfaceComposerClient: SurfaceComposerClient::Transaction::setAlpha: invalid alpha -0.015027, clamping
10-12 01:15:47.718  2193  2193 E SurfaceFlinger: alpha changed 0.022 -> 0.000 - Surface(name=Task=4454)/@0xe8a13cd_transition-leash#225858
10-12 01:15:47.718  5080  5080 E SurfaceComposerClient: SurfaceComposerClient::Transaction::setAlpha: invalid alpha -0.036481, clamping
10-12 01:15:47.735  5080  5080 E SurfaceComposerClient: SurfaceComposerClient::Transaction::setAlpha: invalid alpha -0.047539, clamping
10-12 01:15:47.752  5080  5080 E SurfaceComposerClient: SurfaceComposerClient::Transaction::setAlpha: invalid alpha -0.050268, clamping
10-12 01:15:47.768  5080  5080 E SurfaceComposerClient: SurfaceComposerClient::Transaction::setAlpha: invalid alpha -0.047134, clamping
10-12 01:15:47.785  5080  5080 E SurfaceComposerClient: SurfaceComposerClient::Transaction::setAlpha: invalid alpha -0.040076, clamping
10-12 01:15:47.802  5080  5080 E SurfaceComposerClient: SurfaceComposerClient::Transaction::setAlpha: invalid alpha -0.030155, clamping
10-12 01:15:47.816  4753  5712 E bt_bta_gattc: system/bta/gatt/bta_gattc_utils.cc:588 bta_gattc_mark_bg_conn: unable to find the bg connection mask for bd_addr=xx:xx:xx:xx:21:b9
10-12 01:15:47.818  1634  1749 E cbzy    : You must initialize the system with proper values before handshake
10-12 01:15:47.818  5080  5080 E SurfaceComposerClient: SurfaceComposerClient::Transaction::setAlpha: invalid alpha -0.015622, clamping
10-12 01:15:47.822  2706 11089 E IPCThreadState: Binder transaction failure. id: 456408474, BR_*: 29189, error: -22 (Invalid argument)
10-12 01:15:47.869  2193  2193 E BpTransactionCompletedListener: Failed to transact (-32)
10-12 01:15:50.270  2193  5455 E NativeCustomFrequencyManager: [NativeCFMS] BpCustomFrequencyManager::acquire()
10-12 01:15:50.377  2706  4126 E SemWifiEleStateTracker: isEleDetected - Abnormal beacon cnt : -61
10-12 01:15:50.827  2706 11057 E TaskPersister: File error accessing recents directory (directory doesn't exist?).
10-12 01:15:51.407  2037  2037 E sensors-hal: sendContextData:133, slocationcore h 193 m 23 s 55
10-12 01:15:51.407  2037  2037 E sensors-hal: create_send_context_data:64, slocationcore create_send_context_data
10-12 01:15:51.407  2037  2037 E sensors-hal: sendContextData:133, slocationcore h 193 m 23 s 55
10-12 01:15:51.407  2037  2037 E sensors-hal: create_send_context_data:64, slocationcore create_send_context_data
10-12 01:15:51.407  2037  3950 E sensors-hal: handle_sns_client_event:78, slocationcore_event: msgid:1025
10-12 01:15:51.408  2037  3950 E sensors-hal: handle_sns_client_event:78, slocationcore_event: msgid:1025
10-12 01:15:52.816  4753  5712 E bta_gattc_main: system/bta/gatt/bta_gattc_main.cc:447 bta_gattc_hdl_event: Ignore unknown conn ID: 65535
10-12 01:15:52.816  4753  5712 E bta_gattc_main: system/bta/gatt/bta_gattc_main.cc:447 bta_gattc_hdl_event: Ignore unknown conn ID: 65535
10-12 01:15:52.816  4753  5712 E bta_gattc_main: system/bta/gatt/bta_gattc_main.cc:447 bta_gattc_hdl_event: Ignore unknown conn ID: 65535
10-12 01:15:52.816  4753  5712 E bta_gattc_main: system/bta/gatt/bta_gattc_main.cc:447 bta_gattc_hdl_event: Ignore unknown conn ID: 65535
10-12 01:15:52.816  4753  5712 E bta_gattc_main: system/bta/gatt/bta_gattc_main.cc:447 bta_gattc_hdl_event: Ignore unknown conn ID: 65535
10-12 01:15:52.816  4753  5712 E bta_gattc_main: system/bta/gatt/bta_gattc_main.cc:447 bta_gattc_hdl_event: Ignore unknown conn ID: 65535
10-12 01:15:52.816  4753  5712 E bta_gattc_main: system/bta/gatt/bta_gattc_main.cc:447 bta_gattc_hdl_event: Ignore unknown conn ID: 65535
10-12 01:15:52.843  4753  5712 E ble_priv: system/stack/btm/btm_ble_privacy.cc:376 btm_ble_read_resolving_list_entry_complete: no pending resolving list operation
10-12 01:15:53.301  2193  5455 E NativeCustomFrequencyManager: [NativeCFMS] BpCustomFrequencyManager::acquire()
