10-16 23:33:04.301 23985 24414 E AndroidRuntime: getQualifiedRouteComponent@1:1160981
10-16 23:33:04.301 23985 24414 E AndroidRuntime: getComponent@1:1161988
10-16 23:33:04.301 23985 24414 E AndroidRuntime: SceneView@1:1000474
10-16 23:33:04.301 23985 24414 E AndroidRuntime: renderWithHooks@1:233273
10-16 23:33:04.301 23985 24414 E AndroidRuntime: updateFunctionComponent@1:245700
10-16 23:33:04.301 23985 24414 E AndroidRuntime: beginWork@1:253380
10-16 23:33:04.301 23985 24414 E AndroidRuntime: performUnitOfWork@1:273991
10-16 23:33:04.301 23985 24414 E AndroidRuntime: workLoopSync@1:273023
10-16 23:33:04.301 23985 24414 E AndroidRuntime: renderRootSync@1:272855
10-16 23:33:04.301 23985 24414 E AndroidRuntime: performWorkOnRoot@1:270120
10-16 23:33:04.301 23985 24414 E AndroidRuntime: performSyncWorkOnRoot@1:223629
10-16 23:33:04.301 23985 24414 E AndroidRuntime: flushSyncWorkAcrossRoots_impl@1:222642
10-16 23:33:04.301 23985 24414 E AndroidRuntime: processRootScheduleInMicrotask@1:222986
10-16 23:33:04.301 23985 24414 E AndroidRuntime: anonymous@1:223728
10-16 23:33:04.301 23985 24414 E AndroidRuntime: 
10-16 23:33:04.301 23985 24414 E AndroidRuntime: 	at com.facebook.react.modules.core.ExceptionsManagerModule.reportException(ExceptionsManagerModule.kt:52)
10-16 23:33:04.301 23985 24414 E AndroidRuntime: 	at com.facebook.jni.NativeRunnable.run(Native Method)
10-16 23:33:04.301 23985 24414 E AndroidRuntime: 	at android.os.Handler.handleCallback(Handler.java:959)
10-16 23:33:04.301 23985 24414 E AndroidRuntime: 	at android.os.Handler.dispatchMessage(Handler.java:100)
10-16 23:33:04.301 23985 24414 E AndroidRuntime: 	at com.facebook.react.bridge.queue.MessageQueueThreadHandler.dispatchMessage(MessageQueueThreadHandler.kt:20)
10-16 23:33:04.301 23985 24414 E AndroidRuntime: 	at android.os.Looper.loopOnce(Looper.java:257)
10-16 23:33:04.301 23985 24414 E AndroidRuntime: 	at android.os.Looper.loop(Looper.java:342)
10-16 23:33:04.301 23985 24414 E AndroidRuntime: 	at com.facebook.react.bridge.queue.MessageQueueThreadImpl$Companion.startNewBackgroundThread$lambda$1(MessageQueueThreadImpl.kt:175)
10-16 23:33:04.301 23985 24414 E AndroidRuntime: 	at com.facebook.react.bridge.queue.MessageQueueThreadImpl$Companion.$r8$lambda$ldnZnqelhYFctGaUKkOKYj5rxo4(Unknown Source:0)
10-16 23:33:04.301 23985 24414 E AndroidRuntime: 	at com.facebook.react.bridge.queue.MessageQueueThreadImpl$Companion$$ExternalSyntheticLambda0.run(D8$$SyntheticClass:0)
10-16 23:33:04.301 23985 24414 E AndroidRuntime: 	at java.lang.Thread.run(Thread.java:1119)
10-18 00:13:18.728   575   616 E AndroidRuntime: FATAL EXCEPTION: mqt_v_native
10-18 00:13:18.728   575   616 E AndroidRuntime: Process: com.asif.Stocktally, PID: 575
10-18 00:13:18.728   575   616 E AndroidRuntime: com.facebook.react.common.JavascriptException: TypeError: undefined is not a function
10-18 00:13:18.728   575   616 E AndroidRuntime: 
10-18 00:13:18.728   575   616 E AndroidRuntime: This error is located at:
10-18 00:13:18.728   575   616 E AndroidRuntime:     at ProUserProvider (address at index.android.bundle:1:1292199)
10-18 00:13:18.728   575   616 E AndroidRuntime:     at AuthProvider (address at index.android.bundle:1:1037337)
10-18 00:13:18.728   575   616 E AndroidRuntime:     at ErrorBoundary (address at index.android.bundle:1:1568327)
10-18 00:13:18.728   575   616 E AndroidRuntime:     at RCTView (<anonymous>)
10-18 00:13:18.728   575   616 E AndroidRuntime:     at anonymous (address at index.android.bundle:1:488409)
10-18 00:13:18.728   575   616 E AndroidRuntime:     at RCTView (<anonymous>)
10-18 00:13:18.728   575   616 E AndroidRuntime:     at anonymous (address at index.android.bundle:1:488409)
10-18 00:13:18.728   575   616 E AndroidRuntime:     at MenuProvider (address at index.android.bundle:1:1584168)
10-18 00:13:18.728   575   616 E AndroidRuntime:     at RootLayout (address at index.android.bundle:1:1567375)
10-18 00:13:18.728   575   616 E AndroidRuntime:     at Suspense (<anonymous>)
10-18 00:13:18.728   575   616 E AndroidRuntime:     at Route (address at index.android.bundle:1:1162075)
10-18 00:13:18.728   575   616 E AndroidRuntime:     at BaseRoute (address at index.android.bundle:1:1165952)
10-18 00:13:18.728   575   616 E AndroidRuntime:     at StaticContainer (address at index.android.bundle:1:1004050)
10-18 00:13:18.728   575   616 E AndroidRuntime:     at EnsureSingleNavigator (address at index.android.bundle:1:945436)
10-18 00:13:18.728   575   616 E AndroidRuntime:     at SceneView (address at index.android.bundle:1:1001586)
10-18 00:13:18.728   575   616 E AndroidRuntime:     at PreventRemoveProvider (address at index.android.bundle:1:981079)
10-18 00:13:18.728   575   616 E AndroidRuntime:     at NavigationStateListenerProvider (address at index.android.bundle:1:1010643)
10-18 00:13:18.728   575   616 E AndroidRuntime:     at NavigationContent (address at index.android.bundle:1:997953)
10-18 00:13:18.728   575   616 E AndroidRuntime:     at anonymous (address at index.android.bundle:1:997856)
10-18 00:13:18.728   575   616 E AndroidRuntime:     at Content (address at index.android.bundle:1:1268976)
10-18 00:13:18.728   575   616 E AndroidRuntime:     at RNCSafeAreaProvider (<anonymous>)
10-18 00:13:18.728   575   616 E AndroidRuntime:     at SafeAreaProvider (address at index.android.bundle:1:1119086)
10-18 00:13:18.728   575   616 E AndroidRuntime:     at wrapper (address at index.android.bundle:1:1268048)
10-18 00:13:18.728   575   616 E AndroidRuntime:     at ThemeProvider (address at index.android.bundle:1:948662)
10-18 00:13:18.728   575   616 E AndroidRuntime:     at EnsureSingleNavigator (address at index.android.bundle:1:945436)
10-18 00:13:18.728   575   616 E AndroidRuntime:     at BaseNavigationContainer (address at index.android.bundle:1:923927)
10-18 00:13:18.728   575   616 E AndroidRuntime:     at NavigationContainerInner (address at index.android.bundle:1:1270781)
10-18 00:13:18.728   575   616 E AndroidRuntime:     at ContextNavigator (address at index.android.bundle:1:1268246)
10-18 00:13:18.728   575   616 E AndroidRuntime:     at ExpoRoot (address at index.android.bundle:1:1267955)
10-18 00:13:18.728   575   616 E AndroidRuntime:     at App (<anonymous>)
10-18 00:13:18.728   575   616 E AndroidRuntime:     at RCTView (<anonymous>)
10-18 00:13:18.728   575   616 E AndroidRuntime:     at anonymous (address at index.android.bundle:1:488409)
10-18 00:13:18.728   575   616 E AndroidRuntime:     at AppContainer (address at index.android.bundle:1:487610), js engine: hermes, stack:
10-18 00:13:18.728   575   616 E AndroidRuntime: anonymous@1:1293316
10-18 00:13:18.728   575   616 E AndroidRuntime: commitHookEffectListUnmount@1:261028
10-18 00:13:18.728   575   616 E AndroidRuntime: commitPassiveUnmountEffectsInsideOfDeletedTree_begin@1:269479
10-18 00:13:18.728   575   616 E AndroidRuntime: recursivelyTraversePassiveUnmountEffects@1:268638
10-18 00:13:18.728   575   616 E AndroidRuntime: commitPassiveUnmountOnFiber@1:268954
10-18 00:13:18.728   575   616 E AndroidRuntime: flushPassiveEffects@1:276017
10-18 00:13:18.728   575   616 E AndroidRuntime: anonymous@1:275756
10-18 00:13:18.728   575   616 E AndroidRuntime: 
10-18 00:13:18.728   575   616 E AndroidRuntime: 	at com.facebook.react.modules.core.ExceptionsManagerModule.reportException(ExceptionsManagerModule.kt:52)
10-18 00:13:18.728   575   616 E AndroidRuntime: 	at com.facebook.jni.NativeRunnable.run(Native Method)
10-18 00:13:18.728   575   616 E AndroidRuntime: 	at android.os.Handler.handleCallback(Handler.java:959)
10-18 00:13:18.728   575   616 E AndroidRuntime: 	at android.os.Handler.dispatchMessage(Handler.java:100)
10-18 00:13:18.728   575   616 E AndroidRuntime: 	at com.facebook.react.bridge.queue.MessageQueueThreadHandler.dispatchMessage(MessageQueueThreadHandler.kt:20)
10-18 00:13:18.728   575   616 E AndroidRuntime: 	at android.os.Looper.loopOnce(Looper.java:257)
10-18 00:13:18.728   575   616 E AndroidRuntime: 	at android.os.Looper.loop(Looper.java:342)
10-18 00:13:18.728   575   616 E AndroidRuntime: 	at com.facebook.react.bridge.queue.MessageQueueThreadImpl$Companion.startNewBackgroundThread$lambda$1(MessageQueueThreadImpl.kt:175)
10-18 00:13:18.728   575   616 E AndroidRuntime: 	at com.facebook.react.bridge.queue.MessageQueueThreadImpl$Companion.$r8$lambda$ldnZnqelhYFctGaUKkOKYj5rxo4(Unknown Source:0)
10-18 00:13:18.728   575   616 E AndroidRuntime: 	at com.facebook.react.bridge.queue.MessageQueueThreadImpl$Companion$$ExternalSyntheticLambda0.run(D8$$SyntheticClass:0)
10-18 00:13:18.728   575   616 E AndroidRuntime: 	at java.lang.Thread.run(Thread.java:1119)
--------- beginning of system
10-18 22:31:32.509  2706 11057 E TaskPersister: File error accessing recents directory (directory doesn't exist?).
10-18 22:31:33.149  2706  3029 E WindowManager: win=Window{2753bfd u0 com.zhiliaoapp.musically/com.ss.android.ugc.aweme.splash.SplashActivity EXITING} destroySurfaces: appStopped=false cleanupOnResume=false win.mWindowRemovalAllowed=true win.mRemoveOnExit=true win.mViewVisibility=0 caller=com.android.server.wm.WindowState.onExitAnimationDone:222 com.android.server.wm.WindowState.onAnimationFinished:161 com.android.server.wm.WindowContainer$$ExternalSyntheticLambda5.onAnimationFinished:26 com.android.server.wm.SurfaceAnimator$$ExternalSyntheticLambda1.run:28 com.android.server.wm.SurfaceAnimator$$ExternalSyntheticLambda0.onAnimationFinished:65 com.android.server.wm.LocalAnimationAdapter$$ExternalSyntheticLambda0.run:10 android.os.Handler.handleCallback:959 
10-18 22:31:37.525  2706  3069 E Watchdog: !@Sync: 28233 heap(MB): 181 / 227 FD: 1470 [2025-10-18 22:31:37.525]
10-18 22:32:07.533  2706  3069 E Watchdog: !@Sync: 28234 heap(MB): 211 / 228 FD: 1470 [2025-10-18 22:32:07.533]
10-18 22:32:37.540  2706  3069 E Watchdog: !@Sync: 28235 heap(MB): 225 / 229 FD: 1470 [2025-10-18 22:32:37.540]
10-18 22:33:05.814 32195 32326 E ActivityThread: Failed to find provider info for com.zhiliaoapp.musically.apm
10-18 22:33:07.547  2706  3069 E Watchdog: !@Sync: 28236 heap(MB): 212 / 227 FD: 1470 [2025-10-18 22:33:07.547]
10-18 22:33:37.554  2706  3069 E Watchdog: !@Sync: 28237 heap(MB): 182 / 228 FD: 1470 [2025-10-18 22:33:37.554]
10-18 22:34:07.562  2706  3069 E Watchdog: !@Sync: 28238 heap(MB): 210 / 227 FD: 1471 [2025-10-18 22:34:07.562]
10-18 22:34:37.571  2706  3069 E Watchdog: !@Sync: 28239 heap(MB): 226 / 227 FD: 1470 [2025-10-18 22:34:37.571]
10-18 22:34:49.818 32195 32195 E ActivityThread: Failed to find provider info for com.zhiliaoapp.musically.apm
10-18 22:34:49.843  2706 12127 E WindowManager: win=Window{ac9afe7 u0 PopupWindow:4f6516b} destroySurfaces: appStopped=true cleanupOnResume=false win.mWindowRemovalAllowed=false win.mRemoveOnExit=false win.mViewVisibility=8 caller=com.android.server.wm.WindowState.destroySurface:30 com.android.server.wm.ActivityRecord.destroySurfaces:25 com.android.server.wm.ActivityRecord.activityStopped:184 com.android.server.wm.ActivityClientController.activityStopped:95 android.app.IActivityClientController$Stub.onTransact:722 com.android.server.wm.ActivityClientController.onTransact:1 android.os.Binder.execTransactInternal:1541 
10-18 22:34:49.844  2706 12127 E WindowManager: win=Window{ace18f5 u0 com.zhiliaoapp.musically/com.ss.android.ugc.aweme.splash.SplashActivity} destroySurfaces: appStopped=true cleanupOnResume=false win.mWindowRemovalAllowed=false win.mRemoveOnExit=false win.mViewVisibility=8 caller=com.android.server.wm.ActivityRecord.destroySurfaces:25 com.android.server.wm.ActivityRecord.activityStopped:184 com.android.server.wm.ActivityClientController.activityStopped:95 android.app.IActivityClientController$Stub.onTransact:722 com.android.server.wm.ActivityClientController.onTransact:1 android.os.Binder.execTransactInternal:1541 android.os.Binder.execTransact:1480 
10-18 22:34:49.966  2706  3029 E WindowManager: win=Window{d62a6f5 u0 com.zhiliaoapp.musically/com.ss.android.ugc.aweme.splash.SplashActivity EXITING} destroySurfaces: appStopped=true cleanupOnResume=false win.mWindowRemovalAllowed=false win.mRemoveOnExit=false win.mViewVisibility=8 caller=com.android.server.wm.WindowState.onExitAnimationDone:222 com.android.server.wm.WindowState.onAnimationFinished:161 com.android.server.wm.WindowContainer$$ExternalSyntheticLambda5.onAnimationFinished:26 com.android.server.wm.SurfaceAnimator$$ExternalSyntheticLambda1.run:28 com.android.server.wm.SurfaceAnimator$$ExternalSyntheticLambda0.onAnimationFinished:65 com.android.server.wm.LocalAnimationAdapter$$ExternalSyntheticLambda0.run:10 android.os.Handler.handleCallback:959 
10-18 22:35:07.697  2706  3069 E Watchdog: !@Sync: 28240 heap(MB): 231 / 234 native(MB): 125 FD: 1475 WaitTime: 0 ms GCcnt: 0 FullGC: 0 [2025-10-18 22:35:07.579]
10-18 22:35:37.705  2706  3069 E Watchdog: !@Sync: 28241 heap(MB): 208 / 227 FD: 1477 [2025-10-18 22:35:37.704]
10-18 22:35:50.242 29147 29161 E ActivityThread: Failed to find provider info for com.samsung.systemui.lockstar.provider.LockScreenDataContent
10-18 22:35:50.252 29147 29161 E ActivityThread: Failed to find provider info for com.samsung.systemui.lockstar.provider.LockScreenDataContent
10-18 22:35:50.255 29147 29161 E ActivityThread: Failed to find provider info for com.samsung.systemui.lockstar.provider.LockScreenDataContent
10-18 22:35:50.256 29147 29161 E ActivityThread: Failed to find provider info for com.samsung.systemui.lockstar.provider.LockScreenDataContent
10-18 22:35:50.257 29147 29161 E ActivityThread: Failed to find provider info for com.samsung.systemui.lockstar.provider.LockScreenDataContent
10-18 22:35:50.257 29147 29161 E ActivityThread: Failed to find provider info for com.samsung.systemui.lockstar.provider.LockScreenDataContent
10-18 22:35:50.259 29147 29161 E ActivityThread: Failed to find provider info for com.samsung.systemui.lockstar.provider.LockScreenDataContent
10-18 22:35:50.499  2706  4265 E WindowManager: win=Window{ce52b3d u0 com.sec.android.app.launcher/com.sec.android.app.launcher.activities.LauncherActivity} destroySurfaces: appStopped=true cleanupOnResume=false win.mWindowRemovalAllowed=false win.mRemoveOnExit=false win.mViewVisibility=8 caller=com.android.server.wm.ActivityRecord.destroySurfaces:25 com.android.server.wm.ActivityRecord.activityStopped:184 com.android.server.wm.ActivityClientController.activityStopped:95 android.app.IActivityClientController$Stub.onTransact:722 com.android.server.wm.ActivityClientController.onTransact:1 android.os.Binder.execTransactInternal:1541 android.os.Binder.execTransact:1480 
10-18 22:35:50.499  2706  4265 E WindowManager: win=Window{37e49e9 u0 com.sec.android.app.launcher/com.sec.android.app.launcher.activities.LauncherActivity} destroySurfaces: appStopped=true cleanupOnResume=false win.mWindowRemovalAllowed=false win.mRemoveOnExit=false win.mViewVisibility=8 caller=com.android.server.wm.ActivityRecord.destroySurfaces:25 com.android.server.wm.ActivityRecord.activityStopped:184 com.android.server.wm.ActivityClientController.activityStopped:95 android.app.IActivityClientController$Stub.onTransact:722 com.android.server.wm.ActivityClientController.onTransact:1 android.os.Binder.execTransactInternal:1541 android.os.Binder.execTransact:1480 
10-18 22:35:50.678 29147 29161 E ActivityThread: Failed to find provider info for com.samsung.systemui.lockstar.provider.LockScreenDataContent
10-18 22:35:50.718  8648 29048 E LoadedApk: Exception : java.lang.NullPointerException: Attempt to invoke virtual method 'boolean android.os.Looper.isPerfLogEnable()' on a null object reference
10-18 22:35:50.734  8648 29186 E LoadedApk: Exception : java.lang.NullPointerException: Attempt to invoke virtual method 'boolean android.os.Looper.isPerfLogEnable()' on a null object reference
10-18 22:35:50.738  8648 29186 E LoadedApk: Exception : java.lang.NullPointerException: Attempt to invoke virtual method 'boolean android.os.Looper.isPerfLogEnable()' on a null object reference
10-18 22:35:52.407  1175  1329 E spcomlib: [spcom_ioctl] IOCTL failed: ret[-1], error [-4]
10-18 22:35:52.407  1193  1374 E spcomlib: [spcom_ioctl] IOCTL failed: ret[-1], error [-4]
10-18 22:35:52.407  1193  1374 E spcomlib: [spcom_check_link_up_state] SPCom check for link up interrupted - ioctl ret[-4], cmd ret[0], wait[1]
10-18 22:35:52.407  1179  1326 E spcomlib: [spcom_ioctl] IOCTL failed: ret[-1], error [-4]
10-18 22:35:52.407  1179  1326 E spcomlib: [spcom_check_link_up_state] SPCom check for link up interrupted - ioctl ret[-4], cmd ret[0], wait[1]
10-18 22:35:52.409  1175  1329 E spcomlib: [spcom_check_link_up_state] SPCom check for link up interrupted - ioctl ret[-4], cmd ret[0], wait[1]
10-18 22:35:52.411  2218  2322 E spcomlib: [spcom_ioctl] IOCTL failed: ret[-1], error [-4]
10-18 22:35:52.411  2218  2322 E spcomlib: [spcom_check_link_up_state] SPCom check for link up interrupted - ioctl ret[-4], cmd ret[0], wait[1]
10-18 22:35:52.587  1175  1329 E spcomlib: [spcom_ioctl] IOCTL failed: ret[-1], error [-4]
10-18 22:35:52.587  1175  1329 E spcomlib: [spcom_check_link_up_state] SPCom check for link up interrupted - ioctl ret[-4], cmd ret[0], wait[1]
10-18 22:35:52.587  1179  1326 E spcomlib: [spcom_ioctl] IOCTL failed: ret[-1], error [-4]
10-18 22:35:52.587  1193  1374 E spcomlib: [spcom_ioctl] IOCTL failed: ret[-1], error [-4]
10-18 22:35:52.587  1193  1374 E spcomlib: [spcom_check_link_up_state] SPCom check for link up interrupted - ioctl ret[-4], cmd ret[0], wait[1]
10-18 22:35:52.587  1179  1326 E spcomlib: [spcom_check_link_up_state] SPCom check for link up interrupted - ioctl ret[-4], cmd ret[0], wait[1]
10-18 22:35:52.588  2218  2322 E spcomlib: [spcom_ioctl] IOCTL failed: ret[-1], error [-4]
10-18 22:35:52.588  2218  2322 E spcomlib: [spcom_check_link_up_state] SPCom check for link up interrupted - ioctl ret[-4], cmd ret[0], wait[1]
10-18 22:35:53.279  1175  1329 E spcomlib: [spcom_ioctl] IOCTL failed: ret[-1], error [-4]
10-18 22:35:53.279  1179  1326 E spcomlib: [spcom_ioctl] IOCTL failed: ret[-1], error [-4]
10-18 22:35:53.279  1179  1326 E spcomlib: [spcom_check_link_up_state] SPCom check for link up interrupted - ioctl ret[-4], cmd ret[0], wait[1]
10-18 22:35:53.279  1175  1329 E spcomlib: [spcom_check_link_up_state] SPCom check for link up interrupted - ioctl ret[-4], cmd ret[0], wait[1]
10-18 22:35:53.279  1193  1374 E spcomlib: [spcom_ioctl] IOCTL failed: ret[-1], error [-4]
10-18 22:35:53.280  1193  1374 E spcomlib: [spcom_check_link_up_state] SPCom check for link up interrupted - ioctl ret[-4], cmd ret[0], wait[1]
10-18 22:35:53.283  2218  2322 E spcomlib: [spcom_ioctl] IOCTL failed: ret[-1], error [-4]
10-18 22:35:53.283  2218  2322 E spcomlib: [spcom_check_link_up_state] SPCom check for link up interrupted - ioctl ret[-4], cmd ret[0], wait[1]
10-18 22:35:57.091 29147 29161 E ActivityThread: Failed to find provider info for com.samsung.systemui.lockstar.provider.LockScreenDataContent
10-18 22:35:57.092  2706 12088 E AppOps  : package client.pid<2042> not found, can't check for attributionTag null
10-18 22:35:57.092  2706 12088 E AppOps  : Bad call made by uid 1047. Package "client.pid<2042>" does not belong to uid 1000.
10-18 22:35:57.092  2706 12088 E AppOps  : Cannot checkOperation: non-application UID 1000
10-18 22:35:57.095 29147 29160 E ActivityThread: Failed to find provider info for com.samsung.systemui.lockstar.provider.LockScreenDataContent
10-18 22:35:57.098 29147 29160 E ActivityThread: Failed to find provider info for com.samsung.systemui.lockstar.provider.LockScreenDataContent
10-18 22:35:57.101 29147 29161 E ActivityThread: Failed to find provider info for com.samsung.systemui.lockstar.provider.LockScreenDataContent
10-18 22:35:57.101  2706  3829 E CameraService_worker: Recent tasks don't include camera client package name: client.pid<2042>
10-18 22:35:57.104 29147 29161 E ActivityThread: Failed to find provider info for com.samsung.systemui.lockstar.provider.LockScreenDataContent
10-18 22:35:57.108 29147 29161 E ActivityThread: Failed to find provider info for com.samsung.systemui.lockstar.provider.LockScreenDataContent
10-18 22:35:57.111  8648 29048 E LoadedApk: Exception : java.lang.NullPointerException: Attempt to invoke virtual method 'boolean android.os.Looper.isPerfLogEnable()' on a null object reference
10-18 22:35:57.135  8648 28064 E LoadedApk: Exception : java.lang.NullPointerException: Attempt to invoke virtual method 'boolean android.os.Looper.isPerfLogEnable()' on a null object reference
10-18 22:35:57.136  8648 29185 E LoadedApk: Exception : java.lang.NullPointerException: Attempt to invoke virtual method 'boolean android.os.Looper.isPerfLogEnable()' on a null object reference
10-18 22:35:57.725  2706  6881 E WindowManager: win=Window{8537dcf u0 FP Iconview} destroySurfaces: appStopped=true cleanupOnResume=false win.mWindowRemovalAllowed=false win.mRemoveOnExit=false win.mViewVisibility=8 caller=com.android.server.wm.WindowManagerService.tryStartExitingAnimation:147 com.android.server.wm.WindowManagerService.relayoutWindowInner:112 com.android.server.wm.WindowManagerService.relayoutWindow:6 com.android.server.wm.Session.relayout:27 android.view.IWindowSession$Stub.onTransact:861 com.android.server.wm.Session.onTransact:1 android.os.Binder.execTransactInternal:1536 
10-18 22:35:59.912  1183 17065 E keystore2: system/security/keystore2/src/error.rs:171 - system/security/keystore2/src/security_level.rs:332: In create_operation. 10284
10-18 22:35:59.912  1183 17065 E keystore2: 
10-18 22:35:59.912  1183 17065 E keystore2: Caused by:
10-18 22:35:59.912  1183 17065 E keystore2:     0: system/security/keystore2/src/enforcements.rs:633: matching auth token is expired.
10-18 22:35:59.912  1183 17065 E keystore2:     1: Error::Km(r#KEY_USER_NOT_AUTHENTICATED)
10-18 22:35:59.979  2706 12088 E WindowManager: win=Window{8e0fa28 u0 NotificationShade} destroySurfaces: appStopped=true cleanupOnResume=false win.mWindowRemovalAllowed=false win.mRemoveOnExit=false win.mViewVisibility=4 caller=com.android.server.wm.WindowManagerService.tryStartExitingAnimation:147 com.android.server.wm.WindowManagerService.relayoutWindowInner:112 com.android.server.wm.WindowManagerService.relayoutWindow:6 com.android.server.wm.Session.relayout:27 android.view.IWindowSession$Stub.onTransact:861 com.android.server.wm.Session.onTransact:1 android.os.Binder.execTransactInternal:1541 
10-18 22:36:02.369  2706 12088 E WindowManager: win=Window{8e0fa28 u0 NotificationShade} destroySurfaces: appStopped=true cleanupOnResume=false win.mWindowRemovalAllowed=false win.mRemoveOnExit=false win.mViewVisibility=4 caller=com.android.server.wm.WindowManagerService.tryStartExitingAnimation:147 com.android.server.wm.WindowManagerService.relayoutWindowInner:112 com.android.server.wm.WindowManagerService.relayoutWindow:6 com.android.server.wm.Session.relayout:27 android.view.IWindowSession$Stub.onTransact:861 com.android.server.wm.Session.onTransact:1 android.os.Binder.execTransactInternal:1541 
10-18 22:36:02.416  2706  5625 E WindowManager: win=Window{ce52b3d u0 com.sec.android.app.launcher/com.sec.android.app.launcher.activities.LauncherActivity} destroySurfaces: appStopped=true cleanupOnResume=false win.mWindowRemovalAllowed=false win.mRemoveOnExit=false win.mViewVisibility=8 caller=com.android.server.wm.ActivityRecord.destroySurfaces:25 com.android.server.wm.ActivityRecord.activityStopped:184 com.android.server.wm.ActivityClientController.activityStopped:95 android.app.IActivityClientController$Stub.onTransact:722 com.android.server.wm.ActivityClientController.onTransact:1 android.os.Binder.execTransactInternal:1541 android.os.Binder.execTransact:1480 
10-18 22:36:02.416  2706  5625 E WindowManager: win=Window{37e49e9 u0 com.sec.android.app.launcher/com.sec.android.app.launcher.activities.LauncherActivity} destroySurfaces: appStopped=true cleanupOnResume=false win.mWindowRemovalAllowed=false win.mRemoveOnExit=false win.mViewVisibility=8 caller=com.android.server.wm.ActivityRecord.destroySurfaces:25 com.android.server.wm.ActivityRecord.activityStopped:184 com.android.server.wm.ActivityClientController.activityStopped:95 android.app.IActivityClientController$Stub.onTransact:722 com.android.server.wm.ActivityClientController.onTransact:1 android.os.Binder.execTransactInternal:1541 android.os.Binder.execTransact:1480 
10-18 22:36:04.792  2706 11057 E TaskPersister: File error accessing recents directory (directory doesn't exist?).
10-18 22:36:07.746  2706  3069 E Watchdog: !@Sync: 28242 heap(MB): 190 / 225 FD: 1468 [2025-10-18 22:36:07.746]
10-18 22:36:37.758  2706  3069 E Watchdog: !@Sync: 28243 heap(MB): 216 / 226 FD: 1469 [2025-10-18 22:36:37.757]
10-18 22:37:07.768  2706  3069 E Watchdog: !@Sync: 28244 heap(MB): 211 / 227 FD: 1469 [2025-10-18 22:37:07.767]
10-18 22:37:14.216  2706 11080 E WindowManager: win=Window{310c91f u0 com.snapchat.android/com.snap.mushroom.MainActivity} destroySurfaces: appStopped=true cleanupOnResume=false win.mWindowRemovalAllowed=false win.mRemoveOnExit=false win.mViewVisibility=4 caller=com.android.server.wm.ActivityRecord.destroySurfaces:25 com.android.server.wm.ActivityRecord.activityStopped:184 com.android.server.wm.ActivityClientController.activityStopped:95 android.app.IActivityClientController$Stub.onTransact:722 com.android.server.wm.ActivityClientController.onTransact:1 android.os.Binder.execTransactInternal:1541 android.os.Binder.execTransact:1480 
10-18 22:37:14.441 32195 32195 E ActivityThread: Failed to find provider info for com.zhiliaoapp.musically.apm
10-18 22:37:14.605  2706  5064 E WindowManager: win=Window{84c1c09 u0 com.sec.android.app.launcher/com.android.quickstep.RecentsActivity} destroySurfaces: appStopped=true cleanupOnResume=false win.mWindowRemovalAllowed=false win.mRemoveOnExit=false win.mViewVisibility=8 caller=com.android.server.wm.ActivityRecord.destroySurfaces:25 com.android.server.wm.ActivityRecord.activityStopped:184 com.android.server.wm.ActivityClientController.activityStopped:95 android.app.IActivityClientController$Stub.onTransact:722 com.android.server.wm.ActivityClientController.onTransact:1 android.os.Binder.execTransactInternal:1541 android.os.Binder.execTransact:1480 
10-18 22:37:14.887  2706  3029 E WindowManager: win=Window{9d486a9 u0 SnapshotStartingWindow for taskId=4891 EXITING} destroySurfaces: appStopped=false cleanupOnResume=false win.mWindowRemovalAllowed=true win.mRemoveOnExit=true win.mViewVisibility=0 caller=com.android.server.wm.WindowState.onExitAnimationDone:222 com.android.server.wm.WindowState.onAnimationFinished:161 com.android.server.wm.WindowContainer$$ExternalSyntheticLambda5.onAnimationFinished:26 com.android.server.wm.SurfaceAnimator$$ExternalSyntheticLambda1.run:28 com.android.server.wm.SurfaceAnimator$$ExternalSyntheticLambda0.onAnimationFinished:65 com.android.server.wm.LocalAnimationAdapter$$ExternalSyntheticLambda0.run:10 android.os.Handler.handleCallback:959 
10-18 22:37:17.228  2706 11057 E TaskPersister: File error accessing recents directory (directory doesn't exist?).
10-18 22:37:37.775  2706  3069 E Watchdog: !@Sync: 28245 heap(MB): 180 / 227 FD: 1469 [2025-10-18 22:37:37.775]
10-18 22:38:05.841  2706  3029 E WindowManager: win=Window{d5b9ec8 u0 com.zhiliaoapp.musically/com.ss.android.ugc.aweme.splash.SplashActivity EXITING} destroySurfaces: appStopped=false cleanupOnResume=false win.mWindowRemovalAllowed=true win.mRemoveOnExit=true win.mViewVisibility=0 caller=com.android.server.wm.WindowState.onExitAnimationDone:222 com.android.server.wm.WindowState.onAnimationFinished:161 com.android.server.wm.WindowContainer$$ExternalSyntheticLambda5.onAnimationFinished:26 com.android.server.wm.SurfaceAnimator$$ExternalSyntheticLambda1.run:28 com.android.server.wm.SurfaceAnimator$$ExternalSyntheticLambda0.onAnimationFinished:65 com.android.server.wm.LocalAnimationAdapter$$ExternalSyntheticLambda0.run:10 android.os.Handler.handleCallback:959 
10-18 22:38:05.844 32195 32326 E ActivityThread: Failed to find provider info for com.zhiliaoapp.musically.apm
10-18 22:38:07.780  2706  3069 E Watchdog: !@Sync: 28246 heap(MB): 212 / 226 FD: 1470 [2025-10-18 22:38:07.780]
10-18 22:38:37.790  2706  3069 E Watchdog: !@Sync: 28247 heap(MB): 215 / 226 FD: 1468 [2025-10-18 22:38:37.789]
10-18 22:39:07.796  2706  3069 E Watchdog: !@Sync: 28248 heap(MB): 214 / 226 FD: 1468 [2025-10-18 22:39:07.795]
10-18 22:39:37.804  2706  3069 E Watchdog: !@Sync: 28249 heap(MB): 211 / 227 FD: 1469 [2025-10-18 22:39:37.804]
10-18 22:40:07.812  2706  3069 E Watchdog: !@Sync: 28250 heap(MB): 220 / 226 FD: 1469 [2025-10-18 22:40:07.812]
10-18 22:40:26.491  2706 11081 E WindowManager: win=Window{ac9afe7 u0 PopupWindow:4f6516b} destroySurfaces: appStopped=true cleanupOnResume=false win.mWindowRemovalAllowed=false win.mRemoveOnExit=false win.mViewVisibility=8 caller=com.android.server.wm.WindowState.destroySurface:30 com.android.server.wm.ActivityRecord.destroySurfaces:25 com.android.server.wm.ActivityRecord.activityStopped:184 com.android.server.wm.ActivityClientController.activityStopped:95 android.app.IActivityClientController$Stub.onTransact:722 com.android.server.wm.ActivityClientController.onTransact:1 android.os.Binder.execTransactInternal:1541 
10-18 22:40:26.491  2706 11081 E WindowManager: win=Window{ace18f5 u0 com.zhiliaoapp.musically/com.ss.android.ugc.aweme.splash.SplashActivity} destroySurfaces: appStopped=true cleanupOnResume=false win.mWindowRemovalAllowed=false win.mRemoveOnExit=false win.mViewVisibility=8 caller=com.android.server.wm.ActivityRecord.destroySurfaces:25 com.android.server.wm.ActivityRecord.activityStopped:184 com.android.server.wm.ActivityClientController.activityStopped:95 android.app.IActivityClientController$Stub.onTransact:722 com.android.server.wm.ActivityClientController.onTransact:1 android.os.Binder.execTransactInternal:1541 android.os.Binder.execTransact:1480 
10-18 22:40:26.599  2706  3029 E WindowManager: win=Window{d62a6f5 u0 com.zhiliaoapp.musically/com.ss.android.ugc.aweme.splash.SplashActivity EXITING} destroySurfaces: appStopped=true cleanupOnResume=false win.mWindowRemovalAllowed=false win.mRemoveOnExit=false win.mViewVisibility=8 caller=com.android.server.wm.WindowState.onExitAnimationDone:222 com.android.server.wm.WindowState.onAnimationFinished:161 com.android.server.wm.WindowContainer$$ExternalSyntheticLambda5.onAnimationFinished:26 com.android.server.wm.SurfaceAnimator$$ExternalSyntheticLambda1.run:28 com.android.server.wm.SurfaceAnimator$$ExternalSyntheticLambda0.onAnimationFinished:65 com.android.server.wm.LocalAnimationAdapter$$ExternalSyntheticLambda0.run:10 android.os.Handler.handleCallback:959 
10-18 22:40:29.036  2706 11057 E TaskPersister: File error accessing recents directory (directory doesn't exist?).
10-18 22:40:32.326  2706 11057 E TaskPersister: File error accessing recents directory (directory doesn't exist?).
10-18 22:40:37.820  2706  3069 E Watchdog: !@Sync: 28251 heap(MB): 195 / 226 FD: 1467 [2025-10-18 22:40:37.820]
10-18 22:40:43.611  2706  3029 E WindowManager: win=Window{d2d1c65 u0 com.zhiliaoapp.musically/com.ss.android.ugc.aweme.splash.SplashActivity EXITING} destroySurfaces: appStopped=false cleanupOnResume=false win.mWindowRemovalAllowed=true win.mRemoveOnExit=true win.mViewVisibility=0 caller=com.android.server.wm.WindowState.onExitAnimationDone:222 com.android.server.wm.WindowState.onAnimationFinished:161 com.android.server.wm.WindowContainer$$ExternalSyntheticLambda5.onAnimationFinished:26 com.android.server.wm.SurfaceAnimator$$ExternalSyntheticLambda1.run:28 com.android.server.wm.SurfaceAnimator$$ExternalSyntheticLambda0.onAnimationFinished:65 com.android.server.wm.LocalAnimationAdapter$$ExternalSyntheticLambda0.run:10 android.os.Handler.handleCallback:959 
10-18 22:41:07.828  2706  3069 E Watchdog: !@Sync: 28252 heap(MB): 222 / 227 FD: 1467 [2025-10-18 22:41:07.827]
10-18 22:41:37.836  2706  3069 E Watchdog: !@Sync: 28253 heap(MB): 195 / 227 FD: 1467 [2025-10-18 22:41:37.835]
10-18 22:42:07.844  2706  3069 E Watchdog: !@Sync: 28254 heap(MB): 220 / 227 FD: 1465 [2025-10-18 22:42:07.843]
10-18 22:42:37.851  2706  3069 E Watchdog: !@Sync: 28255 heap(MB): 222 / 226 FD: 1465 [2025-10-18 22:42:37.851]
10-18 22:43:05.847 32195 32326 E ActivityThread: Failed to find provider info for com.zhiliaoapp.musically.apm
10-18 22:43:07.860  2706  3069 E Watchdog: !@Sync: 28256 heap(MB): 225 / 226 FD: 1465 [2025-10-18 22:43:07.859]
10-18 22:43:37.867  2706  3069 E Watchdog: !@Sync: 28257 heap(MB): 222 / 227 FD: 1465 [2025-10-18 22:43:37.867]
10-18 22:44:07.874  2706  3069 E Watchdog: !@Sync: 28258 heap(MB): 201 / 226 FD: 1465 [2025-10-18 22:44:07.874]
10-18 22:44:28.106 32195 32195 E ActivityThread: Failed to find provider info for com.zhiliaoapp.musically.apm
10-18 22:44:28.134  2706 11089 E WindowManager: win=Window{ac9afe7 u0 PopupWindow:4f6516b} destroySurfaces: appStopped=true cleanupOnResume=false win.mWindowRemovalAllowed=false win.mRemoveOnExit=false win.mViewVisibility=8 caller=com.android.server.wm.WindowState.destroySurface:30 com.android.server.wm.ActivityRecord.destroySurfaces:25 com.android.server.wm.ActivityRecord.activityStopped:184 com.android.server.wm.ActivityClientController.activityStopped:95 android.app.IActivityClientController$Stub.onTransact:722 com.android.server.wm.ActivityClientController.onTransact:1 android.os.Binder.execTransactInternal:1541 
10-18 22:44:28.134  2706 11089 E WindowManager: win=Window{ace18f5 u0 com.zhiliaoapp.musically/com.ss.android.ugc.aweme.splash.SplashActivity} destroySurfaces: appStopped=true cleanupOnResume=false win.mWindowRemovalAllowed=false win.mRemoveOnExit=false win.mViewVisibility=8 caller=com.android.server.wm.ActivityRecord.destroySurfaces:25 com.android.server.wm.ActivityRecord.activityStopped:184 com.android.server.wm.ActivityClientController.activityStopped:95 android.app.IActivityClientController$Stub.onTransact:722 com.android.server.wm.ActivityClientController.onTransact:1 android.os.Binder.execTransactInternal:1541 android.os.Binder.execTransact:1480 
10-18 22:44:28.228  2706  3029 E WindowManager: win=Window{d62a6f5 u0 com.zhiliaoapp.musically/com.ss.android.ugc.aweme.splash.SplashActivity EXITING} destroySurfaces: appStopped=true cleanupOnResume=false win.mWindowRemovalAllowed=false win.mRemoveOnExit=false win.mViewVisibility=8 caller=com.android.server.wm.WindowState.onExitAnimationDone:222 com.android.server.wm.WindowState.onAnimationFinished:161 com.android.server.wm.WindowContainer$$ExternalSyntheticLambda5.onAnimationFinished:26 com.android.server.wm.SurfaceAnimator$$ExternalSyntheticLambda1.run:28 com.android.server.wm.SurfaceAnimator$$ExternalSyntheticLambda0.onAnimationFinished:65 com.android.server.wm.LocalAnimationAdapter$$ExternalSyntheticLambda0.run:10 android.os.Handler.handleCallback:959 
10-18 22:44:29.010  2706  5064 E WindowManager: win=Window{ce52b3d u0 com.sec.android.app.launcher/com.sec.android.app.launcher.activities.LauncherActivity} destroySurfaces: appStopped=true cleanupOnResume=false win.mWindowRemovalAllowed=false win.mRemoveOnExit=false win.mViewVisibility=8 caller=com.android.server.wm.ActivityRecord.destroySurfaces:25 com.android.server.wm.ActivityRecord.activityStopped:184 com.android.server.wm.ActivityClientController.activityStopped:95 android.app.IActivityClientController$Stub.onTransact:722 com.android.server.wm.ActivityClientController.onTransact:1 android.os.Binder.execTransactInternal:1541 android.os.Binder.execTransact:1480 
10-18 22:44:29.011  2706  5064 E WindowManager: win=Window{37e49e9 u0 com.sec.android.app.launcher/com.sec.android.app.launcher.activities.LauncherActivity} destroySurfaces: appStopped=true cleanupOnResume=false win.mWindowRemovalAllowed=false win.mRemoveOnExit=false win.mViewVisibility=8 caller=com.android.server.wm.ActivityRecord.destroySurfaces:25 com.android.server.wm.ActivityRecord.activityStopped:184 com.android.server.wm.ActivityClientController.activityStopped:95 android.app.IActivityClientController$Stub.onTransact:722 com.android.server.wm.ActivityClientController.onTransact:1 android.os.Binder.execTransactInternal:1541 android.os.Binder.execTransact:1480 
10-18 22:44:31.642 14623 14652 E ActivityThread: Failed to find provider info for com.google.android.apps.wellbeing.api
10-18 22:44:32.595  2706 11057 E TaskPersister: File error accessing recents directory (directory doesn't exist?).
10-18 22:44:34.174  2706 12088 E WindowManager: win=Window{5728d3c u0 InputMethod} destroySurfaces: appStopped=true cleanupOnResume=false win.mWindowRemovalAllowed=false win.mRemoveOnExit=false win.mViewVisibility=8 caller=com.android.server.wm.WindowManagerService.tryStartExitingAnimation:147 com.android.server.wm.WindowManagerService.relayoutWindowInner:112 com.android.server.wm.WindowManagerService.relayoutWindow:6 com.android.server.wm.Session.relayout:27 android.view.IWindowSession$Stub.onTransact:861 com.android.server.wm.Session.onTransact:1 android.os.Binder.execTransactInternal:1541 
10-18 22:44:37.878  2706  3069 E Watchdog: !@Sync: 28259 heap(MB): 231 / 231 FD: 1465 [2025-10-18 22:44:37.878]
10-18 22:45:07.997  2706  3069 E Watchdog: !@Sync: 28260 heap(MB): 207 / 227 native(MB): 125 FD: 1421 WaitTime: 0 ms GCcnt: 0 FullGC: 0 [2025-10-18 22:45:07.884]
10-18 22:45:38.005  2706  3069 E Watchdog: !@Sync: 28261 heap(MB): 216 / 227 FD: 1421 [2025-10-18 22:45:38.004]
10-18 22:45:58.077  8005 17909 E ActivityThread: Failed to find provider info for gmail-ofls
10-18 22:45:59.127  8005 17909 E ActivityThread: Failed to find provider info for gmail-ofls
10-18 22:46:08.012  2706  3069 E Watchdog: !@Sync: 28262 heap(MB): 192 / 227 FD: 1421 [2025-10-18 22:46:08.011]
10-18 22:46:38.019  2706  3069 E Watchdog: !@Sync: 28263 heap(MB): 194 / 227 FD: 1422 [2025-10-18 22:46:38.018]
10-18 22:47:08.026  2706  3069 E Watchdog: !@Sync: 28264 heap(MB): 216 / 227 FD: 1422 [2025-10-18 22:47:08.025]
10-18 22:47:38.034  2706  3069 E Watchdog: !@Sync: 28265 heap(MB): 199 / 227 FD: 1417 [2025-10-18 22:47:38.034]
10-18 22:48:05.847 32195 32326 E ActivityThread: Failed to find provider info for com.zhiliaoapp.musically.apm
10-18 22:48:08.038  2706  3069 E Watchdog: !@Sync: 28266 heap(MB): 226 / 233 FD: 1417 [2025-10-18 22:48:08.038]
10-18 22:48:16.147  2706  4652 E WindowManager: win=Window{7714793 u0 com.google.android.youtube/com.google.android.youtube.app.honeycomb.Shell$HomeActivity} destroySurfaces: appStopped=true cleanupOnResume=false win.mWindowRemovalAllowed=false win.mRemoveOnExit=false win.mViewVisibility=8 caller=com.android.server.wm.ActivityRecord.destroySurfaces:25 com.android.server.wm.ActivityRecord.activityStopped:184 com.android.server.wm.ActivityClientController.activityStopped:95 android.app.IActivityClientController$Stub.onTransact:722 com.android.server.wm.ActivityClientController.onTransact:1 android.os.Binder.execTransactInternal:1541 android.os.Binder.execTransact:1480 
10-18 22:48:16.445 32195 32195 E ActivityThread: Failed to find provider info for com.zhiliaoapp.musically.apm
10-18 22:48:16.602  2706 11083 E WindowManager: win=Window{84c1c09 u0 com.sec.android.app.launcher/com.android.quickstep.RecentsActivity} destroySurfaces: appStopped=true cleanupOnResume=false win.mWindowRemovalAllowed=false win.mRemoveOnExit=false win.mViewVisibility=8 caller=com.android.server.wm.ActivityRecord.destroySurfaces:25 com.android.server.wm.ActivityRecord.activityStopped:184 com.android.server.wm.ActivityClientController.activityStopped:95 android.app.IActivityClientController$Stub.onTransact:722 com.android.server.wm.ActivityClientController.onTransact:1 android.os.Binder.execTransactInternal:1541 android.os.Binder.execTransact:1480 
10-18 22:48:16.884  2706  3029 E WindowManager: win=Window{2a05bc7 u0 SnapshotStartingWindow for taskId=4891 EXITING} destroySurfaces: appStopped=false cleanupOnResume=false win.mWindowRemovalAllowed=true win.mRemoveOnExit=true win.mViewVisibility=0 caller=com.android.server.wm.WindowState.onExitAnimationDone:222 com.android.server.wm.WindowState.onAnimationFinished:161 com.android.server.wm.WindowContainer$$ExternalSyntheticLambda5.onAnimationFinished:26 com.android.server.wm.SurfaceAnimator$$ExternalSyntheticLambda1.run:28 com.android.server.wm.SurfaceAnimator$$ExternalSyntheticLambda0.onAnimationFinished:65 com.android.server.wm.LocalAnimationAdapter$$ExternalSyntheticLambda0.run:10 android.os.Handler.handleCallback:959 
10-18 22:48:19.226  2706 11057 E TaskPersister: File error accessing recents directory (directory doesn't exist?).
10-18 22:48:38.047  2706  3069 E Watchdog: !@Sync: 28267 heap(MB): 189 / 227 FD: 1461 [2025-10-18 22:48:38.047]
10-18 22:49:08.053  2706  3069 E Watchdog: !@Sync: 28268 heap(MB): 227 / 227 FD: 1461 [2025-10-18 22:49:08.052]
10-18 22:49:38.061  2706  3069 E Watchdog: !@Sync: 28269 heap(MB): 218 / 226 FD: 1461 [2025-10-18 22:49:38.060]
10-18 22:50:08.068  2706  3069 E Watchdog: !@Sync: 28270 heap(MB): 219 / 227 FD: 1461 [2025-10-18 22:50:08.068]
10-18 22:50:38.073  2706  3069 E Watchdog: !@Sync: 28271 heap(MB): 197 / 227 FD: 1461 [2025-10-18 22:50:38.073]
10-18 22:51:08.080  2706  3069 E Watchdog: !@Sync: 28272 heap(MB): 195 / 226 FD: 1465 [2025-10-18 22:51:08.080]
10-18 22:51:38.088  2706  3069 E Watchdog: !@Sync: 28273 heap(MB): 224 / 227 FD: 1461 [2025-10-18 22:51:38.088]
10-18 22:52:08.090  2706  3069 E Watchdog: !@Sync: 28274 heap(MB): 217 / 228 FD: 1460 [2025-10-18 22:52:08.090]
10-18 22:52:38.097  2706  3069 E Watchdog: !@Sync: 28275 heap(MB): 192 / 227 FD: 1460 [2025-10-18 22:52:38.096]
10-18 22:52:41.027 32195 32195 E ActivityThread: Failed to find provider info for com.zhiliaoapp.musically.apm
10-18 22:52:41.115 32195 32195 E AbnormalUsage: report abnormal resource usage: PID 32195 view count : 615 memory usage : 477456 stop count : 36
10-18 22:52:41.130  2706 12127 E WindowManager: win=Window{ac9afe7 u0 PopupWindow:4f6516b} destroySurfaces: appStopped=true cleanupOnResume=false win.mWindowRemovalAllowed=false win.mRemoveOnExit=false win.mViewVisibility=8 caller=com.android.server.wm.WindowState.destroySurface:30 com.android.server.wm.ActivityRecord.destroySurfaces:25 com.android.server.wm.ActivityRecord.activityStopped:184 com.android.server.wm.ActivityClientController.activityStopped:95 android.app.IActivityClientController$Stub.onTransact:722 com.android.server.wm.ActivityClientController.onTransact:1 android.os.Binder.execTransactInternal:1541 
10-18 22:52:41.130  2706 12127 E WindowManager: win=Window{ace18f5 u0 com.zhiliaoapp.musically/com.ss.android.ugc.aweme.splash.SplashActivity} destroySurfaces: appStopped=true cleanupOnResume=false win.mWindowRemovalAllowed=false win.mRemoveOnExit=false win.mViewVisibility=8 caller=com.android.server.wm.ActivityRecord.destroySurfaces:25 com.android.server.wm.ActivityRecord.activityStopped:184 com.android.server.wm.ActivityClientController.activityStopped:95 android.app.IActivityClientController$Stub.onTransact:722 com.android.server.wm.ActivityClientController.onTransact:1 android.os.Binder.execTransactInternal:1541 android.os.Binder.execTransact:1480 
10-18 22:52:41.157  2706  3029 E WindowManager: win=Window{d62a6f5 u0 com.zhiliaoapp.musically/com.ss.android.ugc.aweme.splash.SplashActivity EXITING} destroySurfaces: appStopped=true cleanupOnResume=false win.mWindowRemovalAllowed=false win.mRemoveOnExit=false win.mViewVisibility=8 caller=com.android.server.wm.WindowState.onExitAnimationDone:222 com.android.server.wm.WindowState.onAnimationFinished:161 com.android.server.wm.WindowContainer$$ExternalSyntheticLambda5.onAnimationFinished:26 com.android.server.wm.SurfaceAnimator$$ExternalSyntheticLambda1.run:28 com.android.server.wm.SurfaceAnimator$$ExternalSyntheticLambda0.onAnimationFinished:65 com.android.server.wm.LocalAnimationAdapter$$ExternalSyntheticLambda0.run:10 android.os.Handler.handleCallback:959 
10-18 22:52:41.910 29147 29161 E ActivityThread: Failed to find provider info for com.samsung.systemui.lockstar.provider.LockScreenDataContent
10-18 22:52:41.925 29147 29161 E ActivityThread: Failed to find provider info for com.samsung.systemui.lockstar.provider.LockScreenDataContent
10-18 22:52:41.928 29147 29161 E ActivityThread: Failed to find provider info for com.samsung.systemui.lockstar.provider.LockScreenDataContent
10-18 22:52:41.930 29147 29161 E ActivityThread: Failed to find provider info for com.samsung.systemui.lockstar.provider.LockScreenDataContent
10-18 22:52:41.931 29147 29161 E ActivityThread: Failed to find provider info for com.samsung.systemui.lockstar.provider.LockScreenDataContent
10-18 22:52:41.931 29147 29161 E ActivityThread: Failed to find provider info for com.samsung.systemui.lockstar.provider.LockScreenDataContent
10-18 22:52:41.934 29147 29161 E ActivityThread: Failed to find provider info for com.samsung.systemui.lockstar.provider.LockScreenDataContent
10-18 22:52:42.297  2706  4652 E WindowManager: win=Window{ce52b3d u0 com.sec.android.app.launcher/com.sec.android.app.launcher.activities.LauncherActivity} destroySurfaces: appStopped=true cleanupOnResume=false win.mWindowRemovalAllowed=false win.mRemoveOnExit=false win.mViewVisibility=8 caller=com.android.server.wm.ActivityRecord.destroySurfaces:25 com.android.server.wm.ActivityRecord.activityStopped:184 com.android.server.wm.ActivityClientController.activityStopped:95 android.app.IActivityClientController$Stub.onTransact:722 com.android.server.wm.ActivityClientController.onTransact:1 android.os.Binder.execTransactInternal:1541 android.os.Binder.execTransact:1480 
10-18 22:52:42.298  2706  4652 E WindowManager: win=Window{37e49e9 u0 com.sec.android.app.launcher/com.sec.android.app.launcher.activities.LauncherActivity} destroySurfaces: appStopped=true cleanupOnResume=false win.mWindowRemovalAllowed=false win.mRemoveOnExit=false win.mViewVisibility=8 caller=com.android.server.wm.ActivityRecord.destroySurfaces:25 com.android.server.wm.ActivityRecord.activityStopped:184 com.android.server.wm.ActivityClientController.activityStopped:95 android.app.IActivityClientController$Stub.onTransact:722 com.android.server.wm.ActivityClientController.onTransact:1 android.os.Binder.execTransactInternal:1541 android.os.Binder.execTransact:1480 
10-18 22:52:42.472 29147 29161 E ActivityThread: Failed to find provider info for com.samsung.systemui.lockstar.provider.LockScreenDataContent
10-18 22:52:42.514  8648  5948 E LoadedApk: Exception : java.lang.NullPointerException: Attempt to invoke virtual method 'boolean android.os.Looper.isPerfLogEnable()' on a null object reference
10-18 22:52:42.533  8648  6803 E LoadedApk: Exception : java.lang.NullPointerException: Attempt to invoke virtual method 'boolean android.os.Looper.isPerfLogEnable()' on a null object reference
10-18 22:52:42.541  8648  6803 E LoadedApk: Exception : java.lang.NullPointerException: Attempt to invoke virtual method 'boolean android.os.Looper.isPerfLogEnable()' on a null object reference
10-18 22:52:44.372  1175  1329 E spcomlib: [spcom_ioctl] IOCTL failed: ret[-1], error [-4]
10-18 22:52:44.372  1179  1326 E spcomlib: [spcom_ioctl] IOCTL failed: ret[-1], error [-4]
10-18 22:52:44.373  1193  1374 E spcomlib: [spcom_ioctl] IOCTL failed: ret[-1], error [-4]
10-18 22:52:44.373  1193  1374 E spcomlib: [spcom_check_link_up_state] SPCom check for link up interrupted - ioctl ret[-4], cmd ret[0], wait[1]
10-18 22:52:44.375  1175  1329 E spcomlib: [spcom_check_link_up_state] SPCom check for link up interrupted - ioctl ret[-4], cmd ret[0], wait[1]
10-18 22:52:44.375  1179  1326 E spcomlib: [spcom_check_link_up_state] SPCom check for link up interrupted - ioctl ret[-4], cmd ret[0], wait[1]
10-18 22:52:44.376  2218  2322 E spcomlib: [spcom_ioctl] IOCTL failed: ret[-1], error [-4]
10-18 22:52:44.379  2218  2322 E spcomlib: [spcom_check_link_up_state] SPCom check for link up interrupted - ioctl ret[-4], cmd ret[0], wait[1]
10-18 22:52:46.776  1175  1329 E spcomlib: [spcom_ioctl] IOCTL failed: ret[-1], error [-4]
10-18 22:52:46.776  1175  1329 E spcomlib: [spcom_check_link_up_state] SPCom check for link up interrupted - ioctl ret[-4], cmd ret[0], wait[1]
10-18 22:52:46.776  1179  1326 E spcomlib: [spcom_ioctl] IOCTL failed: ret[-1], error [-4]
10-18 22:52:46.776  1179  1326 E spcomlib: [spcom_check_link_up_state] SPCom check for link up interrupted - ioctl ret[-4], cmd ret[0], wait[1]
10-18 22:52:46.777  1193  1374 E spcomlib: [spcom_ioctl] IOCTL failed: ret[-1], error [-4]
10-18 22:52:46.777  1193  1374 E spcomlib: [spcom_check_link_up_state] SPCom check for link up interrupted - ioctl ret[-4], cmd ret[0], wait[1]
10-18 22:52:46.778  2218  2322 E spcomlib: [spcom_ioctl] IOCTL failed: ret[-1], error [-4]
10-18 22:52:46.778  2218  2322 E spcomlib: [spcom_check_link_up_state] SPCom check for link up interrupted - ioctl ret[-4], cmd ret[0], wait[1]
10-18 22:52:54.979  1193  1374 E spcomlib: [spcom_ioctl] IOCTL failed: ret[-1], error [-4]
10-18 22:52:54.979  1175  1329 E spcomlib: [spcom_ioctl] IOCTL failed: ret[-1], error [-4]
10-18 22:52:54.979  1175  1329 E spcomlib: [spcom_check_link_up_state] SPCom check for link up interrupted - ioctl ret[-4], cmd ret[0], wait[1]
10-18 22:52:54.979  1193  1374 E spcomlib: [spcom_check_link_up_state] SPCom check for link up interrupted - ioctl ret[-4], cmd ret[0], wait[1]
10-18 22:52:54.979  1179  1326 E spcomlib: [spcom_ioctl] IOCTL failed: ret[-1], error [-4]
10-18 22:52:54.979  1179  1326 E spcomlib: [spcom_check_link_up_state] SPCom check for link up interrupted - ioctl ret[-4], cmd ret[0], wait[1]
10-18 22:52:54.982  2218  2322 E spcomlib: [spcom_ioctl] IOCTL failed: ret[-1], error [-4]
10-18 22:52:54.982  2218  2322 E spcomlib: [spcom_check_link_up_state] SPCom check for link up interrupted - ioctl ret[-4], cmd ret[0], wait[1]
10-18 22:53:08.911  1175  1329 E spcomlib: [spcom_ioctl] IOCTL failed: ret[-1], error [-4]
