10-18 23:11:32.337  2755  6222 E CameraService: onTorchStatusChangedLocked: cannot get torch status of camera 54: No such file or directory (-2)
10-18 23:11:32.337  2755  6222 E CameraService: onTorchStatusChangedLocked: cannot get torch status of camera 20: No such file or directory (-2)
10-18 23:11:32.338  2755  6222 E CameraService: onTorchStatusChangedLocked: cannot get torch status of camera 21: No such file or directory (-2)
10-18 23:11:32.338  2755  6222 E CameraService: onTorchStatusChangedLocked: cannot get torch status of camera 23: No such file or directory (-2)
10-18 23:11:32.338  2755  6222 E CameraService: onTorchStatusChangedLocked: cannot get torch status of camera 24: No such file or directory (-2)
10-18 23:11:32.339  2706 11083 E SensorService: BigData:Pakage) 4 already disabled. 
10-18 23:11:32.343  2706 11089 E SensorService: BigData:Pakage) 1 already disabled. 
10-18 23:11:32.344  2706 11089 E SensorService: BigData:Pakage) 4 already disabled. 
10-18 23:11:32.345  2018  2119 E minksocket: MinkIPC ERROR: ( 2018:2119 ) MinkIPC_preProcess:272 Client down, but cannot find corresponding minksession
10-18 23:11:32.345  2018  2126 E minksocket: MinkIPC ERROR: ( 2018:2126 ) MinkIPC_preProcess:272 Client down, but cannot find corresponding minksession
10-18 23:11:32.345  2037  2037 E sensors-hal: register_cb:315, all callbacks are null for new suid. no need to register it
10-18 23:11:32.346  2018  2119 E minksocket: MinkIPC ERROR: ( 2018:2119 ) MinkIPC_preProcess:272 Client down, but cannot find corresponding minksession
10-18 23:11:32.346  2018  2126 E minksocket: MinkIPC ERROR: ( 2018:2126 ) MinkIPC_preProcess:272 Client down, but cannot find corresponding minksession
10-18 23:11:32.347  2018  2119 E minksocket: MinkIPC ERROR: ( 2018:2119 ) MinkIPC_preProcess:272 Client down, but cannot find corresponding minksession
10-18 23:11:32.347  2018  2126 E minksocket: MinkIPC ERROR: ( 2018:2126 ) MinkIPC_preProcess:272 Client down, but cannot find corresponding minksession
10-18 23:11:32.352  2069 17570 E Personalize_Plugin: [PERSONAL_INTERFACE] virtual int PersonalPlugin::deinit_plugin() is done
10-18 23:11:32.358  2069 17559 E snap_api::V6: adapter class instance doesn't exist/Already closed
10-18 23:11:32.363  2193  2193 E SurfaceFlinger: alpha changed 0.020 -> 0.000 - DimTransitionLayer for Surface(name=ActivityRecord{f2c7ce5 u0 com.zhiliaoapp.musically/com.ss.android.ugc.aweme.adaptation.saa.SAAActivity t4891})/@0x3d5ebc9#311406
10-18 23:11:32.363  2193  2193 E SurfaceFlinger: alpha changed 0.000 -> 0.000 - DimTransitionLayer for Surface(name=ActivityRecord{f2c7ce5 u0 com.zhiliaoapp.musically/com.ss.android.ugc.aweme.adaptation.saa.SAAActivity t4891})/@0x3d5ebc9#311406
10-18 23:11:32.377  2069 17562 E snap_api::V6: adapter class instance doesn't exist/Already closed
10-18 23:11:32.377  2069 17562 E snap_api::V6: adapter class instance doesn't exist/Already closed
10-18 23:11:32.377  2069 17562 E snap_api::V6: adapter class instance doesn't exist/Already closed
10-18 23:11:32.385  4676 20390 E NfcService: Reader mode Binder was never registered.
10-18 23:11:32.397  2193  2193 E SurfaceFlinger: alpha changed 0.013 -> 0.000 - ActivityRecord{f2c7ce5 u0 com.zhiliaoapp.musically/com.ss.android.ugc.aweme.adaptation.saa.SAAActivity t4891}#311377
10-18 23:11:32.397  2193  2193 E SurfaceFlinger: alpha changed 0.000 -> 0.000 - ActivityRecord{f2c7ce5 u0 com.zhiliaoapp.musically/com.ss.android.ugc.aweme.adaptation.saa.SAAActivity t4891}#311377
10-18 23:11:32.506  2018  2126 E minksocket: MinkIPC ERROR: ( 2018:2126 ) MinkIPC_preProcess:272 Client down, but cannot find corresponding minksession
10-18 23:11:32.506  2018  2119 E minksocket: MinkIPC ERROR: ( 2018:2119 ) MinkIPC_preProcess:272 Client down, but cannot find corresponding minksession
10-18 23:11:32.506  2018  2119 E minksocket: MinkIPC ERROR: ( 2018:2119 ) MinkIPC_preProcess:272 Client down, but cannot find corresponding minksession
10-18 23:11:32.506  2018  2126 E minksocket: MinkIPC ERROR: ( 2018:2126 ) MinkIPC_preProcess:272 Client down, but cannot find corresponding minksession
10-18 23:11:32.506  2018  2119 E minksocket: MinkIPC ERROR: ( 2018:2119 ) MinkIPC_preProcess:272 Client down, but cannot find corresponding minksession
10-18 23:11:32.506  2018  2126 E minksocket: MinkIPC ERROR: ( 2018:2126 ) MinkIPC_preProcess:272 Client down, but cannot find corresponding minksession
10-18 23:11:32.506  2018  2119 E minksocket: MinkIPC ERROR: ( 2018:2119 ) MinkIPC_preProcess:272 Client down, but cannot find corresponding minksession
10-18 23:11:32.506  2018  2126 E minksocket: MinkIPC ERROR: ( 2018:2126 ) MinkIPC_preProcess:272 Client down, but cannot find corresponding minksession
10-18 23:11:32.513  2193  2193 E SurfaceFlinger: alpha changed 0.000 -> 1.000 - ActivityRecord{f2c7ce5 u0 com.zhiliaoapp.musically/com.ss.android.ugc.aweme.adaptation.saa.SAAActivity t4891}#311377
10-18 23:11:32.518 14971 17057 E         : ## 2025-10-18 23:11:32 [tid:17057,AMGLuaManager.cpp:710] error ## [AE_SCRIPT_TAG]Lua state is null.
10-18 23:11:32.518 14971 17057 E         : ## 2025-10-18 23:11:32 [tid:17057,AMGLuaManager.cpp:2291] error ## [AE_SCRIPT_TAG]Lua state is null.
10-18 23:11:32.518 14971 17057 E         : ## 2025-10-18 23:11:32 [tid:17057,AMGLuaManager.cpp:2291] error ## [AE_SCRIPT_TAG]Lua state is null.
10-18 23:11:32.518 14971 17057 E         : ## 2025-10-18 23:11:32 [tid:17057,AMGLuaManager.cpp:2291] error ## [AE_SCRIPT_TAG]Lua state is null.
10-18 23:11:32.522 14971 17057 E         : ## 2025-10-18 23:11:32 [tid:17057,AMGQueueableLock.cpp:242] error ## [MultiThreadingDebug]runOrQueueUp mark close
10-18 23:11:32.523 14971 17080 E         : ## 2025-10-18 23:11:32 [tid:17080,DFDocument.cpp:33] error ## [AE_GAME_TAG]THIS IS NOT ERROR: release Doc: buildin/doc#0
10-18 23:11:32.523 14971 17080 E         : ## 2025-10-18 23:11:32 [tid:17080,DFDocument.cpp:33] error ## [AE_GAME_TAG]THIS IS NOT ERROR: release Doc: buildin/doc#0
10-18 23:11:32.535 14971 14971 E WindowManager: android.view.WindowLeaked: Activity com.ss.android.ugc.aweme.adaptation.saa.SAAActivity has leaked window android.widget.PopupWindow$PopupDecorView{c6c3ed8 V.E...... R......D 0,0-1080,2340} that was originally added here
10-18 23:11:32.535 14971 14971 E WindowManager: 	at android.view.ViewRootImpl.<init>(ViewRootImpl.java:1528)
10-18 23:11:32.535 14971 14971 E WindowManager: 	at android.view.ViewRootImpl.<init>(ViewRootImpl.java:1503)
10-18 23:11:32.535 14971 14971 E WindowManager: 	at android.view.WindowManagerGlobal.addView(WindowManagerGlobal.java:544)
10-18 23:11:32.535 14971 14971 E WindowManager: 	at android.view.WindowManagerImpl.addView(WindowManagerImpl.java:158)
10-18 23:11:32.535 14971 14971 E WindowManager: 	at android.widget.PopupWindow.invokePopup(PopupWindow.java:1712)
10-18 23:11:32.535 14971 14971 E WindowManager: 	at android.widget.PopupWindow.showAtLocation(PopupWindow.java:1418)
10-18 23:11:32.535 14971 14971 E WindowManager: 	at android.widget.PopupWindow.showAtLocation(PopupWindow.java:1384)
10-18 23:11:32.535 14971 14971 E WindowManager: 	at X.0shE.showAtLocation(SourceFile:67108864)
10-18 23:11:32.535 14971 14971 E WindowManager: 	at X.0si4.show(SourceFile:89)
10-18 23:11:32.535 14971 14971 E WindowManager: 	at X.0si2.LJIIJJI(SourceFile:33)
10-18 23:11:32.535 14971 14971 E WindowManager: 	at X.0siE.show(SourceFile:180)
10-18 23:11:32.535 14971 14971 E WindowManager: 	at X.0Ow6.LIZ(SourceFile:16777328)
10-18 23:11:32.535 14971 14971 E WindowManager: 	at X.0Ov9.LIZ(SourceFile:16777258)
10-18 23:11:32.535 14971 14971 E WindowManager: 	at X.0Ov6.j11(SourceFile:33554434)
10-18 23:11:32.535 14971 14971 E WindowManager: 	at X.0Ov6.ib0(SourceFile:33554716)
10-18 23:11:32.535 14971 14971 E WindowManager: 	at kotlin.jvm.internal.ApS135S1100000_10.invoke$7(SourceFile:16777226)
10-18 23:11:32.535 14971 14971 E WindowManager: 	at kotlin.jvm.internal.ApS135S1100000_10.invoke(Unknown Source:62)
10-18 23:11:32.535 14971 14971 E WindowManager: 	at X.0Ov6.Br1(SourceFile:33554743)
10-18 23:11:32.535 14971 14971 E WindowManager: 	at X.0Ov6.LLLLZI(SourceFile:33554461)
10-18 23:11:32.535 14971 14971 E WindowManager: 	at kotlin.jvm.internal.ApS446S0100000_10.invoke$34(SourceFile:50331666)
10-18 23:11:32.535 14971 14971 E WindowManager: 	at kotlin.jvm.internal.ApS446S0100000_10.invoke(Unknown Source:658)
10-18 23:11:32.535 14971 14971 E WindowManager: 	at Y.AObjectS152S0100000_10.onChanged$455(SourceFile:33554450)
10-18 23:11:32.535 14971 14971 E WindowManager: 	at Y.AObjectS152S0100000_10.onChanged(Unknown Source:2102)
10-18 23:11:32.535 14971 14971 E WindowManager: 	at androidx.lifecycle.LiveData.considerNotify(SourceFile:16777245)
10-18 23:11:32.535 14971 14971 E WindowManager: 	at androidx.lifecycle.LiveData.dispatchingValue(SourceFile:16777266)
10-18 23:11:32.535 14971 14971 E WindowManager: 	at androidx.lifecycle.LiveData.setValue(SourceFile:16777230)
10-18 23:11:32.535 14971 14971 E WindowManager: 	at androidx.lifecycle.MutableLiveData.setValue(SourceFile:16777216)
10-18 23:11:32.535 14971 14971 E WindowManager: 	at X.0ObL.LJIIJ(SourceFile:16777223)
10-18 23:11:32.535 14971 14971 E WindowManager: 	at X.0Ov6.LZ1(SourceFile:16777302)
10-18 23:11:32.535 14971 14971 E WindowManager: 	at X.0Oty.LJ(SourceFile:4)
10-18 23:11:32.535 14971 14971 E WindowManager: 	at com.ss.android.ugc.aweme.shortvideo.ui.TikTokCameraBaseGroupScene.onBackPressed(SourceFile:132)
10-18 23:11:32.535 14971 14971 E WindowManager: 	at com.ss.android.ugc.aweme.shortvideo.ui.TikTokCameraBaseGroupScene.onKeyDown(SourceFile:33554463)
10-18 23:11:32.535 14971 14971 E WindowManager: 	at X.0ORy.onActivityKeyDown(SourceFile:33554432)
10-18 23:11:32.535 14971 14971 E WindowManager: 	at com.ss.android.ugc.aweme.adaptation.saa.SAAActivity.onKeyDown(SourceFile:33554461)
10-18 23:11:32.535 14971 14971 E WindowManager: 	at android.view.KeyEvent.dispatch(KeyEvent.java:3600)
10-18 23:11:32.535 14971 14971 E WindowManager: 	at android.app.Activity.dispatchKeyEvent(Activity.java:4659)
10-18 23:11:32.535 14971 14971 E WindowManager: 	at X.0sur.superDispatchKeyEvent(SourceFile:16777221)
10-18 23:11:32.535 14971 14971 E WindowManager: 	at X.0sQM.LIZIZ(SourceFile:67108874)
10-18 23:11:32.535 14971 14971 E WindowManager: 	at X.0sur.dispatchKeyEvent(SourceFile:16777242)
10-18 23:11:32.535 14971 14971 E WindowManager: 	at X.0sgF.dispatchKeyEvent(SourceFile:16777238)
10-18 23:11:32.535 14971 14971 E WindowManager: 	at X.0cHL.dispatchKeyEvent(SourceFile:16777218)
10-18 23:11:32.535 14971 14971 E WindowManager: 	at X.0sar.dispatchKeyEvent(SourceFile:16777235)
10-18 23:11:32.535 14971 14971 E WindowManager: 	at X.0VjV.dispatchKeyEvent(SourceFile:16777233)
10-18 23:11:32.535 14971 14971 E WindowManager: 	at X.0cHF.dispatchKeyEvent(SourceFile:16777218)
10-18 23:11:32.535 14971 14971 E WindowManager: 	at X.0cHH.dispatchKeyEvent(SourceFile:16777218)
10-18 23:11:32.535 14971 14971 E WindowManager: 	at com.android.internal.policy.DecorView.dispatchKeyEvent(DecorView.java:663)
10-18 23:11:32.535 14971 14971 E WindowManager: 	at android.view.ViewRootImpl$ViewPostImeInputStage.processKeyEvent(ViewRootImpl.java:9443)
10-18 23:11:32.535 14971 14971 E WindowManager: 	at android.view.ViewRootImpl$ViewPostImeInputStage.onProcess(ViewRootImpl.java:9277)
10-18 23:11:32.535 14971 14971 E WindowManager: 	at android.view.ViewRootImpl$InputStage.deliver(ViewRootImpl.java:8603)
10-18 23:11:32.535 14971 14971 E WindowManager: 	at android.view.ViewRootImpl$InputStage.onDeliverToNext(ViewRootImpl.java:8660)
10-18 23:11:32.535 14971 14971 E WindowManager: 	at android.view.ViewRootImpl$InputStage.forward(ViewRootImpl.java:8626)
10-18 23:11:32.535 14971 14971 E WindowManager: 	at android.view.ViewRootImpl$AsyncInputStage.forward(ViewRootImpl.java:8826)
10-18 23:11:32.535 14971 14971 E WindowManager: 	at android.view.ViewRootImpl$InputStage.apply(ViewRootImpl.java:8634)
10-18 23:11:32.535 14971 14971 E WindowManager: 	at android.view.ViewRootImpl$AsyncInputStage.apply(ViewRootImpl.java:8883)
10-18 23:11:32.535 14971 14971 E WindowManager: 	at android.view.ViewRootImpl$InputStage.deliver(ViewRootImpl.java:8607)
10-18 23:11:32.535 14971 14971 E WindowManager: 	at android.view.ViewRootImpl$InputStage.onDeliverToNext(ViewRootImpl.java:8660)
10-18 23:11:32.535 14971 14971 E WindowManager: 	at android.view.ViewRootImpl$InputStage.forward(ViewRootImpl.java:8626)
10-18 23:11:32.535 14971 14971 E WindowManager: 	at android.view.ViewRootImpl$InputStage.apply(ViewRootImpl.java:8634)
10-18 23:11:32.535 14971 14971 E WindowManager: 	at android.view.ViewRootImpl$InputStage.deliver(ViewRootImpl.java:8607)
10-18 23:11:32.535 14971 14971 E WindowManager: 	at android.view.ViewRootImpl$InputStage.onDeliverToNext(ViewRootImpl.java:8660)
10-18 23:11:32.535 14971 14971 E WindowManager: 	at android.view.ViewRootImpl$InputStage.forward(ViewRootImpl.java:8626)
10-18 23:11:32.535 14971 14971 E WindowManager: 	at android.view.ViewRootImpl$AsyncInputStage.forward(ViewRootImpl.java:8859)
10-18 23:11:32.535 14971 14971 E WindowManager: 	at android.view.ViewRootImpl$ImeInputStage.onFinishedInputEvent(ViewRootImpl.java:9116)
10-18 23:11:32.535 14971 14971 E WindowManager: 	at android.view.inputmethod.InputMethodManager$PendingEvent.run(InputMethodManager.java:5132)
10-18 23:11:32.535 14971 14971 E WindowManager: 	at android.view.inputmethod.InputMethodManager.invokeFinishedInputEventCallback(InputMethodManager.java:4522)
10-18 23:11:32.535 14971 14971 E WindowManager: 	at android.view.inputmethod.InputMethodManager.finishedInputEvent(InputMethodManager.java:4513)
10-18 23:11:32.535 14971 14971 E WindowManager: 	at android.view.inputmethod.InputMethodManager.-$$Nest$mfinishedInputEvent(Unknown Source:0)
10-18 23:11:32.535 14971 14971 E WindowManager: 	at android.view.inputmethod.InputMethodManager$ImeInputEventSender.onInputEventFinished(InputMethodManager.java:5109)
10-18 23:11:32.535 14971 14971 E WindowManager: 	at android.view.InputEventSender.dispatchInputEventFinished(InputEventSender.java:181)
10-18 23:11:32.535 14971 14971 E WindowManager: 	at android.os.MessageQueue.nativePollOnce(Native Method)
10-18 23:11:32.535 14971 14971 E WindowManager: 	at android.os.MessageQueue.next(MessageQueue.java:346)
10-18 23:11:32.535 14971 14971 E WindowManager: 	at android.os.Looper.loopOnce(Looper.java:214)
10-18 23:11:32.535 14971 14971 E WindowManager: 	at android.os.Looper.loop(Looper.java:342)
10-18 23:11:32.535 14971 14971 E WindowManager: 	at android.app.ActivityThread.main(ActivityThread.java:9579)
10-18 23:11:32.535 14971 14971 E WindowManager: 	at java.lang.reflect.Method.invoke(Native Method)
10-18 23:11:32.535 14971 14971 E WindowManager: 	at com.android.internal.os.RuntimeInit$MethodAndArgsCaller.run(RuntimeInit.java:619)
10-18 23:11:32.535 14971 14971 E WindowManager: 	at com.android.internal.os.ZygoteInit.main(ZygoteInit.java:929)
10-18 23:11:33.047  2061  2207 E PERFHAL-PERFCTRL: PERFHAL-PERFCTRL: verifyAndCreateRequest() 711: Invalid duplicate request! Discarding
10-18 23:11:33.193  4753  4753 E MediaControlProfile: onCurrentPlayerStateUpdated: base actions not supported, player actions= 0, expected at least= 7f
10-18 23:11:33.194  2156  2878 E ConversionHelperAidl: Function: parseAndSetVendorParameters Line: 94 Failed 
10-18 23:11:33.194  2156  2878 E ConversionHelperAidl: Function: parseAndSetVendorParameters Line: 94 Failed 
10-18 23:11:33.209 14971 15443 E ttmn    : <6fe76ff570,ff_demuxer_android.cpp,open,513>ffmpeg format error.code:-1414092869,message:Immediate exit requested
10-18 23:11:33.226  2064  2064 E QC2Comp : [avcD_471] configureIntf failed 95
10-18 23:11:33.227  2064 17615 E QC2V4l2Codec: [v4lavcD_471]  ? is not a supported pixel format!
10-18 23:11:33.230  2041  3148 E ACDB    : vendor/qcom/proprietary/args/acdb/src/acdb_command.c:AcdbCmdGetProcSubgraphCalDataPersist:8255 Error[19]: No calibration found
10-18 23:11:33.243  2041  3148 E ACDB    : vendor/qcom/proprietary/args/acdb/src/acdb_command.c:AcdbCmdGetProcSubgraphCalDataPersist:8255 Error[19]: No calibration found
10-18 23:11:33.243  2041  3148 E ACDB    : vendor/qcom/proprietary/args/acdb/src/acdb_command.c:AcdbCmdGetProcSubgraphCalDataPersist:8255 Error[19]: No calibration found
10-18 23:11:33.243  2041  3148 E ACDB    : vendor/qcom/proprietary/args/acdb/src/acdb_command.c:AcdbCmdGetProcSubgraphCalDataPersist:8255 Error[19]: No calibration found
10-18 23:11:33.243  2041  3148 E ACDB    : vendor/qcom/proprietary/args/acdb/src/acdb_command.c:AcdbCmdGetProcSubgraphCalDataPersist:8255 Error[19]: No calibration found
10-18 23:11:33.245  2041  3148 E ACDB    : vendor/qcom/proprietary/args/acdb/src/acdb_command.c:AcdbCmdGetProcSubgraphCalDataPersist:8255 Error[19]: No calibration found
10-18 23:11:33.245  2041  3148 E ACDB    : vendor/qcom/proprietary/args/acdb/src/acdb_command.c:AcdbCmdGetProcSubgraphCalDataPersist:8255 Error[19]: No calibration found
10-18 23:11:33.245  2041  3148 E ACDB    : vendor/qcom/proprietary/args/acdb/src/acdb_command.c:AcdbCmdGetProcSubgraphCalDataPersist:8255 Error[19]: No calibration found
10-18 23:11:33.245  2041  3148 E ACDB    : vendor/qcom/proprietary/args/acdb/src/acdb_command.c:AcdbCmdGetProcSubgraphCalDataPersist:8255 Error[19]: No calibration found
10-18 23:11:33.603  2706  3069 E Watchdog: !@Sync: 28304 heap(MB): 199 / 229 FD: 1469 [2025-10-18 23:11:33.603]
10-18 23:11:33.737 14971 14980 E gcblocker: too long request gcblock: 3005
10-18 23:11:33.737 14971 14980 E gcblocker: too long GC blocking: 3000
10-18 23:11:33.737 14971 14980 E gcblocker: gc block end, 849551056,3005
10-18 23:11:34.066  2156  2242 E ConversionHelperAidl: Function: parseAndSetVendorParameters Line: 94 Failed 
10-18 23:11:34.066  2156  2242 E ConversionHelperAidl: Function: parseAndSetVendorParameters Line: 94 Failed 
10-18 23:11:34.086  2156  2156 E ConversionHelperAidl: Function: parseAndSetVendorParameters Line: 94 Failed 
10-18 23:11:34.086  2156  2156 E ConversionHelperAidl: Function: parseAndSetVendorParameters Line: 94 Failed 
10-18 23:11:34.537  2706 11057 E TaskPersister: File error accessing recents directory (directory doesn't exist?).
10-18 23:11:34.663  2706  2706 E DrmMediaResourceHelper: onRemove making Dpdrm to 0 second point 
10-18 23:11:35.324  2070  2162 E BatteryDump: !@new_battery_dump : 4120,-428,100,100,78,329,329,347,329,0,334,347,0,Discharging,NO_CHARGING,None,Good,NONE,0,Normal,0,0,9300,0x40000000,0x10000,0x0,0,0,809,v0002,0000,0000,00000000,0,0,0,0,48,4154,7726,980,0,
10-18 23:11:36.059 14971 14980 E gcblocker: gc block end, 849554280,2102
10-18 23:11:41.455 14971 14980 E gcblocker: gc block end, 849561709,69
10-18 23:11:42.387  5804  5804 E pageboostd: Received HALT command code 2
10-18 23:11:42.399 14971 14971 E Instrumentation: Uninitialized ActivityThread, likely app-created Instrumentation, disabling AppComponentFactory
10-18 23:11:42.399 14971 14971 E Instrumentation: java.lang.Throwable
10-18 23:11:42.399 14971 14971 E Instrumentation: 	at android.app.Instrumentation.getFactory(Instrumentation.java:1463)
10-18 23:11:42.399 14971 14971 E Instrumentation: 	at android.app.Instrumentation.newActivity(Instrumentation.java:1454)
10-18 23:11:42.399 14971 14971 E Instrumentation: 	at android.app.ActivityThread.performLaunchActivity(ActivityThread.java:4306)
10-18 23:11:42.399 14971 14971 E Instrumentation: 	at android.app.ActivityThread.handleLaunchActivity(ActivityThread.java:4650)
10-18 23:11:42.399 14971 14971 E Instrumentation: 	at android.app.servertransaction.LaunchActivityItem.execute(LaunchActivityItem.java:112)
10-18 23:11:42.399 14971 14971 E Instrumentation: 	at android.app.servertransaction.TransactionExecutor.executeNonLifecycleItem(TransactionExecutor.java:174)
10-18 23:11:42.399 14971 14971 E Instrumentation: 	at android.app.servertransaction.TransactionExecutor.executeTransactionItems(TransactionExecutor.java:109)
10-18 23:11:42.399 14971 14971 E Instrumentation: 	at android.app.servertransaction.TransactionExecutor.execute(TransactionExecutor.java:81)
10-18 23:11:42.399 14971 14971 E Instrumentation: 	at android.app.ActivityThread$H.handleMessage(ActivityThread.java:2880)
10-18 23:11:42.399 14971 14971 E Instrumentation: 	at android.os.Handler.dispatchMessage(Handler.java:107)
10-18 23:11:42.399 14971 14971 E Instrumentation: 	at android.os.Looper.loopOnce(Looper.java:257)
10-18 23:11:42.399 14971 14971 E Instrumentation: 	at android.os.Looper.loop(Looper.java:342)
10-18 23:11:42.399 14971 14971 E Instrumentation: 	at android.app.ActivityThread.main(ActivityThread.java:9579)
10-18 23:11:42.399 14971 14971 E Instrumentation: 	at java.lang.reflect.Method.invoke(Native Method)
10-18 23:11:42.399 14971 14971 E Instrumentation: 	at com.android.internal.os.RuntimeInit$MethodAndArgsCaller.run(RuntimeInit.java:619)
10-18 23:11:42.399 14971 14971 E Instrumentation: 	at com.android.internal.os.ZygoteInit.main(ZygoteInit.java:929)
10-18 23:11:42.426  2018  2119 E minksocket: MinkIPC ERROR: ( 2018:2119 ) MinkIPC_preProcess:272 Client down, but cannot find corresponding minksession
10-18 23:11:42.426  2018  2126 E minksocket: MinkIPC ERROR: ( 2018:2126 ) MinkIPC_preProcess:272 Client down, but cannot find corresponding minksession
10-18 23:11:42.426  2018  2126 E minksocket: MinkIPC ERROR: ( 2018:2126 ) MinkIPC_preProcess:272 Client down, but cannot find corresponding minksession
10-18 23:11:42.426  2018  2119 E minksocket: MinkIPC ERROR: ( 2018:2119 ) MinkIPC_preProcess:272 Client down, but cannot find corresponding minksession
10-18 23:11:42.427  2018  2126 E minksocket: MinkIPC ERROR: ( 2018:2126 ) MinkIPC_preProcess:272 Client down, but cannot find corresponding minksession
10-18 23:11:42.427  2018  2119 E minksocket: MinkIPC ERROR: ( 2018:2119 ) MinkIPC_preProcess:272 Client down, but cannot find corresponding minksession
10-18 23:11:42.427  2018  2119 E minksocket: MinkIPC ERROR: ( 2018:2119 ) MinkIPC_preProcess:272 Client down, but cannot find corresponding minksession
10-18 23:11:42.427  2018  2126 E minksocket: MinkIPC ERROR: ( 2018:2126 ) MinkIPC_preProcess:272 Client down, but cannot find corresponding minksession
10-18 23:11:42.480  5804  5804 E pageboostd: Received HALT command code 2
10-18 23:11:42.485  2193  2193 E SurfaceFlinger: alpha changed 1.000 -> 0.000 - ActivityRecord{a1a97b1 u0 com.zhiliaoapp.musically/com.ss.android.ugc.aweme.live.LivePlayActivity t4891}#311424
10-18 23:11:42.485  2193  2193 E SurfaceFlinger: alpha changed 0.000 -> 1.000 - ActivityRecord{a1a97b1 u0 com.zhiliaoapp.musically/com.ss.android.ugc.aweme.live.LivePlayActivity t4891}#311424
10-18 23:11:42.494 14971 14971 E BufferQueueProducer: [SurfaceView[com.zhiliaoapp.musically/com.ss.android.ugc.aweme.splash.SplashActivity]@0#31(BLAST Consumer)31](id:3a7b00000021,api:0,p:-1,c:14971) disconnect: not connected (req=2)
10-18 23:11:42.507  2706 12127 E WindowManager: win=Window{505a580 u0 com.zhiliaoapp.musically/com.ss.android.ugc.aweme.splash.SplashActivity} destroySurfaces: appStopped=true cleanupOnResume=false win.mWindowRemovalAllowed=false win.mRemoveOnExit=false win.mViewVisibility=8 caller=com.android.server.wm.ActivityRecord.destroySurfaces:25 com.android.server.wm.ActivityRecord.activityStopped:184 com.android.server.wm.ActivityClientController.activityStopped:95 android.app.IActivityClientController$Stub.onTransact:722 com.android.server.wm.ActivityClientController.onTransact:1 android.os.Binder.execTransactInternal:1541 android.os.Binder.execTransact:1480 
10-18 23:11:42.518  2193  2193 E SurfaceFlinger: alpha changed 1.000 -> 0.000 - Surface(name=5728d3c InputMethod)/@0xc61c1a - animation-leash of insets_animation#311435
10-18 23:11:42.800 14971 16986 E Forest_null: could not get any valid access key from remote settings
10-18 23:11:42.800 14971 16986 E Forest_ResourceFetcherChain: fetchAsync error:30: memoryError:cannot find cached buffer, 
10-18 23:11:42.816 14971 15544 E Forest_GeckoFetcher: download failed with waitGeckoUpdate=false ,channel = fe_tiktok_ecommerce_live_room_shop_bag,bundle = pages/product-list.js
10-18 23:11:42.816 14971 15544 E Forest_GeckoFetcher: java.lang.Throwable: invalid channel
10-18 23:11:42.816 14971 15544 E Forest_GeckoFetcher: 	at X.0g3n.LJIIIIZZ(SourceFile:33554554)
10-18 23:11:42.816 14971 15544 E Forest_GeckoFetcher: 	at X.0gI8.LIZ(SourceFile:16777732)
10-18 23:11:42.816 14971 15544 E Forest_GeckoFetcher: 	at X.0gI8.run(SourceFile:5)
10-18 23:11:42.816 14971 15544 E Forest_GeckoFetcher: 	at Y.AObjectS258S0100000_24.invoke$0(SourceFile:16777222)
10-18 23:11:42.816 14971 15544 E Forest_GeckoFetcher: 	at Y.AObjectS258S0100000_24.invoke(Unknown Source:27)
10-18 23:11:42.816 14971 15544 E Forest_GeckoFetcher: 	at X.0pzF.invoke(SourceFile:4)
10-18 23:11:42.816 14971 15544 E Forest_GeckoFetcher: 	at X.04vN.LIZ(SourceFile:50331896)
10-18 23:11:42.816 14971 15544 E Forest_GeckoFetcher: 	at X.0pzE.LIZIZ(SourceFile:81)
10-18 23:11:42.816 14971 15544 E Forest_GeckoFetcher: 	at X.0pzE.run(SourceFile:0)
10-18 23:11:42.816 14971 15544 E Forest_GeckoFetcher: 	at java.util.concurrent.ThreadPoolExecutor.runWorker(ThreadPoolExecutor.java:1156)
10-18 23:11:42.816 14971 15544 E Forest_GeckoFetcher: 	at java.util.concurrent.ThreadPoolExecutor$Worker.run(ThreadPoolExecutor.java:651)
10-18 23:11:42.816 14971 15544 E Forest_GeckoFetcher: 	at X.0pzI.run(SourceFile:9)
10-18 23:11:42.816 14971 15544 E Forest_GeckoFetcher: 	at java.lang.Thread.run(Thread.java:1119)
10-18 23:11:42.817 14971 15544 E Forest_GeckoXAdapter: onLocalNewestVersion:localPackage:com.bytedance.geckox.model.LocalPackageModel@66d1378
10-18 23:11:43.966  2193  2193 E SurfaceFlinger: alpha changed 1.000 -> 0.000 - Dim Layer for - Task=4891#311444
10-18 23:11:43.999  2193  2193 E SurfaceFlinger: alpha changed 0.000 -> 0.028 - Dim Layer for - Task=4891#311444
10-18 23:11:43.999  2193  2193 E SurfaceFlinger: alpha changed 1.000 -> 0.000 - Surface(name=5728d3c InputMethod)/@0xc61c1a - animation-leash of insets_animation#311445
10-18 23:11:44.106  2706 11085 E SemContext.CaeProvider: setAttribute() : attribute is null!
10-18 23:11:44.107  2156  2156 E ConversionHelperAidl: Function: parseAndSetVendorParameters Line: 94 Failed 
10-18 23:11:44.107  2706 11085 E SensorService: BigData:Pakage) 5 already enabled. 
10-18 23:11:44.107  2156  2156 E ConversionHelperAidl: Function: parseAndSetVendorParameters Line: 94 Failed 
10-18 23:11:44.126  2156  2156 E ConversionHelperAidl: Function: parseAndSetVendorParameters Line: 94 Failed 
10-18 23:11:44.126  2156  2156 E ConversionHelperAidl: Function: parseAndSetVendorParameters Line: 94 Failed 
10-18 23:11:44.136  4351  5335 E DatabaseUtils: Writing exception to parcel
10-18 23:11:44.136  4351  5335 E DatabaseUtils: java.lang.SecurityException: No permission to access APN settings
10-18 23:11:44.136  4351  5335 E DatabaseUtils: 	at com.android.providers.telephony.TelephonyProvider.checkPermissionForApnTable(TelephonyProvider.java:8037)
10-18 23:11:44.136  4351  5335 E DatabaseUtils: 	at com.android.providers.telephony.TelephonyProvider.checkPermission(TelephonyProvider.java:8001)
10-18 23:11:44.136  4351  5335 E DatabaseUtils: 	at com.android.providers.telephony.TelephonyProvider.checkPermissionCompat(TelephonyProvider.java:8054)
10-18 23:11:44.136  4351  5335 E DatabaseUtils: 	at com.android.providers.telephony.TelephonyProvider.query(TelephonyProvider.java:6105)
10-18 23:11:44.136  4351  5335 E DatabaseUtils: 	at android.content.ContentProvider.query(ContentProvider.java:1660)
10-18 23:11:44.136  4351  5335 E DatabaseUtils: 	at android.content.ContentProvider.query(ContentProvider.java:1756)
10-18 23:11:44.136  4351  5335 E DatabaseUtils: 	at android.content.ContentProvider$Transport.query(ContentProvider.java:299)
10-18 23:11:44.136  4351  5335 E DatabaseUtils: 	at android.content.ContentProviderNative.onTransact(ContentProviderNative.java:107)
10-18 23:11:44.136  4351  5335 E DatabaseUtils: 	at android.os.Binder.execTransactInternal(Binder.java:1541)
10-18 23:11:44.136  4351  5335 E DatabaseUtils: 	at android.os.Binder.execTransact(Binder.java:1480)
10-18 23:11:44.137 30269 30301 E RequestContextBuilder: Could not get APN after (but including) LollipopMr1: 
10-18 23:11:44.137 30269 30301 E RequestContextBuilder: java.lang.SecurityException: No permission to access APN settings
10-18 23:11:44.137 30269 30301 E RequestContextBuilder: 	at android.os.Parcel.createExceptionOrNull(Parcel.java:3257)
10-18 23:11:44.137 30269 30301 E RequestContextBuilder: 	at android.os.Parcel.createException(Parcel.java:3241)
10-18 23:11:44.137 30269 30301 E RequestContextBuilder: 	at android.os.Parcel.readException(Parcel.java:3224)
10-18 23:11:44.137 30269 30301 E RequestContextBuilder: 	at android.database.DatabaseUtils.readExceptionFromParcel(DatabaseUtils.java:203)
10-18 23:11:44.137 30269 30301 E RequestContextBuilder: 	at android.database.DatabaseUtils.readExceptionFromParcel(DatabaseUtils.java:155)
10-18 23:11:44.137 30269 30301 E RequestContextBuilder: 	at android.content.ContentProviderProxy.query(ContentProviderNative.java:495)
10-18 23:11:44.137 30269 30301 E RequestContextBuilder: 	at android.content.ContentResolver.query(ContentResolver.java:1233)
10-18 23:11:44.137 30269 30301 E RequestContextBuilder: 	at android.content.ContentResolver.query(ContentResolver.java:1165)
10-18 23:11:44.137 30269 30301 E RequestContextBuilder: 	at android.content.ContentResolver.query(ContentResolver.java:1121)
10-18 23:11:44.137 30269 30301 E RequestContextBuilder: 	at berg.b(PG:113)
10-18 23:11:44.137 30269 30301 E RequestContextBuilder: 	at berg.a(PG:137)
10-18 23:11:44.137 30269 30301 E RequestContextBuilder: 	at bend.a(PG:560)
10-18 23:11:44.137 30269 30301 E RequestContextBuilder: 	at benc.s(PG:52)
10-18 23:11:44.137 30269 30301 E RequestContextBuilder: 	at benc.n(PG:329)
10-18 23:11:44.137 30269 30301 E RequestContextBuilder: 	at prq.call(PG:433)
10-18 23:11:44.137 30269 30301 E RequestContextBuilder: 	at bgxj.a(PG:3)
10-18 23:11:44.137 30269 30301 E RequestContextBuilder: 	at bgwo.run(PG:19)
10-18 23:11:44.137 30269 30301 E RequestContextBuilder: 	at bgxk.run(PG:5)
10-18 23:11:44.137 30269 30301 E RequestContextBuilder: 	at java.util.concurrent.ThreadPoolExecutor.runWorker(ThreadPoolExecutor.java:1156)
10-18 23:11:44.137 30269 30301 E RequestContextBuilder: 	at java.util.concurrent.ThreadPoolExecutor$Worker.run(ThreadPoolExecutor.java:651)
10-18 23:11:44.137 30269 30301 E RequestContextBuilder: 	at rkp.run(PG:431)
10-18 23:11:44.137 30269 30301 E RequestContextBuilder: 	at java.lang.Thread.run(Thread.java:1119)
10-18 23:11:44.143 17769 17769 E .android.chrome: Not starting debugger since process cannot load the jdwp agent.
10-18 23:11:44.147  2706 11085 E SensorService: BigData:Pakage) 5 already disabled. 
10-18 23:11:44.390 14971 14971 E Forest_null: url.isBlank
10-18 23:11:44.399 14971 17823 E Forest_null: url.isBlank
10-18 23:11:44.411 14971 14971 E Forest_null: could not get any valid access key from remote settings
10-18 23:11:45.386  2706 11057 E TaskPersister: File error accessing recents directory (directory doesn't exist?).
10-18 23:11:45.591 14971 14980 E gcblocker: too long request gcblock: 3004
10-18 23:11:45.591 14971 14980 E gcblocker: too long GC blocking: 3000
10-18 23:11:45.591 14971 14980 E gcblocker: gc block end, 849562910,3004
10-18 23:11:47.535  2018  2126 E minksocket: MinkIPC ERROR: ( 2018:2126 ) MinkIPC_preProcess:272 Client down, but cannot find corresponding minksession
10-18 23:11:47.535  2018  2119 E minksocket: MinkIPC ERROR: ( 2018:2119 ) MinkIPC_preProcess:272 Client down, but cannot find corresponding minksession
10-18 23:11:47.536  2018  2126 E minksocket: MinkIPC ERROR: ( 2018:2126 ) MinkIPC_preProcess:272 Client down, but cannot find corresponding minksession
10-18 23:11:47.536  2018  2119 E minksocket: MinkIPC ERROR: ( 2018:2119 ) MinkIPC_preProcess:272 Client down, but cannot find corresponding minksession
10-18 23:11:47.536  2018  2119 E minksocket: MinkIPC ERROR: ( 2018:2119 ) MinkIPC_preProcess:272 Client down, but cannot find corresponding minksession
10-18 23:11:47.536  2018  2126 E minksocket: MinkIPC ERROR: ( 2018:2126 ) MinkIPC_preProcess:272 Client down, but cannot find corresponding minksession
10-18 23:11:47.537  2018  2119 E minksocket: MinkIPC ERROR: ( 2018:2119 ) MinkIPC_preProcess:272 Client down, but cannot find corresponding minksession
10-18 23:11:47.537  2018  2126 E minksocket: MinkIPC ERROR: ( 2018:2126 ) MinkIPC_preProcess:272 Client down, but cannot find corresponding minksession
10-18 23:11:47.720  2018  2119 E minksocket: MinkIPC ERROR: ( 2018:2119 ) MinkIPC_preProcess:272 Client down, but cannot find corresponding minksession
10-18 23:11:47.720  2018  2126 E minksocket: MinkIPC ERROR: ( 2018:2126 ) MinkIPC_preProcess:272 Client down, but cannot find corresponding minksession
10-18 23:11:50.397 14971 15300 E Forest_null: could not get any valid access key from remote settings
10-18 23:11:50.398 14971 15300 E Forest_ResourceFetcherChain: fetchAsync error:30: memoryError:cannot find cached buffer, 
10-18 23:11:50.402 14971 14971 E Forest_null: could not get any valid access key from remote settings
10-18 23:11:50.407 14971 14971 E Forest_ForestFacade: IO operation in UI thread
10-18 23:11:50.413 14971 15544 E Forest_GeckoFetcher: download failed with waitGeckoUpdate=false ,channel = tiktok_live_fundamental_banner_container,bundle = pages/container-v2/template.js
10-18 23:11:50.413 14971 15544 E Forest_GeckoFetcher: java.lang.Throwable: invalid channel
10-18 23:11:50.413 14971 15544 E Forest_GeckoFetcher: 	at X.0g3n.LJIIIIZZ(SourceFile:33554554)
10-18 23:11:50.413 14971 15544 E Forest_GeckoFetcher: 	at X.0gI8.LIZ(SourceFile:16777732)
10-18 23:11:50.413 14971 15544 E Forest_GeckoFetcher: 	at X.0gI8.run(SourceFile:5)
10-18 23:11:50.413 14971 15544 E Forest_GeckoFetcher: 	at Y.AObjectS258S0100000_24.invoke$0(SourceFile:16777222)
10-18 23:11:50.413 14971 15544 E Forest_GeckoFetcher: 	at Y.AObjectS258S0100000_24.invoke(Unknown Source:27)
10-18 23:11:50.413 14971 15544 E Forest_GeckoFetcher: 	at X.0pzF.invoke(SourceFile:4)
10-18 23:11:50.413 14971 15544 E Forest_GeckoFetcher: 	at X.04vN.LIZ(SourceFile:50331896)
10-18 23:11:50.413 14971 15544 E Forest_GeckoFetcher: 	at X.0pzE.LIZIZ(SourceFile:81)
10-18 23:11:50.413 14971 15544 E Forest_GeckoFetcher: 	at X.0pzE.run(SourceFile:0)
10-18 23:11:50.413 14971 15544 E Forest_GeckoFetcher: 	at java.util.concurrent.ThreadPoolExecutor.runWorker(ThreadPoolExecutor.java:1156)
10-18 23:11:50.413 14971 15544 E Forest_GeckoFetcher: 	at java.util.concurrent.ThreadPoolExecutor$Worker.run(ThreadPoolExecutor.java:651)
10-18 23:11:50.413 14971 15544 E Forest_GeckoFetcher: 	at X.0pzI.run(SourceFile:9)
10-18 23:11:50.413 14971 15544 E Forest_GeckoFetcher: 	at java.lang.Thread.run(Thread.java:1119)
10-18 23:11:50.413 14971 15544 E Forest_GeckoXAdapter: onLocalNewestVersion:localPackage:com.bytedance.geckox.model.LocalPackageModel@203d011
10-18 23:11:50.420 14971 15544 E Forest_GeckoFetcher: download failed with waitGeckoUpdate=true ,channel = tiktok_live_fundamental_banner_container,bundle = pages/container-v2/template.js
10-18 23:11:50.420 14971 15544 E Forest_GeckoFetcher: java.lang.Throwable: invalid channel
10-18 23:11:50.420 14971 15544 E Forest_GeckoFetcher: 	at X.0g3n.LJIIIIZZ(SourceFile:33554554)
10-18 23:11:50.420 14971 15544 E Forest_GeckoFetcher: 	at X.0gI8.LIZ(SourceFile:16777732)
10-18 23:11:50.420 14971 15544 E Forest_GeckoFetcher: 	at X.0gI8.run(SourceFile:5)
10-18 23:11:50.420 14971 15544 E Forest_GeckoFetcher: 	at Y.AObjectS258S0100000_24.invoke$0(SourceFile:16777222)
10-18 23:11:50.420 14971 15544 E Forest_GeckoFetcher: 	at Y.AObjectS258S0100000_24.invoke(Unknown Source:27)
10-18 23:11:50.420 14971 15544 E Forest_GeckoFetcher: 	at X.0pzF.invoke(SourceFile:4)
10-18 23:11:50.420 14971 15544 E Forest_GeckoFetcher: 	at X.04vN.LIZ(SourceFile:50331896)
10-18 23:11:50.420 14971 15544 E Forest_GeckoFetcher: 	at X.0pzE.LIZIZ(SourceFile:81)
10-18 23:11:50.420 14971 15544 E Forest_GeckoFetcher: 	at X.0pzE.run(SourceFile:0)
10-18 23:11:50.420 14971 15544 E Forest_GeckoFetcher: 	at java.util.concurrent.ThreadPoolExecutor.runWorker(ThreadPoolExecutor.java:1156)
10-18 23:11:50.420 14971 15544 E Forest_GeckoFetcher: 	at java.util.concurrent.ThreadPoolExecutor$Worker.run(ThreadPoolExecutor.java:651)
10-18 23:11:50.420 14971 15544 E Forest_GeckoFetcher: 	at X.0pzI.run(SourceFile:9)
10-18 23:11:50.420 14971 15544 E Forest_GeckoFetcher: 	at java.lang.Thread.run(Thread.java:1119)
10-18 23:11:50.420 14971 15544 E Forest_GeckoXAdapter: onLocalNewestVersion:localPackage:com.bytedance.geckox.model.LocalPackageModel@3b395fe
10-18 23:11:50.439 14971 15581 E Forest_null: could not get any valid access key from remote settings
10-18 23:11:50.442 14971 15544 E Forest_GeckoFetcher: download failed with waitGeckoUpdate=true ,channel = live_banner_standardized_self_config,bundle = v1/lynx_banner/index.js
10-18 23:11:50.442 14971 15544 E Forest_GeckoFetcher: java.lang.Throwable: invalid channel
10-18 23:11:50.442 14971 15544 E Forest_GeckoFetcher: 	at X.0g3n.LJIIIIZZ(SourceFile:33554554)
10-18 23:11:50.442 14971 15544 E Forest_GeckoFetcher: 	at X.0gI8.LIZ(SourceFile:16777732)
10-18 23:11:50.442 14971 15544 E Forest_GeckoFetcher: 	at X.0gI8.run(SourceFile:5)
10-18 23:11:50.442 14971 15544 E Forest_GeckoFetcher: 	at Y.AObjectS258S0100000_24.invoke$0(SourceFile:16777222)
10-18 23:11:50.442 14971 15544 E Forest_GeckoFetcher: 	at Y.AObjectS258S0100000_24.invoke(Unknown Source:27)
10-18 23:11:50.442 14971 15544 E Forest_GeckoFetcher: 	at X.0pzF.invoke(SourceFile:4)
10-18 23:11:50.442 14971 15544 E Forest_GeckoFetcher: 	at X.04vN.LIZ(SourceFile:50331896)
10-18 23:11:50.442 14971 15544 E Forest_GeckoFetcher: 	at X.0pzE.LIZIZ(SourceFile:81)
10-18 23:11:50.442 14971 15544 E Forest_GeckoFetcher: 	at X.0pzE.run(SourceFile:0)
10-18 23:11:50.442 14971 15544 E Forest_GeckoFetcher: 	at java.util.concurrent.ThreadPoolExecutor.runWorker(ThreadPoolExecutor.java:1156)
10-18 23:11:50.442 14971 15544 E Forest_GeckoFetcher: 	at java.util.concurrent.ThreadPoolExecutor$Worker.run(ThreadPoolExecutor.java:651)
10-18 23:11:50.442 14971 15544 E Forest_GeckoFetcher: 	at X.0pzI.run(SourceFile:9)
10-18 23:11:50.442 14971 15544 E Forest_GeckoFetcher: 	at java.lang.Thread.run(Thread.java:1119)
10-18 23:11:50.442 14971 15544 E Forest_GeckoXAdapter: onLocalNewestVersion:localPackage:com.bytedance.geckox.model.LocalPackageModel@bf77310
10-18 23:11:50.941 14971 14980 E gcblocker: gc block end, 849570763,501
10-18 23:11:50.963 14971 14971 E Forest_null: could not get any valid access key from remote settings
10-18 23:11:50.966 14971 14971 E Forest_null: could not get any valid access key from remote settings
10-18 23:11:54.148  2156  6357 E ConversionHelperAidl: Function: parseAndSetVendorParameters Line: 94 Failed 
10-18 23:11:54.148  2156  6357 E ConversionHelperAidl: Function: parseAndSetVendorParameters Line: 94 Failed 
10-18 23:11:54.168  2156  6357 E ConversionHelperAidl: Function: parseAndSetVendorParameters Line: 94 Failed 
10-18 23:11:54.168  2156  6357 E ConversionHelperAidl: Function: parseAndSetVendorParameters Line: 94 Failed 
10-18 23:11:55.070  2193  2193 E SurfaceFlinger: alpha changed 1.000 -> 0.000 - Surface(name=5728d3c InputMethod)/@0xc61c1a - animation-leash of insets_animation#311449
10-18 23:11:55.189  2706  3029 E WindowManager: win=Window{8bfd10b u0 com.zhiliaoapp.musically/com.ss.android.ugc.aweme.live.LivePlayActivity EXITING} destroySurfaces: appStopped=false cleanupOnResume=false win.mWindowRemovalAllowed=true win.mRemoveOnExit=true win.mViewVisibility=0 caller=com.android.server.wm.WindowState.onExitAnimationDone:222 com.android.server.wm.WindowState.onAnimationFinished:161 com.android.server.wm.WindowContainer$$ExternalSyntheticLambda5.onAnimationFinished:26 com.android.server.wm.SurfaceAnimator$$ExternalSyntheticLambda1.run:28 com.android.server.wm.SurfaceAnimator$$ExternalSyntheticLambda0.onAnimationFinished:65 com.android.server.wm.LocalAnimationAdapter$$ExternalSyntheticLambda0.run:10 android.os.Handler.handleCallback:959 
10-18 23:11:55.220  2193  2193 E SurfaceFlinger: alpha changed 0.043 -> 0.000 - Dim Layer for - Task=4891#311444
10-18 23:11:56.268  2193  2193 E SurfaceFlinger: alpha changed 1.000 -> 0.000 - Surface(name=5728d3c InputMethod)/@0xc61c1a - animation-leash of insets_animation#311462
10-18 23:11:57.624 18252 26110 E fb4a.msys: E[N MQTT]onConnectError(562)=>Connect Error: folly::AsyncSocketException: AsyncSocketException: connect timed out after 199922ms, type = Timed out
10-18 23:11:59.239  2706 11057 E TaskPersister: File error accessing recents directory (directory doesn't exist?).
10-18 23:12:03.610  2706  3069 E Watchdog: !@Sync: 28305 heap(MB): 214 / 227 FD: 1466 [2025-10-18 23:12:03.610]
10-18 23:12:04.135 14971 17890 E ByteVC2_dec: vc2_thread [warning]: WPP is not supported by the bitstream, turn it off
10-18 23:12:04.188  2156  6357 E ConversionHelperAidl: Function: parseAndSetVendorParameters Line: 94 Failed 
10-18 23:12:04.188  2156  6357 E ConversionHelperAidl: Function: parseAndSetVendorParameters Line: 94 Failed 
10-18 23:12:04.210  2156  2156 E ConversionHelperAidl: Function: parseAndSetVendorParameters Line: 94 Failed 
10-18 23:12:04.210  2156  2156 E ConversionHelperAidl: Function: parseAndSetVendorParameters Line: 94 Failed 
10-18 23:12:05.490  2070  2162 E BatteryDump: !@new_battery_dump : 4124,-318,100,100,78,329,330,345,329,0,339,345,0,Discharging,NO_CHARGING,None,Good,NONE,0,Normal,0,0,9300,0x40000000,0x10000,0x0,0,0,519,v0002,0000,0000,00000000,0,0,0,0,48,4153,7717,980,0,
10-18 23:12:14.247  2156 14836 E ConversionHelperAidl: Function: parseAndSetVendorParameters Line: 94 Failed 
10-18 23:12:14.247  2156 14836 E ConversionHelperAidl: Function: parseAndSetVendorParameters Line: 94 Failed 
10-18 23:12:14.250  2156 14836 E ConversionHelperAidl: Function: parseAndSetVendorParameters Line: 94 Failed 
10-18 23:12:14.250  2156 14836 E ConversionHelperAidl: Function: parseAndSetVendorParameters Line: 94 Failed 
10-18 23:12:22.391 18530 18530 E com.zzkko:push: Not starting debugger since process cannot load the jdwp agent.
10-18 23:12:22.624 18530 18586 E com.zzkko:push: No package ID 6a found for resource ID 0x6a0b000f.
10-18 23:12:22.631 18530 18575 E monitor-kit-n: JniEnvAuto JavaVM already attach the thread tid is 18575
10-18 23:12:22.631 18530 18575 E monitor-kit-n: JniEnvAuto JavaVM already attach the thread tid is 18575
10-18 23:12:22.635 18530 18575 E monitor-kit-n: JniEnvAuto JavaVM already attach the thread tid is 18575
10-18 23:12:22.635 18530 18575 E monitor-kit-n: JniEnvAuto JavaVM already attach the thread tid is 18575
10-18 23:12:22.635 18530 18575 E monitor-kit-n: JniEnvAuto JavaVM already attach the thread tid is 18575
10-18 23:12:22.635 18530 18575 E monitor-kit-n: JniEnvAuto JavaVM already attach the thread tid is 18575
10-18 23:12:22.635 18530 18575 E monitor-kit-n: JniEnvAuto JavaVM already attach the thread tid is 18575
10-18 23:12:22.782  2706  3825 E ActivityManager: Sending non-protected broadcast com.samsung.android.weather.intent.action.AUTOREFRESH from system 2706:system/1000 pkg com.sec.android.daemonapp
10-18 23:12:22.782  2706  3825 E ActivityManager: java.lang.Throwable
10-18 23:12:22.782  2706  3825 E ActivityManager: 	at com.android.server.am.ActivityManagerService.checkBroadcastFromSystem(qb/98980305 0b399ac4d289e3f0315d1f7beced4a500f214af83d2ed90ff6fd71a0c4d5f1b4:246)
10-18 23:12:22.782  2706  3825 E ActivityManager: 	at com.android.server.am.ActivityManagerService.broadcastIntentLockedTraced(qb/98980305 0b399ac4d289e3f0315d1f7beced4a500f214af83d2ed90ff6fd71a0c4d5f1b4:351)
10-18 23:12:22.782  2706  3825 E ActivityManager: 	at com.android.server.am.ActivityManagerService.broadcastIntentLocked(qb/98980305 0b399ac4d289e3f0315d1f7beced4a500f214af83d2ed90ff6fd71a0c4d5f1b4:18)
10-18 23:12:22.782  2706  3825 E ActivityManager: 	at com.android.server.am.ActivityManagerService.broadcastIntentInPackage(qb/98980305 0b399ac4d289e3f0315d1f7beced4a500f214af83d2ed90ff6fd71a0c4d5f1b4:78)
10-18 23:12:22.782  2706  3825 E ActivityManager: 	at com.android.server.am.ActivityManagerService$LocalService.broadcastIntentInPackage(qb/98980305 0b399ac4d289e3f0315d1f7beced4a500f214af83d2ed90ff6fd71a0c4d5f1b4:57)
10-18 23:12:22.782  2706  3825 E ActivityManager: 	at com.android.server.am.PendingIntentRecord.sendInner(qb/98980305 0b399ac4d289e3f0315d1f7beced4a500f214af83d2ed90ff6fd71a0c4d5f1b4:133)
10-18 23:12:22.782  2706  3825 E ActivityManager: 	at com.android.server.am.ActivityManagerService.sendIntentSender(qb/98980305 0b399ac4d289e3f0315d1f7beced4a500f214af83d2ed90ff6fd71a0c4d5f1b4:14)
10-18 23:12:22.782  2706  3825 E ActivityManager: 	at com.android.server.am.ActivityManagerService.sendIntentSender(qb/98980305 0b399ac4d289e3f0315d1f7beced4a500f214af83d2ed90ff6fd71a0c4d5f1b4:1)
10-18 23:12:22.782  2706  3825 E ActivityManager: 	at android.app.PendingIntent.sendAndReturnResult(PendingIntent.java:1130)
10-18 23:12:22.782  2706  3825 E ActivityManager: 	at android.app.PendingIntent.send(PendingIntent.java:1099)
10-18 23:12:22.782  2706  3825 E ActivityManager: 	at com.android.server.alarm.AlarmManagerService$DeliveryTracker.deliverLocked(qb/98980305 0b399ac4d289e3f0315d1f7beced4a500f214af83d2ed90ff6fd71a0c4d5f1b4:117)
10-18 23:12:22.782  2706  3825 E ActivityManager: 	at com.android.server.alarm.AlarmManagerService.deliverAlarmsLocked(qb/98980305 0b399ac4d289e3f0315d1f7beced4a500f214af83d2ed90ff6fd71a0c4d5f1b4:75)
10-18 23:12:22.782  2706  3825 E ActivityManager: 	at com.android.server.alarm.AlarmManagerService$AlarmThread.run(qb/98980305 0b399ac4d289e3f0315d1f7beced4a500f214af83d2ed90ff6fd71a0c4d5f1b4:649)
10-18 23:12:23.021  5573  5635 E RequestManager_FLP: [LocationManager] Location request 16150874(Listener) gps interval=0ms (min=0ms) from system(SLocationService) (1000_FINE_unknown_false_foreground)
10-18 23:12:23.022  5573  5635 E RequestManager_FLP: [LocationManager] Location request 4020CDB9(Listener) network interval=0ms (min=0ms) from system(SLocationService) (1000_FINE_unknown_false_foreground)
10-18 23:12:23.022  5573  5635 E RequestManager_FLP: [LocationManager] Location request 18976B86(Listener) fused interval=0ms (min=0ms) from system(SLocationService) (1000_FINE_unknown_false_foreground)
10-18 23:12:23.022  2036  2203 E LocSvc_APIClientBase: onResponseCb:957] ERROR: 5 ID: 2221
10-18 23:12:23.028  2018  2126 E minksocket: MinkIPC ERROR: ( 2018:2126 ) MinkIPC_preProcess:272 Client down, but cannot find corresponding minksession
10-18 23:12:23.028  2018  2119 E minksocket: MinkIPC ERROR: ( 2018:2119 ) MinkIPC_preProcess:272 Client down, but cannot find corresponding minksession
10-18 23:12:23.028  2018  2119 E minksocket: MinkIPC ERROR: ( 2018:2119 ) MinkIPC_preProcess:272 Client down, but cannot find corresponding minksession
10-18 23:12:23.028  2018  2126 E minksocket: MinkIPC ERROR: ( 2018:2126 ) MinkIPC_preProcess:272 Client down, but cannot find corresponding minksession
10-18 23:12:23.028  2018  2119 E minksocket: MinkIPC ERROR: ( 2018:2119 ) MinkIPC_preProcess:272 Client down, but cannot find corresponding minksession
10-18 23:12:23.028  2018  2126 E minksocket: MinkIPC ERROR: ( 2018:2126 ) MinkIPC_preProcess:272 Client down, but cannot find corresponding minksession
10-18 23:12:23.029  2018  2126 E minksocket: MinkIPC ERROR: ( 2018:2126 ) MinkIPC_preProcess:272 Client down, but cannot find corresponding minksession
10-18 23:12:23.029  2018  2119 E minksocket: MinkIPC ERROR: ( 2018:2119 ) MinkIPC_preProcess:272 Client down, but cannot find corresponding minksession
10-18 23:12:23.030  2850  2850 E LocSvc_launcher: Parent woken up!
10-18 23:12:24.133  2037  2037 E sensors-hal: sendContextData:133, slocationcore h 193 m 23 s 55
10-18 23:12:24.133  2037  2037 E sensors-hal: create_send_context_data:64, slocationcore create_send_context_data
10-18 23:12:24.133  2037  2037 E sensors-hal: sendContextData:133, slocationcore h 193 m 23 s 55
10-18 23:12:24.133  2037  2037 E sensors-hal: create_send_context_data:64, slocationcore create_send_context_data
10-18 23:12:24.134  2037  3950 E sensors-hal: handle_sns_client_event:78, slocationcore_event: msgid:1025
10-18 23:12:24.134  2037  3950 E sensors-hal: handle_sns_client_event:78, slocationcore_event: msgid:1025
10-18 23:12:24.141  5573  5635 E RequestManager_FLP: [LocationManager] Location remove 4020CDB9 from system
10-18 23:12:24.141  5573  5635 E RequestManager_FLP: [LocationManager] Location remove 18976B86 from system
10-18 23:12:24.142  2018  2119 E minksocket: MinkIPC ERROR: ( 2018:2119 ) MinkIPC_preProcess:272 Client down, but cannot find corresponding minksession
10-18 23:12:24.142  2018  2126 E minksocket: MinkIPC ERROR: ( 2018:2126 ) MinkIPC_preProcess:272 Client down, but cannot find corresponding minksession
10-18 23:12:24.144  2037  2037 E sensors-hal: sendContextData:133, slocationcore h 193 m 23 s 55
10-18 23:12:24.144  2037  2037 E sensors-hal: create_send_context_data:64, slocationcore create_send_context_data
10-18 23:12:24.144  2037  2037 E sensors-hal: sendContextData:133, slocationcore h 193 m 23 s 55
10-18 23:12:24.144  2037  2037 E sensors-hal: create_send_context_data:64, slocationcore create_send_context_data
10-18 23:12:24.145  2037  3950 E sensors-hal: handle_sns_client_event:78, slocationcore_event: msgid:1025
10-18 23:12:24.145  2037  3950 E sensors-hal: handle_sns_client_event:78, slocationcore_event: msgid:1025
10-18 23:12:24.145  2037  3950 E sensors-hal: handle_sns_client_event:78, slocationcore_event: msgid:1025
10-18 23:12:24.148  2037  2037 E sensors-hal: sendContextData:133, slocationcore h 193 m 23 s 55
10-18 23:12:24.148  2037  2037 E sensors-hal: create_send_context_data:64, slocationcore create_send_context_data
10-18 23:12:24.149  2037  3950 E sensors-hal: handle_sns_client_event:78, slocationcore_event: msgid:1025
