10-18 15:38:36.652  1175  1329 E spcomlib: [spcom_ioctl] IOCTL failed: ret[-1], error [-4]
10-18 15:38:36.652  1175  1329 E spcomlib: [spcom_check_link_up_state] SPCom check for link up interrupted - ioctl ret[-4], cmd ret[0], wait[1]
10-18 15:38:36.652  1179  1326 E spcomlib: [spcom_ioctl] IOCTL failed: ret[-1], error [-4]
10-18 15:38:36.652  1179  1326 E spcomlib: [spcom_check_link_up_state] SPCom check for link up interrupted - ioctl ret[-4], cmd ret[0], wait[1]
10-18 15:38:36.655  2218  2322 E spcomlib: [spcom_ioctl] IOCTL failed: ret[-1], error [-4]
10-18 15:38:36.655  2218  2322 E spcomlib: [spcom_check_link_up_state] SPCom check for link up interrupted - ioctl ret[-4], cmd ret[0], wait[1]
10-18 15:38:40.013  1175  1329 E spcomlib: [spcom_ioctl] IOCTL failed: ret[-1], error [-4]
10-18 15:38:40.013  1179  1326 E spcomlib: [spcom_ioctl] IOCTL failed: ret[-1], error [-4]
10-18 15:38:40.013  1175  1329 E spcomlib: [spcom_check_link_up_state] SPCom check for link up interrupted - ioctl ret[-4], cmd ret[0], wait[1]
10-18 15:38:40.013  1179  1326 E spcomlib: [spcom_check_link_up_state] SPCom check for link up interrupted - ioctl ret[-4], cmd ret[0], wait[1]
10-18 15:38:40.013  1193  1374 E spcomlib: [spcom_ioctl] IOCTL failed: ret[-1], error [-4]
10-18 15:38:40.013  1193  1374 E spcomlib: [spcom_check_link_up_state] SPCom check for link up interrupted - ioctl ret[-4], cmd ret[0], wait[1]
10-18 15:38:40.018  2218  2322 E spcomlib: [spcom_ioctl] IOCTL failed: ret[-1], error [-4]
10-18 15:38:40.019  2218  2322 E spcomlib: [spcom_check_link_up_state] SPCom check for link up interrupted - ioctl ret[-4], cmd ret[0], wait[1]
10-18 15:38:48.316  1175  1329 E spcomlib: [spcom_ioctl] IOCTL failed: ret[-1], error [-4]
10-18 15:38:48.316  1175  1329 E spcomlib: [spcom_check_link_up_state] SPCom check for link up interrupted - ioctl ret[-4], cmd ret[0], wait[1]
10-18 15:38:48.316  1179  1326 E spcomlib: [spcom_ioctl] IOCTL failed: ret[-1], error [-4]
10-18 15:38:48.316  1193  1374 E spcomlib: [spcom_ioctl] IOCTL failed: ret[-1], error [-4]
10-18 15:38:48.318  1179  1326 E spcomlib: [spcom_check_link_up_state] SPCom check for link up interrupted - ioctl ret[-4], cmd ret[0], wait[1]
10-18 15:38:48.321  1193  1374 E spcomlib: [spcom_check_link_up_state] SPCom check for link up interrupted - ioctl ret[-4], cmd ret[0], wait[1]
10-18 15:38:48.322  2218  2322 E spcomlib: [spcom_ioctl] IOCTL failed: ret[-1], error [-4]
10-18 15:38:48.322  2218  2322 E spcomlib: [spcom_check_link_up_state] SPCom check for link up interrupted - ioctl ret[-4], cmd ret[0], wait[1]
10-18 15:38:50.710  1175  1329 E spcomlib: [spcom_ioctl] IOCTL failed: ret[-1], error [-4]
10-18 15:38:50.710  1193  1374 E spcomlib: [spcom_ioctl] IOCTL failed: ret[-1], error [-4]
10-18 15:38:50.710  1175  1329 E spcomlib: [spcom_check_link_up_state] SPCom check for link up interrupted - ioctl ret[-4], cmd ret[0], wait[1]
10-18 15:38:50.710  1193  1374 E spcomlib: [spcom_check_link_up_state] SPCom check for link up interrupted - ioctl ret[-4], cmd ret[0], wait[1]
10-18 15:38:50.710  1179  1326 E spcomlib: [spcom_ioctl] IOCTL failed: ret[-1], error [-4]
10-18 15:38:50.710  1179  1326 E spcomlib: [spcom_check_link_up_state] SPCom check for link up interrupted - ioctl ret[-4], cmd ret[0], wait[1]
10-18 15:38:50.714  2218  2322 E spcomlib: [spcom_ioctl] IOCTL failed: ret[-1], error [-4]
10-18 15:38:50.714  2218  2322 E spcomlib: [spcom_check_link_up_state] SPCom check for link up interrupted - ioctl ret[-4], cmd ret[0], wait[1]
10-18 15:38:51.008  1179  1326 E spcomlib: [spcom_ioctl] IOCTL failed: ret[-1], error [-4]
10-18 15:38:51.008  1179  1326 E spcomlib: [spcom_check_link_up_state] SPCom check for link up interrupted - ioctl ret[-4], cmd ret[0], wait[1]
10-18 15:38:51.009  1193  1374 E spcomlib: [spcom_ioctl] IOCTL failed: ret[-1], error [-4]
10-18 15:38:51.009  1193  1374 E spcomlib: [spcom_check_link_up_state] SPCom check for link up interrupted - ioctl ret[-4], cmd ret[0], wait[1]
10-18 15:38:51.009  1175  1329 E spcomlib: [spcom_ioctl] IOCTL failed: ret[-1], error [-4]
10-18 15:38:51.009  1175  1329 E spcomlib: [spcom_check_link_up_state] SPCom check for link up interrupted - ioctl ret[-4], cmd ret[0], wait[1]
10-18 15:38:51.014  2218  2322 E spcomlib: [spcom_ioctl] IOCTL failed: ret[-1], error [-4]
10-18 15:38:51.014  2218  2322 E spcomlib: [spcom_check_link_up_state] SPCom check for link up interrupted - ioctl ret[-4], cmd ret[0], wait[1]
10-18 15:39:41.461  1175  1329 E spcomlib: [spcom_ioctl] IOCTL failed: ret[-1], error [-4]
10-18 15:39:41.461  1175  1329 E spcomlib: [spcom_check_link_up_state] SPCom check for link up interrupted - ioctl ret[-4], cmd ret[0], wait[1]
10-18 15:39:41.462  1179  1326 E spcomlib: [spcom_ioctl] IOCTL failed: ret[-1], error [-4]
10-18 15:39:41.462  1179  1326 E spcomlib: [spcom_check_link_up_state] SPCom check for link up interrupted - ioctl ret[-4], cmd ret[0], wait[1]
10-18 15:39:41.462  1193  1374 E spcomlib: [spcom_ioctl] IOCTL failed: ret[-1], error [-4]
10-18 15:39:41.462  1193  1374 E spcomlib: [spcom_check_link_up_state] SPCom check for link up interrupted - ioctl ret[-4], cmd ret[0], wait[1]
10-18 15:39:41.466  2218  2322 E spcomlib: [spcom_ioctl] IOCTL failed: ret[-1], error [-4]
10-18 15:39:41.466  2218  2322 E spcomlib: [spcom_check_link_up_state] SPCom check for link up interrupted - ioctl ret[-4], cmd ret[0], wait[1]
10-18 15:39:43.374  1193  1374 E spcomlib: [spcom_ioctl] IOCTL failed: ret[-1], error [-4]
10-18 15:39:43.375  1179  1326 E spcomlib: [spcom_ioctl] IOCTL failed: ret[-1], error [-4]
10-18 15:39:43.375  1179  1326 E spcomlib: [spcom_check_link_up_state] SPCom check for link up interrupted - ioctl ret[-4], cmd ret[0], wait[1]
10-18 15:39:43.376  1175  1329 E spcomlib: [spcom_ioctl] IOCTL failed: ret[-1], error [-4]
10-18 15:39:43.380  1175  1329 E spcomlib: [spcom_check_link_up_state] SPCom check for link up interrupted - ioctl ret[-4], cmd ret[0], wait[1]
10-18 15:39:43.383  2218  2322 E spcomlib: [spcom_ioctl] IOCTL failed: ret[-1], error [-4]
10-18 15:39:43.384  1193  1374 E spcomlib: [spcom_check_link_up_state] SPCom check for link up interrupted - ioctl ret[-4], cmd ret[0], wait[1]
10-18 15:39:43.384  2218  2322 E spcomlib: [spcom_check_link_up_state] SPCom check for link up interrupted - ioctl ret[-4], cmd ret[0], wait[1]
10-18 15:39:49.643  1175  1329 E spcomlib: [spcom_ioctl] IOCTL failed: ret[-1], error [-4]
10-18 15:39:49.644  1193  1374 E spcomlib: [spcom_ioctl] IOCTL failed: ret[-1], error [-4]
10-18 15:39:49.644  1193  1374 E spcomlib: [spcom_check_link_up_state] SPCom check for link up interrupted - ioctl ret[-4], cmd ret[0], wait[1]
10-18 15:39:49.644  1179  1326 E spcomlib: [spcom_ioctl] IOCTL failed: ret[-1], error [-4]
10-18 15:39:49.644  1179  1326 E spcomlib: [spcom_check_link_up_state] SPCom check for link up interrupted - ioctl ret[-4], cmd ret[0], wait[1]
10-18 15:39:49.644  1175  1329 E spcomlib: [spcom_check_link_up_state] SPCom check for link up interrupted - ioctl ret[-4], cmd ret[0], wait[1]
10-18 15:39:49.647  2218  2322 E spcomlib: [spcom_ioctl] IOCTL failed: ret[-1], error [-4]
10-18 15:39:49.647  2218  2322 E spcomlib: [spcom_check_link_up_state] SPCom check for link up interrupted - ioctl ret[-4], cmd ret[0], wait[1]
10-18 15:39:50.016  1175  1329 E spcomlib: [spcom_ioctl] IOCTL failed: ret[-1], error [-4]
10-18 15:39:50.016  1175  1329 E spcomlib: [spcom_check_link_up_state] SPCom check for link up interrupted - ioctl ret[-4], cmd ret[0], wait[1]
10-18 15:39:50.016  1179  1326 E spcomlib: [spcom_ioctl] IOCTL failed: ret[-1], error [-4]
10-18 15:39:50.016  1179  1326 E spcomlib: [spcom_check_link_up_state] SPCom check for link up interrupted - ioctl ret[-4], cmd ret[0], wait[1]
10-18 15:39:50.016  1193  1374 E spcomlib: [spcom_ioctl] IOCTL failed: ret[-1], error [-4]
10-18 15:39:50.016  1193  1374 E spcomlib: [spcom_check_link_up_state] SPCom check for link up interrupted - ioctl ret[-4], cmd ret[0], wait[1]
10-18 15:39:50.018  2218  2322 E spcomlib: [spcom_ioctl] IOCTL failed: ret[-1], error [-4]
10-18 15:39:50.018  2218  2322 E spcomlib: [spcom_check_link_up_state] SPCom check for link up interrupted - ioctl ret[-4], cmd ret[0], wait[1]
10-18 15:39:50.649  2706  6214 E BatteryStatsService: Invalid uid for waking network packet: -1
10-18 15:39:57.314  1175  1329 E spcomlib: [spcom_ioctl] IOCTL failed: ret[-1], error [-4]
10-18 15:39:57.314  1175  1329 E spcomlib: [spcom_check_link_up_state] SPCom check for link up interrupted - ioctl ret[-4], cmd ret[0], wait[1]
10-18 15:39:57.314  1179  1326 E spcomlib: [spcom_ioctl] IOCTL failed: ret[-1], error [-4]
10-18 15:39:57.314  1179  1326 E spcomlib: [spcom_check_link_up_state] SPCom check for link up interrupted - ioctl ret[-4], cmd ret[0], wait[1]
10-18 15:39:57.314  1193  1374 E spcomlib: [spcom_ioctl] IOCTL failed: ret[-1], error [-4]
10-18 15:39:57.314  1193  1374 E spcomlib: [spcom_check_link_up_state] SPCom check for link up interrupted - ioctl ret[-4], cmd ret[0], wait[1]
10-18 15:39:57.318  2218  2322 E spcomlib: [spcom_ioctl] IOCTL failed: ret[-1], error [-4]
10-18 15:39:57.318  2218  2322 E spcomlib: [spcom_check_link_up_state] SPCom check for link up interrupted - ioctl ret[-4], cmd ret[0], wait[1]
10-18 15:41:24.308  1175  1329 E spcomlib: [spcom_ioctl] IOCTL failed: ret[-1], error [-4]
10-18 15:41:24.308  1193  1374 E spcomlib: [spcom_ioctl] IOCTL failed: ret[-1], error [-4]
10-18 15:41:24.308  1179  1326 E spcomlib: [spcom_ioctl] IOCTL failed: ret[-1], error [-4]
10-18 15:41:24.309  1179  1326 E spcomlib: [spcom_check_link_up_state] SPCom check for link up interrupted - ioctl ret[-4], cmd ret[0], wait[1]
10-18 15:41:24.309  1193  1374 E spcomlib: [spcom_check_link_up_state] SPCom check for link up interrupted - ioctl ret[-4], cmd ret[0], wait[1]
10-18 15:41:24.310  1175  1329 E spcomlib: [spcom_check_link_up_state] SPCom check for link up interrupted - ioctl ret[-4], cmd ret[0], wait[1]
10-18 15:41:24.312  2218  2322 E spcomlib: [spcom_ioctl] IOCTL failed: ret[-1], error [-4]
10-18 15:41:24.312  2218  2322 E spcomlib: [spcom_check_link_up_state] SPCom check for link up interrupted - ioctl ret[-4], cmd ret[0], wait[1]
10-18 15:41:29.718  1193  1374 E spcomlib: [spcom_ioctl] IOCTL failed: ret[-1], error [-4]
10-18 15:41:29.718  1193  1374 E spcomlib: [spcom_check_link_up_state] SPCom check for link up interrupted - ioctl ret[-4], cmd ret[0], wait[1]
10-18 15:41:29.718  1175  1329 E spcomlib: [spcom_ioctl] IOCTL failed: ret[-1], error [-4]
10-18 15:41:29.718  1175  1329 E spcomlib: [spcom_check_link_up_state] SPCom check for link up interrupted - ioctl ret[-4], cmd ret[0], wait[1]
10-18 15:41:29.719  1179  1326 E spcomlib: [spcom_ioctl] IOCTL failed: ret[-1], error [-4]
10-18 15:41:29.722  2218  2322 E spcomlib: [spcom_ioctl] IOCTL failed: ret[-1], error [-4]
10-18 15:41:29.722  2218  2322 E spcomlib: [spcom_check_link_up_state] SPCom check for link up interrupted - ioctl ret[-4], cmd ret[0], wait[1]
10-18 15:41:29.722  1179  1326 E spcomlib: [spcom_check_link_up_state] SPCom check for link up interrupted - ioctl ret[-4], cmd ret[0], wait[1]
10-18 15:41:34.742  1175  1329 E spcomlib: [spcom_ioctl] IOCTL failed: ret[-1], error [-4]
10-18 15:41:34.742  1193  1374 E spcomlib: [spcom_ioctl] IOCTL failed: ret[-1], error [-4]
10-18 15:41:34.742  1179  1326 E spcomlib: [spcom_ioctl] IOCTL failed: ret[-1], error [-4]
10-18 15:41:34.742  1193  1374 E spcomlib: [spcom_check_link_up_state] SPCom check for link up interrupted - ioctl ret[-4], cmd ret[0], wait[1]
10-18 15:41:34.742  1179  1326 E spcomlib: [spcom_check_link_up_state] SPCom check for link up interrupted - ioctl ret[-4], cmd ret[0], wait[1]
10-18 15:41:34.742  1175  1329 E spcomlib: [spcom_check_link_up_state] SPCom check for link up interrupted - ioctl ret[-4], cmd ret[0], wait[1]
10-18 15:41:34.748  2218  2322 E spcomlib: [spcom_ioctl] IOCTL failed: ret[-1], error [-4]
10-18 15:41:34.748  2218  2322 E spcomlib: [spcom_check_link_up_state] SPCom check for link up interrupted - ioctl ret[-4], cmd ret[0], wait[1]
10-18 15:41:43.306  1175  1329 E spcomlib: [spcom_ioctl] IOCTL failed: ret[-1], error [-4]
10-18 15:41:43.306  1175  1329 E spcomlib: [spcom_check_link_up_state] SPCom check for link up interrupted - ioctl ret[-4], cmd ret[0], wait[1]
10-18 15:41:43.306  1179  1326 E spcomlib: [spcom_ioctl] IOCTL failed: ret[-1], error [-4]
10-18 15:41:43.307  1193  1374 E spcomlib: [spcom_ioctl] IOCTL failed: ret[-1], error [-4]
10-18 15:41:43.307  1193  1374 E spcomlib: [spcom_check_link_up_state] SPCom check for link up interrupted - ioctl ret[-4], cmd ret[0], wait[1]
10-18 15:41:43.308  1179  1326 E spcomlib: [spcom_check_link_up_state] SPCom check for link up interrupted - ioctl ret[-4], cmd ret[0], wait[1]
10-18 15:41:43.308  2218  2322 E spcomlib: [spcom_ioctl] IOCTL failed: ret[-1], error [-4]
10-18 15:41:43.308  2218  2322 E spcomlib: [spcom_check_link_up_state] SPCom check for link up interrupted - ioctl ret[-4], cmd ret[0], wait[1]
10-18 15:43:32.876  1179  1326 E spcomlib: [spcom_ioctl] IOCTL failed: ret[-1], error [-4]
10-18 15:43:32.876  1179  1326 E spcomlib: [spcom_check_link_up_state] SPCom check for link up interrupted - ioctl ret[-4], cmd ret[0], wait[1]
10-18 15:43:32.877  1175  1329 E spcomlib: [spcom_ioctl] IOCTL failed: ret[-1], error [-4]
10-18 15:43:32.877  1175  1329 E spcomlib: [spcom_check_link_up_state] SPCom check for link up interrupted - ioctl ret[-4], cmd ret[0], wait[1]
10-18 15:43:32.877  1193  1374 E spcomlib: [spcom_ioctl] IOCTL failed: ret[-1], error [-4]
10-18 15:43:32.877  1193  1374 E spcomlib: [spcom_check_link_up_state] SPCom check for link up interrupted - ioctl ret[-4], cmd ret[0], wait[1]
10-18 15:43:32.878  2218  2322 E spcomlib: [spcom_ioctl] IOCTL failed: ret[-1], error [-4]
10-18 15:43:32.879  2218  2322 E spcomlib: [spcom_check_link_up_state] SPCom check for link up interrupted - ioctl ret[-4], cmd ret[0], wait[1]
10-18 15:43:42.150  2706  3069 E Watchdog: !@Sync: 27911 heap(MB): 218 / 230 FD: 1439 [2025-10-18 15:43:42.150]
10-18 15:44:00.581  2706 11031 E BatteryStatsService: Invalid uid for waking network packet: -1
10-18 15:44:58.517  1175  1329 E spcomlib: [spcom_ioctl] IOCTL failed: ret[-1], error [-4]
10-18 15:44:58.517  1179  1326 E spcomlib: [spcom_ioctl] IOCTL failed: ret[-1], error [-4]
10-18 15:44:58.517  1179  1326 E spcomlib: [spcom_check_link_up_state] SPCom check for link up interrupted - ioctl ret[-4], cmd ret[0], wait[1]
10-18 15:44:58.518  1193  1374 E spcomlib: [spcom_ioctl] IOCTL failed: ret[-1], error [-4]
10-18 15:44:58.518  1193  1374 E spcomlib: [spcom_check_link_up_state] SPCom check for link up interrupted - ioctl ret[-4], cmd ret[0], wait[1]
10-18 15:44:58.518  1175  1329 E spcomlib: [spcom_check_link_up_state] SPCom check for link up interrupted - ioctl ret[-4], cmd ret[0], wait[1]
10-18 15:44:58.519  2218  2322 E spcomlib: [spcom_ioctl] IOCTL failed: ret[-1], error [-4]
10-18 15:44:58.519  2218  2322 E spcomlib: [spcom_check_link_up_state] SPCom check for link up interrupted - ioctl ret[-4], cmd ret[0], wait[1]
10-18 15:44:58.573 22493 26887 E ActivityThread: Failed to find provider info for com.samsung.systemui.lockstar.provider.LockScreenDataContent
10-18 15:44:58.577  2706 11081 E AppOps  : package client.pid<2042> not found, can't check for attributionTag null
10-18 15:44:58.577  2706 11081 E AppOps  : Bad call made by uid 1047. Package "client.pid<2042>" does not belong to uid 1000.
10-18 15:44:58.577  2706 11081 E AppOps  : Cannot checkOperation: non-application UID 1000
10-18 15:44:58.580  2706  3829 E CameraService_worker: Recent tasks don't include camera client package name: client.pid<2042>
10-18 15:44:58.580 22493 26887 E ActivityThread: Failed to find provider info for com.samsung.systemui.lockstar.provider.LockScreenDataContent
10-18 15:44:58.586 22493 26887 E ActivityThread: Failed to find provider info for com.samsung.systemui.lockstar.provider.LockScreenDataContent
10-18 15:44:58.587 22493 26887 E ActivityThread: Failed to find provider info for com.samsung.systemui.lockstar.provider.LockScreenDataContent
10-18 15:44:58.594 22493 26887 E ActivityThread: Failed to find provider info for com.samsung.systemui.lockstar.provider.LockScreenDataContent
10-18 15:44:58.597 22493 26887 E ActivityThread: Failed to find provider info for com.samsung.systemui.lockstar.provider.LockScreenDataContent
10-18 15:44:58.614  8648 30169 E LoadedApk: Exception : java.lang.NullPointerException: Attempt to invoke virtual method 'boolean android.os.Looper.isPerfLogEnable()' on a null object reference
10-18 15:44:58.635  8648 30352 E LoadedApk: Exception : java.lang.NullPointerException: Attempt to invoke virtual method 'boolean android.os.Looper.isPerfLogEnable()' on a null object reference
10-18 15:44:58.638  8648 30351 E LoadedApk: Exception : java.lang.NullPointerException: Attempt to invoke virtual method 'boolean android.os.Looper.isPerfLogEnable()' on a null object reference
10-18 15:44:58.653  2706 11031 E NotificationService: isPkgBlocked = false
10-18 15:44:58.653  2706 11031 E NotificationService: isRecordBlocked = true
10-18 15:44:58.653  2706 11031 E NotificationService: Suppressing notification from package com.sec.android.app.shealth by user request.
10-18 15:44:58.895  8648 30388 E LoadedApk: Exception : java.lang.NullPointerException: Attempt to invoke virtual method 'boolean android.os.Looper.isPerfLogEnable()' on a null object reference
10-18 15:44:58.895  8648 30388 E LoadedApk: Exception : java.lang.NullPointerException: Attempt to invoke virtual method 'boolean android.os.Looper.isPerfLogEnable()' on a null object reference
10-18 15:45:07.366  2706  3069 E Watchdog: !@Sync: 27912 heap(MB): 193 / 225 FD: 1459 [2025-10-18 15:45:07.366]
10-18 15:45:09.972 22493 26887 E ActivityThread: Failed to find provider info for com.samsung.systemui.lockstar.provider.LockScreenDataContent
10-18 15:45:09.975 22493 26887 E ActivityThread: Failed to find provider info for com.samsung.systemui.lockstar.provider.LockScreenDataContent
10-18 15:45:09.976 22493 26887 E ActivityThread: Failed to find provider info for com.samsung.systemui.lockstar.provider.LockScreenDataContent
10-18 15:45:09.977 22493 26887 E ActivityThread: Failed to find provider info for com.samsung.systemui.lockstar.provider.LockScreenDataContent
10-18 15:45:09.978 22493 26887 E ActivityThread: Failed to find provider info for com.samsung.systemui.lockstar.provider.LockScreenDataContent
10-18 15:45:09.979 22493 26887 E ActivityThread: Failed to find provider info for com.samsung.systemui.lockstar.provider.LockScreenDataContent
10-18 15:45:09.981 22493 26887 E ActivityThread: Failed to find provider info for com.samsung.systemui.lockstar.provider.LockScreenDataContent
10-18 15:45:10.516  2706  3768 E WindowManager: win=Window{cb063b4 u0 FP Iconview} destroySurfaces: appStopped=true cleanupOnResume=false win.mWindowRemovalAllowed=false win.mRemoveOnExit=false win.mViewVisibility=4 caller=com.android.server.wm.WindowManagerService.tryStartExitingAnimation:147 com.android.server.wm.WindowManagerService.relayoutWindowInner:112 com.android.server.wm.WindowManagerService.relayoutWindow:6 com.android.server.wm.Session.relayout:27 android.view.IWindowSession$Stub.onTransact:861 com.android.server.wm.Session.onTransact:1 android.os.Binder.execTransactInternal:1536 
10-18 15:45:10.526 22493 26887 E ActivityThread: Failed to find provider info for com.samsung.systemui.lockstar.provider.LockScreenDataContent
10-18 15:45:10.548  8648 30395 E LoadedApk: Exception : java.lang.NullPointerException: Attempt to invoke virtual method 'boolean android.os.Looper.isPerfLogEnable()' on a null object reference
10-18 15:45:10.557  8648 30388 E LoadedApk: Exception : java.lang.NullPointerException: Attempt to invoke virtual method 'boolean android.os.Looper.isPerfLogEnable()' on a null object reference
10-18 15:45:10.558  8648 30388 E LoadedApk: Exception : java.lang.NullPointerException: Attempt to invoke virtual method 'boolean android.os.Looper.isPerfLogEnable()' on a null object reference
10-18 15:46:04.633  1175  1329 E spcomlib: [spcom_ioctl] IOCTL failed: ret[-1], error [-4]
10-18 15:46:04.633  1175  1329 E spcomlib: [spcom_check_link_up_state] SPCom check for link up interrupted - ioctl ret[-4], cmd ret[0], wait[1]
10-18 15:46:04.634  1179  1326 E spcomlib: [spcom_ioctl] IOCTL failed: ret[-1], error [-4]
10-18 15:46:04.634  1193  1374 E spcomlib: [spcom_ioctl] IOCTL failed: ret[-1], error [-4]
10-18 15:46:04.634  1193  1374 E spcomlib: [spcom_check_link_up_state] SPCom check for link up interrupted - ioctl ret[-4], cmd ret[0], wait[1]
10-18 15:46:04.637  1179  1326 E spcomlib: [spcom_check_link_up_state] SPCom check for link up interrupted - ioctl ret[-4], cmd ret[0], wait[1]
10-18 15:46:04.637  2218  2322 E spcomlib: [spcom_ioctl] IOCTL failed: ret[-1], error [-4]
10-18 15:46:04.637  2218  2322 E spcomlib: [spcom_check_link_up_state] SPCom check for link up interrupted - ioctl ret[-4], cmd ret[0], wait[1]
10-18 15:46:19.310  1175  1329 E spcomlib: [spcom_ioctl] IOCTL failed: ret[-1], error [-4]
10-18 15:46:19.310  1193  1374 E spcomlib: [spcom_ioctl] IOCTL failed: ret[-1], error [-4]
10-18 15:46:19.310  1175  1329 E spcomlib: [spcom_check_link_up_state] SPCom check for link up interrupted - ioctl ret[-4], cmd ret[0], wait[1]
10-18 15:46:19.310  1179  1326 E spcomlib: [spcom_ioctl] IOCTL failed: ret[-1], error [-4]
10-18 15:46:19.310  1179  1326 E spcomlib: [spcom_check_link_up_state] SPCom check for link up interrupted - ioctl ret[-4], cmd ret[0], wait[1]
10-18 15:46:19.310  1193  1374 E spcomlib: [spcom_check_link_up_state] SPCom check for link up interrupted - ioctl ret[-4], cmd ret[0], wait[1]
10-18 15:46:19.315  2218  2322 E spcomlib: [spcom_ioctl] IOCTL failed: ret[-1], error [-4]
10-18 15:46:19.315  2218  2322 E spcomlib: [spcom_check_link_up_state] SPCom check for link up interrupted - ioctl ret[-4], cmd ret[0], wait[1]
10-18 15:47:25.232  1179  1326 E spcomlib: [spcom_ioctl] IOCTL failed: ret[-1], error [-4]
10-18 15:47:25.233  1179  1326 E spcomlib: [spcom_check_link_up_state] SPCom check for link up interrupted - ioctl ret[-4], cmd ret[0], wait[1]
10-18 15:47:25.234  1175  1329 E spcomlib: [spcom_ioctl] IOCTL failed: ret[-1], error [-4]
10-18 15:47:25.234  1175  1329 E spcomlib: [spcom_check_link_up_state] SPCom check for link up interrupted - ioctl ret[-4], cmd ret[0], wait[1]
10-18 15:47:25.233  1193  1374 E spcomlib: [spcom_ioctl] IOCTL failed: ret[-1], error [-4]
10-18 15:47:25.235  1193  1374 E spcomlib: [spcom_check_link_up_state] SPCom check for link up interrupted - ioctl ret[-4], cmd ret[0], wait[1]
10-18 15:47:25.237  2218  2322 E spcomlib: [spcom_ioctl] IOCTL failed: ret[-1], error [-4]
10-18 15:47:25.237  2218  2322 E spcomlib: [spcom_check_link_up_state] SPCom check for link up interrupted - ioctl ret[-4], cmd ret[0], wait[1]
10-18 15:47:25.473  2706 11075 E BatteryStatsService: Invalid uid for waking network packet: -1
10-18 15:47:52.024  1175  1329 E spcomlib: [spcom_ioctl] IOCTL failed: ret[-1], error [-4]
10-18 15:47:52.024  1179  1326 E spcomlib: [spcom_ioctl] IOCTL failed: ret[-1], error [-4]
10-18 15:47:52.024  1179  1326 E spcomlib: [spcom_check_link_up_state] SPCom check for link up interrupted - ioctl ret[-4], cmd ret[0], wait[1]
10-18 15:47:52.024  1175  1329 E spcomlib: [spcom_check_link_up_state] SPCom check for link up interrupted - ioctl ret[-4], cmd ret[0], wait[1]
10-18 15:47:52.024  1193  1374 E spcomlib: [spcom_ioctl] IOCTL failed: ret[-1], error [-4]
10-18 15:47:52.024  1193  1374 E spcomlib: [spcom_check_link_up_state] SPCom check for link up interrupted - ioctl ret[-4], cmd ret[0], wait[1]
10-18 15:47:52.027  2218  2322 E spcomlib: [spcom_ioctl] IOCTL failed: ret[-1], error [-4]
10-18 15:47:52.027  2218  2322 E spcomlib: [spcom_check_link_up_state] SPCom check for link up interrupted - ioctl ret[-4], cmd ret[0], wait[1]
10-18 15:48:32.915  1179  1326 E spcomlib: [spcom_ioctl] IOCTL failed: ret[-1], error [-4]
10-18 15:48:32.916  1175  1329 E spcomlib: [spcom_ioctl] IOCTL failed: ret[-1], error [-4]
10-18 15:48:32.916  1175  1329 E spcomlib: [spcom_check_link_up_state] SPCom check for link up interrupted - ioctl ret[-4], cmd ret[0], wait[1]
10-18 15:48:32.916  1193  1374 E spcomlib: [spcom_ioctl] IOCTL failed: ret[-1], error [-4]
10-18 15:48:32.916  1193  1374 E spcomlib: [spcom_check_link_up_state] SPCom check for link up interrupted - ioctl ret[-4], cmd ret[0], wait[1]
10-18 15:48:32.917  1179  1326 E spcomlib: [spcom_check_link_up_state] SPCom check for link up interrupted - ioctl ret[-4], cmd ret[0], wait[1]
10-18 15:48:32.917  2218  2322 E spcomlib: [spcom_ioctl] IOCTL failed: ret[-1], error [-4]
10-18 15:48:32.917  2218  2322 E spcomlib: [spcom_check_link_up_state] SPCom check for link up interrupted - ioctl ret[-4], cmd ret[0], wait[1]
10-18 15:48:33.508  2706  3124 E AppWidgetXmlUtil: Label is empty in ComponentInfo{com.samsung.android.app.spage/com.samsung.android.app.spage.news.ui.widget.NewsWidgetReceiverCover}
10-18 15:48:33.891  2706  4538 E AppOps  : package client.pid<2042> not found, can't check for attributionTag null
10-18 15:48:33.891  2706  4538 E AppOps  : Bad call made by uid 1047. Package "client.pid<2042>" does not belong to uid 1000.
10-18 15:48:33.891  2706  4538 E AppOps  : Cannot checkOperation: non-application UID 1000
10-18 15:48:33.895  2706  3829 E CameraService_worker: Recent tasks don't include camera client package name: client.pid<2042>
10-18 15:48:33.914 22493 26887 E ActivityThread: Failed to find provider info for com.samsung.systemui.lockstar.provider.LockScreenDataContent
10-18 15:48:33.921 22493 26887 E ActivityThread: Failed to find provider info for com.samsung.systemui.lockstar.provider.LockScreenDataContent
10-18 15:48:33.922 22493 26887 E ActivityThread: Failed to find provider info for com.samsung.systemui.lockstar.provider.LockScreenDataContent
10-18 15:48:33.924 22493 26887 E ActivityThread: Failed to find provider info for com.samsung.systemui.lockstar.provider.LockScreenDataContent
10-18 15:48:33.924 22493 26887 E ActivityThread: Failed to find provider info for com.samsung.systemui.lockstar.provider.LockScreenDataContent
10-18 15:48:33.924 22493 22502 E ActivityThread: Failed to find provider info for com.samsung.systemui.lockstar.provider.LockScreenDataContent
10-18 15:48:33.949  8648 30514 E LoadedApk: Exception : java.lang.NullPointerException: Attempt to invoke virtual method 'boolean android.os.Looper.isPerfLogEnable()' on a null object reference
10-18 15:48:33.961  8648 30352 E LoadedApk: Exception : java.lang.NullPointerException: Attempt to invoke virtual method 'boolean android.os.Looper.isPerfLogEnable()' on a null object reference
10-18 15:48:33.967  8648 30352 E LoadedApk: Exception : java.lang.NullPointerException: Attempt to invoke virtual method 'boolean android.os.Looper.isPerfLogEnable()' on a null object reference
--------- beginning of main
10-18 15:48:34.113  4370  4370 E LSO_LSOInterface: LSO Service is not yet ready!!!
10-18 15:48:34.113  2069 20266 E CamX    : [ERROR][SENSOR ] camxsensornode.cpp:662 PrepareStreamOn() Sensor[5][SecurePreview_Sensor0_cam5] currConfigStatus:5
10-18 15:48:34.114  2069 20266 E CamX    : [ERROR][IQMod  ] camxtfebds2demosaic201.cpp:277 UpdateBDS2InputData() SecurePreview_MCTFE0_cam5 bayerPattern 1
10-18 15:48:34.117  2086  2086 E SecVibrator-HAL-AIDL-CORE: HW_API: [uploadForceFeedbackeffect]ioctl success ,uploaded effect with ID: 0
10-18 15:48:34.117  2086  2086 E SecVibrator-HAL-AIDL-CORE: HW_API: do_on for timeoutMs: 1000
10-18 15:48:34.117  2086  2086 E SecVibrator-HAL-AIDL-CORE: HW_API: [triggerForceFeedbackVibration]on: 1
10-18 15:48:34.125  2838 29008 E Codec2-ComponentInterface: We have a failed config
10-18 15:48:34.135  2069  4217 E CamX    : [ERROR][IQMod  ] camxtfebds2demosaic201.cpp:277 UpdateBDS2InputData() SecurePreview_MCTFE0_cam5 bayerPattern 1
10-18 15:48:34.149  4370  4370 E AOD_CONFIG@AODConfigurationController: Skipping unregisterMonitor MONITOR_SEMCONTEXT - no registered monitor
10-18 15:48:34.149  4370  4370 E AOD_CONFIG@AODConfigurationController: Skipping unregisterMonitor MONITOR_BROADCAST_PSM - no registered monitor
10-18 15:48:34.149  4370  4370 E AOD_CONFIG@AODConfigurationController: Skipping unregisterMonitor MONITOR_BROADCAST_WALLPAPER - no registered monitor
10-18 15:48:34.149  4370  4370 E AOD_CONFIG@AODConfigurationController: Skipping unregisterMonitor MONITOR_FOLD_STATE - no registered monitor
10-18 15:48:34.149  4370  4370 E AOD_CONFIG@AODConfigurationController: Skipping unregisterMonitor MONITOR_BROADCAST_ROAMING - no registered monitor
10-18 15:48:34.149  4370  4370 E AOD_CONFIG@AODConfigurationController: Skipping unregisterMonitor MONITOR_WEATHER_INFO_ENABLED - no registered monitor
10-18 15:48:34.149  4370  4370 E AOD_CONFIG@AODConfigurationController: Skipping unregisterMonitor MONITOR_BROADCAST_OMC - no registered monitor
10-18 15:48:34.151  4370  4370 E MODManager: hideSubUIChargingInfo skip because mAODChargingInfoSubUiPresenter is null
10-18 15:48:34.151  4370  4370 E SQLiteLog: (10) POSIX Error : 11 SQLite Error : 3850
10-18 15:48:34.151  4370  4370 E SQLiteLog: (10) LOCK : Getting lock (4) failed due to (11). The current owner is (22493).
10-18 15:48:34.152  2706  3961 E WifiDataStall: onDataConnectionStateChanged unexpected State: 1
10-18 15:48:34.155  2706  3961 E MboOceController: onDataConnectionStateChanged unexpected State: 1
10-18 15:48:34.172 30968 30968 E ng.android.lool: Not starting debugger since process cannot load the jdwp agent.
10-18 15:48:34.181  2156  3268 E StreamHalAidl: Function: getRecommendedLatencyModes Line: 943 Failed 
10-18 15:48:34.185  2037  4168 E sensors-hal: handle_sns_client_event:71, num_items=17 exceeds SENSORS_HAL_MAX_DATA_LEN=16
10-18 15:48:34.204 30986 30986 E ung.faceservice: Not starting debugger since process cannot load the jdwp agent.
10-18 15:48:34.205  2069  4217 E CamX    : [ERROR][CSL    ] camxcslhw.cpp:3519 CSLAllocHW() [MEMTIME] caller = MPG_12_Buffer3 allocTime = 27 bufferSize = 16269312
10-18 15:48:34.214  2042  2219 E ACameraDeviceVendor: onCaptureStarted: request = 0xb400006eb98d50b0
10-18 15:48:34.229  2037  4168 E sensors-hal: handle_sns_client_event:71, num_items=17 exceeds SENSORS_HAL_MAX_DATA_LEN=16
10-18 15:48:34.231  2706  2706 E PocketProximityCluster: data duplication
10-18 15:48:34.257  2069  4221 E CamX    : [ERROR][CSL    ] camxcslhw.cpp:3519 CSLAllocHW() [MEMTIME] caller = MPG_12_Buffer4 allocTime = 24 bufferSize = 16269312
10-18 15:48:34.261 30649 30974 E o.android.imoim: No package ID 6a found for resource ID 0x6a0b000f.
10-18 15:48:34.270  2069  4222 E DATC-IF : [ERROR][ChiNode] camxchinodesecofectrl.cpp:888 OverrideOFECGData() SecurePreview_OFE0 req 1 get metadata fail NULL pointer 0x0
10-18 15:48:34.298  2706  5566 E SemWifiApSmartBleScanner: mGuidScanFilterBluetoothLeScanFilter [mDeviceName=null, mDeviceAddress=null, mUuid=null, mUuidMask=null, mServiceSolicitationUuid=null, mServiceSolicitationUuidMask=null, mServiceDataUuid=null, mServiceData=null, mServiceDataMask=null, mManufacturerId=117, mManufacturerData=[1, 18, 86, -82, -110, 59, 0, 0, 0, 0, 4, 0, 0, 0, 0, 0, 0, 0, 0, 0, 0, 0, 0, 0], mManufacturerDataMask=[0, -1, -1, -1, -1, -1, 0, 0, 0, 0, 0, 0, 0, 0, 0, 0, 0, 0, 0, 0, 0, 0, 0, 0], mAdvertisingDataType=-1, mAdvertisingData=null, mAdvertisingDataMask=null, mTransportBlockFilter=null]
10-18 15:48:34.307 29307 29335 E edvr    : (REDACTED) Failed to share %s data to AiAi.
10-18 15:48:34.307 29307 29335 E edvr    : cnbf: Geller AiAi data share is not enabled
10-18 15:48:34.307 29307 29335 E edvr    : 	at uhy.c(PG:28)
10-18 15:48:34.307 29307 29335 E edvr    : 	at uhy.b(PG:1)
10-18 15:48:34.307 29307 29335 E edvr    : 	at uid.a(PG:29)
10-18 15:48:34.307 29307 29335 E edvr    : 	at efnq.a(PG:13)
10-18 15:48:34.307 29307 29335 E edvr    : 	at eocs.a(PG:3)
10-18 15:48:34.307 29307 29335 E edvr    : 	at eoei.run(PG:19)
10-18 15:48:34.307 29307 29335 E edvr    : 	at cktg.run(PG:5)
10-18 15:48:34.307 29307 29335 E edvr    : 	at enab.run(PG:44)
10-18 15:48:34.307 29307 29335 E edvr    : 	at ckss.run(PG:83)
10-18 15:48:34.307 29307 29335 E edvr    : 	at java.lang.Thread.run(Thread.java:1119)
10-18 15:48:34.307 29307 29335 E edvr    : 	at ckuk.run(PG:62)
10-18 15:48:34.317  2042 11426 E ACameraDeviceVendor: onCaptureStarted: request = 0xb400006eb98d50b0
10-18 15:48:34.320 30986 31037 E WorkerUtils: [NewFaceService:2.0]  
10-18 15:48:34.333  2755  6800 E Camera3-OutputStream: [VSync] getBufferLockedCommon: Stream 0: wait for dequeued buffer exceeds 30000us (42607)us
10-18 15:48:34.335  2042 30507 E SmcInvoke_MinkDescriptor: mem obj with id :37 not found in list
10-18 15:48:34.338  4753  6636 E BtGatt.GattService: [GSIM LOG]: gsimLogHandler, msg: MESSAGE_SCAN_START, appName: android, scannerId: 9, reportDelayMillis=0
10-18 15:48:34.344  2069  4220 E DATC-IF : [ERROR][ChiNode] camxchinodesecofectrl.cpp:888 OverrideOFECGData() SecurePreview_OFE0 req 2 get metadata fail NULL pointer 0x0
10-18 15:48:34.354  8648 30798 E CDC     : [API-CSC-0033-CDC-0034-com.google.android.gms] sendTextMessage - message discarded without payload or destination ID.
10-18 15:48:34.357 10116 10389 E msgr.msys: E[C mem.context]_LogNetworkStateUpdate(7638)=>[Critical] network_state/prev/2/new/1/source/1
10-18 15:48:34.359 10116 10389 E msgr.msys: E[C MEMConnectionManager]_NetworkConnectedConnectionEventHandler(1496)=>[Debug] Start _NetworkConnectedConnectionEventHandler.
10-18 15:48:34.363 10116 10389 E msgr.msys: E[C MEMConnectionManager]_NetworkConnectedConnectionEventHandler(1506)=>[Debug] End _NetworkConnectedConnectionEventHandler.
10-18 15:48:34.363 10116 10290 E msgr.msys: E[C MEMConnectionManager]__ConnectIfNeededOnNetworkContextAsyncImpl(1252)=>[Critical] Call WCCConnectionConnect with event id: 4
10-18 15:48:34.363 10116 10290 E msgr.msys: E[N WCCConnectionMEM]_WCCConnectionMEMEmitStateChange(3122)=>[INFO] connection/new_state/connecting [connection_id=152837071, wcc_source=0, wcc_reason=0]
10-18 15:48:34.364 10116 10290 E msgr.msys: E[C MEMConnectionManager]_MEMConnectionManagerStateChangeHandler(671)=>[Critical] MEMConnectionState updated to ID: 1 with connectionId: 152837071
10-18 15:48:34.364  2042  2219 E ACameraDeviceVendor: onCaptureStarted: request = 0xb400006eb98d50b0
10-18 15:48:34.369 10116 10290 E msgr.msys: E[N WCCConnectionMEM]_WCCConnectionMEMDoConnectWithAuthKeys(1535)=>[INFO] connection/connect/start/[host=chat-e2ee-mini.facebook.com port=5222]/[157.240.225.37:5222]
10-18 15:48:34.370 10116 10290 E msgr.msys: E[N WCCConnectionMEM]_WCCConnectionMEMLifecycleEventHandler(2118)=>[INFO] connection/xmpp/lifecycle_event/will-connect
10-18 15:48:34.388 10116 10290 E msgr.msys: E[N WCCConnectionMEM]_WCCConnectionMEMLifecycleEventHandler(2126)=>[INFO] connection/xmpp/lifecycle_event/did-connect, [0.0175s]
10-18 15:48:34.389  2706  2706 E PocketModeEvent: Acc, AT is unregister by condition 2, 1
10-18 15:48:34.389  2706  3956 E PocketModeEvent: MSG_TYPE_STOP_SENSING
10-18 15:48:34.389  2706  3956 E PocketModeEvent: unregisterSensor L : -1 P : 0
10-18 15:48:34.389  2706  2706 E PocketMotionManager: unregister activity tracker
10-18 15:48:34.391  2042 30507 E SmcInvoke_MinkDescriptor: mem obj with id :37 not found in list
10-18 15:48:34.391  2018  2119 E minksocket: MinkIPC ERROR: ( 2018:2119 ) MinkIPC_preProcess:272 Client down, but cannot find corresponding minksession
10-18 15:48:34.391  2018  2126 E minksocket: MinkIPC ERROR: ( 2018:2126 ) MinkIPC_preProcess:272 Client down, but cannot find corresponding minksession
10-18 15:48:34.391 10116 10290 E msgr.msys: E[N WCCConnectionMEM]_WCCConnectionMEMLifecycleEventHandler(2126)=>[INFO] connection/xmpp/lifecycle_event/did-send-initial-payload, [0.0030s]
10-18 15:48:34.393  8648 30547 E LoadedApk: Exception : java.lang.NullPointerException: Attempt to invoke virtual method 'boolean android.os.Looper.isPerfLogEnable()' on a null object reference
10-18 15:48:34.394  2069  4222 E DATC-IF : [ERROR][ChiNode] camxchinodesecofectrl.cpp:888 OverrideOFECGData() SecurePreview_OFE0 req 3 get metadata fail NULL pointer 0x0
10-18 15:48:34.396  8648 30547 E LoadedApk: Exception : java.lang.NullPointerException: Attempt to invoke virtual method 'boolean android.os.Looper.isPerfLogEnable()' on a null object reference
10-18 15:48:34.404  2042  2219 E ACameraDeviceVendor: onCaptureStarted: request = 0xb400006eb98d50b0
10-18 15:48:34.435  2069  4217 E DATC-IF : [ERROR][ChiNode] camxchinodesecofectrl.cpp:888 OverrideOFECGData() SecurePreview_OFE0 req 4 get metadata fail NULL pointer 0x0
10-18 15:48:34.438  2042  2219 E ACameraDeviceVendor: onCaptureStarted: request = 0xb400006eb98d50b0
10-18 15:48:34.438  2042 30507 E SmcInvoke_MinkDescriptor: mem obj with id :37 not found in list
10-18 15:48:34.450  2831  3202 E rild    : Could not close FD 534: Bad file descriptor
10-18 15:48:34.451 10116 10290 E msgr.msys: E[N WCCConnectionMEM]_WCCConnectionMEMLifecycleEventHandler(2126)=>[INFO] connection/xmpp/lifecycle_event/will-handshake, [0.0598s]
10-18 15:48:34.452 10116 10290 E msgr.msys: E[N WCCConnectionMEM]_WCCConnectionMEMLifecycleEventHandler(2126)=>[INFO] connection/xmpp/lifecycle_event/did-handshake, [0.0004s]
10-18 15:48:34.462 10116 10290 E msgr.msys: E[N WCCConnectionMEM]_WCCConnectionMEMReceiveHandler(2297)=>[INFO] connection/receive/login-success
10-18 15:48:34.462 10116 10290 E msgr.msys: E[N WCCConnectionMEM]_WCCConnectionMEMEmitStateChange(3122)=>[INFO] connection/new_state/connected [connection_id=152837071, wcc_source=0, wcc_reason=0]
10-18 15:48:34.462 10116 10290 E msgr.msys: E[C MEMConnectionManager]_MEMConnectionManagerStateChangeHandler(671)=>[Critical] MEMConnectionState updated to ID: 2 with connectionId: 152837071
10-18 15:48:34.464 10116 10283 E msgr.ZeroChatDHostController: Trying to add the same listener twice. This must be a bug.
10-18 15:48:34.464  2831  3202 E rild    : Could not close FD 534: Bad file descriptor
10-18 15:48:34.464 10116 10389 E msgr.msys: E[C mem.context]_ZeroRatingStateChangedOnExecutionContext(8410)=>[INFO] ZeroRatingStateChange: notify wa-msys with [host: chat-e2ee-mini.facebook.com, ipv4 fallback IPs are not set, ipv6 fallback IPs are not set]
10-18 15:48:34.465  2069  4221 E DATC-IF : [ERROR][ChiNode] camxchinodesecofectrl.cpp:888 OverrideOFECGData() SecurePreview_OFE0 req 5 get metadata fail NULL pointer 0x0
10-18 15:48:34.469  2018  2119 E minksocket: MinkIPC ERROR: ( 2018:2119 ) MinkIPC_preProcess:272 Client down, but cannot find corresponding minksession
10-18 15:48:34.469  2018  2126 E minksocket: MinkIPC ERROR: ( 2018:2126 ) MinkIPC_preProcess:272 Client down, but cannot find corresponding minksession
10-18 15:48:34.470  2018  2119 E minksocket: MinkIPC ERROR: ( 2018:2119 ) MinkIPC_preProcess:272 Client down, but cannot find corresponding minksession
10-18 15:48:34.470  2018  2126 E minksocket: MinkIPC ERROR: ( 2018:2126 ) MinkIPC_preProcess:272 Client down, but cannot find corresponding minksession
10-18 15:48:34.470  2018  2126 E minksocket: MinkIPC ERROR: ( 2018:2126 ) MinkIPC_preProcess:272 Client down, but cannot find corresponding minksession
10-18 15:48:34.470  2018  2119 E minksocket: MinkIPC ERROR: ( 2018:2119 ) MinkIPC_preProcess:272 Client down, but cannot find corresponding minksession
10-18 15:48:34.472  2042  2219 E ACameraDeviceVendor: onCaptureStarted: request = 0xb400006eb98d50b0
10-18 15:48:34.475  1806  1810 E IPACM   : ERROR: vendor/qcom/opensource/data-ipa-cfg-mgr/ipacm/src/IPACM_Routing.cpp:136 AddRoutingRule() Failed adding routing rule 0xb40000798049bb70
10-18 15:48:34.479  1941 25667 E Netd    : no such netId 608
10-18 15:48:34.482  2018  2119 E minksocket: MinkIPC ERROR: ( 2018:2119 ) MinkIPC_preProcess:272 Client down, but cannot find corresponding minksession
10-18 15:48:34.482  2018  2126 E minksocket: MinkIPC ERROR: ( 2018:2126 ) MinkIPC_preProcess:272 Client down, but cannot find corresponding minksession
10-18 15:48:34.485  1941 25667 E Netd    : no such netId 608
10-18 15:48:34.485  1806  1810 E IPACM   : ERROR: vendor/qcom/opensource/data-ipa-cfg-mgr/ipacm/src/IPACM_Routing.cpp:136 AddRoutingRule() Failed adding routing rule 0xb40000798049bb70
10-18 15:48:34.486  2706  3995 E ConnectivityService: Exception in addRoute for non-gateway: android.os.ServiceSpecificException: Machine is not on the network (code 64)
10-18 15:48:34.486  1941 25667 E Netd    : no such netId 608
10-18 15:48:34.486  2086  2086 E SecVibrator-HAL-AIDL-CORE: V_2_0: Vibrator off
10-18 15:48:34.486  1941 25667 E Netd    : no such netId 608
10-18 15:48:34.486  1806  1810 E IPACM   : ERROR: vendor/qcom/opensource/data-ipa-cfg-mgr/ipacm/src/IPACM_Routing.cpp:136 AddRoutingRule() Failed adding routing rule 0xb40000798049bb70
10-18 15:48:34.486  2086  2086 E SecVibrator-HAL-AIDL-CORE: HW_API: do_off
10-18 15:48:34.486  2086  2086 E SecVibrator-HAL-AIDL-CORE: HW_API: [triggerForceFeedbackVibration]on: 0
10-18 15:48:34.486  2706  3995 E ConnectivityService: Exception in addRoute for gateway: android.os.ServiceSpecificException: Machine is not on the network (code 64)
10-18 15:48:34.486  1941 25667 E Netd    : no such netId 608
10-18 15:48:34.487  2042 30508 E SmcInvoke_MinkDescriptor: Invalid handle 37
10-18 15:48:34.498  2069  4220 E DATC-IF : [ERROR][ChiNode] camxchinodesecofectrl.cpp:888 OverrideOFECGData() SecurePreview_OFE0 req 6 get metadata fail NULL pointer 0x0
10-18 15:48:34.506  2042 11426 E ACameraDeviceVendor: onCaptureStarted: request = 0xb400006eb98d50b0
10-18 15:48:34.533  2069  4222 E DATC-IF : [ERROR][ChiNode] camxchinodesecofectrl.cpp:888 OverrideOFECGData() SecurePreview_OFE0 req 7 get metadata fail NULL pointer 0x0
10-18 15:48:34.540  2042  2219 E ACameraDeviceVendor: onCaptureStarted: request = 0xb400006eb98d50b0
10-18 15:48:34.548  2042 30507 E SmcInvoke_MinkDescriptor: Invalid handle 37
10-18 15:48:34.554  4370  4370 E NowbarCardSettingView: applySettingCardContent failed appIcon applySettingCardContent
10-18 15:48:34.559  4370  4370 E NowbarCardSettingView: applySettingCardContent failed appIcon applySettingCardContent
10-18 15:48:34.560  4370  4370 E NowBarCardViewModel: updateExpandedClickPanelVisibility screen on = true expanded falseisTopCardSettingViewOpened = false
10-18 15:48:34.561  2069  4217 E DATC-IF : [ERROR][ChiNode] camxchinodesecofectrl.cpp:888 OverrideOFECGData() SecurePreview_OFE0 req 8 get metadata fail NULL pointer 0x0
10-18 15:48:34.570  2018  2126 E minksocket: MinkIPC ERROR: ( 2018:2126 ) MinkIPC_preProcess:272 Client down, but cannot find corresponding minksession
10-18 15:48:34.570  2018  2119 E minksocket: MinkIPC ERROR: ( 2018:2119 ) MinkIPC_preProcess:272 Client down, but cannot find corresponding minksession
10-18 15:48:34.571  2042 11426 E ACameraDeviceVendor: onCaptureStarted: request = 0xb400006eb98d50b0
10-18 15:48:34.572  1941 25667 E netd    : Error adding route ::/0 -> fe80::2 rmnet_data0 to table 1030: File exists
10-18 15:48:34.572  2018  2126 E minksocket: MinkIPC ERROR: ( 2018:2126 ) MinkIPC_preProcess:272 Client down, but cannot find corresponding minksession
10-18 15:48:34.572  2018  2119 E minksocket: MinkIPC ERROR: ( 2018:2119 ) MinkIPC_preProcess:272 Client down, but cannot find corresponding minksession
10-18 15:48:34.574  2018  2126 E minksocket: MinkIPC ERROR: ( 2018:2126 ) MinkIPC_preProcess:272 Client down, but cannot find corresponding minksession
10-18 15:48:34.576  2018  2119 E minksocket: MinkIPC ERROR: ( 2018:2119 ) MinkIPC_preProcess:272 Client down, but cannot find corresponding minksession
10-18 15:48:34.581  2018  2126 E minksocket: MinkIPC ERROR: ( 2018:2126 ) MinkIPC_preProcess:272 Client down, but cannot find corresponding minksession
10-18 15:48:34.581  2018  2119 E minksocket: MinkIPC ERROR: ( 2018:2119 ) MinkIPC_preProcess:272 Client down, but cannot find corresponding minksession
10-18 15:48:34.591  1941  1974 E NetlinkEvent: NetlinkEvent::FindParam(): Parameter 'INTERFACE' not found
10-18 15:48:34.591  1941  1974 E NetlinkEvent: NetlinkEvent::FindParam(): Parameter 'STATE' not found
10-18 15:48:34.591  1941  1974 E NetlinkEvent: NetlinkEvent::FindParam(): Parameter 'TIME_NS' not found
10-18 15:48:34.591  1941  1974 E NetlinkEvent: NetlinkEvent::FindParam(): Parameter 'UID' not found
10-18 15:48:34.597  2042 30507 E SmcInvoke_MinkDescriptor: mem obj with id :36 not found in list
10-18 15:48:34.599  2706  4050 E SemWifiApTrafficPriority: onAvailable: ActiveNetwork:600
10-18 15:48:34.602  2069  4217 E DATC-IF : [ERROR][ChiNode] camxchinodesecofectrl.cpp:888 OverrideOFECGData() SecurePreview_OFE0 req 9 get metadata fail NULL pointer 0x0
10-18 15:48:34.606  2042  2219 E ACameraDeviceVendor: onCaptureStarted: request = 0xb400006eb98d50b0
10-18 15:48:34.620  2706  6881 E ActivityManager: Sending non-protected broadcast com.samsung.intent.action.data_available_for_phone_number from system 4351:com.android.phone/1001 pkg com.android.phone
10-18 15:48:34.620  2706  6881 E ActivityManager: java.lang.Throwable
10-18 15:48:34.620  2706  6881 E ActivityManager: 	at com.android.server.am.ActivityManagerService.checkBroadcastFromSystem(qb/98980305 0b399ac4d289e3f0315d1f7beced4a500f214af83d2ed90ff6fd71a0c4d5f1b4:246)
10-18 15:48:34.620  2706  6881 E ActivityManager: 	at com.android.server.am.ActivityManagerService.broadcastIntentLockedTraced(qb/98980305 0b399ac4d289e3f0315d1f7beced4a500f214af83d2ed90ff6fd71a0c4d5f1b4:351)
10-18 15:48:34.620  2706  6881 E ActivityManager: 	at com.android.server.am.ActivityManagerService.broadcastIntentLocked(qb/98980305 0b399ac4d289e3f0315d1f7beced4a500f214af83d2ed90ff6fd71a0c4d5f1b4:18)
10-18 15:48:34.620  2706  6881 E ActivityManager: 	at com.android.server.am.ActivityManagerService.broadcastIntentWithFeature(qb/98980305 0b399ac4d289e3f0315d1f7beced4a500f214af83d2ed90ff6fd71a0c4d5f1b4:97)
10-18 15:48:34.620  2706  6881 E ActivityManager: 	at android.app.IActivityManager$Stub.onTransact$broadcastIntentWithFeature$(IActivityManager.java:12116)
10-18 15:48:34.620  2706  6881 E ActivityManager: 	at android.app.IActivityManager$Stub.onTransact(IActivityManager.java:3095)
10-18 15:48:34.620  2706  6881 E ActivityManager: 	at com.android.server.am.ActivityManagerService.onTransact(qb/98980305 0b399ac4d289e3f0315d1f7beced4a500f214af83d2ed90ff6fd71a0c4d5f1b4:464)
10-18 15:48:34.620  2706  6881 E ActivityManager: 	at android.os.Binder.execTransactInternal(Binder.java:1541)
10-18 15:48:34.620  2706  6881 E ActivityManager: 	at android.os.Binder.execTransact(Binder.java:1480)
10-18 15:48:34.626  4753  6636 E BtGatt.GattService: [GSIM LOG]: gsimLogHandler, msg: MESSAGE_ADV_SET_STOP, appName: com.google.android.gms, id: 0, isLegacy: true
10-18 15:48:34.632  2069  4221 E DATC-IF : [ERROR][ChiNode] camxchinodesecofectrl.cpp:888 OverrideOFECGData() SecurePreview_OFE0 req 10 get metadata fail NULL pointer 0x0
10-18 15:48:34.639  2042  2042 E ACameraDeviceVendor: onCaptureStarted: request = 0xb400006eb98d50b0
10-18 15:48:34.642  8648 30515 E CDC     : [API-CSC-0035-CDC-0036-com.google.android.gms] sendTextMessage - message discarded without payload or destination ID.
10-18 15:48:34.645  2042 30508 E SmcInvoke_MinkDescriptor: Invalid handle 36
10-18 15:48:34.649  2755  2924 E Camera3-OutputStream: [VSync] getBufferLockedCommon: Stream 0: wait for dequeued buffer exceeds 30000us (66867)us
10-18 15:48:34.660 31105 31105 E oadcastreceiver: Not starting debugger since process cannot load the jdwp agent.
10-18 15:48:34.662  2069  4217 E DATC-IF : [ERROR][ChiNode] camxchinodesecofectrl.cpp:888 OverrideOFECGData() SecurePreview_OFE0 req 11 get metadata fail NULL pointer 0x0
10-18 15:48:34.662  4753  6636 E BtGatt.GattService: [GSIM LOG]: gsimLogHandler, msg: MESSAGE_ADV_SET_START, appName: com.google.android.gms, id: 0, isLegacy: true
10-18 15:48:34.673  2042  2042 E ACameraDeviceVendor: onCaptureStarted: request = 0xb400006eb98d50b0
10-18 15:48:34.676  2042 30507 E SmcInvoke_MinkDescriptor: mem obj with id :36 not found in list
10-18 15:48:34.693  2069  4220 E DATC-IF : [ERROR][ChiNode] camxchinodesecofectrl.cpp:888 OverrideOFECGData() SecurePreview_OFE0 req 12 get metadata fail NULL pointer 0x0
10-18 15:48:34.707  2042 30507 E SmcInvoke_MinkDescriptor: mem obj with id :36 not found in list
10-18 15:48:34.707  2042  2042 E ACameraDeviceVendor: onCaptureStarted: request = 0xb400006eb98d50b0
10-18 15:48:34.731  4370  4370 E NowbarCardSettingView: applySettingCardContent failed appIcon applySettingCardContent
10-18 15:48:34.734  2069  4220 E DATC-IF : [ERROR][ChiNode] camxchinodesecofectrl.cpp:888 OverrideOFECGData() SecurePreview_OFE0 req 13 get metadata fail NULL pointer 0x0
10-18 15:48:34.738  2042  2042 E ACameraDeviceVendor: onCaptureStarted: request = 0xb400006eb98d50b0
10-18 15:48:34.740  2042 30505 E SmcInvoke_MinkDescriptor: Invalid handle 36
10-18 15:48:34.752 10116 22845 E msgr.ActionQueryTaskListener: 27 onTaskStart LOAD_ONLY modules: [fb4a_stories_editor,s_416359002(*),s_compphoto_fb4a_stories_editor(*),s_fb4a_stories_editor_fb4a_stories_homebase(*)]
10-18 15:48:34.753 10116 30870 E msgr.ActionQueryTaskListener: 27 onTaskComplete [false,false,] LOAD_ONLY modules: [fb4a_stories_editor,s_416359002(*),s_compphoto_fb4a_stories_editor(*),s_fb4a_stories_editor_fb4a_stories_homebase(*)]
10-18 15:48:34.757 10116 22845 E msgr.InterstitialControllersHolderImpl: could not find class with voltron enabled
10-18 15:48:34.757 10116 22845 E msgr.InterstitialControllersHolderImpl: java.lang.NoClassDefFoundError: Failed resolution of: LX/TMg;
10-18 15:48:34.757 10116 22845 E msgr.InterstitialControllersHolderImpl: 	at X.3Ma.A05(Unknown Source:90)
10-18 15:48:34.757 10116 22845 E msgr.InterstitialControllersHolderImpl: 	at X.3Ma.A00(Unknown Source:23)
10-18 15:48:34.757 10116 22845 E msgr.InterstitialControllersHolderImpl: 	at X.16o.A03(:48)
