10-16 18:57:46.164  2069  4226 E CamX    : [ERROR][CSL    ] camxcslhw.cpp:1472 CSLReleaseDeviceHW() [SUBDEV_DBG] hCSL[0x180200] hDevice[0xc30102] hSession[0x180200]
10-16 18:57:46.164  2069  4226 E CamX    : [ERROR][CSL    ] camxcslhw.cpp:1503 CSLReleaseDeviceHW() [SUBDEV_DBG] hDevice[0x3ea2e580] hAcquired[0xc30102] hSession[0xc30102]
10-16 18:57:46.164  2069  4226 E CamX    : [ERROR][SENSOR ] camxsensorcache.cpp:302 ReleaseOneSubDevice() [SUBDEV_DBG]CSLReleased CameraId= 5 hCSLSession= 0x180200 refCount= 1Subdevice: CSIPHY hDevice= 0xc30102 pipelineRefCount= 0
10-16 18:57:46.164  2069  4226 E CamX    : [ERROR][SENSOR ] camxsensorcache.cpp:261 ReleaseOneSubDevice() Device[5][Sensor] refCount:1 hDev:0x440101 hCSLCached:0x180200 isAcquired:1 pipelineRefCount:1
10-16 18:57:46.164  2069  4226 E CamX    : [ERROR][SENSOR ] camxsensorcache.cpp:269 ReleaseOneSubDevice() [SUBDEV_DBG]Camera[5] IsAcquired[1] PipelineRefcount[1] hDevice[0x440101]
10-16 18:57:46.164  2069  4226 E CamX    : [ERROR][CSL    ] camxcslhw.cpp:1472 CSLReleaseDeviceHW() [SUBDEV_DBG] hCSL[0x180200] hDevice[0x440101] hSession[0x180200]
10-16 18:57:46.164  2069  4226 E CamX    : [ERROR][CSL    ] camxcslhw.cpp:1503 CSLReleaseDeviceHW() [SUBDEV_DBG] hDevice[0x3ea2e580] hAcquired[0x440101] hSession[0x440101]
10-16 18:57:46.165  2069  4227 E snap_api::V6: adapter class instance doesn't exist/Already closed
10-16 18:57:46.165  2018  2119 E minksocket: MinkIPC ERROR: ( 2018:2119 ) MinkIPC_preProcess:272 Client down, but cannot find corresponding minksession
10-16 18:57:46.165  2018  2126 E minksocket: MinkIPC ERROR: ( 2018:2126 ) MinkIPC_preProcess:272 Client down, but cannot find corresponding minksession
10-16 18:57:46.167  2069  4227 E CamX    : [ERROR][CSL    ] camxcslhw.cpp:1472 CSLReleaseDeviceHW() [SUBDEV_DBG] hCSL[0x180200] hDevice[0x880104] hSession[0x180200]
10-16 18:57:46.167  2069  4227 E CamX    : [ERROR][CSL    ] camxcslhw.cpp:1503 CSLReleaseDeviceHW() [SUBDEV_DBG] hDevice[0x3ea2e580] hAcquired[0x880104] hSession[0x880104]
10-16 18:57:46.170  2069  4227 E CamX    : [ERROR][CSL    ] camxcslhw.cpp:1472 CSLReleaseDeviceHW() [SUBDEV_DBG] hCSL[0x180200] hDevice[0x430106] hSession[0x180200]
10-16 18:57:46.170  2069  4227 E CamX    : [ERROR][CSL    ] camxcslhw.cpp:1503 CSLReleaseDeviceHW() [SUBDEV_DBG] hDevice[0x3ea2e580] hAcquired[0x430106] hSession[0x430106]
10-16 18:57:46.172  2069  4224 E snap_api::V6: adapter class instance doesn't exist/Already closed
10-16 18:57:46.173  2069  4226 E CamX    : [ERROR][SENSOR ] camxsensorcache.cpp:302 ReleaseOneSubDevice() [SUBDEV_DBG]CSLReleased CameraId= 5 hCSLSession= 0x180200 refCount= 0Subdevice: Sensor hDevice= 0x440101 pipelineRefCount= 0
10-16 18:57:46.173  2069  4226 E CamX    : [ERROR][SENSOR ] camxsensorcache.cpp:329 ReleaseOneSubDevice() [SUBDEV_DBG]CameraId= 5, Closing hCSLSession= 0x7300180200
10-16 18:57:46.173  2018  2119 E minksocket: MinkIPC ERROR: ( 2018:2119 ) MinkIPC_preProcess:272 Client down, but cannot find corresponding minksession
10-16 18:57:46.173  2018  2126 E minksocket: MinkIPC ERROR: ( 2018:2126 ) MinkIPC_preProcess:272 Client down, but cannot find corresponding minksession
10-16 18:57:46.173  2069  4224 E AF_DEBUG: ProcessPafEndModule(170) : [cam_id_4] Memory for PAF Main Window Free OK!
10-16 18:57:46.174  2069  4226 E CamX    : [ERROR][CSL    ] camxcslhw.cpp:1472 CSLReleaseDeviceHW() [SUBDEV_DBG] hCSL[0x180200] hDevice[0x2c0105] hSession[0x180200]
10-16 18:57:46.174  2069  4226 E CamX    : [ERROR][CSL    ] camxcslhw.cpp:1503 CSLReleaseDeviceHW() [SUBDEV_DBG] hDevice[0x3ea2e580] hAcquired[0x2c0105] hSession[0x2c0105]
10-16 18:57:46.191  2069  2069 E CamX    : [ERROR][SENSOR ] camxsensorcache.cpp:429 ReleaseAllCache() [SUBDEV_DBG]Camera[0] ReleaseAllCache:hCSLSession0[0x680200] hCSLSession1[0x0]refcount[0]<subdeviceSensor: isAcquired[0] deviceIndex[30] hDevice[0xdf0101]  pipelineRefCount[0]><subdeviceCSIPHY: isAcquired[0] deviceIndex[6] hDevice[0x9c0103]  pipelineRefCount[0]><subdeviceOIS: isAcquired[0] deviceIndex[26] hDevice[0xd50107]  pipelineRefCount[0]><subdeviceActuator: isAcquired[0] deviceIndex[7] hDevice[0x180109]  pipelineRefCount[0]><subdeviceFlash: isAcquired[0] deviceIndex[15] hDevice[0xfa010b]  pipelineRefCount[0]><subdeviceTPG: isAcquired[0] deviceIndex[0] hDevice[0x0]  pipelineRefCount[0]>
10-16 18:57:46.191  2069  2069 E CamX    : [ERROR][SENSOR ] camxsensorcache.cpp:429 ReleaseAllCache() [SUBDEV_DBG]Camera[1] ReleaseAllCache:hCSLSession0[0x0] hCSLSession1[0x0]refcount[0]<subdeviceSensor: isAcquired[0] deviceIndex[0] hDevice[0x0]  pipelineRefCount[0]><subdeviceCSIPHY: isAcquired[0] deviceIndex[0] hDevice[0x0]  pipelineRefCount[0]><subdeviceOIS: isAcquired[0] deviceIndex[0] hDevice[0x0]  pipelineRefCount[0]><subdeviceActuator: isAcquired[0] deviceIndex[0] hDevice[0x0]  pipelineRefCount[0]><subdeviceFlash: isAcquired[0] deviceIndex[0] hDevice[0x0]  pipelineRefCount[0]><subdeviceTPG: isAcquired[0] deviceIndex[0] hDevice[0x0]  pipelineRefCount[0]>
10-16 18:57:46.191  2069  2069 E CamX    : [ERROR][SENSOR ] camxsensorcache.cpp:429 ReleaseAllCache() [SUBDEV_DBG]Camera[2] ReleaseAllCache:hCSLSession0[0x680200] hCSLSession1[0x0]refcount[0]<subdeviceSensor: isAcquired[0] deviceIndex[32] hDevice[0x410105]  pipelineRefCount[0]><subdeviceCSIPHY: isAcquired[0] deviceIndex[3] hDevice[0xae0110]  pipelineRefCount[0]><subdeviceOIS: isAcquired[0] deviceIndex[0] hDevice[0x0]  pipelineRefCount[0]><subdeviceActuator: isAcquired[0] deviceIndex[25] hDevice[0x8c0111]  pipelineRefCount[0]><subdeviceFlash: isAcquired[0] deviceIndex[16] hDevice[0xd90104]  pipelineRefCount[0]><subdeviceTPG: isAcquired[0] deviceIndex[0] hDevice[0x0]  pipelineRefCount[0]>
10-16 18:57:46.191  2069  2069 E CamX    : [ERROR][SENSOR ] camxsensorcache.cpp:429 ReleaseAllCache() [SUBDEV_DBG]Camera[3] ReleaseAllCache:hCSLSession0[0x680200] hCSLSession1[0x0]refcount[0]<subdeviceSensor: isAcquired[0] deviceIndex[33] hDevice[0x85010d]  pipelineRefCount[0]><subdeviceCSIPHY: isAcquired[0] deviceIndex[4] hDevice[0x8c0116]  pipelineRefCount[0]><subdeviceOIS: isAcquired[0] deviceIndex[27] hDevice[0xae010c]  pipelineRefCount[0]><subdeviceActuator: isAcquired[0] deviceIndex[22] hDevice[0xd0117]  pipelineRefCount[0]><subdeviceFlash: isAcquired[0] deviceIndex[17] hDevice[0x970119]  pipelineRefCount[0]><subdeviceTPG: isAcquired[0] deviceIndex[0] hDevice[0x0]  pipelineRefCount[0]>
10-16 18:57:46.191  2069  2069 E CamX    : [ERROR][SENSOR ] camxsensorcache.cpp:429 ReleaseAllCache() [SUBDEV_DBG]Camera[4] ReleaseAllCache:hCSLSession0[0x680200] hCSLSession1[0x0]refcount[0]<subdeviceSensor: isAcquired[0] deviceIndex[34] hDevice[0x2b0106]  pipelineRefCount[0]><subdeviceCSIPHY: isAcquired[0] deviceIndex[2] hDevice[0x72010e]  pipelineRefCount[0]><subdeviceOIS: isAcquired[0] deviceIndex[28] hDevice[0x9c0108]  pipelineRefCount[0]><subdeviceActuator: isAcquired[0] deviceIndex[24] hDevice[0xba010f]  pipelineRefCount[0]><subdeviceFlash: isAcquired[0] deviceIndex[18] hDevice[0x380115]  pipelineRefCount[0]><subdeviceTPG: isAcquired[0] deviceIndex[0] hDevice[0x0]  pipelineRefCount[0]>
10-16 18:57:46.191  2069  2069 E CamX    : [ERROR][SENSOR ] camxsensorcache.cpp:429 ReleaseAllCache() [SUBDEV_DBG]Camera[5] ReleaseAllCache:hCSLSession0[0x180200] hCSLSession1[0x0]refcount[0]<subdeviceSensor: isAcquired[0] deviceIndex[35] hDevice[0x440101]  pipelineRefCount[0]><subdeviceCSIPHY: isAcquired[0] deviceIndex[5] hDevice[0xc30102]  pipelineRefCount[0]><subdeviceOIS: isAcquired[0] deviceIndex[0] hDevice[0x0]  pipelineRefCount[0]><subdeviceActuator: isAcquired[0] deviceIndex[23] hDevice[0x990103]  pipelineRefCount[0]><subdeviceFlash: isAcquired[0] deviceIndex[0] hDevice[0x0]  pipelineRefCount[0]><subdeviceTPG: isAcquired[0] deviceIndex[0] hDevice[0x0]  pipelineRefCount[0]>
10-16 18:57:46.191  2069  2069 E CamX    : [ERROR][SENSOR ] camxsensorcache.cpp:429 ReleaseAllCache() [SUBDEV_DBG]Camera[6] ReleaseAllCache:hCSLSession0[0x0] hCSLSession1[0x0]refcount[0]<subdeviceSensor: isAcquired[0] deviceIndex[0] hDevice[0x0]  pipelineRefCount[0]><subdeviceCSIPHY: isAcquired[0] deviceIndex[0] hDevice[0x0]  pipelineRefCount[0]><subdeviceOIS: isAcquired[0] deviceIndex[0] hDevice[0x0]  pipelineRefCount[0]><subdeviceActuator: isAcquired[0] deviceIndex[0] hDevice[0x0]  pipelineRefCount[0]><subdeviceFlash: isAcquired[0] deviceIndex[0] hDevice[0x0]  pipelineRefCount[0]><subdeviceTPG: isAcquired[0] deviceIndex[0] hDevice[0x0]  pipelineRefCount[0]>
10-16 18:57:46.191  2069  2069 E CamX    : [ERROR][SENSOR ] camxsensorcache.cpp:429 ReleaseAllCache() [SUBDEV_DBG]Camera[7] ReleaseAllCache:hCSLSession0[0x0] hCSLSession1[0x0]refcount[0]<subdeviceSensor: isAcquired[0] deviceIndex[0] hDevice[0x0]  pipelineRefCount[0]><subdeviceCSIPHY: isAcquired[0] deviceIndex[0] hDevice[0x0]  pipelineRefCount[0]><subdeviceOIS: isAcquired[0] deviceIndex[0] hDevice[0x0]  pipelineRefCount[0]><subdeviceActuator: isAcquired[0] deviceIndex[0] hDevice[0x0]  pipelineRefCount[0]><subdeviceFlash: isAcquired[0] deviceIndex[0] hDevice[0x0]  pipelineRefCount[0]><subdeviceTPG: isAcquired[0] deviceIndex[0] hDevice[0x0]  pipelineRefCount[0]>
10-16 18:57:46.191  2069  2069 E CamX    : [ERROR][SENSOR ] camxsensorcache.cpp:429 ReleaseAllCache() [SUBDEV_DBG]Camera[8] ReleaseAllCache:hCSLSession0[0x0] hCSLSession1[0x0]refcount[0]<subdeviceSensor: isAcquired[0] deviceIndex[0] hDevice[0x0]  pipelineRefCount[0]><subdeviceCSIPHY: isAcquired[0] deviceIndex[0] hDevice[0x0]  pipelineRefCount[0]><subdeviceOIS: isAcquired[0] deviceIndex[0] hDevice[0x0]  pipelineRefCount[0]><subdeviceActuator: isAcquired[0] deviceIndex[0] hDevice[0x0]  pipelineRefCount[0]><subdeviceFlash: isAcquired[0] deviceIndex[0] hDevice[0x0]  pipelineRefCount[0]><subdeviceTPG: isAcquired[0] deviceIndex[0] hDevice[0x0]  pipelineRefCount[0]>
10-16 18:57:46.191  2069  2069 E CamX    : [ERROR][SENSOR ] camxsensorcache.cpp:429 ReleaseAllCache() [SUBDEV_DBG]Camera[9] ReleaseAllCache:hCSLSession0[0x0] hCSLSession1[0x0]refcount[0]<subdeviceSensor: isAcquired[0] deviceIndex[0] hDevice[0x0]  pipelineRefCount[0]><subdeviceCSIPHY: isAcquired[0] deviceIndex[0] hDevice[0x0]  pipelineRefCount[0]><subdeviceOIS: isAcquired[0] deviceIndex[0] hDevice[0x0]  pipelineRefCount[0]><subdeviceActuator: isAcquired[0] deviceIndex[0] hDevice[0x0]  pipelineRefCount[0]><subdeviceFlash: isAcquired[0] deviceIndex[0] hDevice[0x0]  pipelineRefCount[0]><subdeviceTPG: isAcquired[0] deviceIndex[0] hDevice[0x0]  pipelineRefCount[0]>
10-16 18:57:46.191  2069  2069 E CamX    : [ERROR][SENSOR ] camxsensorcache.cpp:429 ReleaseAllCache() [SUBDEV_DBG]Camera[10] ReleaseAllCache:hCSLSession0[0x0] hCSLSession1[0x0]refcount[0]<subdeviceSensor: isAcquired[0] deviceIndex[0] hDevice[0x0]  pipelineRefCount[0]><subdeviceCSIPHY: isAcquired[0] deviceIndex[0] hDevice[0x0]  pipelineRefCount[0]><subdeviceOIS: isAcquired[0] deviceIndex[0] hDevice[0x0]  pipelineRefCount[0]><subdeviceActuator: isAcquired[0] deviceIndex[0] hDevice[0x0]  pipelineRefCount[0]><subdeviceFlash: isAcquired[0] deviceIndex[0] hDevice[0x0]  pipelineRefCount[0]><subdeviceTPG: isAcquired[0] deviceIndex[0] hDevice[0x0]  pipelineRefCount[0]>
10-16 18:57:46.191  2069  2069 E CamX    : [ERROR][SENSOR ] camxsensorcache.cpp:429 ReleaseAllCache() [SUBDEV_DBG]Camera[11] ReleaseAllCache:hCSLSession0[0x0] hCSLSession1[0x0]refcount[0]<subdeviceSensor: isAcquired[0] deviceIndex[0] hDevice[0x0]  pipelineRefCount[0]><subdeviceCSIPHY: isAcquired[0] deviceIndex[0] hDevice[0x0]  pipelineRefCount[0]><subdeviceOIS: isAcquired[0] deviceIndex[0] hDevice[0x0]  pipelineRefCount[0]><subdeviceActuator: isAcquired[0] deviceIndex[0] hDevice[0x0]  pipelineRefCount[0]><subdeviceFlash: isAcquired[0] deviceIndex[0] hDevice[0x0]  pipelineRefCount[0]><subdeviceTPG: isAcquired[0] deviceIndex[0] hDevice[0x0]  pipelineRefCount[0]>
10-16 18:57:46.191  2069  2069 E CamX    : [ERROR][SENSOR ] camxsensorcache.cpp:429 ReleaseAllCache() [SUBDEV_DBG]Camera[12] ReleaseAllCache:hCSLSession0[0x0] hCSLSession1[0x0]refcount[0]<subdeviceSensor: isAcquired[0] deviceIndex[0] hDevice[0x0]  pipelineRefCount[0]><subdeviceCSIPHY: isAcquired[0] deviceIndex[0] hDevice[0x0]  pipelineRefCount[0]><subdeviceOIS: isAcquired[0] deviceIndex[0] hDevice[0x0]  pipelineRefCount[0]><subdeviceActuator: isAcquired[0] deviceIndex[0] hDevice[0x0]  pipelineRefCount[0]><subdeviceFlash: isAcquired[0] deviceIndex[0] hDevice[0x0]  pipelineRefCount[0]><subdeviceTPG: isAcquired[0] deviceIndex[0] hDevice[0x0]  pipelineRefCount[0]>
10-16 18:57:46.191  2069  2069 E CamX    : [ERROR][SENSOR ] camxsensorcache.cpp:429 ReleaseAllCache() [SUBDEV_DBG]Camera[13] ReleaseAllCache:hCSLSession0[0x0] hCSLSession1[0x0]refcount[0]<subdeviceSensor: isAcquired[0] deviceIndex[0] hDevice[0x0]  pipelineRefCount[0]><subdeviceCSIPHY: isAcquired[0] deviceIndex[0] hDevice[0x0]  pipelineRefCount[0]><subdeviceOIS: isAcquired[0] deviceIndex[0] hDevice[0x0]  pipelineRefCount[0]><subdeviceActuator: isAcquired[0] deviceIndex[0] hDevice[0x0]  pipelineRefCount[0]><subdeviceFlash: isAcquired[0] deviceIndex[0] hDevice[0x0]  pipelineRefCount[0]><subdeviceTPG: isAcquired[0] deviceIndex[0] hDevice[0x0]  pipelineRefCount[0]>
10-16 18:57:46.191  2069  2069 E CamX    : [ERROR][SENSOR ] camxsensorcache.cpp:429 ReleaseAllCache() [SUBDEV_DBG]Camera[14] ReleaseAllCache:hCSLSession0[0x0] hCSLSession1[0x0]refcount[0]<subdeviceSensor: isAcquired[0] deviceIndex[0] hDevice[0x0]  pipelineRefCount[0]><subdeviceCSIPHY: isAcquired[0] deviceIndex[0] hDevice[0x0]  pipelineRefCount[0]><subdeviceOIS: isAcquired[0] deviceIndex[0] hDevice[0x0]  pipelineRefCount[0]><subdeviceActuator: isAcquired[0] deviceIndex[0] hDevice[0x0]  pipelineRefCount[0]><subdeviceFlash: isAcquired[0] deviceIndex[0] hDevice[0x0]  pipelineRefCount[0]><subdeviceTPG: isAcquired[0] deviceIndex[0] hDevice[0x0]  pipelineRefCount[0]>
10-16 18:57:46.191  2069  2069 E CamX    : [ERROR][SENSOR ] camxsensorcache.cpp:429 ReleaseAllCache() [SUBDEV_DBG]Camera[15] ReleaseAllCache:hCSLSession0[0x0] hCSLSession1[0x0]refcount[0]<subdeviceSensor: isAcquired[0] deviceIndex[0] hDevice[0x0]  pipelineRefCount[0]><subdeviceCSIPHY: isAcquired[0] deviceIndex[0] hDevice[0x0]  pipelineRefCount[0]><subdeviceOIS: isAcquired[0] deviceIndex[0] hDevice[0x0]  pipelineRefCount[0]><subdeviceActuator: isAcquired[0] deviceIndex[0] hDevice[0x0]  pipelineRefCount[0]><subdeviceFlash: isAcquired[0] deviceIndex[0] hDevice[0x0]  pipelineRefCount[0]><subdeviceTPG: isAcquired[0] deviceIndex[0] hDevice[0x0]  pipelineRefCount[0]>
10-16 18:57:46.191  2069  2069 E CamX    : [ERROR][SENSOR ] camxsensorcache.cpp:443 ReleaseAllCache() [SUBDEV_DBG]Sensor[5]SubDev[0]PipelineRefCount[0]hDevice[4456705]isAcquired[0]
10-16 18:57:46.191  2069  2069 E CamX    : [ERROR][SENSOR ] camxsensorcache.cpp:443 ReleaseAllCache() [SUBDEV_DBG]Sensor[5]SubDev[1]PipelineRefCount[0]hDevice[12779778]isAcquired[0]
10-16 18:57:46.191  2069  2069 E CamX    : [ERROR][SENSOR ] camxsensorcache.cpp:443 ReleaseAllCache() [SUBDEV_DBG]Sensor[5]SubDev[2]PipelineRefCount[0]hDevice[0]isAcquired[0]
10-16 18:57:46.191  2069  2069 E CamX    : [ERROR][SENSOR ] camxsensorcache.cpp:443 ReleaseAllCache() [SUBDEV_DBG]Sensor[5]SubDev[3]PipelineRefCount[0]hDevice[10027267]isAcquired[0]
10-16 18:57:46.191  2069  2069 E CamX    : [ERROR][SENSOR ] camxsensorcache.cpp:443 ReleaseAllCache() [SUBDEV_DBG]Sensor[5]SubDev[4]PipelineRefCount[0]hDevice[0]isAcquired[0]
10-16 18:57:46.191  2069  2069 E CamX    : [ERROR][SENSOR ] camxsensorcache.cpp:443 ReleaseAllCache() [SUBDEV_DBG]Sensor[5]SubDev[5]PipelineRefCount[0]hDevice[0]isAcquired[0]
10-16 18:57:46.199  2044  2144 E HYPER-HAL: [HandlerUClamp.cpp]set_uclamp_max(): sched_setattr failed for thread 12370, err = -1
10-16 18:57:46.424  2193  5455 E NativeCustomFrequencyManager: [NativeCFMS] BpCustomFrequencyManager::acquire()
10-16 18:57:46.426  2018  2119 E minksocket: MinkIPC ERROR: ( 2018:2119 ) MinkIPC_preProcess:272 Client down, but cannot find corresponding minksession
10-16 18:57:46.426  2018  2126 E minksocket: MinkIPC ERROR: ( 2018:2126 ) MinkIPC_preProcess:272 Client down, but cannot find corresponding minksession
10-16 18:57:46.426  2018  2119 E minksocket: MinkIPC ERROR: ( 2018:2119 ) MinkIPC_preProcess:272 Client down, but cannot find corresponding minksession
10-16 18:57:46.426  2018  2126 E minksocket: MinkIPC ERROR: ( 2018:2126 ) MinkIPC_preProcess:272 Client down, but cannot find corresponding minksession
10-16 18:57:46.427  2018  2119 E minksocket: MinkIPC ERROR: ( 2018:2119 ) MinkIPC_preProcess:272 Client down, but cannot find corresponding minksession
10-16 18:57:46.427  2018  2126 E minksocket: MinkIPC ERROR: ( 2018:2126 ) MinkIPC_preProcess:272 Client down, but cannot find corresponding minksession
10-16 18:57:46.428  2018  2126 E minksocket: MinkIPC ERROR: ( 2018:2126 ) MinkIPC_preProcess:272 Client down, but cannot find corresponding minksession
10-16 18:57:46.428  2018  2119 E minksocket: MinkIPC ERROR: ( 2018:2119 ) MinkIPC_preProcess:272 Client down, but cannot find corresponding minksession
10-16 18:57:47.026 11705 12236 E GoogleApiManager: Failed to get service from broker. 
10-16 18:57:47.026 11705 12236 E GoogleApiManager: java.lang.SecurityException: Unknown calling package name 'com.google.android.gms'.
10-16 18:57:47.026 11705 12236 E GoogleApiManager: 	at android.os.Parcel.createExceptionOrNull(Parcel.java:3257)
10-16 18:57:47.026 11705 12236 E GoogleApiManager: 	at android.os.Parcel.createException(Parcel.java:3241)
10-16 18:57:47.026 11705 12236 E GoogleApiManager: 	at android.os.Parcel.readException(Parcel.java:3224)
10-16 18:57:47.026 11705 12236 E GoogleApiManager: 	at android.os.Parcel.readException(Parcel.java:3166)
10-16 18:57:47.026 11705 12236 E GoogleApiManager: 	at bbrc.a(:com.google.android.gms@254031035@25.40.31 (260400-816341114):36)
10-16 18:57:47.026 11705 12236 E GoogleApiManager: 	at bbpd.z(:com.google.android.gms@254031035@25.40.31 (260400-816341114):143)
10-16 18:57:47.026 11705 12236 E GoogleApiManager: 	at bavu.run(:com.google.android.gms@254031035@25.40.31 (260400-816341114):42)
10-16 18:57:47.026 11705 12236 E GoogleApiManager: 	at android.os.Handler.handleCallback(Handler.java:959)
10-16 18:57:47.026 11705 12236 E GoogleApiManager: 	at android.os.Handler.dispatchMessage(Handler.java:100)
10-16 18:57:47.026 11705 12236 E GoogleApiManager: 	at cmsh.mC(:com.google.android.gms@254031035@25.40.31 (260400-816341114):1)
10-16 18:57:47.026 11705 12236 E GoogleApiManager: 	at cmsh.dispatchMessage(:com.google.android.gms@254031035@25.40.31 (260400-816341114):5)
10-16 18:57:47.026 11705 12236 E GoogleApiManager: 	at android.os.Looper.loopOnce(Looper.java:257)
10-16 18:57:47.026 11705 12236 E GoogleApiManager: 	at android.os.Looper.loop(Looper.java:342)
10-16 18:57:47.026 11705 12236 E GoogleApiManager: 	at android.os.HandlerThread.run(HandlerThread.java:85)
10-16 18:57:47.866  2043  2043 E hwvault_tee: [[31mERR[0m] (nwd_hv_kv_common.cpp:103) _kv2_init onlypower 0 1
10-16 18:57:47.939  2193  5455 E NativeCustomFrequencyManager: [NativeCFMS] BpCustomFrequencyManager::acquire()
10-16 18:57:47.957  4370  4370 E KeyguardSecAbsKeyInputViewController: onPasswordChecked
10-16 18:57:47.968  3008  3404 E SmcInvoke_MinkDescriptor: mem obj with id :20 not found in list
10-16 18:57:47.975  2706 11079 E WindowManager: win=Window{7953787 u0 FP Iconview} destroySurfaces: appStopped=true cleanupOnResume=false win.mWindowRemovalAllowed=false win.mRemoveOnExit=false win.mViewVisibility=8 caller=com.android.server.wm.WindowManagerService.tryStartExitingAnimation:147 com.android.server.wm.WindowManagerService.relayoutWindowInner:112 com.android.server.wm.WindowManagerService.relayoutWindow:6 com.android.server.wm.Session.relayout:27 android.view.IWindowSession$Stub.onTransact:861 com.android.server.wm.Session.onTransact:1 android.os.Binder.execTransactInternal:1536 
10-16 18:57:47.978  3008  3404 E SmcInvoke_MinkDescriptor: mem obj with id :20 not found in list
10-16 18:57:47.982  3008  3404 E SmcInvoke_MinkDescriptor: mem obj with id :20 not found in list
10-16 18:57:47.984  2706  4068 E SensorService: BigData:Pakage) 5 already disabled. 
10-16 18:57:47.995  3008  3404 E SmcInvoke_MinkDescriptor: mem obj with id :20 not found in list
10-16 18:57:48.106  2706  4126 E SemWifiEleStateTracker: isEleDetected - Abnormal beacon cnt : -36
10-16 18:57:48.206  4370  4370 E KeyguardViewMediator: mHideAnimationFinishedRunnable#run
10-16 18:57:48.238  2193  2193 E SurfaceFlinger: alpha changed 1.000 -> 0.000 - Surface(name=WallpaperWindowToken{7a19d3c token=android.os.Binder@1894255})/@0x268c3e7_transition-leash#283437
10-16 18:57:48.238  2193  2193 E SurfaceFlinger: alpha changed 1.000 -> 0.000 - Surface(name=Task=1)/@0xa791b01_transition-leash#283436
10-16 18:57:48.238  2193  2193 E SurfaceFlinger: alpha changed 1.000 -> 0.000 - com.sec.android.app.launcher/com.sec.android.app.launcher.activities.LauncherActivity$_8886#283433
10-16 18:57:48.241  4370  4577 E FromLockscreenTransitionInteractor: Ignoring startTransition: This interactor asked to transition from LOCKSCREEN -> GONE, but we last transitioned to GONE, not LOCKSCREEN. This should never happen - check currentTransitionInfoInternal or use filterRelevantKeyguardState before starting transitions.
10-16 18:57:48.247  4370  9710 E engmode_client_list: Cannot find client
10-16 18:57:48.247  4370  9710 E engmode_client_aidl: Client error
10-16 18:57:48.248  2706  3953 E MotionRecognitionService: Receiver: ACTION_USER_PRESENT - UNLOCK SCREEN
10-16 18:57:48.251  1886  1886 E engmode_world: Unknown token(00/00/00)
10-16 18:57:48.251  4753 28720 E LeAudioService: getGroupId: No valid descriptor for device: XX:XX:XX:XX:21:B9
10-16 18:57:48.252  1203  1203 E engmode_aidl_service: error to server(0xd0060012)
10-16 18:57:48.256  4753  2437 E LeAudioService: getGroupId: No valid descriptor for device: XX:XX:XX:XX:21:B9
10-16 18:57:48.265  5080  8135 E AppIconSolution: Couldn't get theme package resources, package is null
10-16 18:57:48.266  4370  4370 E NowBarCardViewModel: updateExpandedClickPanelVisibility screen on = true expanded falseisTopCardSettingViewOpened = false
10-16 18:57:48.267 13015 13015 E MtpService: GUID is invalid
10-16 18:57:48.268  4370  4370 E NowBarCardViewModel: updateExpandedClickPanelVisibility screen on = true expanded falseisTopCardSettingViewOpened = false
10-16 18:57:48.271  2193  2193 E SurfaceFlinger: alpha changed 1.000 -> 0.000 - Bouncer$_4370#283429
10-16 18:57:48.271  2193  2193 E SurfaceFlinger: alpha changed 1.000 -> 0.000 - Surface(name=WallpaperWindowToken{72bfbe0 token=android.os.Binder@fd1ccaf})/@0xdf5fb94_transition-leash#283438
10-16 18:57:48.274  4753 28720 E LeAudioService: getGroupId: No valid descriptor for device: XX:XX:XX:XX:21:B9
10-16 18:57:48.279 12519 12519 E ateaccesstokens: Not starting debugger since process cannot load the jdwp agent.
10-16 18:57:48.280  2156  3268 E StreamHalAidl: Function: getRecommendedLatencyModes Line: 943 Failed 
10-16 18:57:48.284  4753 25738 E LeAudioService: getGroupId: No valid descriptor for device: XX:XX:XX:XX:21:B9
10-16 18:57:48.285  2706  6881 E WindowManager: win=Window{6c80739 u0 Bouncer} destroySurfaces: appStopped=true cleanupOnResume=false win.mWindowRemovalAllowed=false win.mRemoveOnExit=false win.mViewVisibility=4 caller=com.android.server.wm.WindowManagerService.tryStartExitingAnimation:147 com.android.server.wm.WindowManagerService.relayoutWindowInner:112 com.android.server.wm.WindowManagerService.relayoutWindow:6 com.android.server.wm.Session.relayout:27 android.view.IWindowSession$Stub.onTransact:861 com.android.server.wm.Session.onTransact:1 android.os.Binder.execTransactInternal:1541 
10-16 18:57:48.293  4753  6636 E BtGatt.GattService: [GSIM LOG]: gsimLogHandler, msg: MESSAGE_SCAN_START, appName: com.google.android.gms, scannerId: 9, reportDelayMillis=0
10-16 18:57:48.295  2041  3258 E ACDB    : vendor/qcom/proprietary/args/acdb/src/acdb_command.c:AcdbCmdGetProcSubgraphCalDataPersist:8255 Error[19]: No calibration found
10-16 18:57:48.303  4753  6636 E BtGatt.GattService: [GSIM LOG]: gsimLogHandler, msg: MESSAGE_SCAN_START, appName: com.google.android.gms, scannerId: 10, reportDelayMillis=0
10-16 18:57:48.307  4753  6636 E BtGatt.GattService: [GSIM LOG]: gsimLogHandler, msg: MESSAGE_ADV_SET_STOP, appName: com.google.android.gms, id: 3, isLegacy: true
10-16 18:57:48.310  1183 15964 E keystore2: system/security/keystore2/src/error.rs:171 - system/security/keystore2/src/security_level.rs:332: In create_operation. 10284
10-16 18:57:48.310  1183 15964 E keystore2: 
10-16 18:57:48.310  1183 15964 E keystore2: Caused by:
10-16 18:57:48.310  1183 15964 E keystore2:     0: system/security/keystore2/src/enforcements.rs:633: matching auth token is expired.
10-16 18:57:48.310  1183 15964 E keystore2:     1: Error::Km(r#KEY_USER_NOT_AUTHENTICATED)
10-16 18:57:48.310  2041  3258 E ACDB    : vendor/qcom/proprietary/args/acdb/src/acdb_command.c:AcdbCmdGetProcSubgraphCalDataPersist:8255 Error[19]: No calibration found
10-16 18:57:48.310  2041  3258 E ACDB    : vendor/qcom/proprietary/args/acdb/src/acdb_command.c:AcdbCmdGetProcSubgraphCalDataPersist:8255 Error[19]: No calibration found
10-16 18:57:48.310  2041  3258 E ACDB    : vendor/qcom/proprietary/args/acdb/src/acdb_command.c:AcdbCmdGetProcSubgraphCalDataPersist:8255 Error[19]: No calibration found
10-16 18:57:48.310  2041  3258 E ACDB    : vendor/qcom/proprietary/args/acdb/src/acdb_command.c:AcdbCmdGetProcSubgraphCalDataPersist:8255 Error[19]: No calibration found
10-16 18:57:48.312  2041  3258 E ACDB    : vendor/qcom/proprietary/args/acdb/src/acdb_command.c:AcdbCmdGetProcSubgraphCalDataPersist:8255 Error[19]: No calibration found
10-16 18:57:48.312  2041  3258 E ACDB    : vendor/qcom/proprietary/args/acdb/src/acdb_command.c:AcdbCmdGetProcSubgraphCalDataPersist:8255 Error[19]: No calibration found
10-16 18:57:48.312  2041  3258 E ACDB    : vendor/qcom/proprietary/args/acdb/src/acdb_command.c:AcdbCmdGetProcSubgraphCalDataPersist:8255 Error[19]: No calibration found
10-16 18:57:48.312  2041  3258 E ACDB    : vendor/qcom/proprietary/args/acdb/src/acdb_command.c:AcdbCmdGetProcSubgraphCalDataPersist:8255 Error[19]: No calibration found
10-16 18:57:48.322  4753  6636 E BtGatt.GattService: [GSIM LOG]: gsimLogHandler, msg: MESSAGE_ADV_SET_STOP, appName: com.samsung.android.mcfds, id: 1, isLegacy: true
10-16 18:57:48.326  4753  6636 E BtGatt.GattService: [GSIM LOG]: gsimLogHandler, msg: MESSAGE_ADV_SET_START, appName: com.google.android.gms, id: 2, isLegacy: true
10-16 18:57:48.337  4753  6636 E BtGatt.GattService: [GSIM LOG]: gsimLogHandler, msg: MESSAGE_ADV_SET_START, appName: com.google.android.gms, id: 1, isLegacy: false
10-16 18:57:48.340  4753  6636 E BtGatt.GattService: [GSIM LOG]: gsimLogHandler, msg: MESSAGE_ADV_SET_START, appName: com.google.android.gms, id: 3, isLegacy: true
10-16 18:57:48.387  4753  6636 E BtGatt.GattService: [GSIM LOG]: gsimLogHandler, msg: MESSAGE_ADV_SET_START, appName: com.samsung.android.mcfds, id: 4, isLegacy: true
10-16 18:57:48.562  2037  2037 E sensors-hal: sendContextData:133, slocationcore h 193 m 23 s 55
10-16 18:57:48.562  2037  2037 E sensors-hal: create_send_context_data:64, slocationcore create_send_context_data
10-16 18:57:48.562  2037  2037 E sensors-hal: sendContextData:133, slocationcore h 193 m 23 s 55
10-16 18:57:48.562  2037  2037 E sensors-hal: create_send_context_data:64, slocationcore create_send_context_data
10-16 18:57:48.563  2037  3950 E sensors-hal: handle_sns_client_event:78, slocationcore_event: msgid:1025
10-16 18:57:48.563  2037  3950 E sensors-hal: handle_sns_client_event:78, slocationcore_event: msgid:1025
10-16 18:57:48.563  2037  3950 E sensors-hal: handle_sns_client_event:78, slocationcore_event: msgid:1025
10-16 18:57:48.570  2706  4754 E WindowManager: win=Window{8e0fa28 u0 NotificationShade} destroySurfaces: appStopped=true cleanupOnResume=false win.mWindowRemovalAllowed=false win.mRemoveOnExit=false win.mViewVisibility=4 caller=com.android.server.wm.WindowManagerService.tryStartExitingAnimation:147 com.android.server.wm.WindowManagerService.relayoutWindowInner:112 com.android.server.wm.WindowManagerService.relayoutWindow:6 com.android.server.wm.Session.relayout:27 android.view.IWindowSession$Stub.onTransact:861 com.android.server.wm.Session.onTransact:1 android.os.Binder.execTransactInternal:1541 
10-16 18:57:48.668  2037  2037 E sensors-hal: sendContextData:133, slocationcore h 193 m 23 s 55
10-16 18:57:48.668  2037  2037 E sensors-hal: create_send_context_data:64, slocationcore create_send_context_data
10-16 18:57:48.668  2037  2037 E sensors-hal: sendContextData:133, slocationcore h 193 m 23 s 55
10-16 18:57:48.668  2037  2037 E sensors-hal: create_send_context_data:64, slocationcore create_send_context_data
10-16 18:57:48.668  2037  3950 E sensors-hal: handle_sns_client_event:78, slocationcore_event: msgid:1025
10-16 18:57:48.669  2037  3950 E sensors-hal: handle_sns_client_event:78, slocationcore_event: msgid:1025
10-16 18:57:49.367  4753  6636 E BtGatt.GattService: [GSIM LOG]: gsimLogHandler, msg: MESSAGE_SCAN_START, appName: com.samsung.android.mcfserver, scannerId: 11, reportDelayMillis=0
10-16 18:57:50.328  4753  6636 E BtGatt.GattService: [GSIM LOG]: gsimLogHandler, msg: MESSAGE_ADV_SET_STOP, appName: com.google.android.gms, id: 2, isLegacy: true
10-16 18:57:51.593  2037  2037 E sensors-hal: sendContextData:133, slocationcore h 193 m 23 s 55
10-16 18:57:51.593  2037  2037 E sensors-hal: create_send_context_data:64, slocationcore create_send_context_data
10-16 18:57:51.594  2037  2037 E sensors-hal: sendContextData:133, slocationcore h 193 m 23 s 55
10-16 18:57:51.594  2037  2037 E sensors-hal: create_send_context_data:64, slocationcore create_send_context_data
10-16 18:57:51.595  2037  3950 E sensors-hal: handle_sns_client_event:78, slocationcore_event: msgid:1025
10-16 18:57:51.595  2037  3950 E sensors-hal: handle_sns_client_event:78, slocationcore_event: msgid:1025
10-16 18:57:51.665  2156  2156 E ConversionHelperAidl: Function: parseAndSetVendorParameters Line: 94 Failed 
10-16 18:57:51.665  2156  2156 E ConversionHelperAidl: Function: parseAndSetVendorParameters Line: 94 Failed 
10-16 18:57:51.667  2156  2156 E ConversionHelperAidl: Function: parseAndSetVendorParameters Line: 94 Failed 
10-16 18:57:51.667  2156  2156 E ConversionHelperAidl: Function: parseAndSetVendorParameters Line: 94 Failed 
10-16 18:57:51.681  2706 11083 E SemContext.CaeProvider: setAttribute() : attribute is null!
10-16 18:57:51.683  2706 11083 E SensorService: BigData:Pakage) 5 already enabled. 
10-16 18:57:51.759  2706 11083 E SensorService: BigData:Pakage) 5 already disabled. 
10-16 18:57:51.870  2706  3069 E Watchdog: !@Sync: 26031 heap(MB): 177 / 217 FD: 1436 [2025-10-16 18:57:51.869]
10-16 18:57:53.317 11170 12589 E chromium: [1016/185753.317410:ERROR:android_webview/browser/variations/variations_seed_loader.cc:39] Seed missing signature.
10-16 18:57:53.349 12594 12594 E webview_service: Not starting debugger since process cannot load the jdwp agent.
10-16 18:57:53.350 12596 12596 E libc    : SetHeapTaggingLevel: re-enabling tagging after it was disabled is not supported
10-16 18:57:53.354 12596 12596 E ocessService0:0: Not starting debugger since process cannot load the jdwp agent.
10-16 18:57:53.432 18066 21055 E adservices.measurement: User has not consented.
10-16 18:57:53.596  2018  2119 E minksocket: MinkIPC ERROR: ( 2018:2119 ) MinkIPC_preProcess:272 Client down, but cannot find corresponding minksession
10-16 18:57:53.596  2018  2126 E minksocket: MinkIPC ERROR: ( 2018:2126 ) MinkIPC_preProcess:272 Client down, but cannot find corresponding minksession
10-16 18:57:53.597  2018  2126 E minksocket: MinkIPC ERROR: ( 2018:2126 ) MinkIPC_preProcess:272 Client down, but cannot find corresponding minksession
10-16 18:57:53.598  2018  2119 E minksocket: MinkIPC ERROR: ( 2018:2119 ) MinkIPC_preProcess:272 Client down, but cannot find corresponding minksession
10-16 18:57:53.598  2018  2119 E minksocket: MinkIPC ERROR: ( 2018:2119 ) MinkIPC_preProcess:272 Client down, but cannot find corresponding minksession
10-16 18:57:53.599  2018  2126 E minksocket: MinkIPC ERROR: ( 2018:2126 ) MinkIPC_preProcess:272 Client down, but cannot find corresponding minksession
10-16 18:57:53.600  2018  2119 E minksocket: MinkIPC ERROR: ( 2018:2119 ) MinkIPC_preProcess:272 Client down, but cannot find corresponding minksession
10-16 18:57:53.600  2018  2126 E minksocket: MinkIPC ERROR: ( 2018:2126 ) MinkIPC_preProcess:272 Client down, but cannot find corresponding minksession
10-16 18:57:54.304  4753  6636 E BtGatt.GattService: [GSIM LOG]: gsimLogHandler, msg: MESSAGE_SCAN_STOP, appName: com.google.android.gms, scannerId: 9, reportDelayMillis=0
10-16 18:57:54.309  4753  6636 E BtGatt.GattService: [GSIM LOG]: gsimLogHandler, msg: MESSAGE_SCAN_START, appName: com.google.android.gms, scannerId: 9, reportDelayMillis=0
10-16 18:57:54.464  2070  2162 E BatteryDump: !@new_battery_dump : 4389,1543,1700,3370,91,296,293,354,296,0,314,354,0,Charging,NO_CHARGING,Normal,Good,PDIC,0,Normal,0,0,9295,0x8000,0x10010000,0x0,0,0,442,v0002,0000,0000,ffff0700,0,0,0,0,46,4331,9108,990,0,
10-16 18:57:54.696  2018  2119 E minksocket: MinkIPC ERROR: ( 2018:2119 ) MinkIPC_preProcess:272 Client down, but cannot find corresponding minksession
10-16 18:57:54.696  2018  2126 E minksocket: MinkIPC ERROR: ( 2018:2126 ) MinkIPC_preProcess:272 Client down, but cannot find corresponding minksession
10-16 18:57:54.697  2018  2119 E minksocket: MinkIPC ERROR: ( 2018:2119 ) MinkIPC_preProcess:272 Client down, but cannot find corresponding minksession
10-16 18:57:54.697  2018  2126 E minksocket: MinkIPC ERROR: ( 2018:2126 ) MinkIPC_preProcess:272 Client down, but cannot find corresponding minksession
10-16 18:57:54.697  2018  2119 E minksocket: MinkIPC ERROR: ( 2018:2119 ) MinkIPC_preProcess:272 Client down, but cannot find corresponding minksession
10-16 18:57:54.697  2018  2126 E minksocket: MinkIPC ERROR: ( 2018:2126 ) MinkIPC_preProcess:272 Client down, but cannot find corresponding minksession
10-16 18:57:54.699  2018  2119 E minksocket: MinkIPC ERROR: ( 2018:2119 ) MinkIPC_preProcess:272 Client down, but cannot find corresponding minksession
10-16 18:57:54.700  2018  2126 E minksocket: MinkIPC ERROR: ( 2018:2126 ) MinkIPC_preProcess:272 Client down, but cannot find corresponding minksession
10-16 18:58:01.048  5080  8135 E AppIconSolution: Couldn't get theme package resources, package is null
10-16 18:58:01.698  2156  2156 E ConversionHelperAidl: Function: parseAndSetVendorParameters Line: 94 Failed 
10-16 18:58:01.699  2156  2156 E ConversionHelperAidl: Function: parseAndSetVendorParameters Line: 94 Failed 
10-16 18:58:01.701  2156  2156 E ConversionHelperAidl: Function: parseAndSetVendorParameters Line: 94 Failed 
10-16 18:58:01.701  2156  2156 E ConversionHelperAidl: Function: parseAndSetVendorParameters Line: 94 Failed 
10-16 18:58:04.612  2070  2162 E BatteryDump: !@new_battery_dump : 4394,1512,1700,3370,92,296,294,344,296,0,322,344,0,Charging,NO_CHARGING,Normal,Good,PDIC,0,Normal,0,0,9295,0x8000,0x10010000,0x0,0,0,233,v0002,0000,0000,ffff0700,0,0,0,0,46,4331,9117,990,0,
10-16 18:58:08.473 11170 12736 E FilePhenotypeFlags: Config package com.google.android.gms.clearcut_client#com.imo.android.imoim cannot use FILE backing without declarative registration. See go/phenotype-android-integration#phenotype for more information. This will lead to stale flags.
10-16 18:58:11.736  2156  2156 E ConversionHelperAidl: Function: parseAndSetVendorParameters Line: 94 Failed 
10-16 18:58:11.737  2156  2156 E ConversionHelperAidl: Function: parseAndSetVendorParameters Line: 94 Failed 
10-16 18:58:11.738  2156  2156 E ConversionHelperAidl: Function: parseAndSetVendorParameters Line: 94 Failed 
10-16 18:58:11.739  2156  2156 E ConversionHelperAidl: Function: parseAndSetVendorParameters Line: 94 Failed 
10-16 18:58:11.755  2706  6214 E SemContext.CaeProvider: setAttribute() : attribute is null!
10-16 18:58:11.755  2706  6214 E SensorService: BigData:Pakage) 5 already enabled. 
10-16 18:58:13.742  2706 11079 E SensorService: BigData:Pakage) 5 already disabled. 
10-16 18:58:14.772  2070  2162 E BatteryDump: !@new_battery_dump : 4403,1585,1700,3370,92,296,294,337,296,0,321,337,0,Charging,NO_CHARGING,Normal,Good,PDIC,0,Normal,0,0,9295,0x8000,0x10010000,0x0,0,0,165,v0002,0000,0000,ffff0700,0,0,0,0,46,4332,9125,990,0,
10-16 18:58:17.914  2041  2730 E PAL: HotwordInterface: GetParameter: 233: Unsupported param id 17
10-16 18:58:17.914  2041  2730 E PAL: HotwordInterface: GetParameter: 233: Unsupported param id 18
10-16 18:58:17.921 27474 27485 E word_detector_0: RecordingActivityTracker(): binding to audio service failed, service up?
10-16 18:58:17.931  2041  2041 E AHAL_StreamIn_QTI: updateMetadataCommon: stream was closed
10-16 18:58:17.943  2041  3326 E AHAL_StreamIn_QTI: updateMetadataCommon : usecase: HOTWORD_RECORD IoHandle:20286: stream was closed
10-16 18:58:17.945  2041  3326 E AHAL_StreamIn_QTI: updateMetadataCommon : usecase: HOTWORD_RECORD IoHandle:20286: stream was closed
10-16 18:58:17.947  2156  2878 E ConversionHelperAidl: Function: parseAndSetVendorParameters Line: 94 Failed 
10-16 18:58:17.947  2156  2878 E ConversionHelperAidl: Function: parseAndSetVendorParameters Line: 94 Failed 
10-16 18:58:17.947  2041 12784 E PAL: HotwordInterface: GetParameter: 233: Unsupported param id 21
10-16 18:58:18.968  2041  2041 E AHAL_StreamIn_QTI: updateMetadataCommon : usecase: HOTWORD_RECORD IoHandle:20286: stream was closed
10-16 18:58:18.970  8275  8275 E BWU@DspControlUtil: Ph_OnServiceStateChanged 0 [main] 
10-16 18:58:18.972  2041  2041 E AHAL_StreamIn_QTI: updateMetadataCommon : usecase: HOTWORD_RECORD IoHandle:20286: stream was closed
10-16 18:58:18.972  2041  2041 E AHAL_Platform_QTI: configureAndFetchPalDevices the set devices is empty
10-16 18:58:18.973  2041  2041 E AHAL_Platform_QTI: configureSecPalDevicesForCapture the set devices is empty
10-16 18:58:18.991  2041  3326 E PAL: HotwordInterface: GetParameter: 233: Unsupported param id 30
10-16 18:58:21.767  2156  4637 E ConversionHelperAidl: Function: parseAndSetVendorParameters Line: 94 Failed 
10-16 18:58:21.768  2156  4637 E ConversionHelperAidl: Function: parseAndSetVendorParameters Line: 94 Failed 
10-16 18:58:21.770  2156  6198 E ConversionHelperAidl: Function: parseAndSetVendorParameters Line: 94 Failed 
10-16 18:58:21.770  2156  6198 E ConversionHelperAidl: Function: parseAndSetVendorParameters Line: 94 Failed 
10-16 18:58:21.878  2706  3069 E Watchdog: !@Sync: 26032 heap(MB): 208 / 226 FD: 1429 [2025-10-16 18:58:21.877]
10-16 18:58:24.925  2070  2162 E BatteryDump: !@new_battery_dump : 4407,1626,1700,3370,92,295,295,332,295,0,316,332,0,Charging,NO_CHARGING,Normal,Good,PDIC,0,Normal,0,0,9295,0x8000,0x10010000,0x0,0,0,131,v0002,0000,0000,ffff0700,0,0,0,0,46,4332,9135,990,0,
10-16 18:58:29.862  2706  6881 E BatteryStatsService: Invalid uid for waking network packet: -1
10-16 18:58:31.797  2156  6198 E ConversionHelperAidl: Function: parseAndSetVendorParameters Line: 94 Failed 
10-16 18:58:31.797  2156  6198 E ConversionHelperAidl: Function: parseAndSetVendorParameters Line: 94 Failed 
10-16 18:58:31.798  2156  6198 E ConversionHelperAidl: Function: parseAndSetVendorParameters Line: 94 Failed 
10-16 18:58:31.798  2156  6198 E ConversionHelperAidl: Function: parseAndSetVendorParameters Line: 94 Failed 
10-16 18:58:34.694  2706  6881 E BatteryStatsService: Invalid uid for waking network packet: -1
10-16 18:58:35.062  2070  2162 E BatteryDump: !@new_battery_dump : 4409,1629,1700,3370,92,295,295,334,295,0,315,334,0,Charging,NO_CHARGING,Normal,Good,PDIC,0,Normal,0,0,9295,0x8000,0x10010000,0x0,0,0,210,v0002,0000,0000,ffff0700,0,0,0,0,46,4333,9142,990,0,
10-16 18:58:41.831  2156  2242 E ConversionHelperAidl: Function: parseAndSetVendorParameters Line: 94 Failed 
10-16 18:58:41.832  2156  2242 E ConversionHelperAidl: Function: parseAndSetVendorParameters Line: 94 Failed 
10-16 18:58:41.833  2156  2242 E ConversionHelperAidl: Function: parseAndSetVendorParameters Line: 94 Failed 
10-16 18:58:41.833  2156  2242 E ConversionHelperAidl: Function: parseAndSetVendorParameters Line: 94 Failed 
10-16 18:58:45.209  2070  2162 E BatteryDump: !@new_battery_dump : 4407,1425,1700,3370,92,295,295,332,295,0,312,332,0,Charging,NO_CHARGING,Normal,Good,PDIC,0,Normal,0,0,9295,0x8000,0x10010000,0x0,0,0,186,v0002,0000,0000,ffff0700,0,0,0,0,46,4334,9151,990,0,
10-16 18:58:48.253  2061 12920 E ANDR-PERF-LM: Core: detectAndRunIdle() 182: Not able to open /sys/class/power_supply/battery/status, Error: Permission denied
10-16 18:58:48.279 10279 10279 E ThemeUtils: View class com.airbnb.lottie.LottieAnimationView is an AppCompat widget that can only be used with a Theme.AppCompat theme (or descendant).
10-16 18:58:48.280 10987 11015 E ActivityThread: Failed to find provider info for com.samsung.systemui.lockstar.provider.LockScreenDataContent
10-16 18:58:48.281  3008  3404 E SmcInvoke_MinkDescriptor: mem obj with id :20 not found in list
10-16 18:58:48.283 10987 11015 E AbsSettings: refreshInner: refreshedSettingsDBItem key lock_theme_clock_restore_pending_package val = 
10-16 18:58:48.283 10987 11015 E AbsSettings: refreshInner: refreshedSettingsDBItem key CLOCK_VERSION val = 17
10-16 18:58:48.283 10987 11015 E AbsSettings: refreshInner: refreshedSettingsDBItem key PALETTE_VERSION val = 400000
10-16 18:58:48.283 10987 11015 E AbsSettings: refreshInner: refreshedSettingsDBItem key lock_clock_scale_rate val = 1.0
10-16 18:58:48.283 10987 11015 E AbsSettings: refreshInner: refreshedSettingsDBItem key lock_clock_visibility val = 0
10-16 18:58:48.283 10987 11015 E AbsSettings: refreshInner: refreshedSettingsDBItem key clock_gravity val = 0
10-16 18:58:48.283 10987 11015 E AbsSettings: refreshInner: refreshedSettingsDBItem key clock_bottom_margin_ratio val = 0.0
10-16 18:58:48.283 10987 11015 E AbsSettings: refreshInner: refreshedSettingsDBItem key clock_horizontal_margin_ratio val = 0.0
10-16 18:58:48.283 10987 11015 E AbsSettings: refreshInner: refreshedSettingsDBItem key clock_position_based_on_movable_area val = 0
10-16 18:58:48.283 10987 11015 E AbsSettings: refreshInner: refreshedSettingsDBItem key clock_show_weather_info val = 0
10-16 18:58:48.283 10987 11015 E AbsSettings: refreshInner: refreshedSettingsDBItem key lock_clock_show_date_info_first val = 0
10-16 18:58:48.283 10987 11015 E AbsSettings: refreshInner: refreshedSettingsDBItem key lock_world_clock_city_list val = 
10-16 18:58:48.283 10987 11015 E AbsSettings: refreshInner: refreshedSettingsDBItem key lock_clock_color_data val = {"adaptiveColor":-2764052,"fontColorType":0,"isAdaptiveColor":false,"isThemeWallpaper":false,"shadowStyle":{"shadowColor":0,"shadowDx":0.0,"shadowDy":0.0,"shadowRadius":0.0}}
10-16 18:58:48.283 10987 11015 E AbsSettings: refreshInner: refreshedSettingsDBItem key lock_shortcut_color_data val = {"fontColorType":0}
10-16 18:58:48.283 10987 11015 E AbsSettings: refreshInner: refreshedSettingsDBItem key lock_widget_color_data val = {"backgroundColor":-11319225}
10-16 18:58:48.283 10987 11015 E AbsSettings: refreshInner: refreshedSettingsDBItem key SELECTED_CLOCK_TYPE val = 2
10-16 18:58:48.283 10987 11015 E AbsSettings: refreshInner: refreshedSettingsDBItem key all_complication_widgets_list val = com.samsung.android.calendar/com.android.calendar.widget.complication.SmallComplicationWidgetReceiver-com.samsung.android.calendar/com.android.calendar.widget.complication.BigComplicationWidgetReceiver-com.android.settings.intelligence/com.samsung.android.settings.intelligence.widget.GlanceListWidgetReceiver-com.android.settings.intelligence/com.samsung.android.settings.intelligence.widget.GlanceCircleWidgetReceiver-com.samsung.android.app.reminder/com.samsung.android.app.reminder.remote.widget.complication.SmallComplicationWidgetReceiver-com.samsung.android.app.reminder/com.samsung.android.app.reminder.remote.widget.complication.BigComplicationWidgetReceiver-com.sec.android.app.clockpackage/com.sec.android.app.clockpackage.alarmwidget.AlarmGlanceWidgetReceiver-com.sec.android.daemonapp/com.sec.android.daemonapp.complication.receiver.ComplicationUVReceiver-com.sec.android.daemonapp/com.sec.android.daemonapp.complication.receiver.ComplicationMoonReceiver-com.sec.android.daemonapp/com.sec.android.daemonapp.complication.receiver.ComplicationSimpleWeatherReceiver-com.sec.android.daemonapp/com.sec.android.daemonapp.complication.receiver.ComplicationWeatherDetailReceiver-com.sec.android.daemonapp/com.sec.android.daemonapp.complication.receiver.ComplicationPrecipitationReceiver-com.sec.android.daemonapp/com.sec.android.daemonapp.complication.receiver.ComplicationAirQualityReceiver-com.sec.android.daemonapp/com.sec.android.daemonapp.complication.receiver.ComplicationFineDustReceiver-com.sec.android.daemonapp/com.sec.android.daemonapp.complication.receiver.ComplicationSunriseSunsetReceiver-com.sec.android.app.shealth/com.samsung.android.app.shealth.tracker.dailyactivity.widget.DaComplicationWidgetReceiver1x1-com.sec.android.app.shealth/com.samsung.android.app.shealth.tracker.dailyactivity.widget.DaComplicationWidgetReceiver2x1
10-16 18:58:48.283 10987 11015 E AbsSettings: refreshInner: refreshedSettingsDBItem key enabled_complication_widgets_id_list val = 
10-16 18:58:48.284 10987 11015 E AbsSettings: refreshInner: refreshedSettingsDBItem key clock_horizontal_margin_ratio val = 0.0
10-16 18:58:48.284 10987 11015 E AbsSettings: refreshInner: refreshedSettingsDBItem key clock_bottom_margin_ratio val = 0.0
10-16 18:58:48.284 10987 11015 E AbsSettings: refreshInner: refreshedSettingsDBItem key clock_gravity val = 0
10-16 18:58:48.284 10987 11015 E ActivityThread: Failed to find provider info for com.samsung.systemui.lockstar.provider.LockScreenDataContent
10-16 18:58:48.285 10987 11015 E ActivityThread: Failed to find provider info for com.samsung.systemui.lockstar.provider.LockScreenDataContent
10-16 18:58:48.286 10987 11015 E AbsSettings: refreshInner: refreshedSettingsDBItem key all_complication_widgets_list val = com.samsung.android.calendar/com.android.calendar.widget.complication.SmallComplicationWidgetReceiver-com.samsung.android.calendar/com.android.calendar.widget.complication.BigComplicationWidgetReceiver-com.android.settings.intelligence/com.samsung.android.settings.intelligence.widget.GlanceListWidgetReceiver-com.android.settings.intelligence/com.samsung.android.settings.intelligence.widget.GlanceCircleWidgetReceiver-com.samsung.android.app.reminder/com.samsung.android.app.reminder.remote.widget.complication.SmallComplicationWidgetReceiver-com.samsung.android.app.reminder/com.samsung.android.app.reminder.remote.widget.complication.BigComplicationWidgetReceiver-com.sec.android.app.clockpackage/com.sec.android.app.clockpackage.alarmwidget.AlarmGlanceWidgetReceiver-com.sec.android.daemonapp/com.sec.android.daemonapp.complication.receiver.ComplicationUVReceiver-com.sec.android.daemonapp/com.sec.android.daemonapp.complication.receiver.ComplicationMoonReceiver-com.sec.android.daemonapp/com.sec.android.daemonapp.complication.receiver.ComplicationSimpleWeatherReceiver-com.sec.android.daemonapp/com.sec.android.daemonapp.complication.receiver.ComplicationWeatherDetailReceiver-com.sec.android.daemonapp/com.sec.android.daemonapp.complication.receiver.ComplicationPrecipitationReceiver-com.sec.android.daemonapp/com.sec.android.daemonapp.complication.receiver.ComplicationAirQualityReceiver-com.sec.android.daemonapp/com.sec.android.daemonapp.complication.receiver.ComplicationFineDustReceiver-com.sec.android.daemonapp/com.sec.android.daemonapp.complication.receiver.ComplicationSunriseSunsetReceiver-com.sec.android.app.shealth/com.samsung.android.app.shealth.tracker.dailyactivity.widget.DaComplicationWidgetReceiver1x1-com.sec.android.app.shealth/com.samsung.android.app.shealth.tracker.dailyactivity.widget.DaComplicationWidgetReceiver2x1
10-16 18:58:48.286 10987 11015 E AbsSettings: refreshInner: refreshedSettingsDBItem key enabled_complication_widgets_id_list val = 
10-16 18:58:48.287 10987 11015 E ActivityThread: Failed to find provider info for com.samsung.systemui.lockstar.provider.LockScreenDataContent
10-16 18:58:48.287 10987 11015 E ActivityThread: Failed to find provider info for com.samsung.systemui.lockstar.provider.LockScreenDataContent
10-16 18:58:48.287 10279 10279 E ThemeUtils: View class com.airbnb.lottie.LottieAnimationView is an AppCompat widget that can only be used with a Theme.AppCompat theme (or descendant).
10-16 18:58:48.287 10987 11015 E ActivityThread: Failed to find provider info for com.samsung.systemui.lockstar.provider.LockScreenDataContent
10-16 18:58:48.288 10987 11015 E AbsSettings: refreshInner: refreshedSettingsDBItem key lock_theme_clock_restore_pending_package val = 
10-16 18:58:48.289 10987 11015 E AbsSettings: refreshInner: refreshedSettingsDBItem key CLOCK_VERSION val = 17
10-16 18:58:48.289 10987 11015 E AbsSettings: refreshInner: refreshedSettingsDBItem key PALETTE_VERSION val = 400000
10-16 18:58:48.289 10987 11015 E AbsSettings: refreshInner: refreshedSettingsDBItem key lock_clock_scale_rate val = 1.0
10-16 18:58:48.289 10987 11015 E AbsSettings: refreshInner: refreshedSettingsDBItem key lock_clock_visibility val = 0
10-16 18:58:48.289 10987 11015 E AbsSettings: refreshInner: refreshedSettingsDBItem key clock_gravity val = 0
10-16 18:58:48.289 10987 11015 E AbsSettings: refreshInner: refreshedSettingsDBItem key clock_bottom_margin_ratio val = 0.0
10-16 18:58:48.289 10987 11015 E AbsSettings: refreshInner: refreshedSettingsDBItem key clock_horizontal_margin_ratio val = 0.0
10-16 18:58:48.289 10987 11015 E AbsSettings: refreshInner: refreshedSettingsDBItem key clock_position_based_on_movable_area val = 0
10-16 18:58:48.289 10987 11015 E AbsSettings: refreshInner: refreshedSettingsDBItem key clock_show_weather_info val = 0
