10-16 18:40:24.622  1179  1326 E spcomlib: [spcom_ioctl] IOCTL failed: ret[-1], error [-4]
10-16 18:40:24.622  1175  1329 E spcomlib: [spcom_ioctl] IOCTL failed: ret[-1], error [-4]
10-16 18:40:24.622  1175  1329 E spcomlib: [spcom_check_link_up_state] SPCom check for link up interrupted - ioctl ret[-4], cmd ret[0], wait[1]
10-16 18:40:24.622  1179  1326 E spcomlib: [spcom_check_link_up_state] SPCom check for link up interrupted - ioctl ret[-4], cmd ret[0], wait[1]
10-16 18:40:24.622  1193  1374 E spcomlib: [spcom_ioctl] IOCTL failed: ret[-1], error [-4]
10-16 18:40:24.622  1193  1374 E spcomlib: [spcom_check_link_up_state] SPCom check for link up interrupted - ioctl ret[-4], cmd ret[0], wait[1]
10-16 18:40:24.624  2218  2322 E spcomlib: [spcom_ioctl] IOCTL failed: ret[-1], error [-4]
10-16 18:40:24.624  2218  2322 E spcomlib: [spcom_check_link_up_state] SPCom check for link up interrupted - ioctl ret[-4], cmd ret[0], wait[1]
10-16 18:40:25.190  1175  1329 E spcomlib: [spcom_ioctl] IOCTL failed: ret[-1], error [-4]
10-16 18:40:25.190  1175  1329 E spcomlib: [spcom_check_link_up_state] SPCom check for link up interrupted - ioctl ret[-4], cmd ret[0], wait[1]
10-16 18:40:25.191  1193  1374 E spcomlib: [spcom_ioctl] IOCTL failed: ret[-1], error [-4]
10-16 18:40:25.191  1193  1374 E spcomlib: [spcom_check_link_up_state] SPCom check for link up interrupted - ioctl ret[-4], cmd ret[0], wait[1]
10-16 18:40:25.191  1179  1326 E spcomlib: [spcom_ioctl] IOCTL failed: ret[-1], error [-4]
10-16 18:40:25.191  1179  1326 E spcomlib: [spcom_check_link_up_state] SPCom check for link up interrupted - ioctl ret[-4], cmd ret[0], wait[1]
10-16 18:40:25.196  2218  2322 E spcomlib: [spcom_ioctl] IOCTL failed: ret[-1], error [-4]
10-16 18:40:25.196  2218  2322 E spcomlib: [spcom_check_link_up_state] SPCom check for link up interrupted - ioctl ret[-4], cmd ret[0], wait[1]
10-16 18:40:26.270  1179  1326 E spcomlib: [spcom_ioctl] IOCTL failed: ret[-1], error [-4]
10-16 18:40:26.270  1179  1326 E spcomlib: [spcom_check_link_up_state] SPCom check for link up interrupted - ioctl ret[-4], cmd ret[0], wait[1]
10-16 18:40:26.270  1193  1374 E spcomlib: [spcom_ioctl] IOCTL failed: ret[-1], error [-4]
10-16 18:40:26.270  1193  1374 E spcomlib: [spcom_check_link_up_state] SPCom check for link up interrupted - ioctl ret[-4], cmd ret[0], wait[1]
10-16 18:40:26.270  1175  1329 E spcomlib: [spcom_ioctl] IOCTL failed: ret[-1], error [-4]
10-16 18:40:26.270  1175  1329 E spcomlib: [spcom_check_link_up_state] SPCom check for link up interrupted - ioctl ret[-4], cmd ret[0], wait[1]
10-16 18:40:26.272  2218  2322 E spcomlib: [spcom_ioctl] IOCTL failed: ret[-1], error [-4]
10-16 18:40:26.272  2218  2322 E spcomlib: [spcom_check_link_up_state] SPCom check for link up interrupted - ioctl ret[-4], cmd ret[0], wait[1]
10-16 18:40:27.845  2706  4457 E NotificationService: isPkgBlocked = false
10-16 18:40:27.845  2706  4457 E NotificationService: isRecordBlocked = true
10-16 18:40:27.845  2706  4457 E NotificationService: Suppressing notification from package com.sec.android.app.shealth by user request.
10-16 18:40:29.601  1175  1329 E spcomlib: [spcom_ioctl] IOCTL failed: ret[-1], error [-4]
10-16 18:40:29.601  1175  1329 E spcomlib: [spcom_check_link_up_state] SPCom check for link up interrupted - ioctl ret[-4], cmd ret[0], wait[1]
10-16 18:40:29.601  1179  1326 E spcomlib: [spcom_ioctl] IOCTL failed: ret[-1], error [-4]
10-16 18:40:29.601  1179  1326 E spcomlib: [spcom_check_link_up_state] SPCom check for link up interrupted - ioctl ret[-4], cmd ret[0], wait[1]
10-16 18:40:29.601  1193  1374 E spcomlib: [spcom_ioctl] IOCTL failed: ret[-1], error [-4]
10-16 18:40:29.601  1193  1374 E spcomlib: [spcom_check_link_up_state] SPCom check for link up interrupted - ioctl ret[-4], cmd ret[0], wait[1]
10-16 18:40:29.603  2218  2322 E spcomlib: [spcom_ioctl] IOCTL failed: ret[-1], error [-4]
10-16 18:40:29.603  2218  2322 E spcomlib: [spcom_check_link_up_state] SPCom check for link up interrupted - ioctl ret[-4], cmd ret[0], wait[1]
10-16 18:40:32.491  2706  3069 E Watchdog: !@Sync: 26003 heap(MB): 223 / 238 FD: 1427 [2025-10-16 18:40:32.490]
10-16 18:40:32.872  1175  1329 E spcomlib: [spcom_ioctl] IOCTL failed: ret[-1], error [-4]
10-16 18:40:32.872  1175  1329 E spcomlib: [spcom_check_link_up_state] SPCom check for link up interrupted - ioctl ret[-4], cmd ret[0], wait[1]
10-16 18:40:32.872  1179  1326 E spcomlib: [spcom_ioctl] IOCTL failed: ret[-1], error [-4]
10-16 18:40:32.872  1179  1326 E spcomlib: [spcom_check_link_up_state] SPCom check for link up interrupted - ioctl ret[-4], cmd ret[0], wait[1]
10-16 18:40:32.872  1193  1374 E spcomlib: [spcom_ioctl] IOCTL failed: ret[-1], error [-4]
10-16 18:40:32.872  1193  1374 E spcomlib: [spcom_check_link_up_state] SPCom check for link up interrupted - ioctl ret[-4], cmd ret[0], wait[1]
10-16 18:40:32.874  2218  2322 E spcomlib: [spcom_ioctl] IOCTL failed: ret[-1], error [-4]
10-16 18:40:32.874  2218  2322 E spcomlib: [spcom_check_link_up_state] SPCom check for link up interrupted - ioctl ret[-4], cmd ret[0], wait[1]
10-16 18:40:47.515  1179  1326 E spcomlib: [spcom_ioctl] IOCTL failed: ret[-1], error [-4]
10-16 18:40:47.515  1193  1374 E spcomlib: [spcom_ioctl] IOCTL failed: ret[-1], error [-4]
10-16 18:40:47.515  1193  1374 E spcomlib: [spcom_check_link_up_state] SPCom check for link up interrupted - ioctl ret[-4], cmd ret[0], wait[1]
10-16 18:40:47.515  1179  1326 E spcomlib: [spcom_check_link_up_state] SPCom check for link up interrupted - ioctl ret[-4], cmd ret[0], wait[1]
10-16 18:40:47.515  1175  1329 E spcomlib: [spcom_ioctl] IOCTL failed: ret[-1], error [-4]
10-16 18:40:47.518  1175  1329 E spcomlib: [spcom_check_link_up_state] SPCom check for link up interrupted - ioctl ret[-4], cmd ret[0], wait[1]
10-16 18:40:47.521  2218  2322 E spcomlib: [spcom_ioctl] IOCTL failed: ret[-1], error [-4]
10-16 18:40:47.521  2218  2322 E spcomlib: [spcom_check_link_up_state] SPCom check for link up interrupted - ioctl ret[-4], cmd ret[0], wait[1]
10-16 18:40:47.695  1175  1329 E spcomlib: [spcom_ioctl] IOCTL failed: ret[-1], error [-4]
10-16 18:40:47.695  1175  1329 E spcomlib: [spcom_check_link_up_state] SPCom check for link up interrupted - ioctl ret[-4], cmd ret[0], wait[1]
10-16 18:40:47.695  1179  1326 E spcomlib: [spcom_ioctl] IOCTL failed: ret[-1], error [-4]
10-16 18:40:47.695  1179  1326 E spcomlib: [spcom_check_link_up_state] SPCom check for link up interrupted - ioctl ret[-4], cmd ret[0], wait[1]
10-16 18:40:47.695  1193  1374 E spcomlib: [spcom_ioctl] IOCTL failed: ret[-1], error [-4]
10-16 18:40:47.695  1193  1374 E spcomlib: [spcom_check_link_up_state] SPCom check for link up interrupted - ioctl ret[-4], cmd ret[0], wait[1]
10-16 18:40:47.697  2218  2322 E spcomlib: [spcom_ioctl] IOCTL failed: ret[-1], error [-4]
10-16 18:40:47.697  2218  2322 E spcomlib: [spcom_check_link_up_state] SPCom check for link up interrupted - ioctl ret[-4], cmd ret[0], wait[1]
10-16 18:40:47.981  1179  1326 E spcomlib: [spcom_ioctl] IOCTL failed: ret[-1], error [-4]
10-16 18:40:47.981  1175  1329 E spcomlib: [spcom_ioctl] IOCTL failed: ret[-1], error [-4]
10-16 18:40:47.981  1175  1329 E spcomlib: [spcom_check_link_up_state] SPCom check for link up interrupted - ioctl ret[-4], cmd ret[0], wait[1]
10-16 18:40:47.981  1179  1326 E spcomlib: [spcom_check_link_up_state] SPCom check for link up interrupted - ioctl ret[-4], cmd ret[0], wait[1]
10-16 18:40:47.981  1193  1374 E spcomlib: [spcom_ioctl] IOCTL failed: ret[-1], error [-4]
10-16 18:40:47.981  1193  1374 E spcomlib: [spcom_check_link_up_state] SPCom check for link up interrupted - ioctl ret[-4], cmd ret[0], wait[1]
10-16 18:40:47.983  2218  2322 E spcomlib: [spcom_ioctl] IOCTL failed: ret[-1], error [-4]
10-16 18:40:47.983  2218  2322 E spcomlib: [spcom_check_link_up_state] SPCom check for link up interrupted - ioctl ret[-4], cmd ret[0], wait[1]
10-16 18:40:55.710  1179  1326 E spcomlib: [spcom_ioctl] IOCTL failed: ret[-1], error [-4]
10-16 18:40:55.710  1179  1326 E spcomlib: [spcom_check_link_up_state] SPCom check for link up interrupted - ioctl ret[-4], cmd ret[0], wait[1]
10-16 18:40:55.711  1193  1374 E spcomlib: [spcom_ioctl] IOCTL failed: ret[-1], error [-4]
10-16 18:40:55.711  1193  1374 E spcomlib: [spcom_check_link_up_state] SPCom check for link up interrupted - ioctl ret[-4], cmd ret[0], wait[1]
10-16 18:40:55.712  1175  1329 E spcomlib: [spcom_ioctl] IOCTL failed: ret[-1], error [-4]
10-16 18:40:55.712  1175  1329 E spcomlib: [spcom_check_link_up_state] SPCom check for link up interrupted - ioctl ret[-4], cmd ret[0], wait[1]
10-16 18:40:55.715  2218  2322 E spcomlib: [spcom_ioctl] IOCTL failed: ret[-1], error [-4]
10-16 18:40:55.715  2218  2322 E spcomlib: [spcom_check_link_up_state] SPCom check for link up interrupted - ioctl ret[-4], cmd ret[0], wait[1]
10-16 18:41:02.296  1175  1329 E spcomlib: [spcom_ioctl] IOCTL failed: ret[-1], error [-4]
10-16 18:41:02.296  1193  1374 E spcomlib: [spcom_ioctl] IOCTL failed: ret[-1], error [-4]
10-16 18:41:02.296  1175  1329 E spcomlib: [spcom_check_link_up_state] SPCom check for link up interrupted - ioctl ret[-4], cmd ret[0], wait[1]
10-16 18:41:02.296  1179  1326 E spcomlib: [spcom_ioctl] IOCTL failed: ret[-1], error [-4]
10-16 18:41:02.297  1179  1326 E spcomlib: [spcom_check_link_up_state] SPCom check for link up interrupted - ioctl ret[-4], cmd ret[0], wait[1]
10-16 18:41:02.297  1193  1374 E spcomlib: [spcom_check_link_up_state] SPCom check for link up interrupted - ioctl ret[-4], cmd ret[0], wait[1]
10-16 18:41:02.301  2218  2322 E spcomlib: [spcom_ioctl] IOCTL failed: ret[-1], error [-4]
10-16 18:41:02.301  2218  2322 E spcomlib: [spcom_check_link_up_state] SPCom check for link up interrupted - ioctl ret[-4], cmd ret[0], wait[1]
10-16 18:41:02.371 10987 11009 E ActivityThread: Failed to find provider info for com.samsung.systemui.lockstar.provider.LockScreenDataContent
10-16 18:41:02.377  2706  3938 E AppOps  : package client.pid<2042> not found, can't check for attributionTag null
10-16 18:41:02.377  2706  3938 E AppOps  : Bad call made by uid 1047. Package "client.pid<2042>" does not belong to uid 1000.
10-16 18:41:02.377 10987 11015 E ActivityThread: Failed to find provider info for com.samsung.systemui.lockstar.provider.LockScreenDataContent
10-16 18:41:02.377  2706  3938 E AppOps  : Cannot checkOperation: non-application UID 1000
10-16 18:41:02.380 10987 11009 E ActivityThread: Failed to find provider info for com.samsung.systemui.lockstar.provider.LockScreenDataContent
10-16 18:41:02.382 10987 11015 E ActivityThread: Failed to find provider info for com.samsung.systemui.lockstar.provider.LockScreenDataContent
10-16 18:41:02.383  2706  3829 E CameraService_worker: Recent tasks don't include camera client package name: client.pid<2042>
10-16 18:41:02.386 10987 11009 E ActivityThread: Failed to find provider info for com.samsung.systemui.lockstar.provider.LockScreenDataContent
10-16 18:41:02.387 10987 11015 E ActivityThread: Failed to find provider info for com.samsung.systemui.lockstar.provider.LockScreenDataContent
10-16 18:41:02.399 26640 30606 E LoadedApk: Exception : java.lang.NullPointerException: Attempt to invoke virtual method 'boolean android.os.Looper.isPerfLogEnable()' on a null object reference
10-16 18:41:02.410 26640 30824 E LoadedApk: Exception : java.lang.NullPointerException: Attempt to invoke virtual method 'boolean android.os.Looper.isPerfLogEnable()' on a null object reference
10-16 18:41:02.415 26640 30824 E LoadedApk: Exception : java.lang.NullPointerException: Attempt to invoke virtual method 'boolean android.os.Looper.isPerfLogEnable()' on a null object reference
10-16 18:41:02.501  2706 12127 E NotificationService: isPkgBlocked = false
10-16 18:41:02.501  2706 12127 E NotificationService: isRecordBlocked = true
10-16 18:41:02.501  2706 12127 E NotificationService: Suppressing notification from package com.sec.android.app.shealth by user request.
10-16 18:41:04.091  2706  3786 E AlarmManager: Attempt to decrement existing alarm count 0 by 1 for uid 1000
10-16 18:41:04.173  2706 11031 E WindowManager: win=Window{8e0fa28 u0 NotificationShade} destroySurfaces: appStopped=true cleanupOnResume=false win.mWindowRemovalAllowed=false win.mRemoveOnExit=false win.mViewVisibility=4 caller=com.android.server.wm.WindowManagerService.tryStartExitingAnimation:147 com.android.server.wm.WindowManagerService.relayoutWindowInner:112 com.android.server.wm.WindowManagerService.relayoutWindow:6 com.android.server.wm.Session.relayout:27 android.view.IWindowSession$Stub.onTransact:861 com.android.server.wm.Session.onTransact:1 android.os.Binder.execTransactInternal:1541 
10-16 18:41:04.289  2706 12088 E WindowManager: win=Window{2d3c265 u0 FP Iconview} destroySurfaces: appStopped=true cleanupOnResume=false win.mWindowRemovalAllowed=false win.mRemoveOnExit=false win.mViewVisibility=8 caller=com.android.server.wm.WindowManagerService.tryStartExitingAnimation:147 com.android.server.wm.WindowManagerService.relayoutWindowInner:112 com.android.server.wm.WindowManagerService.relayoutWindow:6 com.android.server.wm.Session.relayout:27 android.view.IWindowSession$Stub.onTransact:861 com.android.server.wm.Session.onTransact:1 android.os.Binder.execTransactInternal:1536 
10-16 18:41:04.445  2706  4068 E AidlResponseHandler: Client monitor is not an instance of com.android.server.biometrics.sensors.AcquisitionClient
10-16 18:41:04.452  1183 17068 E keystore2: system/security/keystore2/src/error.rs:171 - system/security/keystore2/src/security_level.rs:332: In create_operation. 10284
10-16 18:41:04.452  1183 17068 E keystore2: 
10-16 18:41:04.452  1183 17068 E keystore2: Caused by:
10-16 18:41:04.452  1183 17068 E keystore2:     0: system/security/keystore2/src/enforcements.rs:633: matching auth token is expired.
10-16 18:41:04.452  1183 17068 E keystore2:     1: Error::Km(r#KEY_USER_NOT_AUTHENTICATED)
10-16 18:41:11.209  2706  2720 E AlarmManager: Attempt to decrement existing alarm count 0 by 1 for uid 1000
10-16 18:41:11.214  2706  2720 E AlarmManager: Attempt to decrement existing alarm count 0 by 1 for uid 1000
10-16 18:41:11.679  2706 11089 E WindowManager: win=Window{8e0fa28 u0 NotificationShade} destroySurfaces: appStopped=true cleanupOnResume=false win.mWindowRemovalAllowed=false win.mRemoveOnExit=false win.mViewVisibility=4 caller=com.android.server.wm.WindowManagerService.tryStartExitingAnimation:147 com.android.server.wm.WindowManagerService.relayoutWindowInner:112 com.android.server.wm.WindowManagerService.relayoutWindow:6 com.android.server.wm.Session.relayout:27 android.view.IWindowSession$Stub.onTransact:861 com.android.server.wm.Session.onTransact:1 android.os.Binder.execTransactInternal:1541 
10-16 18:41:11.810  2706  4538 E WindowManager: win=Window{469c630 u0 com.sec.android.app.launcher/com.sec.android.app.launcher.activities.LauncherActivity} destroySurfaces: appStopped=true cleanupOnResume=false win.mWindowRemovalAllowed=false win.mRemoveOnExit=false win.mViewVisibility=8 caller=com.android.server.wm.ActivityRecord.destroySurfaces:25 com.android.server.wm.ActivityRecord.activityStopped:184 com.android.server.wm.ActivityClientController.activityStopped:95 android.app.IActivityClientController$Stub.onTransact:722 com.android.server.wm.ActivityClientController.onTransact:1 android.os.Binder.execTransactInternal:1541 android.os.Binder.execTransact:1480 
10-16 18:41:11.810  2706  4538 E WindowManager: win=Window{37e49e9 u0 com.sec.android.app.launcher/com.sec.android.app.launcher.activities.LauncherActivity} destroySurfaces: appStopped=true cleanupOnResume=false win.mWindowRemovalAllowed=false win.mRemoveOnExit=false win.mViewVisibility=8 caller=com.android.server.wm.ActivityRecord.destroySurfaces:25 com.android.server.wm.ActivityRecord.activityStopped:184 com.android.server.wm.ActivityClientController.activityStopped:95 android.app.IActivityClientController$Stub.onTransact:722 com.android.server.wm.ActivityClientController.onTransact:1 android.os.Binder.execTransactInternal:1541 android.os.Binder.execTransact:1480 
10-16 18:41:23.653  2706  3069 E Watchdog: !@Sync: 26004 heap(MB): 217 / 229 FD: 1436 [2025-10-16 18:41:23.653]
10-16 18:41:42.585 19861 20025 E ActivityThread: Failed to find provider info for com.zhiliaoapp.musically.apm
10-16 18:41:53.656  2706  3069 E Watchdog: !@Sync: 26005 heap(MB): 221 / 227 FD: 1416 [2025-10-16 18:41:53.656]
10-16 18:41:57.872  2706 11085 E WindowManager: win=Window{8e0fa28 u0 NotificationShade} destroySurfaces: appStopped=true cleanupOnResume=false win.mWindowRemovalAllowed=false win.mRemoveOnExit=false win.mViewVisibility=4 caller=com.android.server.wm.WindowManagerService.tryStartExitingAnimation:147 com.android.server.wm.WindowManagerService.relayoutWindowInner:112 com.android.server.wm.WindowManagerService.relayoutWindow:6 com.android.server.wm.Session.relayout:27 android.view.IWindowSession$Stub.onTransact:861 com.android.server.wm.Session.onTransact:1 android.os.Binder.execTransactInternal:1541 
10-16 18:42:01.084  2706  4538 E WindowManager: win=Window{8e0fa28 u0 NotificationShade} destroySurfaces: appStopped=true cleanupOnResume=false win.mWindowRemovalAllowed=false win.mRemoveOnExit=false win.mViewVisibility=4 caller=com.android.server.wm.WindowManagerService.tryStartExitingAnimation:147 com.android.server.wm.WindowManagerService.relayoutWindowInner:112 com.android.server.wm.WindowManagerService.relayoutWindow:6 com.android.server.wm.Session.relayout:27 android.view.IWindowSession$Stub.onTransact:861 com.android.server.wm.Session.onTransact:1 android.os.Binder.execTransactInternal:1541 
10-16 18:42:02.781  2706 11085 E NotificationService: isPkgBlocked = false
10-16 18:42:02.781  2706 11085 E NotificationService: isRecordBlocked = true
10-16 18:42:02.781  2706 11085 E NotificationService: Suppressing notification from package com.sec.android.app.shealth by user request.
10-16 18:42:10.923  2706  3124 E AppWidgetXmlUtil: Label is empty in ComponentInfo{com.samsung.android.app.spage/com.samsung.android.app.spage.news.ui.widget.NewsWidgetReceiverCover}
10-16 18:42:11.519  2706  3124 E AppWidgetXmlUtil: Label is empty in ComponentInfo{com.samsung.android.app.spage/com.samsung.android.app.spage.news.ui.widget.NewsWidgetReceiverCover}
10-16 18:42:20.900  2706  4265 E BatteryStatsService: Invalid uid for waking network packet: -1
10-16 18:42:23.667  2706  3069 E Watchdog: !@Sync: 26006 heap(MB): 189 / 227 FD: 1402 [2025-10-16 18:42:23.667]
10-16 18:42:27.821  1183 12806 E keystore2: system/security/keystore2/src/error.rs:173 - Rc(r#KEY_NOT_FOUND), "system/security/keystore2/src/service.rs:167: In get_key_entry, while trying to load key info. 5009, Some(\"com.samsung.android.scloud_SERVER_CERT\")"
10-16 18:42:27.821  1183 17068 E keystore2: system/security/keystore2/src/error.rs:173 - Rc(r#KEY_NOT_FOUND), "system/security/keystore2/src/service.rs:167: In get_key_entry, while trying to load key info. 5009, Some(\"com.samsung.android.scloud_SERVER_CERT\")"
10-16 18:42:28.767 26640 32187 E LoadedApk: Exception : java.lang.NullPointerException: Attempt to invoke virtual method 'boolean android.os.Looper.isPerfLogEnable()' on a null object reference
10-16 18:42:28.767 26640 31502 E LoadedApk: Exception : java.lang.NullPointerException: Attempt to invoke virtual method 'boolean android.os.Looper.isPerfLogEnable()' on a null object reference
10-16 18:42:28.768 26640 32125 E LoadedApk: Exception : java.lang.NullPointerException: Attempt to invoke virtual method 'boolean android.os.Looper.isPerfLogEnable()' on a null object reference
10-16 18:42:28.772 26640   508 E LoadedApk: Exception : java.lang.NullPointerException: Attempt to invoke virtual method 'boolean android.os.Looper.isPerfLogEnable()' on a null object reference
10-16 18:42:28.830  2706  4569 E AppOpService: Blocked setUidMode call for runtime permission app op: uid = 1000, code = CAMERA, mode = foreground, callingUid = 1000, oldMode = allow
10-16 18:42:28.830  2706  4569 E AppOpService: java.lang.RuntimeException
10-16 18:42:28.830  2706  4569 E AppOpService: 	at com.android.server.permission.access.appop.AppOpService.setUidMode(qb/98980305 0b399ac4d289e3f0315d1f7beced4a500f214af83d2ed90ff6fd71a0c4d5f1b4:165)
10-16 18:42:28.830  2706  4569 E AppOpService: 	at com.android.server.appop.AppOpsCheckingServiceTracingDecorator.setUidMode(qb/98980305 0b399ac4d289e3f0315d1f7beced4a500f214af83d2ed90ff6fd71a0c4d5f1b4:10)
10-16 18:42:28.830  2706  4569 E AppOpService: 	at com.android.server.appop.AppOpsService.setUidMode(qb/98980305 0b399ac4d289e3f0315d1f7beced4a500f214af83d2ed90ff6fd71a0c4d5f1b4:52)
10-16 18:42:28.830  2706  4569 E AppOpService: 	at com.android.server.appop.AppOpsService.setUidMode(qb/98980305 0b399ac4d289e3f0315d1f7beced4a500f214af83d2ed90ff6fd71a0c4d5f1b4:1)
10-16 18:42:28.830  2706  4569 E AppOpService: 	at android.app.AppOpsManager.setUidMode(AppOpsManager.java:8106)
10-16 18:42:28.830  2706  4569 E AppOpService: 	at com.android.role.controller.model.Permissions.setAppOpModeAsUser(Permissions.java:908)
10-16 18:42:28.830  2706  4569 E AppOpService: 	at com.android.role.controller.model.Permissions.setAppOpUidModeAsUser(Permissions.java:885)
10-16 18:42:28.830  2706  4569 E AppOpService: 	at com.android.role.controller.model.Permissions.grantPermissionAndAppOpAsUser(Permissions.java:373)
10-16 18:42:28.830  2706  4569 E AppOpService: 	at com.android.role.controller.model.Permissions.grantSingleAsUser(Permissions.java:247)
10-16 18:42:28.830  2706  4569 E AppOpService: 	at com.android.role.controller.model.Permissions.grantAsUser(Permissions.java:205)
10-16 18:42:28.830  2706  4569 E AppOpService: 	at com.android.role.controller.model.Role.grantAsUser(Role.java:867)
10-16 18:42:28.830  2706  4569 E AppOpService: 	at com.android.role.controller.service.RoleControllerServiceImpl.addRoleHolderInternal(RoleControllerServiceImpl.java:376)
10-16 18:42:28.830  2706  4569 E AppOpService: 	at com.android.role.controller.service.RoleControllerServiceImpl.onGrantDefaultRoles(RoleControllerServiceImpl.java:163)
10-16 18:42:28.830  2706  4569 E AppOpService: 	at com.android.role.LocalRoleController.lambda$grantDefaultRoles$1(LocalRoleController.java:56)
10-16 18:42:28.830  2706  4569 E AppOpService: 	at com.android.role.LocalRoleController.$r8$lambda$ye-flP7Mf14AbTzwSmiTgndT6Cg(LocalRoleController.java:0)
10-16 18:42:28.830  2706  4569 E AppOpService: 	at com.android.role.LocalRoleController$$ExternalSyntheticLambda1.run(R8$$SyntheticClass:0)
10-16 18:42:28.830  2706  4569 E AppOpService: 	at android.os.Handler.handleCallback(Handler.java:959)
10-16 18:42:28.830  2706  4569 E AppOpService: 	at android.os.Handler.dispatchMessage(Handler.java:100)
10-16 18:42:28.830  2706  4569 E AppOpService: 	at android.os.Looper.loopOnce(Looper.java:257)
10-16 18:42:28.830  2706  4569 E AppOpService: 	at android.os.Looper.loop(Looper.java:342)
10-16 18:42:28.830  2706  4569 E AppOpService: 	at android.os.HandlerThread.run(HandlerThread.java:85)
10-16 18:42:29.166  2706  3124 E AppWidgetXmlUtil: Label is empty in ComponentInfo{com.samsung.android.app.spage/com.samsung.android.app.spage.news.ui.widget.NewsWidgetReceiverCover}
10-16 18:42:29.475  2706 12088 E ActivityTaskManager: Checking for the Active launch isPkgEverLaunched :false, isPkgStopped : true, isPkgSuspended : false
10-16 18:42:32.871  2706  4967 E NotificationService: isPkgBlocked = false
10-16 18:42:32.871  2706  4967 E NotificationService: isRecordBlocked = true
10-16 18:42:32.871  2706  4967 E NotificationService: Suppressing notification from package com.sec.android.app.shealth by user request.
10-16 18:42:37.150  2706  2721 E ActivityTaskManager: Checking for the Active launch isPkgEverLaunched :false, isPkgStopped : true, isPkgSuspended : false
10-16 18:42:38.660  2706  4519 E WindowManager: win=Window{469c630 u0 com.sec.android.app.launcher/com.sec.android.app.launcher.activities.LauncherActivity} destroySurfaces: appStopped=true cleanupOnResume=false win.mWindowRemovalAllowed=false win.mRemoveOnExit=false win.mViewVisibility=8 caller=com.android.server.wm.ActivityRecord.destroySurfaces:25 com.android.server.wm.ActivityRecord.activityStopped:184 com.android.server.wm.ActivityClientController.activityStopped:95 android.app.IActivityClientController$Stub.onTransact:722 com.android.server.wm.ActivityClientController.onTransact:1 android.os.Binder.execTransactInternal:1541 android.os.Binder.execTransact:1480 
10-16 18:42:38.660  2706  4519 E WindowManager: win=Window{37e49e9 u0 com.sec.android.app.launcher/com.sec.android.app.launcher.activities.LauncherActivity} destroySurfaces: appStopped=true cleanupOnResume=false win.mWindowRemovalAllowed=false win.mRemoveOnExit=false win.mViewVisibility=8 caller=com.android.server.wm.ActivityRecord.destroySurfaces:25 com.android.server.wm.ActivityRecord.activityStopped:184 com.android.server.wm.ActivityClientController.activityStopped:95 android.app.IActivityClientController$Stub.onTransact:722 com.android.server.wm.ActivityClientController.onTransact:1 android.os.Binder.execTransactInternal:1541 android.os.Binder.execTransact:1480 
10-16 18:42:41.262  2706 11057 E TaskPersister: File error accessing recents directory (directory doesn't exist?).
10-16 18:42:41.435  2706  4352 E Pageboost: ioinfo read failed
10-16 18:42:47.766  2706  3029 E WindowManager: win=Window{a848f1d u0 com.asif.Stocktally/com.asif.Stocktally.MainActivity EXITING} destroySurfaces: appStopped=false cleanupOnResume=false win.mWindowRemovalAllowed=true win.mRemoveOnExit=true win.mViewVisibility=0 caller=com.android.server.wm.WindowState.onExitAnimationDone:222 com.android.server.wm.WindowState.onAnimationFinished:161 com.android.server.wm.WindowContainer$$ExternalSyntheticLambda5.onAnimationFinished:26 com.android.server.wm.SurfaceAnimator$$ExternalSyntheticLambda1.run:28 com.android.server.wm.SurfaceAnimator$$ExternalSyntheticLambda0.onAnimationFinished:65 com.android.server.wm.LocalAnimationAdapter$$ExternalSyntheticLambda0.run:10 android.os.Handler.handleCallback:959 
10-16 18:42:53.027  2706 11084 E WindowManager: win=Window{27ac952 u0 com.asif.Stocktally/com.asif.Stocktally.MainActivity} destroySurfaces: appStopped=true cleanupOnResume=false win.mWindowRemovalAllowed=false win.mRemoveOnExit=false win.mViewVisibility=8 caller=com.android.server.wm.ActivityRecord.destroySurfaces:25 com.android.server.wm.ActivityRecord.activityStopped:184 com.android.server.wm.ActivityClientController.activityStopped:95 android.app.IActivityClientController$Stub.onTransact:722 com.android.server.wm.ActivityClientController.onTransact:1 android.os.Binder.execTransactInternal:1541 android.os.Binder.execTransact:1480 
10-16 18:42:53.671  2706  3069 E Watchdog: !@Sync: 26007 heap(MB): 213 / 227 FD: 1401 [2025-10-16 18:42:53.671]
10-16 18:42:59.192  1183 17068 E keystore2: system/security/keystore2/src/keystore2_main.rs:74 - !@ [SQLITE3] 30: open db: flags=6, /data/misc/keystore/vpnprofilestore.sqlite
10-16 18:42:59.193  1183 17068 E keystore2: system/security/keystore2/src/keystore2_main.rs:74 - !@ [SQLITE3] 30: close db /data/misc/keystore/vpnprofilestore.sqlite.
10-16 18:42:59.246  2706 11057 E TaskPersister: File error accessing recents directory (directory doesn't exist?).
10-16 18:42:59.278  2706 11057 E TaskPersister: File error accessing recents directory (directory doesn't exist?).
10-16 18:42:59.335  2706  3029 E WindowManager: win=Window{fa04231 u0 com.google.android.packageinstaller/com.android.packageinstaller.UninstallerActivity EXITING} destroySurfaces: appStopped=false cleanupOnResume=false win.mWindowRemovalAllowed=true win.mRemoveOnExit=true win.mViewVisibility=0 caller=com.android.server.wm.WindowState.onExitAnimationDone:222 com.android.server.wm.WindowState.onAnimationFinished:161 com.android.server.wm.WindowContainer$$ExternalSyntheticLambda5.onAnimationFinished:26 com.android.server.wm.SurfaceAnimator.cancelAnimation:19 com.android.server.wm.SurfaceAnimator.cancelAnimation:1 com.android.server.wm.WindowContainer.setParent:49 com.android.server.wm.WindowContainer.removeChild:17 
10-16 18:42:59.344  1183 17068 E keystore2: system/security/keystore2/src/keystore2_main.rs:74 - !@ [SQLITE3] 30: open db: flags=6, /data/misc/keystore/vpnprofilestore.sqlite
10-16 18:42:59.344  2706  4013 E AppOps  : attributionTag VCN not declared in manifest of android
10-16 18:42:59.348  1183  1653 E keystore2: system/security/keystore2/src/keystore2_main.rs:74 - !@ [SQLITE3] 30: open db: flags=6, /data/misc/keystore/vpnprofilestore.sqlite
10-16 18:42:59.348  1183  1653 E keystore2: system/security/keystore2/src/keystore2_main.rs:74 - !@ [SQLITE3] 30: close db /data/misc/keystore/vpnprofilestore.sqlite.
10-16 18:42:59.349  1183 17068 E keystore2: system/security/keystore2/src/keystore2_main.rs:74 - !@ [SQLITE3] 30: close db /data/misc/keystore/vpnprofilestore.sqlite.
10-16 18:42:59.358 11025 11025 E SDHMS:BatteryStatsDBProvider: delete Exception : no such table: 10563 (code 1 SQLITE_ERROR[1]): , while compiling: DELETE FROM [10563]
10-16 18:42:59.556  2706  4569 E AppOpService: Blocked setUidMode call for runtime permission app op: uid = 1000, code = CAMERA, mode = foreground, callingUid = 1000, oldMode = allow
10-16 18:42:59.556  2706  4569 E AppOpService: java.lang.RuntimeException
10-16 18:42:59.556  2706  4569 E AppOpService: 	at com.android.server.permission.access.appop.AppOpService.setUidMode(qb/98980305 0b399ac4d289e3f0315d1f7beced4a500f214af83d2ed90ff6fd71a0c4d5f1b4:165)
10-16 18:42:59.556  2706  4569 E AppOpService: 	at com.android.server.appop.AppOpsCheckingServiceTracingDecorator.setUidMode(qb/98980305 0b399ac4d289e3f0315d1f7beced4a500f214af83d2ed90ff6fd71a0c4d5f1b4:10)
10-16 18:42:59.556  2706  4569 E AppOpService: 	at com.android.server.appop.AppOpsService.setUidMode(qb/98980305 0b399ac4d289e3f0315d1f7beced4a500f214af83d2ed90ff6fd71a0c4d5f1b4:52)
10-16 18:42:59.556  2706  4569 E AppOpService: 	at com.android.server.appop.AppOpsService.setUidMode(qb/98980305 0b399ac4d289e3f0315d1f7beced4a500f214af83d2ed90ff6fd71a0c4d5f1b4:1)
10-16 18:42:59.556  2706  4569 E AppOpService: 	at android.app.AppOpsManager.setUidMode(AppOpsManager.java:8106)
10-16 18:42:59.556  2706  4569 E AppOpService: 	at com.android.role.controller.model.Permissions.setAppOpModeAsUser(Permissions.java:908)
10-16 18:42:59.556  2706  4569 E AppOpService: 	at com.android.role.controller.model.Permissions.setAppOpUidModeAsUser(Permissions.java:885)
10-16 18:42:59.556  2706  4569 E AppOpService: 	at com.android.role.controller.model.Permissions.grantPermissionAndAppOpAsUser(Permissions.java:373)
10-16 18:42:59.556  2706  4569 E AppOpService: 	at com.android.role.controller.model.Permissions.grantSingleAsUser(Permissions.java:247)
10-16 18:42:59.556  2706  4569 E AppOpService: 	at com.android.role.controller.model.Permissions.grantAsUser(Permissions.java:205)
10-16 18:42:59.556  2706  4569 E AppOpService: 	at com.android.role.controller.model.Role.grantAsUser(Role.java:867)
10-16 18:42:59.556  2706  4569 E AppOpService: 	at com.android.role.controller.service.RoleControllerServiceImpl.addRoleHolderInternal(RoleControllerServiceImpl.java:376)
10-16 18:42:59.556  2706  4569 E AppOpService: 	at com.android.role.controller.service.RoleControllerServiceImpl.onGrantDefaultRoles(RoleControllerServiceImpl.java:163)
10-16 18:42:59.556  2706  4569 E AppOpService: 	at com.android.role.LocalRoleController.lambda$grantDefaultRoles$1(LocalRoleController.java:56)
10-16 18:42:59.556  2706  4569 E AppOpService: 	at com.android.role.LocalRoleController.$r8$lambda$ye-flP7Mf14AbTzwSmiTgndT6Cg(LocalRoleController.java:0)
10-16 18:42:59.556  2706  4569 E AppOpService: 	at com.android.role.LocalRoleController$$ExternalSyntheticLambda1.run(R8$$SyntheticClass:0)
10-16 18:42:59.556  2706  4569 E AppOpService: 	at android.os.Handler.handleCallback(Handler.java:959)
10-16 18:42:59.556  2706  4569 E AppOpService: 	at android.os.Handler.dispatchMessage(Handler.java:100)
10-16 18:42:59.556  2706  4569 E AppOpService: 	at android.os.Looper.loopOnce(Looper.java:257)
10-16 18:42:59.556  2706  4569 E AppOpService: 	at android.os.Looper.loop(Looper.java:342)
10-16 18:42:59.556  2706  4569 E AppOpService: 	at android.os.HandlerThread.run(HandlerThread.java:85)
10-16 18:42:59.627  2706  3026 E NotifHistoryProto: Error writing notification icon -
10-16 18:42:59.627  2706  3026 E NotifHistoryProto: java.lang.NullPointerException: Attempt to invoke virtual method 'int android.graphics.drawable.Icon.getType()' on a null object reference
10-16 18:42:59.627  2706  3026 E NotifHistoryProto: 	at com.android.server.notification.NotificationHistoryProtoHelper.writeIcon(qb/98980305 0b399ac4d289e3f0315d1f7beced4a500f214af83d2ed90ff6fd71a0c4d5f1b4:14)
10-16 18:42:59.627  2706  3026 E NotifHistoryProto: 	at com.android.server.notification.NotificationHistoryProtoHelper.write(qb/98980305 0b399ac4d289e3f0315d1f7beced4a500f214af83d2ed90ff6fd71a0c4d5f1b4:437)
10-16 18:42:59.627  2706  3026 E NotifHistoryProto: 	at com.android.server.notification.NotificationHistoryDatabase.writeLocked(qb/98980305 0b399ac4d289e3f0315d1f7beced4a500f214af83d2ed90ff6fd71a0c4d5f1b4:7)
10-16 18:42:59.627  2706  3026 E NotifHistoryProto: 	at com.android.server.notification.NotificationHistoryDatabase$RemovePackageRunnable.run(qb/98980305 0b399ac4d289e3f0315d1f7beced4a500f214af83d2ed90ff6fd71a0c4d5f1b4:85)
10-16 18:42:59.627  2706  3026 E NotifHistoryProto: 	at android.os.Handler.handleCallback(Handler.java:959)
10-16 18:42:59.627  2706  3026 E NotifHistoryProto: 	at android.os.Handler.dispatchMessage(Handler.java:100)
10-16 18:42:59.627  2706  3026 E NotifHistoryProto: 	at android.os.Looper.loopOnce(Looper.java:257)
10-16 18:42:59.627  2706  3026 E NotifHistoryProto: 	at android.os.Looper.loop(Looper.java:342)
10-16 18:42:59.627  2706  3026 E NotifHistoryProto: 	at android.os.HandlerThread.run(HandlerThread.java:85)
10-16 18:42:59.627  2706  3026 E NotifHistoryProto: 	at com.android.server.ServiceThread.run(qb/98980305 0b399ac4d289e3f0315d1f7beced4a500f214af83d2ed90ff6fd71a0c4d5f1b4:13)
10-16 18:42:59.627  2706  3026 E NotifHistoryProto: Error writing notification icon -
10-16 18:42:59.627  2706  3026 E NotifHistoryProto: java.lang.NullPointerException: Attempt to invoke virtual method 'int android.graphics.drawable.Icon.getType()' on a null object reference
10-16 18:42:59.627  2706  3026 E NotifHistoryProto: 	at com.android.server.notification.NotificationHistoryProtoHelper.writeIcon(qb/98980305 0b399ac4d289e3f0315d1f7beced4a500f214af83d2ed90ff6fd71a0c4d5f1b4:14)
10-16 18:42:59.627  2706  3026 E NotifHistoryProto: 	at com.android.server.notification.NotificationHistoryProtoHelper.write(qb/98980305 0b399ac4d289e3f0315d1f7beced4a500f214af83d2ed90ff6fd71a0c4d5f1b4:437)
10-16 18:42:59.627  2706  3026 E NotifHistoryProto: 	at com.android.server.notification.NotificationHistoryDatabase.writeLocked(qb/98980305 0b399ac4d289e3f0315d1f7beced4a500f214af83d2ed90ff6fd71a0c4d5f1b4:7)
10-16 18:42:59.627  2706  3026 E NotifHistoryProto: 	at com.android.server.notification.NotificationHistoryDatabase$RemovePackageRunnable.run(qb/98980305 0b399ac4d289e3f0315d1f7beced4a500f214af83d2ed90ff6fd71a0c4d5f1b4:85)
10-16 18:42:59.627  2706  3026 E NotifHistoryProto: 	at android.os.Handler.handleCallback(Handler.java:959)
10-16 18:42:59.627  2706  3026 E NotifHistoryProto: 	at android.os.Handler.dispatchMessage(Handler.java:100)
10-16 18:42:59.627  2706  3026 E NotifHistoryProto: 	at android.os.Looper.loopOnce(Looper.java:257)
10-16 18:42:59.627  2706  3026 E NotifHistoryProto: 	at android.os.Looper.loop(Looper.java:342)
10-16 18:42:59.627  2706  3026 E NotifHistoryProto: 	at android.os.HandlerThread.run(HandlerThread.java:85)
10-16 18:42:59.627  2706  3026 E NotifHistoryProto: 	at com.android.server.ServiceThread.run(qb/98980305 0b399ac4d289e3f0315d1f7beced4a500f214af83d2ed90ff6fd71a0c4d5f1b4:13)
10-16 18:42:59.627  2706  3026 E NotifHistoryProto: Error writing notification icon -
10-16 18:42:59.627  2706  3026 E NotifHistoryProto: java.lang.NullPointerException: Attempt to invoke virtual method 'int android.graphics.drawable.Icon.getType()' on a null object reference
10-16 18:42:59.627  2706  3026 E NotifHistoryProto: 	at com.android.server.notification.NotificationHistoryProtoHelper.writeIcon(qb/98980305 0b399ac4d289e3f0315d1f7beced4a500f214af83d2ed90ff6fd71a0c4d5f1b4:14)
10-16 18:42:59.627  2706  3026 E NotifHistoryProto: 	at com.android.server.notification.NotificationHistoryProtoHelper.write(qb/98980305 0b399ac4d289e3f0315d1f7beced4a500f214af83d2ed90ff6fd71a0c4d5f1b4:437)
10-16 18:42:59.627  2706  3026 E NotifHistoryProto: 	at com.android.server.notification.NotificationHistoryDatabase.writeLocked(qb/98980305 0b399ac4d289e3f0315d1f7beced4a500f214af83d2ed90ff6fd71a0c4d5f1b4:7)
10-16 18:42:59.627  2706  3026 E NotifHistoryProto: 	at com.android.server.notification.NotificationHistoryDatabase$RemovePackageRunnable.run(qb/98980305 0b399ac4d289e3f0315d1f7beced4a500f214af83d2ed90ff6fd71a0c4d5f1b4:85)
10-16 18:42:59.627  2706  3026 E NotifHistoryProto: 	at android.os.Handler.handleCallback(Handler.java:959)
10-16 18:42:59.627  2706  3026 E NotifHistoryProto: 	at android.os.Handler.dispatchMessage(Handler.java:100)
10-16 18:42:59.627  2706  3026 E NotifHistoryProto: 	at android.os.Looper.loopOnce(Looper.java:257)
10-16 18:42:59.627  2706  3026 E NotifHistoryProto: 	at android.os.Looper.loop(Looper.java:342)
10-16 18:42:59.627  2706  3026 E NotifHistoryProto: 	at android.os.HandlerThread.run(HandlerThread.java:85)
10-16 18:42:59.627  2706  3026 E NotifHistoryProto: 	at com.android.server.ServiceThread.run(qb/98980305 0b399ac4d289e3f0315d1f7beced4a500f214af83d2ed90ff6fd71a0c4d5f1b4:13)
10-16 18:42:59.648 26640  1799 E LoadedApk: Exception : java.lang.NullPointerException: Attempt to invoke virtual method 'boolean android.os.Looper.isPerfLogEnable()' on a null object reference
10-16 18:42:59.648 26640  1582 E LoadedApk: Exception : java.lang.NullPointerException: Attempt to invoke virtual method 'boolean android.os.Looper.isPerfLogEnable()' on a null object reference
10-16 18:42:59.649 26640  1583 E LoadedApk: Exception : java.lang.NullPointerException: Attempt to invoke virtual method 'boolean android.os.Looper.isPerfLogEnable()' on a null object reference
10-16 18:42:59.668 26722 26955 E LoadedApk: Exception : java.lang.NullPointerException: Attempt to invoke virtual method 'boolean android.os.Looper.isPerfLogEnable()' on a null object reference
10-16 18:42:59.668 26722 26955 E LoadedApk: Exception : java.lang.NullPointerException: Attempt to invoke virtual method 'boolean android.os.Looper.isPerfLogEnable()' on a null object reference
10-16 18:42:59.966  2706  3124 E AppWidgetXmlUtil: Label is empty in ComponentInfo{com.samsung.android.app.spage/com.samsung.android.app.spage.news.ui.widget.NewsWidgetReceiverCover}
10-16 18:43:10.244  2706  2720 E BatteryStatsService: Invalid uid for waking network packet: -1
10-16 18:43:23.249  2706  4457 E WindowManager: win=Window{8e0fa28 u0 NotificationShade} destroySurfaces: appStopped=true cleanupOnResume=false win.mWindowRemovalAllowed=false win.mRemoveOnExit=false win.mViewVisibility=4 caller=com.android.server.wm.WindowManagerService.tryStartExitingAnimation:147 com.android.server.wm.WindowManagerService.relayoutWindowInner:112 com.android.server.wm.WindowManagerService.relayoutWindow:6 com.android.server.wm.Session.relayout:27 android.view.IWindowSession$Stub.onTransact:861 com.android.server.wm.Session.onTransact:1 android.os.Binder.execTransactInternal:1541 
10-16 18:43:23.681  2706  3069 E Watchdog: !@Sync: 26008 heap(MB): 198 / 230 FD: 1402 [2025-10-16 18:43:23.681]
10-16 18:43:27.084  2706  4524 E AppOps  : attributionTag wifi not declared in manifest of android
10-16 18:43:27.589  2706  2720 E ActivityTaskManager: Checking for the Active launch isPkgEverLaunched :false, isPkgStopped : true, isPkgSuspended : false
10-16 18:43:29.253  2706 12127 E WindowManager: win=Window{469c630 u0 com.sec.android.app.launcher/com.sec.android.app.launcher.activities.LauncherActivity} destroySurfaces: appStopped=true cleanupOnResume=false win.mWindowRemovalAllowed=false win.mRemoveOnExit=false win.mViewVisibility=8 caller=com.android.server.wm.ActivityRecord.destroySurfaces:25 com.android.server.wm.ActivityRecord.activityStopped:184 com.android.server.wm.ActivityClientController.activityStopped:95 android.app.IActivityClientController$Stub.onTransact:722 com.android.server.wm.ActivityClientController.onTransact:1 android.os.Binder.execTransactInternal:1541 android.os.Binder.execTransact:1480 
10-16 18:43:29.253  2706 12127 E WindowManager: win=Window{37e49e9 u0 com.sec.android.app.launcher/com.sec.android.app.launcher.activities.LauncherActivity} destroySurfaces: appStopped=true cleanupOnResume=false win.mWindowRemovalAllowed=false win.mRemoveOnExit=false win.mViewVisibility=8 caller=com.android.server.wm.ActivityRecord.destroySurfaces:25 com.android.server.wm.ActivityRecord.activityStopped:184 com.android.server.wm.ActivityClientController.activityStopped:95 android.app.IActivityClientController$Stub.onTransact:722 com.android.server.wm.ActivityClientController.onTransact:1 android.os.Binder.execTransactInternal:1541 android.os.Binder.execTransact:1480 
10-16 18:43:31.830  2706 11057 E TaskPersister: File error accessing recents directory (directory doesn't exist?).
10-16 18:43:32.262  2706  4352 E Pageboost: ioinfo read failed
10-16 18:43:36.676  2706  6881 E BatteryStatsService: Invalid uid for waking network packet: -1
10-16 18:43:53.693  2706  3069 E Watchdog: !@Sync: 26009 heap(MB): 182 / 227 FD: 1396 [2025-10-16 18:43:53.693]
10-16 18:43:59.812  2706  6881 E BatteryStatsService: Invalid uid for waking network packet: -1
10-16 18:44:20.293  2706 12127 E BatteryStatsService: Invalid uid for waking network packet: -1
10-16 18:44:23.701  2706  3069 E Watchdog: !@Sync: 26010 heap(MB): 220 / 227 FD: 1402 [2025-10-16 18:44:23.700]
10-16 18:44:42.824  2706 11084 E WindowManager: win=Window{5164e13 u0 com.google.android.apps.playconsole/com.google.android.apps.play.console.mobile.MainActivity} destroySurfaces: appStopped=true cleanupOnResume=false win.mWindowRemovalAllowed=false win.mRemoveOnExit=false win.mViewVisibility=8 caller=com.android.server.wm.ActivityRecord.destroySurfaces:25 com.android.server.wm.ActivityRecord.activityStopped:184 com.android.server.wm.ActivityClientController.activityStopped:95 android.app.IActivityClientController$Stub.onTransact:722 com.android.server.wm.ActivityClientController.onTransact:1 android.os.Binder.execTransactInternal:1541 android.os.Binder.execTransact:1480 
10-16 18:44:53.708  2706  3069 E Watchdog: !@Sync: 26011 heap(MB): 211 / 226 FD: 1392 [2025-10-16 18:44:53.708]
10-16 18:45:23.715  2706  3069 E Watchdog: !@Sync: 26012 heap(MB): 188 / 227 FD: 1392 [2025-10-16 18:45:23.715]
10-16 18:45:48.401  2706  2720 E NotificationService: isPkgBlocked = false
10-16 18:45:48.401  2706  2720 E NotificationService: isRecordBlocked = true
10-16 18:45:48.401  2706  2720 E NotificationService: Suppressing notification from package com.sec.android.app.shealth by user request.
10-16 18:45:53.723  2706  3069 E Watchdog: !@Sync: 26013 heap(MB): 196 / 233 FD: 1420 [2025-10-16 18:45:53.722]
10-16 18:45:55.396  2706 11079 E BatteryStatsService: Invalid uid for waking network packet: -1
10-16 18:46:12.761  2706  6214 E WindowManager: win=Window{8e0fa28 u0 NotificationShade} destroySurfaces: appStopped=true cleanupOnResume=false win.mWindowRemovalAllowed=false win.mRemoveOnExit=false win.mViewVisibility=4 caller=com.android.server.wm.WindowManagerService.tryStartExitingAnimation:147 com.android.server.wm.WindowManagerService.relayoutWindowInner:112 com.android.server.wm.WindowManagerService.relayoutWindow:6 com.android.server.wm.Session.relayout:27 android.view.IWindowSession$Stub.onTransact:861 com.android.server.wm.Session.onTransact:1 android.os.Binder.execTransactInternal:1541 
10-16 18:46:14.436 26640  4804 E LoadedApk: Exception : java.lang.NullPointerException: Attempt to invoke virtual method 'boolean android.os.Looper.isPerfLogEnable()' on a null object reference
10-16 18:46:14.436 26640  4804 E LoadedApk: Exception : java.lang.NullPointerException: Attempt to invoke virtual method 'boolean android.os.Looper.isPerfLogEnable()' on a null object reference
10-16 18:46:18.243 19861 19861 E ActivityThread: Failed to find provider info for com.zhiliaoapp.musically.apm
10-16 18:46:18.462 19861 20003 E ActivityThread: Failed to find provider info for com.zhiliaoapp.musically.apm
10-16 18:46:18.567  2706 11079 E WindowManager: win=Window{469c630 u0 com.sec.android.app.launcher/com.sec.android.app.launcher.activities.LauncherActivity} destroySurfaces: appStopped=true cleanupOnResume=false win.mWindowRemovalAllowed=false win.mRemoveOnExit=false win.mViewVisibility=8 caller=com.android.server.wm.ActivityRecord.destroySurfaces:25 com.android.server.wm.ActivityRecord.activityStopped:184 com.android.server.wm.ActivityClientController.activityStopped:95 android.app.IActivityClientController$Stub.onTransact:722 com.android.server.wm.ActivityClientController.onTransact:1 android.os.Binder.execTransactInternal:1541 android.os.Binder.execTransact:1480 
10-16 18:46:18.567  2706 11079 E WindowManager: win=Window{37e49e9 u0 com.sec.android.app.launcher/com.sec.android.app.launcher.activities.LauncherActivity} destroySurfaces: appStopped=true cleanupOnResume=false win.mWindowRemovalAllowed=false win.mRemoveOnExit=false win.mViewVisibility=8 caller=com.android.server.wm.ActivityRecord.destroySurfaces:25 com.android.server.wm.ActivityRecord.activityStopped:184 com.android.server.wm.ActivityClientController.activityStopped:95 android.app.IActivityClientController$Stub.onTransact:722 com.android.server.wm.ActivityClientController.onTransact:1 android.os.Binder.execTransactInternal:1541 android.os.Binder.execTransact:1480 
10-16 18:46:18.816  2706  3029 E WindowManager: win=Window{f3ee871 u0 SnapshotStartingWindow for taskId=4743 EXITING} destroySurfaces: appStopped=false cleanupOnResume=false win.mWindowRemovalAllowed=true win.mRemoveOnExit=true win.mViewVisibility=0 caller=com.android.server.wm.WindowState.onExitAnimationDone:222 com.android.server.wm.WindowState.onAnimationFinished:161 com.android.server.wm.WindowContainer$$ExternalSyntheticLambda5.onAnimationFinished:26 com.android.server.wm.SurfaceAnimator$$ExternalSyntheticLambda1.run:28 com.android.server.wm.SurfaceAnimator$$ExternalSyntheticLambda0.onAnimationFinished:65 com.android.server.wm.LocalAnimationAdapter$$ExternalSyntheticLambda0.run:10 android.os.Handler.handleCallback:959 
10-16 18:46:21.160  2706 11057 E TaskPersister: File error accessing recents directory (directory doesn't exist?).
10-16 18:46:23.734  2706  3069 E Watchdog: !@Sync: 26014 heap(MB): 223 / 225 FD: 1459 [2025-10-16 18:46:23.734]
10-16 18:46:42.601 19861 20025 E ActivityThread: Failed to find provider info for com.zhiliaoapp.musically.apm
10-16 18:46:50.483  2706  2720 E NotificationService: isPkgBlocked = false
10-16 18:46:50.483  2706  2720 E NotificationService: isRecordBlocked = true
10-16 18:46:50.483  2706  2720 E NotificationService: Suppressing notification from package com.sec.android.app.shealth by user request.
10-16 18:46:53.738  2706  3069 E Watchdog: !@Sync: 26015 heap(MB): 212 / 225 FD: 1439 [2025-10-16 18:46:53.738]
10-16 18:47:23.745  2706  3069 E Watchdog: !@Sync: 26016 heap(MB): 191 / 225 FD: 1439 [2025-10-16 18:47:23.745]
10-16 18:47:24.643  2706  5064 E WindowManager: win=Window{5728d3c u0 InputMethod} destroySurfaces: appStopped=true cleanupOnResume=false win.mWindowRemovalAllowed=false win.mRemoveOnExit=false win.mViewVisibility=8 caller=com.android.server.wm.WindowManagerService.tryStartExitingAnimation:147 com.android.server.wm.WindowManagerService.relayoutWindowInner:112 com.android.server.wm.WindowManagerService.relayoutWindow:6 com.android.server.wm.Session.relayout:27 android.view.IWindowSession$Stub.onTransact:861 com.android.server.wm.Session.onTransact:1 android.os.Binder.execTransactInternal:1541 
10-16 18:47:53.753  2706  3069 E Watchdog: !@Sync: 26017 heap(MB): 184 / 225 FD: 1433 [2025-10-16 18:47:53.752]
10-16 18:48:03.780 26640  6926 E LoadedApk: Exception : java.lang.NullPointerException: Attempt to invoke virtual method 'boolean android.os.Looper.isPerfLogEnable()' on a null object reference
10-16 18:48:03.780 26722 31609 E LoadedApk: Exception : java.lang.NullPointerException: Attempt to invoke virtual method 'boolean android.os.Looper.isPerfLogEnable()' on a null object reference
10-16 18:48:03.780 26722 31609 E LoadedApk: Exception : java.lang.NullPointerException: Attempt to invoke virtual method 'boolean android.os.Looper.isPerfLogEnable()' on a null object reference
10-16 18:48:03.896 26722 31609 E LoadedApk: Exception : java.lang.NullPointerException: Attempt to invoke virtual method 'boolean android.os.Looper.isPerfLogEnable()' on a null object reference
10-16 18:48:03.896 26722 31609 E LoadedApk: Exception : java.lang.NullPointerException: Attempt to invoke virtual method 'boolean android.os.Looper.isPerfLogEnable()' on a null object reference
10-16 18:48:23.756  2706  3069 E Watchdog: !@Sync: 26018 heap(MB): 229 / 229 FD: 1439 [2025-10-16 18:48:23.756]
10-16 18:48:53.763  2706  3069 E Watchdog: !@Sync: 26019 heap(MB): 203 / 225 FD: 1438 [2025-10-16 18:48:53.763]
10-16 18:49:23.868  2706  3069 E Watchdog: !@Sync: 26020 heap(MB): 207 / 225 native(MB): 122 FD: 1438 WaitTime: 0 ms GCcnt: 0 FullGC: 0 [2025-10-16 18:49:23.769]
10-16 18:49:40.722  1676  7953 E ActivityThread: Failed to find provider info for com.google.android.instantapps.supervisor.SupervisorArchiveProvider
10-16 18:49:41.065 26722  8037 E ActivityThread: Failed to find provider info for subscribedfeeds
