10-18 23:04:27.324  2706 12088 E WindowManager: win=Window{ace18f5 u0 com.zhiliaoapp.musically/com.ss.android.ugc.aweme.splash.SplashActivity} destroySurfaces: appStopped=true cleanupOnResume=false win.mWindowRemovalAllowed=false win.mRemoveOnExit=false win.mViewVisibility=8 caller=com.android.server.wm.ActivityRecord.destroySurfaces:25 com.android.server.wm.ActivityRecord.activityStopped:184 com.android.server.wm.ActivityClientController.activityStopped:95 android.app.IActivityClientController$Stub.onTransact:722 com.android.server.wm.ActivityClientController.onTransact:1 android.os.Binder.execTransactInternal:1541 android.os.Binder.execTransact:1480 
10-18 23:04:27.406  2706  3029 E WindowManager: win=Window{d62a6f5 u0 com.zhiliaoapp.musically/com.ss.android.ugc.aweme.splash.SplashActivity EXITING} destroySurfaces: appStopped=true cleanupOnResume=false win.mWindowRemovalAllowed=false win.mRemoveOnExit=false win.mViewVisibility=8 caller=com.android.server.wm.WindowState.onExitAnimationDone:222 com.android.server.wm.WindowState.onAnimationFinished:161 com.android.server.wm.WindowContainer$$ExternalSyntheticLambda5.onAnimationFinished:26 com.android.server.wm.SurfaceAnimator$$ExternalSyntheticLambda1.run:28 com.android.server.wm.SurfaceAnimator$$ExternalSyntheticLambda0.onAnimationFinished:65 com.android.server.wm.LocalAnimationAdapter$$ExternalSyntheticLambda0.run:10 android.os.Handler.handleCallback:959 
10-18 23:04:28.247  1183 17065 E keystore2: system/security/keystore2/src/error.rs:173 - Rc(r#KEY_NOT_FOUND), "system/security/keystore2/src/service.rs:167: In get_key_entry, while trying to load key info. 5009, Some(\"com.samsung.android.scloud_SERVER_CERT\")"
10-18 23:04:28.247  1183 17068 E keystore2: system/security/keystore2/src/error.rs:173 - Rc(r#KEY_NOT_FOUND), "system/security/keystore2/src/service.rs:167: In get_key_entry, while trying to load key info. 5009, Some(\"com.samsung.android.scloud_SERVER_CERT\")"
10-18 23:04:28.256  2706  4652 E WindowManager: win=Window{ce52b3d u0 com.sec.android.app.launcher/com.sec.android.app.launcher.activities.LauncherActivity} destroySurfaces: appStopped=true cleanupOnResume=false win.mWindowRemovalAllowed=false win.mRemoveOnExit=false win.mViewVisibility=8 caller=com.android.server.wm.ActivityRecord.destroySurfaces:25 com.android.server.wm.ActivityRecord.activityStopped:184 com.android.server.wm.ActivityClientController.activityStopped:95 android.app.IActivityClientController$Stub.onTransact:722 com.android.server.wm.ActivityClientController.onTransact:1 android.os.Binder.execTransactInternal:1541 android.os.Binder.execTransact:1480 
10-18 23:04:28.256  2706  4652 E WindowManager: win=Window{37e49e9 u0 com.sec.android.app.launcher/com.sec.android.app.launcher.activities.LauncherActivity} destroySurfaces: appStopped=true cleanupOnResume=false win.mWindowRemovalAllowed=false win.mRemoveOnExit=false win.mViewVisibility=8 caller=com.android.server.wm.ActivityRecord.destroySurfaces:25 com.android.server.wm.ActivityRecord.activityStopped:184 com.android.server.wm.ActivityClientController.activityStopped:95 android.app.IActivityClientController$Stub.onTransact:722 com.android.server.wm.ActivityClientController.onTransact:1 android.os.Binder.execTransactInternal:1541 android.os.Binder.execTransact:1480 
10-18 23:04:30.856  2706 11057 E TaskPersister: File error accessing recents directory (directory doesn't exist?).
10-18 23:04:30.990  2706  4352 E Pageboost: ioinfo read failed
10-18 23:04:33.403  2706  3069 E Watchdog: !@Sync: 28290 heap(MB): 234 / 242 FD: 1483 [2025-10-18 23:04:33.402]
10-18 23:05:03.409  2706  3069 E Watchdog: !@Sync: 28291 heap(MB): 181 / 227 FD: 1478 [2025-10-18 23:05:03.408]
10-18 23:05:17.505  2706  2721 E WindowManager: win=Window{43d4244 u0 com.sec.android.gallery3d/com.samsung.android.gallery.app.activity.GalleryActivity} destroySurfaces: appStopped=true cleanupOnResume=false win.mWindowRemovalAllowed=false win.mRemoveOnExit=false win.mViewVisibility=8 caller=com.android.server.wm.ActivityRecord.destroySurfaces:25 com.android.server.wm.ActivityRecord.activityStopped:184 com.android.server.wm.ActivityClientController.activityStopped:95 android.app.IActivityClientController$Stub.onTransact:722 com.android.server.wm.ActivityClientController.onTransact:1 android.os.Binder.execTransactInternal:1541 android.os.Binder.execTransact:1480 
10-18 23:05:17.649 32195 32195 E ActivityThread: Failed to find provider info for com.zhiliaoapp.musically.apm
10-18 23:05:17.920  2706  6889 E WindowManager: win=Window{84c1c09 u0 com.sec.android.app.launcher/com.android.quickstep.RecentsActivity} destroySurfaces: appStopped=true cleanupOnResume=false win.mWindowRemovalAllowed=false win.mRemoveOnExit=false win.mViewVisibility=8 caller=com.android.server.wm.ActivityRecord.destroySurfaces:25 com.android.server.wm.ActivityRecord.activityStopped:184 com.android.server.wm.ActivityClientController.activityStopped:95 android.app.IActivityClientController$Stub.onTransact:722 com.android.server.wm.ActivityClientController.onTransact:1 android.os.Binder.execTransactInternal:1541 android.os.Binder.execTransact:1480 
10-18 23:05:18.002  2706  3029 E WindowManager: win=Window{e7cdefe u0 SnapshotStartingWindow for taskId=4891 EXITING} destroySurfaces: appStopped=false cleanupOnResume=false win.mWindowRemovalAllowed=true win.mRemoveOnExit=true win.mViewVisibility=0 caller=com.android.server.wm.WindowState.onExitAnimationDone:222 com.android.server.wm.WindowState.onAnimationFinished:161 com.android.server.wm.WindowContainer$$ExternalSyntheticLambda5.onAnimationFinished:26 com.android.server.wm.SurfaceAnimator$$ExternalSyntheticLambda1.run:28 com.android.server.wm.SurfaceAnimator$$ExternalSyntheticLambda0.onAnimationFinished:65 com.android.server.wm.LocalAnimationAdapter$$ExternalSyntheticLambda0.run:10 android.os.Handler.handleCallback:959 
10-18 23:05:20.544  2706 11057 E TaskPersister: File error accessing recents directory (directory doesn't exist?).
10-18 23:05:33.417  2706  3069 E Watchdog: !@Sync: 28292 heap(MB): 189 / 229 FD: 1479 [2025-10-18 23:05:33.417]
10-18 23:05:35.993  2706  4967 E BatteryStatsService: Invalid uid for waking network packet: -1
10-18 23:05:46.700  2706  5074 E WindowManager: win=Window{ac9afe7 u0 PopupWindow:4f6516b} destroySurfaces: appStopped=true cleanupOnResume=false win.mWindowRemovalAllowed=false win.mRemoveOnExit=false win.mViewVisibility=8 caller=com.android.server.wm.WindowState.destroySurface:30 com.android.server.wm.ActivityRecord.destroySurfaces:25 com.android.server.wm.ActivityRecord.activityStopped:184 com.android.server.wm.ActivityClientController.activityStopped:95 android.app.IActivityClientController$Stub.onTransact:722 com.android.server.wm.ActivityClientController.onTransact:1 android.os.Binder.execTransactInternal:1541 
10-18 23:05:46.702  2706  5074 E WindowManager: win=Window{ace18f5 u0 com.zhiliaoapp.musically/com.ss.android.ugc.aweme.splash.SplashActivity} destroySurfaces: appStopped=true cleanupOnResume=false win.mWindowRemovalAllowed=false win.mRemoveOnExit=false win.mViewVisibility=8 caller=com.android.server.wm.ActivityRecord.destroySurfaces:25 com.android.server.wm.ActivityRecord.activityStopped:184 com.android.server.wm.ActivityClientController.activityStopped:95 android.app.IActivityClientController$Stub.onTransact:722 com.android.server.wm.ActivityClientController.onTransact:1 android.os.Binder.execTransactInternal:1541 android.os.Binder.execTransact:1480 
10-18 23:05:46.802  2706  3029 E WindowManager: win=Window{d62a6f5 u0 com.zhiliaoapp.musically/com.ss.android.ugc.aweme.splash.SplashActivity EXITING} destroySurfaces: appStopped=true cleanupOnResume=false win.mWindowRemovalAllowed=false win.mRemoveOnExit=false win.mViewVisibility=8 caller=com.android.server.wm.WindowState.onExitAnimationDone:222 com.android.server.wm.WindowState.onAnimationFinished:161 com.android.server.wm.WindowContainer$$ExternalSyntheticLambda5.onAnimationFinished:26 com.android.server.wm.SurfaceAnimator$$ExternalSyntheticLambda1.run:28 com.android.server.wm.SurfaceAnimator$$ExternalSyntheticLambda0.onAnimationFinished:65 com.android.server.wm.LocalAnimationAdapter$$ExternalSyntheticLambda0.run:10 android.os.Handler.handleCallback:959 
10-18 23:05:49.168  2706 11057 E TaskPersister: File error accessing recents directory (directory doesn't exist?).
10-18 23:06:03.420  2706  3069 E Watchdog: !@Sync: 28293 heap(MB): 200 / 228 FD: 1482 [2025-10-18 23:06:03.420]
10-18 23:06:19.299  2706  3029 E WindowManager: win=Window{84bb74a u0 com.zhiliaoapp.musically/com.ss.android.ugc.aweme.detail.ui.DetailActivity EXITING} destroySurfaces: appStopped=false cleanupOnResume=false win.mWindowRemovalAllowed=true win.mRemoveOnExit=true win.mViewVisibility=0 caller=com.android.server.wm.WindowState.onExitAnimationDone:222 com.android.server.wm.WindowState.onAnimationFinished:161 com.android.server.wm.WindowContainer$$ExternalSyntheticLambda5.onAnimationFinished:26 com.android.server.wm.SurfaceAnimator$$ExternalSyntheticLambda1.run:28 com.android.server.wm.SurfaceAnimator$$ExternalSyntheticLambda0.onAnimationFinished:65 com.android.server.wm.LocalAnimationAdapter$$ExternalSyntheticLambda0.run:10 android.os.Handler.handleCallback:959 
10-18 23:06:20.813  2706  3029 E WindowManager: win=Window{c0e3f76 u0 com.zhiliaoapp.musically/com.ss.android.ugc.aweme.detail.ui.DetailActivity EXITING} destroySurfaces: appStopped=false cleanupOnResume=false win.mWindowRemovalAllowed=true win.mRemoveOnExit=true win.mViewVisibility=0 caller=com.android.server.wm.WindowState.onExitAnimationDone:222 com.android.server.wm.WindowState.onAnimationFinished:161 com.android.server.wm.WindowContainer$$ExternalSyntheticLambda5.onAnimationFinished:26 com.android.server.wm.SurfaceAnimator$$ExternalSyntheticLambda1.run:28 com.android.server.wm.SurfaceAnimator$$ExternalSyntheticLambda0.onAnimationFinished:65 com.android.server.wm.LocalAnimationAdapter$$ExternalSyntheticLambda0.run:10 android.os.Handler.handleCallback:959 
10-18 23:06:24.159  2706  3029 E WindowManager: win=Window{aca7d1 u0 com.zhiliaoapp.musically/com.ss.android.ugc.aweme.detail.ui.DetailActivity EXITING} destroySurfaces: appStopped=false cleanupOnResume=false win.mWindowRemovalAllowed=true win.mRemoveOnExit=true win.mViewVisibility=0 caller=com.android.server.wm.WindowState.onExitAnimationDone:222 com.android.server.wm.WindowState.onAnimationFinished:161 com.android.server.wm.WindowContainer$$ExternalSyntheticLambda5.onAnimationFinished:26 com.android.server.wm.SurfaceAnimator$$ExternalSyntheticLambda1.run:28 com.android.server.wm.SurfaceAnimator$$ExternalSyntheticLambda0.onAnimationFinished:65 com.android.server.wm.LocalAnimationAdapter$$ExternalSyntheticLambda0.run:10 android.os.Handler.handleCallback:959 
10-18 23:06:26.423  2706  3029 E WindowManager: win=Window{32d0ff u0 com.zhiliaoapp.musically/com.ss.android.ugc.aweme.detail.ui.DetailActivity EXITING} destroySurfaces: appStopped=false cleanupOnResume=false win.mWindowRemovalAllowed=true win.mRemoveOnExit=true win.mViewVisibility=0 caller=com.android.server.wm.WindowState.onExitAnimationDone:222 com.android.server.wm.WindowState.onAnimationFinished:161 com.android.server.wm.WindowContainer$$ExternalSyntheticLambda5.onAnimationFinished:26 com.android.server.wm.SurfaceAnimator$$ExternalSyntheticLambda1.run:28 com.android.server.wm.SurfaceAnimator$$ExternalSyntheticLambda0.onAnimationFinished:65 com.android.server.wm.LocalAnimationAdapter$$ExternalSyntheticLambda0.run:10 android.os.Handler.handleCallback:959 
10-18 23:06:33.286 32195 32195 E ActivityThread: Failed to find provider info for com.zhiliaoapp.musically.apm
10-18 23:06:33.317  2706 11085 E WindowManager: win=Window{ac9afe7 u0 PopupWindow:4f6516b} destroySurfaces: appStopped=true cleanupOnResume=false win.mWindowRemovalAllowed=false win.mRemoveOnExit=false win.mViewVisibility=8 caller=com.android.server.wm.WindowState.destroySurface:30 com.android.server.wm.ActivityRecord.destroySurfaces:25 com.android.server.wm.ActivityRecord.activityStopped:184 com.android.server.wm.ActivityClientController.activityStopped:95 android.app.IActivityClientController$Stub.onTransact:722 com.android.server.wm.ActivityClientController.onTransact:1 android.os.Binder.execTransactInternal:1541 
10-18 23:06:33.317  2706 11085 E WindowManager: win=Window{ace18f5 u0 com.zhiliaoapp.musically/com.ss.android.ugc.aweme.splash.SplashActivity} destroySurfaces: appStopped=true cleanupOnResume=false win.mWindowRemovalAllowed=false win.mRemoveOnExit=false win.mViewVisibility=8 caller=com.android.server.wm.ActivityRecord.destroySurfaces:25 com.android.server.wm.ActivityRecord.activityStopped:184 com.android.server.wm.ActivityClientController.activityStopped:95 android.app.IActivityClientController$Stub.onTransact:722 com.android.server.wm.ActivityClientController.onTransact:1 android.os.Binder.execTransactInternal:1541 android.os.Binder.execTransact:1480 
10-18 23:06:33.397  2706  3029 E WindowManager: win=Window{d62a6f5 u0 com.zhiliaoapp.musically/com.ss.android.ugc.aweme.splash.SplashActivity EXITING} destroySurfaces: appStopped=true cleanupOnResume=false win.mWindowRemovalAllowed=false win.mRemoveOnExit=false win.mViewVisibility=8 caller=com.android.server.wm.WindowState.onExitAnimationDone:222 com.android.server.wm.WindowState.onAnimationFinished:161 com.android.server.wm.WindowContainer$$ExternalSyntheticLambda5.onAnimationFinished:26 com.android.server.wm.SurfaceAnimator$$ExternalSyntheticLambda1.run:28 com.android.server.wm.SurfaceAnimator$$ExternalSyntheticLambda0.onAnimationFinished:65 com.android.server.wm.LocalAnimationAdapter$$ExternalSyntheticLambda0.run:10 android.os.Handler.handleCallback:959 
10-18 23:06:33.424  2706  3069 E Watchdog: !@Sync: 28294 heap(MB): 211 / 230 FD: 1494 [2025-10-18 23:06:33.423]
10-18 23:06:33.796  2706  3029 E WindowManager: win=Window{ddfa954 u0 SnapshotStartingWindow for taskId=4912 EXITING} destroySurfaces: appStopped=false cleanupOnResume=false win.mWindowRemovalAllowed=true win.mRemoveOnExit=true win.mViewVisibility=0 caller=com.android.server.wm.WindowState.onExitAnimationDone:222 com.android.server.wm.WindowState.onAnimationFinished:161 com.android.server.wm.WindowContainer$$ExternalSyntheticLambda5.onAnimationFinished:26 com.android.server.wm.SurfaceAnimator$$ExternalSyntheticLambda1.run:28 com.android.server.wm.SurfaceAnimator$$ExternalSyntheticLambda0.onAnimationFinished:65 com.android.server.wm.LocalAnimationAdapter$$ExternalSyntheticLambda0.run:10 android.os.Handler.handleCallback:959 
10-18 23:06:33.830  2706  2721 E WindowManager: win=Window{84c1c09 u0 com.sec.android.app.launcher/com.android.quickstep.RecentsActivity} destroySurfaces: appStopped=true cleanupOnResume=false win.mWindowRemovalAllowed=false win.mRemoveOnExit=false win.mViewVisibility=8 caller=com.android.server.wm.ActivityRecord.destroySurfaces:25 com.android.server.wm.ActivityRecord.activityStopped:184 com.android.server.wm.ActivityClientController.activityStopped:95 android.app.IActivityClientController$Stub.onTransact:722 com.android.server.wm.ActivityClientController.onTransact:1 android.os.Binder.execTransactInternal:1541 android.os.Binder.execTransact:1480 
10-18 23:06:35.030  2706 11057 E TaskPersister: File error accessing recents directory (directory doesn't exist?).
10-18 23:06:43.920  2706  2721 E WindowManager: Unable to transfer touch focus
10-18 23:07:03.433  2706  3069 E Watchdog: !@Sync: 28295 heap(MB): 199 / 227 FD: 1478 [2025-10-18 23:07:03.433]
10-18 23:07:30.994 32195 32326 E ActivityThread: Failed to find provider info for com.zhiliaoapp.musically.apm
10-18 23:07:33.438  2706  3069 E Watchdog: !@Sync: 28296 heap(MB): 196 / 227 FD: 1477 [2025-10-18 23:07:33.438]
10-18 23:07:45.625  2706  6889 E BatteryStatsService: Invalid uid for waking network packet: -1
10-18 23:07:47.673  2706  6889 E BatteryStatsService: Invalid uid for waking network packet: -1
10-18 23:08:03.446  2706  3069 E Watchdog: !@Sync: 28297 heap(MB): 195 / 227 FD: 1473 [2025-10-18 23:08:03.446]
10-18 23:08:05.484  2706  5074 E WindowManager: win=Window{43d4244 u0 com.sec.android.gallery3d/com.samsung.android.gallery.app.activity.GalleryActivity} destroySurfaces: appStopped=true cleanupOnResume=false win.mWindowRemovalAllowed=false win.mRemoveOnExit=false win.mViewVisibility=8 caller=com.android.server.wm.ActivityRecord.destroySurfaces:25 com.android.server.wm.ActivityRecord.activityStopped:184 com.android.server.wm.ActivityClientController.activityStopped:95 android.app.IActivityClientController$Stub.onTransact:722 com.android.server.wm.ActivityClientController.onTransact:1 android.os.Binder.execTransactInternal:1541 android.os.Binder.execTransact:1480 
10-18 23:08:07.282 14971 15146 E ActivityThread: Failed to find provider info for com.zhiliaoapp.musically.apm
10-18 23:08:07.282 14971 15146 E ActivityThread: Failed to find provider info for com.zhiliaoapp.musically.apm
10-18 23:08:07.282 14971 15146 E ActivityThread: Failed to find provider info for com.zhiliaoapp.musically.apm
10-18 23:08:07.486  2706  4652 E WindowManager: win=Window{84c1c09 u0 com.sec.android.app.launcher/com.android.quickstep.RecentsActivity} destroySurfaces: appStopped=true cleanupOnResume=false win.mWindowRemovalAllowed=false win.mRemoveOnExit=false win.mViewVisibility=4 caller=com.android.server.wm.ActivityRecord.destroySurfaces:25 com.android.server.wm.ActivityRecord.activityStopped:184 com.android.server.wm.ActivityClientController.activityStopped:95 android.app.IActivityClientController$Stub.onTransact:722 com.android.server.wm.ActivityClientController.onTransact:1 android.os.Binder.execTransactInternal:1541 android.os.Binder.execTransact:1480 
10-18 23:08:07.499 14971 15027 E ActivityThread: Failed to find provider info for com.xiaomi.discover.external
10-18 23:08:09.827  2706 11057 E TaskPersister: File error accessing recents directory (directory doesn't exist?).
10-18 23:08:10.385  2706  4352 E Pageboost: ioinfo read failed
10-18 23:08:13.550   960  1034 E SPL     : unknown cmd id [57005]
10-18 23:08:13.571   960  1037 E SPL     : unknown cmd id [57005]
10-18 23:08:13.828   960  1037 E SPL     : unknown cmd id [57005]
10-18 23:08:13.841   960  1037 E SPL     : unknown cmd id [57005]
10-18 23:08:15.358   960  1037 E SPL     : unknown cmd id [57005]
10-18 23:08:15.379   960  1037 E SPL     : unknown cmd id [57005]
10-18 23:08:15.631   960  1034 E SPL     : unknown cmd id [57005]
10-18 23:08:15.643   960  1034 E SPL     : unknown cmd id [57005]
--------- beginning of main
10-18 23:08:22.643  2064 18745 E QC2Comp : [hvcD_457] configureIntf failed 95
10-18 23:08:22.644  2064 15896 E QC2V4l2Codec: [v4lhvcD_457]  ? is not a supported pixel format!
10-18 23:08:22.669  4753  4753 E MediaControlProfile: onCurrentPlayerStateUpdated: base actions not supported, player actions= 0, expected at least= 7f
10-18 23:08:22.682 14971 15408 E ttmn    : <6fe7496350,ff_demuxer_android.cpp,readFFPacket,885>ffmpeg format error.code:-499960,message:Unknown error 499960
10-18 23:08:22.695  4753  4753 E MediaControlProfile: onCurrentPlayerStateUpdated: base actions not supported, player actions= 0, expected at least= 7f
10-18 23:08:22.704  2706  2706 E DrmMediaResourceHelper: onRemove making Dpdrm to 0 second point 
10-18 23:08:22.863 14971 14971 E BufferQueueProducer: [SurfaceView[com.zhiliaoapp.musically/com.ss.android.ugc.aweme.splash.SplashActivity]@0#1(BLAST Consumer)1](id:3a7b00000001,api:0,p:-1,c:14971) disconnect: not connected (req=2)
10-18 23:08:22.923  2064  3281 E QC2Comp : [hvcD_458] configureIntf failed 95
10-18 23:08:22.924  2064 15925 E QC2V4l2Codec: [v4lhvcD_458]  ? is not a supported pixel format!
10-18 23:08:23.200  2706 11079 E SemContext.CaeProvider: setAttribute() : attribute is null!
10-18 23:08:23.200  2706 11079 E SensorService: BigData:Pakage) 5 already enabled. 
10-18 23:08:23.207  2156 28112 E ConversionHelperAidl: Function: parseAndSetVendorParameters Line: 94 Failed 
10-18 23:08:23.207  2156 28112 E ConversionHelperAidl: Function: parseAndSetVendorParameters Line: 94 Failed 
10-18 23:08:23.227  2156 24375 E ConversionHelperAidl: Function: parseAndSetVendorParameters Line: 94 Failed 
10-18 23:08:23.227  2156 24375 E ConversionHelperAidl: Function: parseAndSetVendorParameters Line: 94 Failed 
10-18 23:08:23.484 14971 15907 E BX      : [nonstd::optional<StrategyResult> bytebench::ruleengine::BXRuleEngine::executorStrategy(int, const std::string &, bytebench::ruleengine::MatchParams &, bool):95] bytebench_1233, get strategy failed: test_pitaya
10-18 23:08:24.310  2706 12088 E SensorService: BigData:Pakage) 5 already disabled. 
10-18 23:08:24.954  2018  2119 E minksocket: MinkIPC ERROR: ( 2018:2119 ) MinkIPC_preProcess:272 Client down, but cannot find corresponding minksession
10-18 23:08:24.954  2018  2126 E minksocket: MinkIPC ERROR: ( 2018:2126 ) MinkIPC_preProcess:272 Client down, but cannot find corresponding minksession
10-18 23:08:27.243  2706  4083 E SemWifiResourceManager: bw switch success
10-18 23:08:29.018 14971 14980 E gcblocker: too long GC blocking: 3000
10-18 23:08:29.018 14971 14980 E gcblocker: gc block end, 849366334,3007
10-18 23:08:30.540  2706  3124 E AppWidgetXmlUtil: Label is empty in ComponentInfo{com.samsung.android.app.spage/com.samsung.android.app.spage.news.ui.widget.NewsWidgetReceiverCover}
10-18 23:08:33.248  2156  8897 E ConversionHelperAidl: Function: parseAndSetVendorParameters Line: 94 Failed 
10-18 23:08:33.249  2156  8897 E ConversionHelperAidl: Function: parseAndSetVendorParameters Line: 94 Failed 
10-18 23:08:33.268  2156 28112 E ConversionHelperAidl: Function: parseAndSetVendorParameters Line: 94 Failed 
10-18 23:08:33.269  2156 28112 E ConversionHelperAidl: Function: parseAndSetVendorParameters Line: 94 Failed 
10-18 23:08:33.457  2706  3069 E Watchdog: !@Sync: 28298 heap(MB): 227 / 227 FD: 1465 [2025-10-18 23:08:33.457]
10-18 23:08:34.353  2070  2162 E BatteryDump: !@new_battery_dump : 4121,-610,100,100,79,328,328,342,328,0,332,342,0,Discharging,NO_CHARGING,None,Good,NONE,0,Normal,0,0,9300,0x40000000,0x10000,0x0,0,0,470,v0002,0000,0000,00000000,0,0,0,0,48,4159,7770,980,0,
10-18 23:08:36.126  2706  2706 E DrmMediaResourceHelper: onRemove making Dpdrm to 0 second point 
10-18 23:08:36.326 14971 14986 E BufferQueueProducer: [[BBQ]Live-1#311321#4(BLAST Consumer)4](id:3a7b00000005,api:3,p:14971,c:14971) cancelBuffer: BufferQueue has been abandoned
10-18 23:08:36.326 14971 15545 E BufferQueueProducer: [[BBQ]Live-1#311321#4(BLAST Consumer)4](id:3a7b00000005,api:3,p:14971,c:14971) cancelBuffer: BufferQueue has been abandoned
10-18 23:08:36.326 14971 14986 E BufferQueueProducer: [[BBQ]Live-1#311321#4(BLAST Consumer)4](id:3a7b00000005,api:3,p:14971,c:14971) cancelBuffer: BufferQueue has been abandoned
10-18 23:08:36.326 14971 15545 E BufferQueueProducer: [[BBQ]Live-1#311321#4(BLAST Consumer)4](id:3a7b00000005,api:3,p:14971,c:14971) cancelBuffer: BufferQueue has been abandoned
10-18 23:08:36.326 14971 15341 E BufferQueueProducer: [[BBQ]Live-1#311321#4(BLAST Consumer)4](id:3a7b00000005,api:3,p:14971,c:14971) cancelBuffer: BufferQueue has been abandoned
10-18 23:08:36.326 14971 14986 E BufferQueueProducer: [[BBQ]Live-1#311321#4(BLAST Consumer)4](id:3a7b00000005,api:3,p:14971,c:14971) cancelBuffer: BufferQueue has been abandoned
10-18 23:08:36.326 14971 15341 E BufferQueueProducer: [[BBQ]Live-1#311321#4(BLAST Consumer)4](id:3a7b00000005,api:3,p:14971,c:14971) cancelBuffer: BufferQueue has been abandoned
10-18 23:08:36.326 14971 15341 E BufferQueueProducer: [[BBQ]Live-1#311321#4(BLAST Consumer)4](id:3a7b00000005,api:3,p:14971,c:14971) cancelBuffer: BufferQueue has been abandoned
10-18 23:08:36.326 14971 14986 E BufferQueueProducer: [[BBQ]Live-1#311321#4(BLAST Consumer)4](id:3a7b00000005,api:3,p:14971,c:14971) cancelBuffer: BufferQueue has been abandoned
10-18 23:08:36.326 14971 15341 E BufferQueueProducer: [[BBQ]Live-1#311321#4(BLAST Consumer)4](id:3a7b00000005,api:3,p:14971,c:14971) cancelBuffer: BufferQueue has been abandoned
10-18 23:08:36.326 14971 14986 E BufferQueueProducer: [[BBQ]Live-1#311321#4(BLAST Consumer)4](id:3a7b00000005,api:3,p:14971,c:14971) cancelBuffer: BufferQueue has been abandoned
10-18 23:08:36.326 14971 14986 E BufferQueueProducer: [[BBQ]Live-1#311321#4(BLAST Consumer)4](id:3a7b00000005,api:3,p:14971,c:14971) cancelBuffer: BufferQueue has been abandoned
10-18 23:08:36.327 14971 15341 E BufferQueueProducer: [[BBQ]Live-1#311321#4(BLAST Consumer)4](id:3a7b00000005,api:3,p:14971,c:14971) cancelBuffer: BufferQueue has been abandoned
10-18 23:08:36.327 14971 14986 E BufferQueueProducer: [[BBQ]Live-1#311321#4(BLAST Consumer)4](id:3a7b00000005,api:3,p:14971,c:14971) cancelBuffer: BufferQueue has been abandoned
10-18 23:08:36.327 14971 14986 E BufferQueueProducer: [[BBQ]Live-1#311321#4(BLAST Consumer)4](id:3a7b00000005,api:3,p:14971,c:14971) cancelBuffer: BufferQueue has been abandoned
10-18 23:08:36.327 14971 14986 E BufferQueueProducer: [[BBQ]Live-1#311321#4(BLAST Consumer)4](id:3a7b00000005,api:3,p:14971,c:14971) cancelBuffer: BufferQueue has been abandoned
10-18 23:08:36.337  2706  2706 E DrmMediaResourceHelper: onRemove making Dpdrm to 0 second point 
10-18 23:08:36.829  2064 18743 E QC2Comp : [avcD_459] configureIntf failed 95
10-18 23:08:36.830  2064 15997 E QC2V4l2Codec: [v4lavcD_459]  ? is not a supported pixel format!
10-18 23:08:41.507 16011 16011 E libc    : SetHeapTaggingLevel: re-enabling tagging after it was disabled is not supported
10-18 23:08:41.514 16011 16011 E ocessService0:0: Not starting debugger since process cannot load the jdwp agent.
10-18 23:08:41.578 18066 23320 E adservices.measurement: User has not consented.
10-18 23:08:42.874 14971 15947 E ByteVC2_dec: vc2_thread [warning]: WPP is not supported by the bitstream, turn it off
10-18 23:08:43.289  2156 28112 E ConversionHelperAidl: Function: parseAndSetVendorParameters Line: 94 Failed 
10-18 23:08:43.290  2156 28112 E ConversionHelperAidl: Function: parseAndSetVendorParameters Line: 94 Failed 
10-18 23:08:43.308  2156 28112 E ConversionHelperAidl: Function: parseAndSetVendorParameters Line: 94 Failed 
10-18 23:08:43.309  2156 28112 E ConversionHelperAidl: Function: parseAndSetVendorParameters Line: 94 Failed 
10-18 23:08:44.650 14971 14997 E TEAndroidJni: ===== VEBase_JNI_OnLoad end =====, gJvm
10-18 23:08:44.661 14971 14997 E AE_EFFECT_TAG: ## 2025-10-18 23:08:44 [threadid:3154085360,bef_amg_api.cpp,16] ERROR ## [AE_EFFECT_TAG]bef_amg_register_vecodec_callback: callback address is 0x6f7740dc10.
10-18 23:08:44.695 14971 14997 E BX      : [nonstd::optional<StrategyResult> bytebench::ruleengine::BXRuleEngine::executorStrategy(int, const std::string &, bytebench::ruleengine::MatchParams &, bool):95] bytebench_1233, get strategy failed: bytebench_bytevc0_hwdecode_pagemode
10-18 23:08:47.421 14971 14971 E MessageQueue: IdleHandler threw exception
10-18 23:08:47.421 14971 14971 E MessageQueue: java.lang.UnsupportedOperationException: This isn't a hierarchical URI.
10-18 23:08:47.421 14971 14971 E MessageQueue: 	at android.net.Uri.getQueryParameter(Uri.java:1723)
10-18 23:08:47.421 14971 14971 E MessageQueue: 	at com.bytedance.mt.protector.impl.UriProtector.com_bytedance_mt_protector_impl_UriProtector__getQueryParameter$___twin___(SourceFile:33554458)
10-18 23:08:47.421 14971 14971 E MessageQueue: 	at com.bytedance.mt.protector.impl.UriProtector.com_bytedance_mt_protector_impl_UriProtector_com_ss_android_ugc_aweme_lancet_UriLancet_getQueryParameter(SourceFile:33554538)
10-18 23:08:47.421 14971 14971 E MessageQueue: 	at X.0fvV.LIZLLL(SourceFile:50331769)
10-18 23:08:47.421 14971 14971 E MessageQueue: 	at X.0frk.LJIJJLI(SourceFile:16777263)
10-18 23:08:47.421 14971 14971 E MessageQueue: 	at X.0frk.LJIJJ(SourceFile:16777221)
10-18 23:08:47.421 14971 14971 E MessageQueue: 	at X.0fqr.LIZ(SourceFile:16777313)
10-18 23:08:47.421 14971 14971 E MessageQueue: 	at kotlin.jvm.internal.AFpS283S0000000_19.invoke$1(SourceFile:67108899)
10-18 23:08:47.421 14971 14971 E MessageQueue: 	at kotlin.jvm.internal.AFpS283S0000000_19.invoke(Unknown Source:154)
10-18 23:08:47.421 14971 14971 E MessageQueue: 	at X.0fyf.invoke(SourceFile:376)
10-18 23:08:47.421 14971 14971 E MessageQueue: 	at X.0fye.LJIIJ(SourceFile:100663431)
10-18 23:08:47.421 14971 14971 E MessageQueue: 	at X.0fye.LJIIJJI(SourceFile:134217764)
10-18 23:08:47.421 14971 14971 E MessageQueue: 	at X.0gmS.LIZ(SourceFile:16777405)
10-18 23:08:47.421 14971 14971 E MessageQueue: 	at X.0gmg.LIZ(SourceFile:16777260)
10-18 23:08:47.421 14971 14971 E MessageQueue: 	at X.0gmQ.LJIJ(SourceFile:16777470)
10-18 23:08:47.421 14971 14971 E MessageQueue: 	at X.04m5.queueIdle(SourceFile:3)
10-18 23:08:47.421 14971 14971 E MessageQueue: 	at android.os.MessageQueue.next(MessageQueue.java:424)
10-18 23:08:47.421 14971 14971 E MessageQueue: 	at android.os.Looper.loopOnce(Looper.java:214)
10-18 23:08:47.421 14971 14971 E MessageQueue: 	at android.os.Looper.loop(Looper.java:342)
10-18 23:08:47.421 14971 14971 E MessageQueue: 	at android.app.ActivityThread.main(ActivityThread.java:9579)
10-18 23:08:47.421 14971 14971 E MessageQueue: 	at java.lang.reflect.Method.invoke(Native Method)
10-18 23:08:47.421 14971 14971 E MessageQueue: 	at com.android.internal.os.RuntimeInit$MethodAndArgsCaller.run(RuntimeInit.java:619)
10-18 23:08:47.421 14971 14971 E MessageQueue: 	at com.android.internal.os.ZygoteInit.main(ZygoteInit.java:929)
10-18 23:08:53.349  2156 28112 E ConversionHelperAidl: Function: parseAndSetVendorParameters Line: 94 Failed 
10-18 23:08:53.350  2156 28112 E ConversionHelperAidl: Function: parseAndSetVendorParameters Line: 94 Failed 
10-18 23:08:53.357  2706 12127 E SemContext.CaeProvider: setAttribute() : attribute is null!
10-18 23:08:53.358  2706 12127 E SensorService: BigData:Pakage) 5 already enabled. 
10-18 23:08:53.368  2156 28112 E ConversionHelperAidl: Function: parseAndSetVendorParameters Line: 94 Failed 
10-18 23:08:53.368  2156 28112 E ConversionHelperAidl: Function: parseAndSetVendorParameters Line: 94 Failed 
10-18 23:08:54.068  2706 11085 E SensorService: BigData:Pakage) 5 already disabled. 
10-18 23:08:54.999  2706  2706 E DrmMediaResourceHelper: onRemove making Dpdrm to 0 second point 
10-18 23:08:55.189 14971 14971 E BufferQueueProducer: [SurfaceView[com.zhiliaoapp.musically/com.ss.android.ugc.aweme.splash.SplashActivity]@0#7(BLAST Consumer)7](id:3a7b00000008,api:0,p:-1,c:14971) disconnect: not connected (req=2)
10-18 23:08:56.618 14971 16130 E FilePhenotypeFlags: Config package com.google.android.gms.clearcut_client#com.zhiliaoapp.musically cannot use FILE backing without declarative registration. See go/phenotype-android-integration#phenotype for more information. This will lead to stale flags.
10-18 23:09:00.460  2064  2211 E QC2Comp : [hvcD_460] configureIntf failed 95
10-18 23:09:00.461  2064 16143 E QC2V4l2Codec: [v4lhvcD_460]  ? is not a supported pixel format!
10-18 23:09:00.496  2706 12088 E KernelCpuUidFullTimeReader: Negative delta from freq time for uid: 99317, delta: -10
10-18 23:09:00.512 14971 15408 E ttmn    : <6fe7560560,ff_demuxer_android.cpp,readFFPacket,885>ffmpeg format error.code:-499960,message:Unknown error 499960
10-18 23:09:00.524  4753  4753 E MediaControlProfile: onCurrentPlayerStateUpdated: base actions not supported, player actions= 0, expected at least= 7f
10-18 23:09:00.534  4753  4753 E MediaControlProfile: onCurrentPlayerStateUpdated: base actions not supported, player actions= 0, expected at least= 7f
10-18 23:09:00.536  2064 16139 E StandardCaps: max size must equal to/greater than output size
10-18 23:09:00.792  2064 18744 E QC2Comp : [hvcD_461] configureIntf failed 95
10-18 23:09:00.793  2064 16170 E QC2V4l2Codec: [v4lhvcD_461]  ? is not a supported pixel format!
10-18 23:09:01.402  2064 16144 E C2IgbaBuffer: Waiting a sync fence failed 110 aidl(1: 1)
10-18 23:09:01.435  2064 16144 E C2IgbaBuffer: Waiting a sync fence failed 110 aidl(1: 1)
10-18 23:09:01.468  2064 16144 E C2IgbaBuffer: Waiting a sync fence failed 110 aidl(1: 1)
10-18 23:09:01.499  2064 16144 E C2IgbaBuffer: Waiting a sync fence failed 110 aidl(1: 1)
10-18 23:09:01.614  2064 16173 E C2IgbaBuffer: Waiting a sync fence failed 110 aidl(1: 1)
10-18 23:09:01.651  2064 16173 E C2IgbaBuffer: Waiting a sync fence failed 110 aidl(1: 1)
10-18 23:09:01.665 14971 14971 E BufferQueueProducer: [SurfaceView[com.zhiliaoapp.musically/com.ss.android.ugc.aweme.splash.SplashActivity]@0#10(BLAST Consumer)10](id:3a7b0000000b,api:0,p:-1,c:14971) disconnect: not connected (req=2)
10-18 23:09:01.683  2064 16173 E C2IgbaBuffer: Waiting a sync fence failed 110 aidl(1: 1)
10-18 23:09:01.717  2064 16173 E C2IgbaBuffer: Waiting a sync fence failed 110 aidl(1: 1)
10-18 23:09:01.751  2064 16173 E C2IgbaBuffer: Waiting a sync fence failed 110 aidl(1: 1)
10-18 23:09:01.784  2064 16173 E C2IgbaBuffer: Waiting a sync fence failed 110 aidl(1: 1)
10-18 23:09:01.817  2064 16173 E C2IgbaBuffer: Waiting a sync fence failed 110 aidl(1: 1)
10-18 23:09:01.850  2064 16173 E C2IgbaBuffer: Waiting a sync fence failed 110 aidl(1: 1)
10-18 23:09:01.883  2064 16173 E C2IgbaBuffer: Waiting a sync fence failed 110 aidl(1: 1)
10-18 23:09:02.037  2064  2211 E QC2Comp : [hvcD_462] configureIntf failed 95
10-18 23:09:02.037  2064 16212 E QC2V4l2Codec: [v4lhvcD_462]  ? is not a supported pixel format!
10-18 23:09:02.598 14971 14980 E gcblocker: gc block end, 849400846,2075
10-18 23:09:02.804 14971 14971 E chromium: [ERROR:android_webview/browser/aw_browser_terminator.cc:165] Renderer process (16011) crash detected (code -1).
10-18 23:09:03.399  2706 12088 E SemContext.CaeProvider: setAttribute() : attribute is null!
10-18 23:09:03.399  2706 12088 E SensorService: BigData:Pakage) 5 already enabled. 
10-18 23:09:03.407  2156 28112 E ConversionHelperAidl: Function: parseAndSetVendorParameters Line: 94 Failed 
10-18 23:09:03.407  2156 28112 E ConversionHelperAidl: Function: parseAndSetVendorParameters Line: 94 Failed 
10-18 23:09:03.427  2156 28112 E ConversionHelperAidl: Function: parseAndSetVendorParameters Line: 94 Failed 
10-18 23:09:03.427  2156 28112 E ConversionHelperAidl: Function: parseAndSetVendorParameters Line: 94 Failed 
10-18 23:09:03.460  2706  3069 E Watchdog: !@Sync: 28299 heap(MB): 219 / 227 FD: 1469 [2025-10-18 23:09:03.459]
10-18 23:09:03.507  2706 12088 E SensorService: BigData:Pakage) 5 already disabled. 
10-18 23:09:04.500  2070  2162 E BatteryDump: !@new_battery_dump : 4123,-497,100,100,79,328,328,340,328,0,343,340,0,Discharging,NO_CHARGING,None,Good,NONE,0,Normal,0,0,9300,0x40000000,0x10000,0x0,0,0,471,v0002,0000,0000,00000000,0,0,0,0,48,4158,7763,980,0,
10-18 23:09:09.187 14971 15017 E shadowhook_tag: shadowhook version 1.1.1: shadowhook init(mode: SHARED, debuggable: false), return: 0, real-init: no
10-18 23:09:09.187 14971 15017 E bytehook_tag: bytehook version 1.1.2-alpha.0: bytehook init(mode: AUTOMATIC, debuggable: false), return: 0, real-init: no
10-18 23:09:09.901 14971 15013 E Forest_null: could not get any valid access key from remote settings
10-18 23:09:09.905 14971 15544 E Forest_GeckoFetcher: download failed with waitGeckoUpdate=false ,channel = gecko_hybrid_prefetch_config,bundle = prefetch.json
10-18 23:09:09.905 14971 15544 E Forest_GeckoFetcher: java.lang.Throwable: invalid channel
10-18 23:09:09.905 14971 15544 E Forest_GeckoFetcher: 	at X.0g3n.LJIIIIZZ(SourceFile:33554554)
10-18 23:09:09.905 14971 15544 E Forest_GeckoFetcher: 	at X.0gI8.LIZ(SourceFile:16777732)
10-18 23:09:09.905 14971 15544 E Forest_GeckoFetcher: 	at X.0gI8.run(SourceFile:5)
10-18 23:09:09.905 14971 15544 E Forest_GeckoFetcher: 	at Y.AObjectS258S0100000_24.invoke$0(SourceFile:16777222)
10-18 23:09:09.905 14971 15544 E Forest_GeckoFetcher: 	at Y.AObjectS258S0100000_24.invoke(Unknown Source:27)
10-18 23:09:09.905 14971 15544 E Forest_GeckoFetcher: 	at X.0pzF.invoke(SourceFile:4)
10-18 23:09:09.905 14971 15544 E Forest_GeckoFetcher: 	at X.04vN.LIZ(SourceFile:50331896)
10-18 23:09:09.905 14971 15544 E Forest_GeckoFetcher: 	at X.0pzE.LIZIZ(SourceFile:81)
10-18 23:09:09.905 14971 15544 E Forest_GeckoFetcher: 	at X.0pzE.run(SourceFile:0)
10-18 23:09:09.905 14971 15544 E Forest_GeckoFetcher: 	at java.util.concurrent.ThreadPoolExecutor.runWorker(ThreadPoolExecutor.java:1156)
10-18 23:09:09.905 14971 15544 E Forest_GeckoFetcher: 	at java.util.concurrent.ThreadPoolExecutor$Worker.run(ThreadPoolExecutor.java:651)
10-18 23:09:09.905 14971 15544 E Forest_GeckoFetcher: 	at X.0pzI.run(SourceFile:9)
10-18 23:09:09.905 14971 15544 E Forest_GeckoFetcher: 	at java.lang.Thread.run(Thread.java:1119)
10-18 23:09:09.905 14971 15544 E Forest_GeckoXAdapter: onLocalNewestVersion:localPackage:com.bytedance.geckox.model.LocalPackageModel@9232812
10-18 23:09:13.448  2156 28112 E ConversionHelperAidl: Function: parseAndSetVendorParameters Line: 94 Failed 
10-18 23:09:13.448  2156 28112 E ConversionHelperAidl: Function: parseAndSetVendorParameters Line: 94 Failed 
10-18 23:09:13.468  2156 28112 E ConversionHelperAidl: Function: parseAndSetVendorParameters Line: 94 Failed 
10-18 23:09:13.469  2156 28112 E ConversionHelperAidl: Function: parseAndSetVendorParameters Line: 94 Failed 
10-18 23:09:21.114  4753  4753 E MediaControlProfile: onCurrentPlayerStateUpdated: base actions not supported, player actions= 0, expected at least= 7f
10-18 23:09:21.334  2156  2878 E ConversionHelperAidl: Function: parseAndSetVendorParameters Line: 94 Failed 
10-18 23:09:21.335  2156  2878 E ConversionHelperAidl: Function: parseAndSetVendorParameters Line: 94 Failed 
10-18 23:09:23.469  2156  2242 E ConversionHelperAidl: Function: parseAndSetVendorParameters Line: 94 Failed 
10-18 23:09:23.469  2156  2242 E ConversionHelperAidl: Function: parseAndSetVendorParameters Line: 94 Failed 
10-18 23:09:23.471  2156  2242 E ConversionHelperAidl: Function: parseAndSetVendorParameters Line: 94 Failed 
10-18 23:09:23.471  2156  2242 E ConversionHelperAidl: Function: parseAndSetVendorParameters Line: 94 Failed 
10-18 23:09:26.238  2156  2878 E ConversionHelperAidl: Function: parseAndSetVendorParameters Line: 94 Failed 
10-18 23:09:26.238  2156  2878 E ConversionHelperAidl: Function: parseAndSetVendorParameters Line: 94 Failed 
10-18 23:09:26.238  4753  4753 E MediaControlProfile: onCurrentPlayerStateUpdated: base actions not supported, player actions= 0, expected at least= 7f
10-18 23:09:26.283  2041  3148 E ACDB    : vendor/qcom/proprietary/args/acdb/src/acdb_command.c:AcdbCmdGetProcSubgraphCalDataPersist:8255 Error[19]: No calibration found
10-18 23:09:26.297  2041  3148 E ACDB    : vendor/qcom/proprietary/args/acdb/src/acdb_command.c:AcdbCmdGetProcSubgraphCalDataPersist:8255 Error[19]: No calibration found
10-18 23:09:26.297  2041  3148 E ACDB    : vendor/qcom/proprietary/args/acdb/src/acdb_command.c:AcdbCmdGetProcSubgraphCalDataPersist:8255 Error[19]: No calibration found
10-18 23:09:26.297  2041  3148 E ACDB    : vendor/qcom/proprietary/args/acdb/src/acdb_command.c:AcdbCmdGetProcSubgraphCalDataPersist:8255 Error[19]: No calibration found
10-18 23:09:26.297  2041  3148 E ACDB    : vendor/qcom/proprietary/args/acdb/src/acdb_command.c:AcdbCmdGetProcSubgraphCalDataPersist:8255 Error[19]: No calibration found
10-18 23:09:26.298  2041  3148 E ACDB    : vendor/qcom/proprietary/args/acdb/src/acdb_command.c:AcdbCmdGetProcSubgraphCalDataPersist:8255 Error[19]: No calibration found
10-18 23:09:26.298  2041  3148 E ACDB    : vendor/qcom/proprietary/args/acdb/src/acdb_command.c:AcdbCmdGetProcSubgraphCalDataPersist:8255 Error[19]: No calibration found
10-18 23:09:26.298  2041  3148 E ACDB    : vendor/qcom/proprietary/args/acdb/src/acdb_command.c:AcdbCmdGetProcSubgraphCalDataPersist:8255 Error[19]: No calibration found
10-18 23:09:26.298  2041  3148 E ACDB    : vendor/qcom/proprietary/args/acdb/src/acdb_command.c:AcdbCmdGetProcSubgraphCalDataPersist:8255 Error[19]: No calibration found
10-18 23:09:28.884 14971 15660 E Forest_null: could not get any valid access key from remote settings
10-18 23:09:28.891 14971 15544 E Forest_GeckoFetcher: download failed with waitGeckoUpdate=true ,channel = bcm_config,bundle = bcm_check_conf.json
10-18 23:09:28.891 14971 15544 E Forest_GeckoFetcher: java.lang.Throwable: invalid channel
10-18 23:09:28.891 14971 15544 E Forest_GeckoFetcher: 	at X.0g3n.LJIIIIZZ(SourceFile:33554554)
10-18 23:09:28.891 14971 15544 E Forest_GeckoFetcher: 	at X.0gI8.LIZ(SourceFile:16777732)
10-18 23:09:28.891 14971 15544 E Forest_GeckoFetcher: 	at X.0gI8.run(SourceFile:5)
10-18 23:09:28.891 14971 15544 E Forest_GeckoFetcher: 	at Y.AObjectS258S0100000_24.invoke$0(SourceFile:16777222)
10-18 23:09:28.891 14971 15544 E Forest_GeckoFetcher: 	at Y.AObjectS258S0100000_24.invoke(Unknown Source:27)
10-18 23:09:28.891 14971 15544 E Forest_GeckoFetcher: 	at X.0pzF.invoke(SourceFile:4)
10-18 23:09:28.891 14971 15544 E Forest_GeckoFetcher: 	at X.04vN.LIZ(SourceFile:50331896)
10-18 23:09:28.891 14971 15544 E Forest_GeckoFetcher: 	at X.0pzE.LIZIZ(SourceFile:81)
10-18 23:09:28.891 14971 15544 E Forest_GeckoFetcher: 	at X.0pzE.run(SourceFile:0)
10-18 23:09:28.891 14971 15544 E Forest_GeckoFetcher: 	at java.util.concurrent.ThreadPoolExecutor.runWorker(ThreadPoolExecutor.java:1156)
10-18 23:09:28.891 14971 15544 E Forest_GeckoFetcher: 	at java.util.concurrent.ThreadPoolExecutor$Worker.run(ThreadPoolExecutor.java:651)
10-18 23:09:28.891 14971 15544 E Forest_GeckoFetcher: 	at X.0pzI.run(SourceFile:9)
10-18 23:09:28.891 14971 15544 E Forest_GeckoFetcher: 	at java.lang.Thread.run(Thread.java:1119)
10-18 23:09:28.891 14971 15544 E Forest_GeckoXAdapter: onLocalNewestVersion:localPackage:com.bytedance.geckox.model.LocalPackageModel@b60057
10-18 23:09:31.096  2156  2878 E ConversionHelperAidl: Function: parseAndSetVendorParameters Line: 94 Failed 
10-18 23:09:31.097  2156  2878 E ConversionHelperAidl: Function: parseAndSetVendorParameters Line: 94 Failed 
10-18 23:09:31.438  4753  4753 E MediaControlProfile: onCurrentPlayerStateUpdated: base actions not supported, player actions= 0, expected at least= 7f
10-18 23:09:31.468  4753  4753 E MediaControlProfile: onCurrentPlayerStateUpdated: base actions not supported, player actions= 0, expected at least= 7f
10-18 23:09:31.468  2156  2878 E ConversionHelperAidl: Function: parseAndSetVendorParameters Line: 94 Failed 
10-18 23:09:31.468  2156  2878 E ConversionHelperAidl: Function: parseAndSetVendorParameters Line: 94 Failed 
10-18 23:09:33.524  2706 11031 E SemContext.CaeProvider: setAttribute() : attribute is null!
10-18 23:09:33.524  2706 11031 E SensorService: BigData:Pakage) 5 already enabled. 
10-18 23:09:33.525  2156  8897 E ConversionHelperAidl: Function: parseAndSetVendorParameters Line: 94 Failed 
10-18 23:09:33.525  2156  8897 E ConversionHelperAidl: Function: parseAndSetVendorParameters Line: 94 Failed 
10-18 23:09:33.545  2156  8897 E ConversionHelperAidl: Function: parseAndSetVendorParameters Line: 94 Failed 
10-18 23:09:33.545  2156  8897 E ConversionHelperAidl: Function: parseAndSetVendorParameters Line: 94 Failed 
10-18 23:09:33.582  2706  3069 E Watchdog: !@Sync: 28300 heap(MB): 233 / 236 native(MB): 126 FD: 1464 WaitTime: 0 ms GCcnt: 0 FullGC: 0 [2025-10-18 23:09:33.467]
10-18 23:09:33.587  2706 11089 E SensorService: BigData:Pakage) 5 already disabled. 
10-18 23:09:34.589 14971 15548 E BX      : [nonstd::optional<StrategyResult> bytebench::ruleengine::BXRuleEngine::executorStrategy(int, const std::string &, bytebench::ruleengine::MatchParams &, bool):95] bytebench_1233, get strategy failed: studio_is_enable_bytevc1enc8_plugin
10-18 23:09:34.676  2070  2162 E BatteryDump: !@new_battery_dump : 4130,-357,100,100,79,327,329,335,327,0,341,335,0,Discharging,NO_CHARGING,None,Good,NONE,0,Normal,0,0,9300,0x40000000,0x10000,0x0,0,0,356,v0002,0000,0000,00000000,0,0,0,0,48,4158,7757,980,0,
10-18 23:09:35.092 14971 15660 E BX      : [nonstd::optional<StrategyResult> bytebench::ruleengine::BXRuleEngine::executorStrategy(int, const std::string &, bytebench::ruleengine::MatchParams &, bool):95] bytebench_1233, get strategy failed: studio_is_enable_bytevc1enc8_plugin
10-18 23:09:38.065 14971 15263 E METASEC : linker sym not found
10-18 23:09:38.093  1193  1193 E SpuKeymasterUtils: Sanity check ok , ch [sp_keymaster].
10-18 23:09:38.154  1193  1193 E SpuKeymasterUtils: sp_ext_msg_client_send_message: rsp_hdr->msg_len: 3837
10-18 23:09:38.233  1193  1193 E SpuKeymasterUtils: Sanity check ok , ch [sp_keymaster].
10-18 23:09:38.259  1193  1193 E SpuKeymasterUtils: sp_ext_msg_client_send_message: rsp_hdr->msg_len: 12
10-18 23:09:39.303  2193  2193 E TimeStats: [311347]-[SurfaceView[com.zhiliaoapp.musically/com.ss.android.ugc.aweme.splash.SplashActivity]@0(BLAST)#311347]-timeRecords is at its maximum size[64]. Ignore this when unittesting.
10-18 23:09:43.567  2156  2243 E ConversionHelperAidl: Function: parseAndSetVendorParameters Line: 94 Failed 
10-18 23:09:43.568  2156  2243 E ConversionHelperAidl: Function: parseAndSetVendorParameters Line: 94 Failed 
10-18 23:09:43.587  2156  2243 E ConversionHelperAidl: Function: parseAndSetVendorParameters Line: 94 Failed 
10-18 23:09:43.587  2156  2243 E ConversionHelperAidl: Function: parseAndSetVendorParameters Line: 94 Failed 
10-18 23:09:45.184 14971 15441 E Forest_ForestFacade: [FatalError:fetchResourceAsync] request reuse failed, url: 
10-18 23:09:45.184 14971 15441 E Forest_null: could not get any valid access key from remote settings
10-18 23:09:45.184 14971 15441 E Forest_ResourceFetcherChain: fetchAsync error:30: memoryError:cannot find cached buffer, 
10-18 23:09:45.189 14971 15026 E Forest_ForestFacade: [FatalError:fetchResourceAsync] request reuse failed, url: 
10-18 23:09:45.189 14971 15026 E Forest_null: could not get any valid access key from remote settings
10-18 23:09:45.190 14971 15062 E Forest_ForestFacade: [FatalError:fetchResourceAsync] request reuse failed, url: 
10-18 23:09:45.190 14971 15062 E Forest_null: could not get any valid access key from remote settings
10-18 23:09:45.190 14971 15062 E Forest_ResourceFetcherChain: fetchAsync error:30: memoryError:cannot find cached buffer, 
10-18 23:09:45.192 14971 15441 E Forest_ForestFacade: [FatalError:fetchResourceAsync] request reuse failed, url: 
10-18 23:09:45.192 14971 15441 E Forest_null: could not get any valid access key from remote settings
10-18 23:09:45.193 14971 15441 E Forest_ResourceFetcherChain: fetchAsync error:30: memoryError:cannot find cached buffer, 
10-18 23:09:45.193 14971 15544 E Forest_GeckoFetcher: download failed with waitGeckoUpdate=false ,channel = mt_dm_streak_milestone_small_resource,bundle = 200/dark/social_dm_streakupgrade_fire5_dark.json
10-18 23:09:45.193 14971 15544 E Forest_GeckoFetcher: java.lang.Throwable: invalid channel
10-18 23:09:45.193 14971 15544 E Forest_GeckoFetcher: 	at X.0g3n.LJIIIIZZ(SourceFile:33554554)
10-18 23:09:45.193 14971 15544 E Forest_GeckoFetcher: 	at X.0gI8.LIZ(SourceFile:16777732)
10-18 23:09:45.193 14971 15544 E Forest_GeckoFetcher: 	at X.0gI8.run(SourceFile:5)
10-18 23:09:45.193 14971 15544 E Forest_GeckoFetcher: 	at Y.AObjectS258S0100000_24.invoke$0(SourceFile:16777222)
10-18 23:09:45.193 14971 15544 E Forest_GeckoFetcher: 	at Y.AObjectS258S0100000_24.invoke(Unknown Source:27)
10-18 23:09:45.193 14971 15544 E Forest_GeckoFetcher: 	at X.0pzF.invoke(SourceFile:4)
10-18 23:09:45.193 14971 15544 E Forest_GeckoFetcher: 	at X.04vN.LIZ(SourceFile:50331896)
10-18 23:09:45.193 14971 15544 E Forest_GeckoFetcher: 	at X.0pzE.LIZIZ(SourceFile:81)
10-18 23:09:45.193 14971 15544 E Forest_GeckoFetcher: 	at X.0pzE.run(SourceFile:0)
10-18 23:09:45.193 14971 15544 E Forest_GeckoFetcher: 	at java.util.concurrent.ThreadPoolExecutor.runWorker(ThreadPoolExecutor.java:1156)
10-18 23:09:45.193 14971 15544 E Forest_GeckoFetcher: 	at java.util.concurrent.ThreadPoolExecutor$Worker.run(ThreadPoolExecutor.java:651)
10-18 23:09:45.193 14971 15544 E Forest_GeckoFetcher: 	at X.0pzI.run(SourceFile:9)
10-18 23:09:45.193 14971 15544 E Forest_GeckoFetcher: 	at java.lang.Thread.run(Thread.java:1119)
10-18 23:09:45.193 14971 15544 E Forest_GeckoXAdapter: onLocalNewestVersion:localPackage:com.bytedance.geckox.model.LocalPackageModel@2e9d4ec
10-18 23:09:45.194 14971 15062 E Forest_ForestFacade: [FatalError:fetchResourceAsync] request reuse failed, url: 
10-18 23:09:45.194 14971 15544 E Forest_GeckoFetcher: download failed with waitGeckoUpdate=false ,channel = mt_dm_streak_common_resource,bundle = /dm_friends_restore/social_dm_friends_restore_Light.json
10-18 23:09:45.194 14971 15544 E Forest_GeckoFetcher: java.lang.Throwable: invalid channel
10-18 23:09:45.194 14971 15544 E Forest_GeckoFetcher: 	at X.0g3n.LJIIIIZZ(SourceFile:33554554)
10-18 23:09:45.194 14971 15544 E Forest_GeckoFetcher: 	at X.0gI8.LIZ(SourceFile:16777732)
10-18 23:09:45.194 14971 15544 E Forest_GeckoFetcher: 	at X.0gI8.run(SourceFile:5)
10-18 23:09:45.194 14971 15544 E Forest_GeckoFetcher: 	at Y.AObjectS258S0100000_24.invoke$0(SourceFile:16777222)
10-18 23:09:45.194 14971 15544 E Forest_GeckoFetcher: 	at Y.AObjectS258S0100000_24.invoke(Unknown Source:27)
10-18 23:09:45.194 14971 15544 E Forest_GeckoFetcher: 	at X.0pzF.invoke(SourceFile:4)
10-18 23:09:45.194 14971 15544 E Forest_GeckoFetcher: 	at X.04vN.LIZ(SourceFile:50331896)
10-18 23:09:45.194 14971 15544 E Forest_GeckoFetcher: 	at X.0pzE.LIZIZ(SourceFile:81)
10-18 23:09:45.194 14971 15544 E Forest_GeckoFetcher: 	at X.0pzE.run(SourceFile:0)
10-18 23:09:45.194 14971 15544 E Forest_GeckoFetcher: 	at java.util.concurrent.ThreadPoolExecutor.runWorker(ThreadPoolExecutor.java:1156)
10-18 23:09:45.194 14971 15544 E Forest_GeckoFetcher: 	at java.util.concurrent.ThreadPoolExecutor$Worker.run(ThreadPoolExecutor.java:651)
10-18 23:09:45.194 14971 15544 E Forest_GeckoFetcher: 	at X.0pzI.run(SourceFile:9)
10-18 23:09:45.194 14971 15544 E Forest_GeckoFetcher: 	at java.lang.Thread.run(Thread.java:1119)
