10-12 01:15:10.608  2069  4219 E DATC-IF : [ERROR][ChiNode] camxchinodesecofectrl.cpp:888 OverrideOFECGData() SecurePreview_OFE0 req 111 get metadata fail NULL pointer 0x0
10-12 01:15:10.630  2042  2219 E ACameraDeviceVendor: onCaptureStarted: request = 0xb400006eb98d5800
10-12 01:15:10.641  2042 19642 E SmcInvoke_MinkDescriptor: mem obj with id :46 not found in list
10-12 01:15:10.657  2042 19642 E SmcInvoke_MinkDescriptor: mem obj with id :46 not found in list
10-12 01:15:10.658  2069  4222 E DATC-IF : [ERROR][ChiNode] camxchinodesecofectrl.cpp:888 OverrideOFECGData() SecurePreview_OFE0 req 112 get metadata fail NULL pointer 0x0
10-12 01:15:10.660  2042 19642 E SmcInvoke_MinkDescriptor: mem obj with id :46 not found in list
10-12 01:15:10.660  2042 19750 E sec_fr_FaceRecognizer: identify fails
10-12 01:15:10.681  2042  2219 E ACameraDeviceVendor: onCaptureStarted: request = 0xb400006eb98d5800
10-12 01:15:10.708  2069  4222 E DATC-IF : [ERROR][ChiNode] camxchinodesecofectrl.cpp:888 OverrideOFECGData() SecurePreview_OFE0 req 113 get metadata fail NULL pointer 0x0
10-12 01:15:10.717  2043  2043 E hwvault_tee: [[31mERR[0m] (nwd_hv_kv_common.cpp:103) _kv2_init onlypower 0 1
10-12 01:15:10.731  2042  2219 E ACameraDeviceVendor: onCaptureStarted: request = 0xb400006eb98d5800
10-12 01:15:10.759  2069  4221 E DATC-IF : [ERROR][ChiNode] camxchinodesecofectrl.cpp:888 OverrideOFECGData() SecurePreview_OFE0 req 114 get metadata fail NULL pointer 0x0
10-12 01:15:10.781  2042  2219 E ACameraDeviceVendor: onCaptureStarted: request = 0xb400006eb98d5800
10-12 01:15:10.806  2042 19642 E SmcInvoke_MinkDescriptor: mem obj with id :46 not found in list
10-12 01:15:10.810  2069  4218 E DATC-IF : [ERROR][ChiNode] camxchinodesecofectrl.cpp:888 OverrideOFECGData() SecurePreview_OFE0 req 115 get metadata fail NULL pointer 0x0
10-12 01:15:10.831  2042  2219 E ACameraDeviceVendor: onCaptureStarted: request = 0xb400006eb98d5800
10-12 01:15:10.859  2069  4221 E DATC-IF : [ERROR][ChiNode] camxchinodesecofectrl.cpp:888 OverrideOFECGData() SecurePreview_OFE0 req 116 get metadata fail NULL pointer 0x0
10-12 01:15:10.881  2042  2219 E ACameraDeviceVendor: onCaptureStarted: request = 0xb400006eb98d5800
10-12 01:15:10.882  4370  4370 E KeyguardSecAbsKeyInputViewController: onPasswordChecked
10-12 01:15:10.899  2042 19642 E SmcInvoke_MinkDescriptor: mem obj with id :46 not found in list
10-12 01:15:10.899  2042 19750 E sec_fr_FaceRecognizer: not ready state(7)
10-12 01:15:10.900  3008  3402 E SmcInvoke_MinkDescriptor: mem obj with id :20 not found in list
10-12 01:15:10.905  2706  5625 E WindowManager: win=Window{d6c41ae u0 FP Iconview} destroySurfaces: appStopped=true cleanupOnResume=false win.mWindowRemovalAllowed=false win.mRemoveOnExit=false win.mViewVisibility=8 caller=com.android.server.wm.WindowManagerService.tryStartExitingAnimation:147 com.android.server.wm.WindowManagerService.relayoutWindowInner:112 com.android.server.wm.WindowManagerService.relayoutWindow:6 com.android.server.wm.Session.relayout:27 android.view.IWindowSession$Stub.onTransact:861 com.android.server.wm.Session.onTransact:1 android.os.Binder.execTransactInternal:1536 
10-12 01:15:10.906  2755  6800 E CameraDeviceClient: notifyError: pid=2042, errorCode=4, errorStreamId=0, frameNumber=116
10-12 01:15:10.906  2755  6800 E CameraDeviceClient: notifyError: pid=2042, skipClientNotification=false
10-12 01:15:10.906  2755  6800 E CameraDeviceClient: notifyError: pid=2042, errorCode=4, errorStreamId=0, frameNumber=117
10-12 01:15:10.906  2755  6800 E CameraDeviceClient: notifyError: pid=2042, skipClientNotification=false
10-12 01:15:10.906  2755  6800 E CameraDeviceClient: notifyError: pid=2042, errorCode=4, errorStreamId=0, frameNumber=118
10-12 01:15:10.906  2755  6800 E CameraDeviceClient: notifyError: pid=2042, skipClientNotification=false
10-12 01:15:10.906  2755  6800 E CameraDeviceClient: notifyError: pid=2042, errorCode=4, errorStreamId=0, frameNumber=119
10-12 01:15:10.906  2755  6800 E CameraDeviceClient: notifyError: pid=2042, skipClientNotification=false
10-12 01:15:10.906  2755  6800 E CameraDeviceClient: notifyError: pid=2042, errorCode=4, errorStreamId=0, frameNumber=120
10-12 01:15:10.907  2755  6800 E CameraDeviceClient: notifyError: pid=2042, skipClientNotification=false
10-12 01:15:10.907  2755  6800 E CameraDeviceClient: notifyError: pid=2042, errorCode=5, errorStreamId=0, frameNumber=116
10-12 01:15:10.907  2755  6800 E CameraDeviceClient: notifyError: pid=2042, skipClientNotification=false
10-12 01:15:10.907  2755  6800 E CameraDeviceClient: notifyError: pid=2042, errorCode=5, errorStreamId=0, frameNumber=117
10-12 01:15:10.907  2755  6800 E CameraDeviceClient: notifyError: pid=2042, skipClientNotification=false
10-12 01:15:10.908  2755  2755 E CameraDeviceClient: notifyError: pid=2042, errorCode=5, errorStreamId=0, frameNumber=118
10-12 01:15:10.908  2755  2755 E CameraDeviceClient: notifyError: pid=2042, skipClientNotification=false
10-12 01:15:10.908  2755 18226 E CameraDeviceClient: notifyError: pid=2042, errorCode=5, errorStreamId=0, frameNumber=119
10-12 01:15:10.908  2755 18226 E CameraDeviceClient: notifyError: pid=2042, skipClientNotification=false
10-12 01:15:10.908  2755  6800 E CameraDeviceClient: notifyError: pid=2042, errorCode=5, errorStreamId=0, frameNumber=120
10-12 01:15:10.908  2755  6800 E CameraDeviceClient: notifyError: pid=2042, skipClientNotification=false
10-12 01:15:10.913  3008  3402 E SmcInvoke_MinkDescriptor: mem obj with id :20 not found in list
10-12 01:15:10.915  2755  2926 E CameraDeviceClient: notifyError: pid=2042, errorCode=3, errorStreamId=0, frameNumber=121
10-12 01:15:10.915  2755  2926 E CameraDeviceClient: notifyError: pid=2042, skipClientNotification=false
10-12 01:15:10.916  2706  4068 E AidlResponseHandler: Client monitor is not an instance of com.android.server.biometrics.sensors.fingerprint.aidl.FingerprintResetLockoutClient
10-12 01:15:10.916  2706  4068 E AidlResponseHandler: Client monitor is not an instance of com.android.server.biometrics.sensors.fingerprint.aidl.FingerprintResetLockoutClient
10-12 01:15:10.923  3008  3402 E SmcInvoke_MinkDescriptor: mem obj with id :20 not found in list
10-12 01:15:10.926  3008  3403 E SmcInvoke_MinkDescriptor: mem obj with id :20 not found in list
10-12 01:15:10.926  2706  4068 E SensorService: BigData:Pakage) 5 already disabled. 
10-12 01:15:10.926  2706  3933 E AuthSessionCoordinator: Error unable to find auth operation : authEndedFor(userId=0 ,biometricStrength=15, sensorId=0, requestId=1419, wasSuccessful=false)
10-12 01:15:10.928  2755  2926 E Camera2-FrameProcessorBase: removeListener: 
10-12 01:15:10.950  2069  4224 E CamX    : [ERROR][SENSOR ] camxsensorcache.cpp:261 ReleaseOneSubDevice() Device[5][Actuator] refCount:3 hDev:0x6c0103 hCSLCached:0x3a0200 isAcquired:1 pipelineRefCount:1
10-12 01:15:10.950  2069  4224 E CamX    : [ERROR][SENSOR ] camxsensorcache.cpp:269 ReleaseOneSubDevice() [SUBDEV_DBG]Camera[5] IsAcquired[1] PipelineRefcount[1] hDevice[0x6c0103]
10-12 01:15:10.950  2069  4224 E CamX    : [ERROR][CSL    ] camxcslhw.cpp:1472 CSLReleaseDeviceHW() [SUBDEV_DBG] hCSL[0x3a0200] hDevice[0x6c0103] hSession[0x3a0200]
10-12 01:15:10.950  2069  4224 E CamX    : [ERROR][CSL    ] camxcslhw.cpp:1503 CSLReleaseDeviceHW() [SUBDEV_DBG] hDevice[0x3ea2e580] hAcquired[0x6c0103] hSession[0x6c0103]
10-12 01:15:10.952  2069  4224 E CamX    : [ERROR][SENSOR ] camxsensorcache.cpp:302 ReleaseOneSubDevice() [SUBDEV_DBG]CSLReleased CameraId= 5 hCSLSession= 0x3a0200 refCount= 2Subdevice: Actuator hDevice= 0x6c0103 pipelineRefCount= 0
10-12 01:15:10.952  2069  4224 E CamX    : [ERROR][SENSOR ] camxsensorcache.cpp:261 ReleaseOneSubDevice() Device[5][CSIPHY] refCount:2 hDev:0xd00102 hCSLCached:0x3a0200 isAcquired:1 pipelineRefCount:1
10-12 01:15:10.952  2069  4224 E CamX    : [ERROR][SENSOR ] camxsensorcache.cpp:269 ReleaseOneSubDevice() [SUBDEV_DBG]Camera[5] IsAcquired[1] PipelineRefcount[1] hDevice[0xd00102]
10-12 01:15:10.952  2069  4224 E CamX    : [ERROR][CSL    ] camxcslhw.cpp:1472 CSLReleaseDeviceHW() [SUBDEV_DBG] hCSL[0x3a0200] hDevice[0xd00102] hSession[0x3a0200]
10-12 01:15:10.952  2069  4224 E CamX    : [ERROR][CSL    ] camxcslhw.cpp:1503 CSLReleaseDeviceHW() [SUBDEV_DBG] hDevice[0x3ea2e580] hAcquired[0xd00102] hSession[0xd00102]
10-12 01:15:10.952  2069  4224 E CamX    : [ERROR][SENSOR ] camxsensorcache.cpp:302 ReleaseOneSubDevice() [SUBDEV_DBG]CSLReleased CameraId= 5 hCSLSession= 0x3a0200 refCount= 1Subdevice: CSIPHY hDevice= 0xd00102 pipelineRefCount= 0
10-12 01:15:10.953  2193  5455 E NativeCustomFrequencyManager: [NativeCFMS] BpCustomFrequencyManager::acquire()
10-12 01:15:10.953  2069  4224 E CamX    : [ERROR][SENSOR ] camxsensorcache.cpp:261 ReleaseOneSubDevice() Device[5][Sensor] refCount:1 hDev:0x2c0101 hCSLCached:0x3a0200 isAcquired:1 pipelineRefCount:1
10-12 01:15:10.953  2069  4224 E CamX    : [ERROR][SENSOR ] camxsensorcache.cpp:269 ReleaseOneSubDevice() [SUBDEV_DBG]Camera[5] IsAcquired[1] PipelineRefcount[1] hDevice[0x2c0101]
10-12 01:15:10.953  2069  4224 E CamX    : [ERROR][CSL    ] camxcslhw.cpp:1472 CSLReleaseDeviceHW() [SUBDEV_DBG] hCSL[0x3a0200] hDevice[0x2c0101] hSession[0x3a0200]
10-12 01:15:10.953  2069  4224 E CamX    : [ERROR][CSL    ] camxcslhw.cpp:1503 CSLReleaseDeviceHW() [SUBDEV_DBG] hDevice[0x3ea2e580] hAcquired[0x2c0101] hSession[0x2c0101]
10-12 01:15:10.953  2037  2037 E sensors-hal: register_cb:315, all callbacks are null for new suid. no need to register it
10-12 01:15:10.954  2018  2126 E minksocket: MinkIPC ERROR: ( 2018:2126 ) MinkIPC_preProcess:272 Client down, but cannot find corresponding minksession
10-12 01:15:10.954  2018  2119 E minksocket: MinkIPC ERROR: ( 2018:2119 ) MinkIPC_preProcess:272 Client down, but cannot find corresponding minksession
10-12 01:15:10.956  2018  2119 E minksocket: MinkIPC ERROR: ( 2018:2119 ) MinkIPC_preProcess:272 Client down, but cannot find corresponding minksession
10-12 01:15:10.956  2018  2126 E minksocket: MinkIPC ERROR: ( 2018:2126 ) MinkIPC_preProcess:272 Client down, but cannot find corresponding minksession
10-12 01:15:10.956  2069  4223 E snap_api::V6: adapter class instance doesn't exist/Already closed
10-12 01:15:10.960  2069  4223 E CamX    : [ERROR][CSL    ] camxcslhw.cpp:1472 CSLReleaseDeviceHW() [SUBDEV_DBG] hCSL[0x3a0200] hDevice[0x1d0104] hSession[0x3a0200]
10-12 01:15:10.960  2069  4223 E CamX    : [ERROR][CSL    ] camxcslhw.cpp:1503 CSLReleaseDeviceHW() [SUBDEV_DBG] hDevice[0x3ea2e580] hAcquired[0x1d0104] hSession[0x1d0104]
10-12 01:15:10.962  2069  4224 E CamX    : [ERROR][SENSOR ] camxsensorcache.cpp:302 ReleaseOneSubDevice() [SUBDEV_DBG]CSLReleased CameraId= 5 hCSLSession= 0x3a0200 refCount= 0Subdevice: Sensor hDevice= 0x2c0101 pipelineRefCount= 0
10-12 01:15:10.962  2069  4224 E CamX    : [ERROR][SENSOR ] camxsensorcache.cpp:329 ReleaseOneSubDevice() [SUBDEV_DBG]CameraId= 5, Closing hCSLSession= 0x73003a0200
10-12 01:15:10.962  2069  4225 E snap_api::V6: adapter class instance doesn't exist/Already closed
10-12 01:15:10.963  2069  4225 E AF_DEBUG: ProcessPafEndModule(170) : [cam_id_4] Memory for PAF Main Window Free OK!
10-12 01:15:10.964  2069  4225 E CamX    : [ERROR][CSL    ] camxcslhw.cpp:1472 CSLReleaseDeviceHW() [SUBDEV_DBG] hCSL[0x3a0200] hDevice[0xad0106] hSession[0x3a0200]
10-12 01:15:10.964  2069  4225 E CamX    : [ERROR][CSL    ] camxcslhw.cpp:1503 CSLReleaseDeviceHW() [SUBDEV_DBG] hDevice[0x3ea2e580] hAcquired[0xad0106] hSession[0xad0106]
10-12 01:15:10.965  2069  4223 E CamX    : [ERROR][CSL    ] camxcslhw.cpp:1472 CSLReleaseDeviceHW() [SUBDEV_DBG] hCSL[0x3a0200] hDevice[0x910105] hSession[0x3a0200]
10-12 01:15:10.965  2069  4223 E CamX    : [ERROR][CSL    ] camxcslhw.cpp:1503 CSLReleaseDeviceHW() [SUBDEV_DBG] hDevice[0x3ea2e580] hAcquired[0x910105] hSession[0x910105]
10-12 01:15:10.965  2018  2126 E minksocket: MinkIPC ERROR: ( 2018:2126 ) MinkIPC_preProcess:272 Client down, but cannot find corresponding minksession
10-12 01:15:10.966  2018  2119 E minksocket: MinkIPC ERROR: ( 2018:2119 ) MinkIPC_preProcess:272 Client down, but cannot find corresponding minksession
10-12 01:15:10.986  2069 12098 E CamX    : [ERROR][SENSOR ] camxsensorcache.cpp:429 ReleaseAllCache() [SUBDEV_DBG]Camera[0] ReleaseAllCache:hCSLSession0[0x9a0200] hCSLSession1[0x0]refcount[0]<subdeviceSensor: isAcquired[0] deviceIndex[30] hDevice[0x3e0101]  pipelineRefCount[0]><subdeviceCSIPHY: isAcquired[0] deviceIndex[6] hDevice[0xb10103]  pipelineRefCount[0]><subdeviceOIS: isAcquired[0] deviceIndex[26] hDevice[0x860107]  pipelineRefCount[0]><subdeviceActuator: isAcquired[0] deviceIndex[7] hDevice[0xb20105]  pipelineRefCount[0]><subdeviceFlash: isAcquired[0] deviceIndex[15] hDevice[0x91010b]  pipelineRefCount[0]><subdeviceTPG: isAcquired[0] deviceIndex[0] hDevice[0x0]  pipelineRefCount[0]>
10-12 01:15:10.986  2069 12098 E CamX    : [ERROR][SENSOR ] camxsensorcache.cpp:429 ReleaseAllCache() [SUBDEV_DBG]Camera[1] ReleaseAllCache:hCSLSession0[0x0] hCSLSession1[0x0]refcount[0]<subdeviceSensor: isAcquired[0] deviceIndex[0] hDevice[0x0]  pipelineRefCount[0]><subdeviceCSIPHY: isAcquired[0] deviceIndex[0] hDevice[0x0]  pipelineRefCount[0]><subdeviceOIS: isAcquired[0] deviceIndex[0] hDevice[0x0]  pipelineRefCount[0]><subdeviceActuator: isAcquired[0] deviceIndex[0] hDevice[0x0]  pipelineRefCount[0]><subdeviceFlash: isAcquired[0] deviceIndex[0] hDevice[0x0]  pipelineRefCount[0]><subdeviceTPG: isAcquired[0] deviceIndex[0] hDevice[0x0]  pipelineRefCount[0]>
10-12 01:15:10.986  2069 12098 E CamX    : [ERROR][SENSOR ] camxsensorcache.cpp:429 ReleaseAllCache() [SUBDEV_DBG]Camera[2] ReleaseAllCache:hCSLSession0[0x9a0200] hCSLSession1[0x0]refcount[0]<subdeviceSensor: isAcquired[0] deviceIndex[32] hDevice[0xd30106]  pipelineRefCount[0]><subdeviceCSIPHY: isAcquired[0] deviceIndex[3] hDevice[0x900104]  pipelineRefCount[0]><subdeviceOIS: isAcquired[0] deviceIndex[0] hDevice[0x0]  pipelineRefCount[0]><subdeviceActuator: isAcquired[0] deviceIndex[25] hDevice[0x880110]  pipelineRefCount[0]><subdeviceFlash: isAcquired[0] deviceIndex[16] hDevice[0xb70114]  pipelineRefCount[0]><subdeviceTPG: isAcquired[0] deviceIndex[0] hDevice[0x0]  pipelineRefCount[0]>
10-12 01:15:10.986  2069 12098 E CamX    : [ERROR][SENSOR ] camxsensorcache.cpp:429 ReleaseAllCache() [SUBDEV_DBG]Camera[3] ReleaseAllCache:hCSLSession0[0x9a0200] hCSLSession1[0x0]refcount[0]<subdeviceSensor: isAcquired[0] deviceIndex[33] hDevice[0xb30109]  pipelineRefCount[0]><subdeviceCSIPHY: isAcquired[0] deviceIndex[4] hDevice[0x49010e]  pipelineRefCount[0]><subdeviceOIS: isAcquired[0] deviceIndex[27] hDevice[0x4f0108]  pipelineRefCount[0]><subdeviceActuator: isAcquired[0] deviceIndex[22] hDevice[0x94010f]  pipelineRefCount[0]><subdeviceFlash: isAcquired[0] deviceIndex[17] hDevice[0x2f0102]  pipelineRefCount[0]><subdeviceTPG: isAcquired[0] deviceIndex[0] hDevice[0x0]  pipelineRefCount[0]>
10-12 01:15:10.986  2069 12098 E CamX    : [ERROR][SENSOR ] camxsensorcache.cpp:429 ReleaseAllCache() [SUBDEV_DBG]Camera[4] ReleaseAllCache:hCSLSession0[0x9a0200] hCSLSession1[0x0]refcount[0]<subdeviceSensor: isAcquired[0] deviceIndex[34] hDevice[0x34010d]  pipelineRefCount[0]><subdeviceCSIPHY: isAcquired[0] deviceIndex[2] hDevice[0xfb0116]  pipelineRefCount[0]><subdeviceOIS: isAcquired[0] deviceIndex[28] hDevice[0xd6010c]  pipelineRefCount[0]><subdeviceActuator: isAcquired[0] deviceIndex[24] hDevice[0x510117]  pipelineRefCount[0]><subdeviceFlash: isAcquired[0] deviceIndex[18] hDevice[0xcc011a]  pipelineRefCount[0]><subdeviceTPG: isAcquired[0] deviceIndex[0] hDevice[0x0]  pipelineRefCount[0]>
10-12 01:15:10.986  2069 12098 E CamX    : [ERROR][SENSOR ] camxsensorcache.cpp:429 ReleaseAllCache() [SUBDEV_DBG]Camera[5] ReleaseAllCache:hCSLSession0[0x3a0200] hCSLSession1[0x0]refcount[0]<subdeviceSensor: isAcquired[0] deviceIndex[35] hDevice[0x2c0101]  pipelineRefCount[0]><subdeviceCSIPHY: isAcquired[0] deviceIndex[5] hDevice[0xd00102]  pipelineRefCount[0]><subdeviceOIS: isAcquired[0] deviceIndex[0] hDevice[0x0]  pipelineRefCount[0]><subdeviceActuator: isAcquired[0] deviceIndex[23] hDevice[0x6c0103]  pipelineRefCount[0]><subdeviceFlash: isAcquired[0] deviceIndex[0] hDevice[0x0]  pipelineRefCount[0]><subdeviceTPG: isAcquired[0] deviceIndex[0] hDevice[0x0]  pipelineRefCount[0]>
10-12 01:15:10.986  2069 12098 E CamX    : [ERROR][SENSOR ] camxsensorcache.cpp:429 ReleaseAllCache() [SUBDEV_DBG]Camera[6] ReleaseAllCache:hCSLSession0[0x0] hCSLSession1[0x0]refcount[0]<subdeviceSensor: isAcquired[0] deviceIndex[0] hDevice[0x0]  pipelineRefCount[0]><subdeviceCSIPHY: isAcquired[0] deviceIndex[0] hDevice[0x0]  pipelineRefCount[0]><subdeviceOIS: isAcquired[0] deviceIndex[0] hDevice[0x0]  pipelineRefCount[0]><subdeviceActuator: isAcquired[0] deviceIndex[0] hDevice[0x0]  pipelineRefCount[0]><subdeviceFlash: isAcquired[0] deviceIndex[0] hDevice[0x0]  pipelineRefCount[0]><subdeviceTPG: isAcquired[0] deviceIndex[0] hDevice[0x0]  pipelineRefCount[0]>
10-12 01:15:10.986  2069 12098 E CamX    : [ERROR][SENSOR ] camxsensorcache.cpp:429 ReleaseAllCache() [SUBDEV_DBG]Camera[7] ReleaseAllCache:hCSLSession0[0x0] hCSLSession1[0x0]refcount[0]<subdeviceSensor: isAcquired[0] deviceIndex[0] hDevice[0x0]  pipelineRefCount[0]><subdeviceCSIPHY: isAcquired[0] deviceIndex[0] hDevice[0x0]  pipelineRefCount[0]><subdeviceOIS: isAcquired[0] deviceIndex[0] hDevice[0x0]  pipelineRefCount[0]><subdeviceActuator: isAcquired[0] deviceIndex[0] hDevice[0x0]  pipelineRefCount[0]><subdeviceFlash: isAcquired[0] deviceIndex[0] hDevice[0x0]  pipelineRefCount[0]><subdeviceTPG: isAcquired[0] deviceIndex[0] hDevice[0x0]  pipelineRefCount[0]>
10-12 01:15:10.986  2069 12098 E CamX    : [ERROR][SENSOR ] camxsensorcache.cpp:429 ReleaseAllCache() [SUBDEV_DBG]Camera[8] ReleaseAllCache:hCSLSession0[0x0] hCSLSession1[0x0]refcount[0]<subdeviceSensor: isAcquired[0] deviceIndex[0] hDevice[0x0]  pipelineRefCount[0]><subdeviceCSIPHY: isAcquired[0] deviceIndex[0] hDevice[0x0]  pipelineRefCount[0]><subdeviceOIS: isAcquired[0] deviceIndex[0] hDevice[0x0]  pipelineRefCount[0]><subdeviceActuator: isAcquired[0] deviceIndex[0] hDevice[0x0]  pipelineRefCount[0]><subdeviceFlash: isAcquired[0] deviceIndex[0] hDevice[0x0]  pipelineRefCount[0]><subdeviceTPG: isAcquired[0] deviceIndex[0] hDevice[0x0]  pipelineRefCount[0]>
10-12 01:15:10.986  2069 12098 E CamX    : [ERROR][SENSOR ] camxsensorcache.cpp:429 ReleaseAllCache() [SUBDEV_DBG]Camera[9] ReleaseAllCache:hCSLSession0[0x0] hCSLSession1[0x0]refcount[0]<subdeviceSensor: isAcquired[0] deviceIndex[0] hDevice[0x0]  pipelineRefCount[0]><subdeviceCSIPHY: isAcquired[0] deviceIndex[0] hDevice[0x0]  pipelineRefCount[0]><subdeviceOIS: isAcquired[0] deviceIndex[0] hDevice[0x0]  pipelineRefCount[0]><subdeviceActuator: isAcquired[0] deviceIndex[0] hDevice[0x0]  pipelineRefCount[0]><subdeviceFlash: isAcquired[0] deviceIndex[0] hDevice[0x0]  pipelineRefCount[0]><subdeviceTPG: isAcquired[0] deviceIndex[0] hDevice[0x0]  pipelineRefCount[0]>
10-12 01:15:10.986  2069 12098 E CamX    : [ERROR][SENSOR ] camxsensorcache.cpp:429 ReleaseAllCache() [SUBDEV_DBG]Camera[10] ReleaseAllCache:hCSLSession0[0x0] hCSLSession1[0x0]refcount[0]<subdeviceSensor: isAcquired[0] deviceIndex[0] hDevice[0x0]  pipelineRefCount[0]><subdeviceCSIPHY: isAcquired[0] deviceIndex[0] hDevice[0x0]  pipelineRefCount[0]><subdeviceOIS: isAcquired[0] deviceIndex[0] hDevice[0x0]  pipelineRefCount[0]><subdeviceActuator: isAcquired[0] deviceIndex[0] hDevice[0x0]  pipelineRefCount[0]><subdeviceFlash: isAcquired[0] deviceIndex[0] hDevice[0x0]  pipelineRefCount[0]><subdeviceTPG: isAcquired[0] deviceIndex[0] hDevice[0x0]  pipelineRefCount[0]>
10-12 01:15:10.986  2069 12098 E CamX    : [ERROR][SENSOR ] camxsensorcache.cpp:429 ReleaseAllCache() [SUBDEV_DBG]Camera[11] ReleaseAllCache:hCSLSession0[0x0] hCSLSession1[0x0]refcount[0]<subdeviceSensor: isAcquired[0] deviceIndex[0] hDevice[0x0]  pipelineRefCount[0]><subdeviceCSIPHY: isAcquired[0] deviceIndex[0] hDevice[0x0]  pipelineRefCount[0]><subdeviceOIS: isAcquired[0] deviceIndex[0] hDevice[0x0]  pipelineRefCount[0]><subdeviceActuator: isAcquired[0] deviceIndex[0] hDevice[0x0]  pipelineRefCount[0]><subdeviceFlash: isAcquired[0] deviceIndex[0] hDevice[0x0]  pipelineRefCount[0]><subdeviceTPG: isAcquired[0] deviceIndex[0] hDevice[0x0]  pipelineRefCount[0]>
10-12 01:15:10.986  2069 12098 E CamX    : [ERROR][SENSOR ] camxsensorcache.cpp:429 ReleaseAllCache() [SUBDEV_DBG]Camera[12] ReleaseAllCache:hCSLSession0[0x0] hCSLSession1[0x0]refcount[0]<subdeviceSensor: isAcquired[0] deviceIndex[0] hDevice[0x0]  pipelineRefCount[0]><subdeviceCSIPHY: isAcquired[0] deviceIndex[0] hDevice[0x0]  pipelineRefCount[0]><subdeviceOIS: isAcquired[0] deviceIndex[0] hDevice[0x0]  pipelineRefCount[0]><subdeviceActuator: isAcquired[0] deviceIndex[0] hDevice[0x0]  pipelineRefCount[0]><subdeviceFlash: isAcquired[0] deviceIndex[0] hDevice[0x0]  pipelineRefCount[0]><subdeviceTPG: isAcquired[0] deviceIndex[0] hDevice[0x0]  pipelineRefCount[0]>
10-12 01:15:10.986  2069 12098 E CamX    : [ERROR][SENSOR ] camxsensorcache.cpp:429 ReleaseAllCache() [SUBDEV_DBG]Camera[13] ReleaseAllCache:hCSLSession0[0x0] hCSLSession1[0x0]refcount[0]<subdeviceSensor: isAcquired[0] deviceIndex[0] hDevice[0x0]  pipelineRefCount[0]><subdeviceCSIPHY: isAcquired[0] deviceIndex[0] hDevice[0x0]  pipelineRefCount[0]><subdeviceOIS: isAcquired[0] deviceIndex[0] hDevice[0x0]  pipelineRefCount[0]><subdeviceActuator: isAcquired[0] deviceIndex[0] hDevice[0x0]  pipelineRefCount[0]><subdeviceFlash: isAcquired[0] deviceIndex[0] hDevice[0x0]  pipelineRefCount[0]><subdeviceTPG: isAcquired[0] deviceIndex[0] hDevice[0x0]  pipelineRefCount[0]>
10-12 01:15:10.986  2069 12098 E CamX    : [ERROR][SENSOR ] camxsensorcache.cpp:429 ReleaseAllCache() [SUBDEV_DBG]Camera[14] ReleaseAllCache:hCSLSession0[0x0] hCSLSession1[0x0]refcount[0]<subdeviceSensor: isAcquired[0] deviceIndex[0] hDevice[0x0]  pipelineRefCount[0]><subdeviceCSIPHY: isAcquired[0] deviceIndex[0] hDevice[0x0]  pipelineRefCount[0]><subdeviceOIS: isAcquired[0] deviceIndex[0] hDevice[0x0]  pipelineRefCount[0]><subdeviceActuator: isAcquired[0] deviceIndex[0] hDevice[0x0]  pipelineRefCount[0]><subdeviceFlash: isAcquired[0] deviceIndex[0] hDevice[0x0]  pipelineRefCount[0]><subdeviceTPG: isAcquired[0] deviceIndex[0] hDevice[0x0]  pipelineRefCount[0]>
10-12 01:15:10.986  2069 12098 E CamX    : [ERROR][SENSOR ] camxsensorcache.cpp:429 ReleaseAllCache() [SUBDEV_DBG]Camera[15] ReleaseAllCache:hCSLSession0[0x0] hCSLSession1[0x0]refcount[0]<subdeviceSensor: isAcquired[0] deviceIndex[0] hDevice[0x0]  pipelineRefCount[0]><subdeviceCSIPHY: isAcquired[0] deviceIndex[0] hDevice[0x0]  pipelineRefCount[0]><subdeviceOIS: isAcquired[0] deviceIndex[0] hDevice[0x0]  pipelineRefCount[0]><subdeviceActuator: isAcquired[0] deviceIndex[0] hDevice[0x0]  pipelineRefCount[0]><subdeviceFlash: isAcquired[0] deviceIndex[0] hDevice[0x0]  pipelineRefCount[0]><subdeviceTPG: isAcquired[0] deviceIndex[0] hDevice[0x0]  pipelineRefCount[0]>
10-12 01:15:10.986  2069 12098 E CamX    : [ERROR][SENSOR ] camxsensorcache.cpp:443 ReleaseAllCache() [SUBDEV_DBG]Sensor[5]SubDev[0]PipelineRefCount[0]hDevice[2883841]isAcquired[0]
10-12 01:15:10.986  2069 12098 E CamX    : [ERROR][SENSOR ] camxsensorcache.cpp:443 ReleaseAllCache() [SUBDEV_DBG]Sensor[5]SubDev[1]PipelineRefCount[0]hDevice[13631746]isAcquired[0]
10-12 01:15:10.986  2069 12098 E CamX    : [ERROR][SENSOR ] camxsensorcache.cpp:443 ReleaseAllCache() [SUBDEV_DBG]Sensor[5]SubDev[2]PipelineRefCount[0]hDevice[0]isAcquired[0]
10-12 01:15:10.986  2069 12098 E CamX    : [ERROR][SENSOR ] camxsensorcache.cpp:443 ReleaseAllCache() [SUBDEV_DBG]Sensor[5]SubDev[3]PipelineRefCount[0]hDevice[7078147]isAcquired[0]
10-12 01:15:10.986  2069 12098 E CamX    : [ERROR][SENSOR ] camxsensorcache.cpp:443 ReleaseAllCache() [SUBDEV_DBG]Sensor[5]SubDev[4]PipelineRefCount[0]hDevice[0]isAcquired[0]
10-12 01:15:10.986  2069 12098 E CamX    : [ERROR][SENSOR ] camxsensorcache.cpp:443 ReleaseAllCache() [SUBDEV_DBG]Sensor[5]SubDev[5]PipelineRefCount[0]hDevice[0]isAcquired[0]
10-12 01:15:11.118  4370  4370 E KeyguardViewMediator: mHideAnimationFinishedRunnable#run
10-12 01:15:11.144  4370  4553 E FromLockscreenTransitionInteractor: Ignoring startTransition: This interactor asked to transition from LOCKSCREEN -> GONE, but we last transitioned to GONE, not LOCKSCREEN. This should never happen - check currentTransitionInfoInternal or use filterRelevantKeyguardState before starting transitions.
10-12 01:15:11.147  2706  3953 E MotionRecognitionService: Receiver: ACTION_USER_PRESENT - UNLOCK SCREEN
10-12 01:15:11.150  5080 15620 E AppIconSolution: Couldn't get theme package resources, package is null
10-12 01:15:11.151  2193  2193 E SurfaceFlinger: alpha changed 1.000 -> 0.000 - Surface(name=WallpaperWindowToken{7a19d3c token=android.os.Binder@1894255})/@0x914f5fc_transition-leash#225822
10-12 01:15:11.151  2193  2193 E SurfaceFlinger: alpha changed 1.000 -> 0.000 - Surface(name=Task=1)/@0x871c7ce_transition-leash#225821
10-12 01:15:11.151  2193  2193 E SurfaceFlinger: alpha changed 1.000 -> 0.000 - com.sec.android.app.launcher/com.sec.android.app.launcher.activities.LauncherActivity$_7624#225818
10-12 01:15:11.152  4370  9710 E engmode_client_list: Cannot find client
10-12 01:15:11.152  4370  9710 E engmode_client_aidl: Client error
10-12 01:15:11.157  1886  1886 E engmode_world: Unknown token(00/00/00)
10-12 01:15:11.157  1203  1203 E engmode_aidl_service: error to server(0xd0060012)
10-12 01:15:11.157  2041  3258 E ACDB    : vendor/qcom/proprietary/args/acdb/src/acdb_command.c:AcdbCmdGetProcSubgraphCalDataPersist:8255 Error[19]: No calibration found
10-12 01:15:11.159  4753  2437 E LeAudioService: getGroupId: No valid descriptor for device: XX:XX:XX:XX:21:B9
10-12 01:15:11.168  4370  4370 E NowBarCardViewModel: updateExpandedClickPanelVisibility screen on = true expanded falseisTopCardSettingViewOpened = false
10-12 01:15:11.169  4370  4370 E NowBarCardViewModel: updateExpandedClickPanelVisibility screen on = true expanded falseisTopCardSettingViewOpened = false
10-12 01:15:11.170  4753  6636 E BtGatt.GattService: [GSIM LOG]: gsimLogHandler, msg: MESSAGE_SCAN_START, appName: com.google.android.gms, scannerId: 10, reportDelayMillis=0
10-12 01:15:11.171  2041  3258 E ACDB    : vendor/qcom/proprietary/args/acdb/src/acdb_command.c:AcdbCmdGetProcSubgraphCalDataPersist:8255 Error[19]: No calibration found
10-12 01:15:11.171  2041  3258 E ACDB    : vendor/qcom/proprietary/args/acdb/src/acdb_command.c:AcdbCmdGetProcSubgraphCalDataPersist:8255 Error[19]: No calibration found
10-12 01:15:11.171  2041  3258 E ACDB    : vendor/qcom/proprietary/args/acdb/src/acdb_command.c:AcdbCmdGetProcSubgraphCalDataPersist:8255 Error[19]: No calibration found
10-12 01:15:11.171  2041  3258 E ACDB    : vendor/qcom/proprietary/args/acdb/src/acdb_command.c:AcdbCmdGetProcSubgraphCalDataPersist:8255 Error[19]: No calibration found
10-12 01:15:11.172  4753  2437 E LeAudioService: getGroupId: No valid descriptor for device: XX:XX:XX:XX:21:B9
10-12 01:15:11.172  2041  3258 E ACDB    : vendor/qcom/proprietary/args/acdb/src/acdb_command.c:AcdbCmdGetProcSubgraphCalDataPersist:8255 Error[19]: No calibration found
10-12 01:15:11.172  2041  3258 E ACDB    : vendor/qcom/proprietary/args/acdb/src/acdb_command.c:AcdbCmdGetProcSubgraphCalDataPersist:8255 Error[19]: No calibration found
10-12 01:15:11.172  2041  3258 E ACDB    : vendor/qcom/proprietary/args/acdb/src/acdb_command.c:AcdbCmdGetProcSubgraphCalDataPersist:8255 Error[19]: No calibration found
10-12 01:15:11.172  2041  3258 E ACDB    : vendor/qcom/proprietary/args/acdb/src/acdb_command.c:AcdbCmdGetProcSubgraphCalDataPersist:8255 Error[19]: No calibration found
10-12 01:15:11.176  2706  5074 E WindowManager: win=Window{6c80739 u0 Bouncer} destroySurfaces: appStopped=true cleanupOnResume=false win.mWindowRemovalAllowed=false win.mRemoveOnExit=false win.mViewVisibility=4 caller=com.android.server.wm.WindowManagerService.tryStartExitingAnimation:147 com.android.server.wm.WindowManagerService.relayoutWindowInner:112 com.android.server.wm.WindowManagerService.relayoutWindow:6 com.android.server.wm.Session.relayout:27 android.view.IWindowSession$Stub.onTransact:861 com.android.server.wm.Session.onTransact:1 android.os.Binder.execTransactInternal:1541 
10-12 01:15:11.179  4753  2437 E LeAudioService: getGroupId: No valid descriptor for device: XX:XX:XX:XX:21:B9
10-12 01:15:11.180  4753  6636 E BtGatt.GattService: [GSIM LOG]: gsimLogHandler, msg: MESSAGE_ADV_SET_STOP, appName: com.google.android.gms, id: 2, isLegacy: true
10-12 01:15:11.181  4753  6636 E BtGatt.GattService: [GSIM LOG]: gsimLogHandler, msg: MESSAGE_SCAN_START, appName: com.google.android.gms, scannerId: 11, reportDelayMillis=0
10-12 01:15:11.182  4753  2437 E LeAudioService: getGroupId: No valid descriptor for device: XX:XX:XX:XX:21:B9
10-12 01:15:11.184  2193  2193 E SurfaceFlinger: alpha changed 1.000 -> 0.000 - Bouncer$_4370#225813
10-12 01:15:11.184  2193  2193 E SurfaceFlinger: alpha changed 1.000 -> 0.000 - Surface(name=WallpaperWindowToken{72bfbe0 token=android.os.Binder@fd1ccaf})/@0xdc7b485_transition-leash#225823
10-12 01:15:11.184  2193  2193 E SurfaceFlinger: alpha changed 0.000 -> 0.000 - Bouncer$_4370#225813
10-12 01:15:11.184  2193  2193 E SurfaceFlinger: alpha changed 0.000 -> 0.000 - Bouncer$_4370#225813
10-12 01:15:11.186  1183 12806 E keystore2: system/security/keystore2/src/error.rs:171 - system/security/keystore2/src/security_level.rs:332: In create_operation. 10284
10-12 01:15:11.186  1183 12806 E keystore2: 
10-12 01:15:11.186  1183 12806 E keystore2: Caused by:
10-12 01:15:11.186  1183 12806 E keystore2:     0: system/security/keystore2/src/enforcements.rs:633: matching auth token is expired.
10-12 01:15:11.186  1183 12806 E keystore2:     1: Error::Km(r#KEY_USER_NOT_AUTHENTICATED)
10-12 01:15:11.195  4753  6636 E BtGatt.GattService: [GSIM LOG]: gsimLogHandler, msg: MESSAGE_ADV_SET_START, appName: com.google.android.gms, id: 2, isLegacy: true
10-12 01:15:11.199  4753  6636 E BtGatt.GattService: [GSIM LOG]: gsimLogHandler, msg: MESSAGE_ADV_SET_START, appName: com.google.android.gms, id: 3, isLegacy: false
10-12 01:15:11.202  4753  6636 E BtGatt.GattService: [GSIM LOG]: gsimLogHandler, msg: MESSAGE_ADV_SET_START, appName: com.google.android.gms, id: 4, isLegacy: true
10-12 01:15:11.212  4753  6636 E BtGatt.GattService: [GSIM LOG]: gsimLogHandler, msg: MESSAGE_ADV_SET_STOP, appName: com.samsung.android.mcfds, id: 1, isLegacy: true
10-12 01:15:11.279  4753  6636 E BtGatt.GattService: [GSIM LOG]: gsimLogHandler, msg: MESSAGE_ADV_SET_START, appName: com.samsung.android.mcfds, id: 1, isLegacy: true
10-12 01:15:11.452  2706  4652 E WindowManager: win=Window{8e0fa28 u0 NotificationShade} destroySurfaces: appStopped=true cleanupOnResume=false win.mWindowRemovalAllowed=false win.mRemoveOnExit=false win.mViewVisibility=4 caller=com.android.server.wm.WindowManagerService.tryStartExitingAnimation:147 com.android.server.wm.WindowManagerService.relayoutWindowInner:112 com.android.server.wm.WindowManagerService.relayoutWindow:6 com.android.server.wm.Session.relayout:27 android.view.IWindowSession$Stub.onTransact:861 com.android.server.wm.Session.onTransact:1 android.os.Binder.execTransactInternal:1541 
10-12 01:15:12.252  4753  6636 E BtGatt.GattService: [GSIM LOG]: gsimLogHandler, msg: MESSAGE_SCAN_START, appName: com.samsung.android.mcfserver, scannerId: 12, reportDelayMillis=0
10-12 01:15:13.198  4753  6636 E BtGatt.GattService: [GSIM LOG]: gsimLogHandler, msg: MESSAGE_ADV_SET_STOP, appName: com.google.android.gms, id: 2, isLegacy: true
10-12 01:15:13.670  2193  5455 E NativeCustomFrequencyManager: [NativeCFMS] BpCustomFrequencyManager::acquire()
10-12 01:15:14.230  2156 13349 E ConversionHelperAidl: Function: parseAndSetVendorParameters Line: 94 Failed 
10-12 01:15:14.230  2156 13349 E ConversionHelperAidl: Function: parseAndSetVendorParameters Line: 94 Failed 
10-12 01:15:14.230  2156 13349 E ConversionHelperAidl: Function: parseAndSetVendorParameters Line: 94 Failed 
10-12 01:15:14.230  2156 13349 E ConversionHelperAidl: Function: parseAndSetVendorParameters Line: 94 Failed 
10-12 01:15:14.240  2706  5074 E SemContext.CaeProvider: setAttribute() : attribute is null!
10-12 01:15:14.240  2706  4652 E SensorService: BigData:Pakage) 5 already enabled. 
10-12 01:15:14.241  2706  4652 E SensorService: BigData:Pakage) 5 already disabled. 
10-12 01:15:15.093  4753  6636 E BtGatt.GattService: [GSIM LOG]: gsimLogHandler, msg: MESSAGE_ADV_SET_STOP, appName: com.google.android.gms, id: 0, isLegacy: true
10-12 01:15:15.110  4753  6636 E BtGatt.GattService: [GSIM LOG]: gsimLogHandler, msg: MESSAGE_ADV_SET_START, appName: com.google.android.gms, id: 0, isLegacy: true
10-12 01:15:16.791  2070  2162 E BatteryDump: !@new_battery_dump : 4300,842,1300,3370,88,323,286,426,323,0,352,426,0,Charging,NO_CHARGING,Normal,Good,PDIC,0,Normal,0,0,9249,0x8000,0x10010000,0x0,0,0,1254,v0002,0000,0000,ffff0700,0,0,0,0,43,4272,8677,980,0,
10-12 01:15:16.833  2193  5455 E NativeCustomFrequencyManager: [NativeCFMS] BpCustomFrequencyManager::acquire()
10-12 01:15:17.183  4753  6636 E BtGatt.GattService: [GSIM LOG]: gsimLogHandler, msg: MESSAGE_SCAN_STOP, appName: com.google.android.gms, scannerId: 11, reportDelayMillis=0
10-12 01:15:17.185  4753  6636 E BtGatt.GattService: [GSIM LOG]: gsimLogHandler, msg: MESSAGE_SCAN_START, appName: com.google.android.gms, scannerId: 11, reportDelayMillis=0
10-12 01:15:19.705  2193  5455 E NativeCustomFrequencyManager: [NativeCFMS] BpCustomFrequencyManager::acquire()
10-12 01:15:23.161  2193  5455 E NativeCustomFrequencyManager: [NativeCFMS] BpCustomFrequencyManager::acquire()
10-12 01:15:24.005  2706  6215 E BatteryStatsService: Invalid uid for waking network packet: -1
10-12 01:15:24.211  2037  2037 E sensors-hal: sendContextData:133, slocationcore h 193 m 23 s 55
10-12 01:15:24.211  2037  2037 E sensors-hal: create_send_context_data:64, slocationcore create_send_context_data
10-12 01:15:24.212  2037  2037 E sensors-hal: sendContextData:133, slocationcore h 193 m 23 s 55
10-12 01:15:24.212  2037  2037 E sensors-hal: create_send_context_data:64, slocationcore create_send_context_data
10-12 01:15:24.213  2037  3950 E sensors-hal: handle_sns_client_event:78, slocationcore_event: msgid:1025
10-12 01:15:24.213  2037  3950 E sensors-hal: handle_sns_client_event:78, slocationcore_event: msgid:1025
10-12 01:15:24.257  2156  6384 E ConversionHelperAidl: Function: parseAndSetVendorParameters Line: 94 Failed 
10-12 01:15:24.257  2156  6384 E ConversionHelperAidl: Function: parseAndSetVendorParameters Line: 94 Failed 
10-12 01:15:24.258  2156  6384 E ConversionHelperAidl: Function: parseAndSetVendorParameters Line: 94 Failed 
10-12 01:15:24.258  2156  6384 E ConversionHelperAidl: Function: parseAndSetVendorParameters Line: 94 Failed 
10-12 01:15:24.266  2706  6215 E SemContext.CaeProvider: setAttribute() : attribute is null!
10-12 01:15:24.267  2706  6215 E SensorService: BigData:Pakage) 5 already enabled. 
10-12 01:15:24.290  2706  6215 E SensorService: BigData:Pakage) 5 already disabled. 
10-12 01:15:26.157  2193  5455 E NativeCustomFrequencyManager: [NativeCFMS] BpCustomFrequencyManager::acquire()
10-12 01:15:26.908  2070  2162 E BatteryDump: !@new_battery_dump : 4280,191,1300,3370,88,325,288,411,325,0,366,411,0,Charging,NO_CHARGING,Normal,Good,PDIC,0,Normal,0,0,9249,0x8000,0x10010000,0x0,0,0,969,v0002,0000,0000,ffff0700,0,0,0,0,43,4272,8681,980,0,
10-12 01:15:27.267  2037  2037 E sensors-hal: sendContextData:133, slocationcore h 193 m 23 s 55
10-12 01:15:27.267  2037  2037 E sensors-hal: create_send_context_data:64, slocationcore create_send_context_data
10-12 01:15:27.267  2037  2037 E sensors-hal: sendContextData:133, slocationcore h 193 m 23 s 55
10-12 01:15:27.267  2037  2037 E sensors-hal: create_send_context_data:64, slocationcore create_send_context_data
10-12 01:15:27.268  2037  3950 E sensors-hal: handle_sns_client_event:78, slocationcore_event: msgid:1025
10-12 01:15:27.268  2037  3950 E sensors-hal: handle_sns_client_event:78, slocationcore_event: msgid:1025
10-12 01:15:27.276  5687  5687 E DWBn    : UsageDataManager MemoryTrimmable
10-12 01:15:27.276  5687  5687 E DWBg    : LocalPkgManager MemoryTrimmable
10-12 01:15:27.989  5804 19990 E pageboostd: alp start : app comasifStocktally
10-12 01:15:27.996  5804 19990 E pageboostd: comasifStocktally, amt 9134080 scnt 1 fcnt 0
10-12 01:15:28.013  2193  5455 E NativeCustomFrequencyManager: [NativeCFMS] BpCustomFrequencyManager::acquire()
10-12 01:15:28.024  5804 19990 E pageboostd: comasifStocktally, amt 23707648 scnt 25 fcnt 11
10-12 01:15:28.024  5804 19990 E pageboostd: alp end : app comasifStocktally data_amount 32841728
10-12 01:15:28.077  5804  5804 E pageboostd: Received HALT command code 2
10-12 01:15:28.086  2061  2207 E PERFHAL-RESOURCEQS: PERFHAL-RESOURCEQS: AddAndApply() 159: Failed to apply optimization [10, 8]
10-12 01:15:28.108  2193  2193 E SurfaceFlinger: alpha changed 1.000 -> 0.000 - Surface(name=Task=4454)/@0x372e0b0_transition-leash#225831
10-12 01:15:28.111 19676 20003 E Adreno-AppProfiles: QSPM AIDL service doesn't exist
10-12 01:15:28.150 19676 19676 E asif.Stocktally: Unable to open libpenguin.so: dlopen failed: library "libpenguin.so" not found.
10-12 01:15:28.158  2193  2193 E SurfaceFlinger: alpha changed 0.000 -> 0.032 - Surface(name=Task=4454)/@0x372e0b0_transition-leash#225831
10-12 01:15:28.300  5804  5804 E pageboostd: Received HALT command code 2
10-12 01:15:28.331 19676 20014 E ReactNativeJS: ' Error checking entitlements:', [Error: There is no singleton instance. Make sure you configure Purchases before trying to get the default instance. More info here: https://errors.rev.cat/configuring-sdk]
10-12 01:15:28.340 19676 20015 E unknown:ReactNative: console.error:  Error checking entitlements: Error: There is no singleton instance. Make sure you configure Purchases before trying to get the default instance. More info here: https://errors.rev.cat/configuring-sdk, js engine: hermes, stack:
10-12 01:15:28.340 19676 20015 E unknown:ReactNative: _construct@1:128102
10-12 01:15:28.340 19676 20015 E unknown:ReactNative: Wrapper@1:127756
10-12 01:15:28.340 19676 20015 E unknown:ReactNative: _callSuper@1:125587
10-12 01:15:28.340 19676 20015 E unknown:ReactNative: SyntheticError@1:127243
10-12 01:15:28.340 19676 20015 E unknown:ReactNative: reactConsoleErrorHandler@1:126854
10-12 01:15:28.340 19676 20015 E unknown:ReactNative: ?anon_0_@1:1036555
10-12 01:15:28.340 19676 20015 E unknown:ReactNative: asyncGeneratorStep@1:557486
10-12 01:15:28.340 19676 20015 E unknown:ReactNative: _throw@1:557791
10-12 01:15:28.365 12766 20062 E AtomicFile: Failed to rename /data/user_de/0/com.samsung.android.honeyboard/files/selected.json.new to /data/user_de/0/com.samsung.android.honeyboard/files/selected.json
10-12 01:15:28.408  2193  2193 E SurfaceFlinger: alpha changed 1.000 -> 0.000 - Surface(name=5728d3c InputMethod)/@0xc61c1a - animation-leash of insets_animation#225842
10-12 01:15:28.492  2706  5074 E WindowManager: win=Window{d229b10 u0 com.sec.android.app.launcher/com.sec.android.app.launcher.activities.LauncherActivity} destroySurfaces: appStopped=true cleanupOnResume=false win.mWindowRemovalAllowed=false win.mRemoveOnExit=false win.mViewVisibility=8 caller=com.android.server.wm.ActivityRecord.destroySurfaces:25 com.android.server.wm.ActivityRecord.activityStopped:184 com.android.server.wm.ActivityClientController.activityStopped:95 android.app.IActivityClientController$Stub.onTransact:722 com.android.server.wm.ActivityClientController.onTransact:1 android.os.Binder.execTransactInternal:1541 android.os.Binder.execTransact:1480 
10-12 01:15:28.492  2706  5074 E WindowManager: win=Window{37e49e9 u0 com.sec.android.app.launcher/com.sec.android.app.launcher.activities.LauncherActivity} destroySurfaces: appStopped=true cleanupOnResume=false win.mWindowRemovalAllowed=false win.mRemoveOnExit=false win.mViewVisibility=8 caller=com.android.server.wm.ActivityRecord.destroySurfaces:25 com.android.server.wm.ActivityRecord.activityStopped:184 com.android.server.wm.ActivityClientController.activityStopped:95 android.app.IActivityClientController$Stub.onTransact:722 com.android.server.wm.ActivityClientController.onTransact:1 android.os.Binder.execTransactInternal:1541 android.os.Binder.execTransact:1480 
10-12 01:15:28.568 19676 20014 E ReactNativeJS: [RevenueCat]  Error fetching offerings - PurchasesError(code=ConfigurationError, underlyingErrorMessage=There are no products registered in the RevenueCat dashboard for your offerings. If you don't want to use the offerings system, you can safely ignore this message. To configure offerings and their products, follow the instructions in https://rev.cat/how-to-configure-offerings.
10-12 01:15:28.568 19676 20014 E ReactNativeJS: More information: https://rev.cat/why-are-offerings-empty, message='There is an issue with your configuration. Check the underlying error for more details.')
10-12 01:15:28.568 19676 20015 E unknown:ReactNative: console.error: [RevenueCat]  Error fetching offerings - PurchasesError(code=ConfigurationError, underlyingErrorMessage=There are no products registered in the RevenueCat dashboard for your offerings. If you don't want to use the offerings system, you can safely ignore this message. To configure offerings and their products, follow the instructions in https://rev.cat/how-to-configure-offerings.
10-12 01:15:28.568 19676 20015 E unknown:ReactNative: More information: https://rev.cat/why-are-offerings-empty, message='There is an issue with your configuration. Check the underlying error for more details.'), js engine: hermes, stack:
10-12 01:15:28.568 19676 20015 E unknown:ReactNative: _construct@1:128102
10-12 01:15:28.568 19676 20015 E unknown:ReactNative: Wrapper@1:127756
10-12 01:15:28.568 19676 20015 E unknown:ReactNative: _callSuper@1:125587
10-12 01:15:28.568 19676 20015 E unknown:ReactNative: SyntheticError@1:127243
10-12 01:15:28.568 19676 20015 E unknown:ReactNative: reactConsoleErrorHandler@1:126854
10-12 01:15:28.568 19676 20015 E unknown:ReactNative: anonymous@1:1041619
10-12 01:15:28.568 19676 20015 E unknown:ReactNative: anonymous@1:1039740
10-12 01:15:28.568 19676 20015 E unknown:ReactNative: emit@1:163690
10-12 01:15:28.568 19676 20015 E unknown:ReactNative: anonymous@1:162079
10-12 01:15:28.568 19676 20015 E unknown:ReactNative: emit@1:162373
10-12 01:15:31.307  2706  4352 E Pageboost: ioinfo read failed
10-12 01:15:32.083  2706 11057 E TaskPersister: File error accessing recents directory (directory doesn't exist?).
10-12 01:15:32.675  2706  3069 E Watchdog: !@Sync: 19423 heap(MB): 199 / 210 FD: 1638 [2025-10-12 01:15:32.675]
10-12 01:15:34.283  2156  6384 E ConversionHelperAidl: Function: parseAndSetVendorParameters Line: 94 Failed 
10-12 01:15:34.283  2156  6384 E ConversionHelperAidl: Function: parseAndSetVendorParameters Line: 94 Failed 
10-12 01:15:34.283  2156  6384 E ConversionHelperAidl: Function: parseAndSetVendorParameters Line: 94 Failed 
10-12 01:15:34.283  2156  6384 E ConversionHelperAidl: Function: parseAndSetVendorParameters Line: 94 Failed 
10-12 01:15:35.199 12905 12905 E GEL_DELAYED_EVENT_DEBUG: Volley request failed for type axxn
10-12 01:15:35.199 12905 12905 E GEL_DELAYED_EVENT_DEBUG: abcm
10-12 01:15:35.199 12905 12905 E GEL_DELAYED_EVENT_DEBUG: 	at ezx.run(PG:369)
10-12 01:15:35.199 12905 12905 E GEL_DELAYED_EVENT_DEBUG: 	at aqlh.run(PG:21)
10-12 01:15:35.199 12905 12905 E GEL_DELAYED_EVENT_DEBUG: 	at sca.run(PG:7)
10-12 01:15:35.199 12905 12905 E GEL_DELAYED_EVENT_DEBUG: 	at arpd.run(PG:44)
10-12 01:15:35.199 12905 12905 E GEL_DELAYED_EVENT_DEBUG: 	at rzi.run(PG:245)
10-12 01:15:35.199 12905 12905 E GEL_DELAYED_EVENT_DEBUG: 	at ezx.run(PG:702)
10-12 01:15:35.199 12905 12905 E GEL_DELAYED_EVENT_DEBUG: 	at java.lang.Thread.run(Thread.java:1119)
10-12 01:15:35.199 12905 12905 E GEL_DELAYED_EVENT_DEBUG: 	at scw.run(PG:61)
10-12 01:15:35.199 12905 12905 E GEL_DELAYED_EVENT_DEBUG: Caused by: bmeo: Exception in CronetUrlRequest: net::ERR_TIMED_OUT, ErrorCode=4, InternalErrorCode=-7, Retryable=true
10-12 01:15:35.199 12905 12905 E GEL_DELAYED_EVENT_DEBUG: 	at org.chromium.net.impl.CronetUrlRequest.onError(PG:66)
10-12 01:15:35.219 12905 12946 E YouTube : Failed to fetch offline library browse
10-12 01:15:35.219 12905 12946 E YouTube : java.lang.Exception: abcm
10-12 01:15:35.219 12905 12946 E YouTube : 	at hoy.apply(PG:294)
10-12 01:15:35.219 12905 12946 E YouTube : 	at aapb.u(PG:15)
10-12 01:15:35.219 12905 12946 E YouTube : 	at aapb.d(PG:11)
10-12 01:15:35.219 12905 12946 E YouTube : 	at hvo.a(PG:47)
10-12 01:15:35.219 12905 12946 E YouTube : 	at blzg.bn(PG:35)
10-12 01:15:35.219 12905 12946 E YouTube : 	at zxo.call(PG:722)
10-12 01:15:35.219 12905 12946 E YouTube : 	at aruc.call(PG:17)
10-12 01:15:35.219 12905 12946 E YouTube : 	at arws.a(PG:3)
10-12 01:15:35.219 12905 12946 E YouTube : 	at arvw.run(PG:19)
10-12 01:15:35.219 12905 12946 E YouTube : 	at arwt.run(PG:5)
10-12 01:15:35.219 12905 12946 E YouTube : 	at arpd.run(PG:44)
10-12 01:15:35.219 12905 12946 E YouTube : 	at rzi.run(PG:245)
10-12 01:15:35.219 12905 12946 E YouTube : 	at ezx.run(PG:702)
10-12 01:15:35.219 12905 12946 E YouTube : 	at java.lang.Thread.run(Thread.java:1119)
10-12 01:15:35.219 12905 12946 E YouTube : 	at scw.run(PG:61)
10-12 01:15:35.219 12905 12946 E YouTube : Caused by: abcm
10-12 01:15:35.219 12905 12946 E YouTube : 	at aaym.b(PG:24)
10-12 01:15:35.219 12905 12946 E YouTube : 	at aaym.c(PG:6)
10-12 01:15:35.219 12905 12946 E YouTube : 	at aoiq.cH(PG:5)
10-12 01:15:35.219 12905 12946 E YouTube : 	at aaze.onFailed(PG:14)
10-12 01:15:35.219 12905 12946 E YouTube : 	at aqmc.onFailed(PG:12)
10-12 01:15:35.219 12905 12946 E YouTube : 	at bmfc.onFailed(PG:3)
10-12 01:15:35.219 12905 12946 E YouTube : 	at bmbr.run(PG:610)
10-12 01:15:35.219 12905 12946 E YouTube : 	at a.br(PG:1)
10-12 01:15:35.219 12905 12946 E YouTube : 	at aruq.execute(PG:1)
10-12 01:15:35.219 12905 12946 E YouTube : 	at org.chromium.net.impl.CronetUrlRequest.onNativeAdapterDestroyed(PG:37)
10-12 01:15:35.219 12905 12946 E YouTube : Caused by: bmeo: Exception in CronetUrlRequest: net::ERR_TIMED_OUT, ErrorCode=4, InternalErrorCode=-7, Retryable=true
10-12 01:15:35.219 12905 12946 E YouTube : 	at org.chromium.net.impl.CronetUrlRequest.onError(PG:66)
10-12 01:15:36.205  2037  2037 E sensors-hal: sendContextData:133, slocationcore h 193 m 23 s 55
10-12 01:15:36.205  2037  2037 E sensors-hal: create_send_context_data:64, slocationcore create_send_context_data
10-12 01:15:36.206  2037  2037 E sensors-hal: sendContextData:133, slocationcore h 193 m 23 s 55
10-12 01:15:36.206  2037  2037 E sensors-hal: create_send_context_data:64, slocationcore create_send_context_data
10-12 01:15:36.206  2037  3950 E sensors-hal: handle_sns_client_event:78, slocationcore_event: msgid:1025
10-12 01:15:36.206  2037  3950 E sensors-hal: handle_sns_client_event:78, slocationcore_event: msgid:1025
10-12 01:15:37.019  2070  2162 E BatteryDump: !@new_battery_dump : 4288,444,1300,3370,88,326,289,414,326,0,358,414,0,Charging,NO_CHARGING,Normal,Good,PDIC,0,Normal,0,0,9249,0x8000,0x10010000,0x0,0,0,1051,v0002,0000,0000,ffff0700,0,0,0,0,43,4272,8682,980,0,
10-12 01:15:40.762 19676 20014 E ReactNativeJS: [RevenueCat]  Error fetching offerings - PurchasesError(code=ConfigurationError, underlyingErrorMessage=There are no products registered in the RevenueCat dashboard for your offerings. If you don't want to use the offerings system, you can safely ignore this message. To configure offerings and their products, follow the instructions in https://rev.cat/how-to-configure-offerings.
10-12 01:15:40.762 19676 20014 E ReactNativeJS: More information: https://rev.cat/why-are-offerings-empty, message='There is an issue with your configuration. Check the underlying error for more details.')
10-12 01:15:40.763 19676 20014 E ReactNativeJS: ' Failed to fetch offerings:', { [Error: There is an issue with your configuration. Check the underlying error for more details.]
10-12 01:15:40.763 19676 20014 E ReactNativeJS:   nativeStackAndroid: [],
10-12 01:15:40.763 19676 20014 E ReactNativeJS:   userInfo: 
10-12 01:15:40.763 19676 20014 E ReactNativeJS:    { underlyingErrorMessage: 'There are no products registered in the RevenueCat dashboard for your offerings. If you don\'t want to use the offerings system, you can safely ignore this message. To configure offerings and their products, follow the instructions in https://rev.cat/how-to-configure-offerings.\nMore information: https://rev.cat/why-are-offerings-empty',
10-12 01:15:40.763 19676 20014 E ReactNativeJS:      readableErrorCode: 'ConfigurationError',
10-12 01:15:40.763 19676 20014 E ReactNativeJS:      readable_error_code: 'ConfigurationError',
10-12 01:15:40.763 19676 20014 E ReactNativeJS:      message: 'There is an issue with your configuration. Check the underlying error for more details.',
10-12 01:15:40.763 19676 20014 E ReactNativeJS:      code: 23 },
10-12 01:15:40.763 19676 20014 E ReactNativeJS:   code: '23' }
10-12 01:15:40.763 19676 20015 E unknown:ReactNative: console.error: [RevenueCat]  Error fetching offerings - PurchasesError(code=ConfigurationError, underlyingErrorMessage=There are no products registered in the RevenueCat dashboard for your offerings. If you don't want to use the offerings system, you can safely ignore this message. To configure offerings and their products, follow the instructions in https://rev.cat/how-to-configure-offerings.
10-12 01:15:40.763 19676 20015 E unknown:ReactNative: More information: https://rev.cat/why-are-offerings-empty, message='There is an issue with your configuration. Check the underlying error for more details.'), js engine: hermes, stack:
10-12 01:15:40.763 19676 20015 E unknown:ReactNative: _construct@1:128102
