10-16 23:14:20.275 14637 14694 E NativeCrashManager: register: NativeCrashManager is already enabled. Updating listener
10-16 23:14:20.280  2037  2037 E sensors-hal: register_cb:315, all callbacks are null for new suid. no need to register it
10-16 23:14:20.281  2018  2119 E minksocket: MinkIPC ERROR: ( 2018:2119 ) MinkIPC_preProcess:272 Client down, but cannot find corresponding minksession
10-16 23:14:20.282  2018  2126 E minksocket: MinkIPC ERROR: ( 2018:2126 ) MinkIPC_preProcess:272 Client down, but cannot find corresponding minksession
10-16 23:14:20.283  2018  2126 E minksocket: MinkIPC ERROR: ( 2018:2126 ) MinkIPC_preProcess:272 Client down, but cannot find corresponding minksession
10-16 23:14:20.283  2018  2119 E minksocket: MinkIPC ERROR: ( 2018:2119 ) MinkIPC_preProcess:272 Client down, but cannot find corresponding minksession
10-16 23:14:20.285  2018  2119 E minksocket: MinkIPC ERROR: ( 2018:2119 ) MinkIPC_preProcess:272 Client down, but cannot find corresponding minksession
10-16 23:14:20.285  2018  2126 E minksocket: MinkIPC ERROR: ( 2018:2126 ) MinkIPC_preProcess:272 Client down, but cannot find corresponding minksession
10-16 23:14:20.298  2706  4652 E WindowManager: win=Window{4d4cb74 u0 com.vasylevych.flophouse/com.unity3d.services.ads.adunit.AdUnitActivity} destroySurfaces: appStopped=true cleanupOnResume=false win.mWindowRemovalAllowed=false win.mRemoveOnExit=false win.mViewVisibility=8 caller=com.android.server.wm.ActivityRecord.destroySurfaces:25 com.android.server.wm.ActivityRecord.activityStopped:184 com.android.server.wm.ActivityClientController.activityStopped:95 android.app.IActivityClientController$Stub.onTransact:722 com.android.server.wm.ActivityClientController.onTransact:1 android.os.Binder.execTransactInternal:1541 android.os.Binder.execTransact:1480 
10-16 23:14:20.426 14741 14764 E appmanager:auth: hiddenapi: Accessing hidden method Lsun/misc/Unsafe;->getAndAddLong(Ljava/lang/Object;JJ)J (runtime_flags=0, domain=core-platform, api=max-target-r) from Luc/a; (domain=app) using reflection: denied
10-16 23:14:22.001  2156 14836 E ConversionHelperAidl: Function: parseAndSetVendorParameters Line: 94 Failed 
10-16 23:14:22.001  2156 14836 E ConversionHelperAidl: Function: parseAndSetVendorParameters Line: 94 Failed 
10-16 23:14:22.001  2156 14836 E ConversionHelperAidl: Function: parseAndSetVendorParameters Line: 94 Failed 
10-16 23:14:22.001  2156 14836 E ConversionHelperAidl: Function: parseAndSetVendorParameters Line: 94 Failed 
10-16 23:14:22.237  2193  5455 E NativeCustomFrequencyManager: [NativeCFMS] BpCustomFrequencyManager::acquire()
10-16 23:14:22.674  2037  2037 E sensors-hal: sendContextData:133, slocationcore h 193 m 23 s 55
10-16 23:14:22.674  2037  2037 E sensors-hal: create_send_context_data:64, slocationcore create_send_context_data
10-16 23:14:22.675  2037  2037 E sensors-hal: sendContextData:133, slocationcore h 193 m 23 s 55
10-16 23:14:22.675  2037  2037 E sensors-hal: create_send_context_data:64, slocationcore create_send_context_data
10-16 23:14:22.675  2037  3950 E sensors-hal: handle_sns_client_event:78, slocationcore_event: msgid:1025
10-16 23:14:22.676  2037  3950 E sensors-hal: handle_sns_client_event:78, slocationcore_event: msgid:1025
10-16 23:14:23.586 14637 14676 E AppCenter: Sending logs groupName=group_core id=2ca27ee3-3ed7-4fd1-8a72-c53cfcddab15 failed
10-16 23:14:23.586 14637 14676 E AppCenter: com.microsoft.appcenter.http.HttpException: 401 - {"status":"AppSecretForbiddenListed","validDiagnosticsIds":[],"throttledDiagnosticsIds":[],"correlationId":"67cbb6fd-a095-4cbe-ac50-bec6baeee400"}
10-16 23:14:23.586 14637 14676 E AppCenter: 	at Rg.c.a(Unknown Source:422)
10-16 23:14:23.586 14637 14676 E AppCenter: 	at Rg.c.b(Unknown Source:6)
10-16 23:14:23.586 14637 14676 E AppCenter: 	at Rg.c.doInBackground(Unknown Source:2)
10-16 23:14:23.586 14637 14676 E AppCenter: 	at android.os.AsyncTask$3.call(AsyncTask.java:394)
10-16 23:14:23.586 14637 14676 E AppCenter: 	at java.util.concurrent.FutureTask.run(FutureTask.java:317)
10-16 23:14:23.586 14637 14676 E AppCenter: 	at java.util.concurrent.ThreadPoolExecutor.runWorker(ThreadPoolExecutor.java:1156)
10-16 23:14:23.586 14637 14676 E AppCenter: 	at java.util.concurrent.ThreadPoolExecutor$Worker.run(ThreadPoolExecutor.java:651)
10-16 23:14:23.586 14637 14676 E AppCenter: 	at java.lang.Thread.run(Thread.java:1119)
10-16 23:14:23.739  2193  5455 E NativeCustomFrequencyManager: [NativeCFMS] BpCustomFrequencyManager::acquire()
10-16 23:14:25.753  2037  2037 E sensors-hal: sendContextData:133, slocationcore h 193 m 23 s 55
10-16 23:14:25.753  2037  2037 E sensors-hal: create_send_context_data:64, slocationcore create_send_context_data
10-16 23:14:25.753  2037  2037 E sensors-hal: sendContextData:133, slocationcore h 193 m 23 s 55
10-16 23:14:25.753  2037  2037 E sensors-hal: create_send_context_data:64, slocationcore create_send_context_data
10-16 23:14:25.754  2037  3950 E sensors-hal: handle_sns_client_event:78, slocationcore_event: msgid:1025
10-16 23:14:25.755  2037  3950 E sensors-hal: handle_sns_client_event:78, slocationcore_event: msgid:1025
10-16 23:14:26.793  2193  5455 E NativeCustomFrequencyManager: [NativeCFMS] BpCustomFrequencyManager::acquire()
10-16 23:14:27.220  2037  2037 E sensors-hal: flush:384, invalid flush request, active=0, oneshot=0
10-16 23:14:27.221  2018  2126 E minksocket: MinkIPC ERROR: ( 2018:2126 ) MinkIPC_preProcess:272 Client down, but cannot find corresponding minksession
10-16 23:14:27.221  2018  2119 E minksocket: MinkIPC ERROR: ( 2018:2119 ) MinkIPC_preProcess:272 Client down, but cannot find corresponding minksession
10-16 23:14:27.221  2018  2126 E minksocket: MinkIPC ERROR: ( 2018:2126 ) MinkIPC_preProcess:272 Client down, but cannot find corresponding minksession
10-16 23:14:27.221  2018  2119 E minksocket: MinkIPC ERROR: ( 2018:2119 ) MinkIPC_preProcess:272 Client down, but cannot find corresponding minksession
10-16 23:14:27.221  2018  2119 E minksocket: MinkIPC ERROR: ( 2018:2119 ) MinkIPC_preProcess:272 Client down, but cannot find corresponding minksession
10-16 23:14:27.221  2018  2126 E minksocket: MinkIPC ERROR: ( 2018:2126 ) MinkIPC_preProcess:272 Client down, but cannot find corresponding minksession
10-16 23:14:27.221  2018  2119 E minksocket: MinkIPC ERROR: ( 2018:2119 ) MinkIPC_preProcess:272 Client down, but cannot find corresponding minksession
10-16 23:14:27.221  2018  2126 E minksocket: MinkIPC ERROR: ( 2018:2126 ) MinkIPC_preProcess:272 Client down, but cannot find corresponding minksession
10-16 23:14:27.223  2018  2126 E minksocket: MinkIPC ERROR: ( 2018:2126 ) MinkIPC_preProcess:272 Client down, but cannot find corresponding minksession
10-16 23:14:27.224  2018  2119 E minksocket: MinkIPC ERROR: ( 2018:2119 ) MinkIPC_preProcess:272 Client down, but cannot find corresponding minksession
10-16 23:14:27.224  2018  2119 E minksocket: MinkIPC ERROR: ( 2018:2119 ) MinkIPC_preProcess:272 Client down, but cannot find corresponding minksession
10-16 23:14:27.224  2018  2126 E minksocket: MinkIPC ERROR: ( 2018:2126 ) MinkIPC_preProcess:272 Client down, but cannot find corresponding minksession
10-16 23:14:27.224  2018  2119 E minksocket: MinkIPC ERROR: ( 2018:2119 ) MinkIPC_preProcess:272 Client down, but cannot find corresponding minksession
10-16 23:14:27.224  2018  2126 E minksocket: MinkIPC ERROR: ( 2018:2126 ) MinkIPC_preProcess:272 Client down, but cannot find corresponding minksession
10-16 23:14:27.224  2018  2119 E minksocket: MinkIPC ERROR: ( 2018:2119 ) MinkIPC_preProcess:272 Client down, but cannot find corresponding minksession
10-16 23:14:27.224  2018  2126 E minksocket: MinkIPC ERROR: ( 2018:2126 ) MinkIPC_preProcess:272 Client down, but cannot find corresponding minksession
10-16 23:14:27.299  2018  2119 E minksocket: MinkIPC ERROR: ( 2018:2119 ) MinkIPC_preProcess:272 Client down, but cannot find corresponding minksession
10-16 23:14:27.299  2018  2126 E minksocket: MinkIPC ERROR: ( 2018:2126 ) MinkIPC_preProcess:272 Client down, but cannot find corresponding minksession
10-16 23:14:27.300  2037  2037 E sensors-hal: register_cb:315, all callbacks are null for new suid. no need to register it
10-16 23:14:27.300  2018  2126 E minksocket: MinkIPC ERROR: ( 2018:2126 ) MinkIPC_preProcess:272 Client down, but cannot find corresponding minksession
10-16 23:14:27.300  2018  2119 E minksocket: MinkIPC ERROR: ( 2018:2119 ) MinkIPC_preProcess:272 Client down, but cannot find corresponding minksession
10-16 23:14:27.647 14879 14879 E android.dqagent: Not starting debugger since process cannot load the jdwp agent.
10-16 23:14:28.303  2193  5455 E NativeCustomFrequencyManager: [NativeCFMS] BpCustomFrequencyManager::acquire()
10-16 23:14:29.250  8886 14911 E FirebaseMessaging: Default FirebaseApp has not been initialized. Skip logging event to GA.
10-16 23:14:29.966  7335  7434 E Moneta::DataProviderTags: not enabled tag(playing_game), Disable in DataProviderTags
10-16 23:14:31.256  4753  6636 E BtGatt.GattService: [GSIM LOG]: gsimLogHandler, msg: MESSAGE_ADV_SET_STOP, appName: com.google.android.gms, id: 0, isLegacy: true
10-16 23:14:31.288  4753  6636 E BtGatt.GattService: [GSIM LOG]: gsimLogHandler, msg: MESSAGE_ADV_SET_START, appName: com.google.android.gms, id: 0, isLegacy: true
10-16 23:14:31.300  2193  5455 E NativeCustomFrequencyManager: [NativeCFMS] BpCustomFrequencyManager::acquire()
10-16 23:14:32.035  2156 14836 E ConversionHelperAidl: Function: parseAndSetVendorParameters Line: 94 Failed 
10-16 23:14:32.035  2156 14836 E ConversionHelperAidl: Function: parseAndSetVendorParameters Line: 94 Failed 
10-16 23:14:32.037  2156 14836 E ConversionHelperAidl: Function: parseAndSetVendorParameters Line: 94 Failed 
10-16 23:14:32.037  2156 14836 E ConversionHelperAidl: Function: parseAndSetVendorParameters Line: 94 Failed 
10-16 23:14:34.324  2193  5455 E NativeCustomFrequencyManager: [NativeCFMS] BpCustomFrequencyManager::acquire()
10-16 23:14:35.833  2193  5455 E NativeCustomFrequencyManager: [NativeCFMS] BpCustomFrequencyManager::acquire()
10-16 23:14:37.369  2193  5455 E NativeCustomFrequencyManager: [NativeCFMS] BpCustomFrequencyManager::acquire()
10-16 23:14:38.644  2706  3182 E system_server: updateValue is called with a value 48760, which is lower than the previous value 48763
10-16 23:14:40.009  2070  2162 E BatteryDump: !@new_battery_dump : 4307,-122,100,100,91,309,317,320,309,0,328,320,0,Discharging,NO_CHARGING,None,Good,NONE,0,Normal,0,0,9300,0x40000000,0x10000,0x0,0,0,234,v0002,0000,0000,00000000,0,0,0,0,47,4321,8935,980,0,
10-16 23:14:40.415  2193  5455 E NativeCustomFrequencyManager: [NativeCFMS] BpCustomFrequencyManager::acquire()
10-16 23:14:41.927  2193  5455 E NativeCustomFrequencyManager: [NativeCFMS] BpCustomFrequencyManager::acquire()
10-16 23:14:41.966  2706  3029 E system_server: No package ID ff found for resource ID 0xffffffff.
10-16 23:14:41.967  2706 11089 E WindowManager: win=Window{8e0fa28 u0 NotificationShade} destroySurfaces: appStopped=true cleanupOnResume=false win.mWindowRemovalAllowed=false win.mRemoveOnExit=false win.mViewVisibility=4 caller=com.android.server.wm.WindowManagerService.tryStartExitingAnimation:147 com.android.server.wm.WindowManagerService.relayoutWindowInner:112 com.android.server.wm.WindowManagerService.relayoutWindow:6 com.android.server.wm.Session.relayout:27 android.view.IWindowSession$Stub.onTransact:861 com.android.server.wm.Session.onTransact:1 android.os.Binder.execTransactInternal:1541 
10-16 23:14:41.987  2156  3099 E StreamHalAidl: Function: getRecommendedLatencyModes Line: 943 Failed 
10-16 23:14:42.007  2041  2935 E ACDB    : vendor/qcom/proprietary/args/acdb/src/acdb_command.c:AcdbCmdGetProcSubgraphCalDataPersist:8255 Error[19]: No calibration found
10-16 23:14:42.027  2041  2935 E ACDB    : vendor/qcom/proprietary/args/acdb/src/acdb_command.c:AcdbCmdGetProcSubgraphCalDataPersist:8255 Error[19]: No calibration found
10-16 23:14:42.027  2041  2935 E ACDB    : vendor/qcom/proprietary/args/acdb/src/acdb_command.c:AcdbCmdGetProcSubgraphCalDataPersist:8255 Error[19]: No calibration found
10-16 23:14:42.027  2041  2935 E ACDB    : vendor/qcom/proprietary/args/acdb/src/acdb_command.c:AcdbCmdGetProcSubgraphCalDataPersist:8255 Error[19]: No calibration found
10-16 23:14:42.027  2041  2935 E ACDB    : vendor/qcom/proprietary/args/acdb/src/acdb_command.c:AcdbCmdGetProcSubgraphCalDataPersist:8255 Error[19]: No calibration found
10-16 23:14:42.029  2041  2935 E ACDB    : vendor/qcom/proprietary/args/acdb/src/acdb_command.c:AcdbCmdGetProcSubgraphCalDataPersist:8255 Error[19]: No calibration found
10-16 23:14:42.029  2041  2935 E ACDB    : vendor/qcom/proprietary/args/acdb/src/acdb_command.c:AcdbCmdGetProcSubgraphCalDataPersist:8255 Error[19]: No calibration found
10-16 23:14:42.029  2041  2935 E ACDB    : vendor/qcom/proprietary/args/acdb/src/acdb_command.c:AcdbCmdGetProcSubgraphCalDataPersist:8255 Error[19]: No calibration found
10-16 23:14:42.029  2041  2935 E ACDB    : vendor/qcom/proprietary/args/acdb/src/acdb_command.c:AcdbCmdGetProcSubgraphCalDataPersist:8255 Error[19]: No calibration found
10-16 23:14:42.067  2156  6956 E ConversionHelperAidl: Function: parseAndSetVendorParameters Line: 94 Failed 
10-16 23:14:42.067  2156  6956 E ConversionHelperAidl: Function: parseAndSetVendorParameters Line: 94 Failed 
10-16 23:14:42.069  2156  6956 E ConversionHelperAidl: Function: parseAndSetVendorParameters Line: 94 Failed 
10-16 23:14:42.069  2156  6956 E ConversionHelperAidl: Function: parseAndSetVendorParameters Line: 94 Failed 
10-16 23:14:45.209  2193  5455 E NativeCustomFrequencyManager: [NativeCFMS] BpCustomFrequencyManager::acquire()
10-16 23:14:46.485  5804 15004 E pageboostd: alp start : app comasifStocktally
10-16 23:14:46.499  5804 15004 E pageboostd: comasifStocktally, amt 12948128 scnt 5 fcnt 0
10-16 23:14:46.511 15006 15006 E asif.Stocktally: Not starting debugger since process cannot load the jdwp agent.
10-16 23:14:46.516  5804 15004 E pageboostd: comasifStocktally, amt 27594752 scnt 23 fcnt 11
10-16 23:14:46.516  5804 15004 E pageboostd: alp end : app comasifStocktally data_amount 40542880
10-16 23:14:46.585  5804  5804 E pageboostd: Received HALT command code 2
10-16 23:14:46.721  2193  5455 E NativeCustomFrequencyManager: [NativeCFMS] BpCustomFrequencyManager::acquire()
10-16 23:14:46.913  2037  2037 E sensors-hal: sendContextData:133, slocationcore h 193 m 23 s 55
10-16 23:14:46.913  2037  2037 E sensors-hal: create_send_context_data:64, slocationcore create_send_context_data
10-16 23:14:46.913  2037  2037 E sensors-hal: sendContextData:133, slocationcore h 193 m 23 s 55
10-16 23:14:46.913  2037  2037 E sensors-hal: create_send_context_data:64, slocationcore create_send_context_data
10-16 23:14:46.914  2037  3950 E sensors-hal: handle_sns_client_event:78, slocationcore_event: msgid:1025
10-16 23:14:46.915  2037  3950 E sensors-hal: handle_sns_client_event:78, slocationcore_event: msgid:1025
10-16 23:14:46.941  5080 14341 E Adreno-AppProfiles: QSPM AIDL service doesn't exist
10-16 23:14:47.685  2706  3069 E Watchdog: !@Sync: 26291 heap(MB): 212 / 226 FD: 1439 [2025-10-16 23:14:47.684]
10-16 23:14:48.223  2193  5455 E NativeCustomFrequencyManager: [NativeCFMS] BpCustomFrequencyManager::acquire()
10-16 23:14:49.013  5804  5804 E pageboostd: Received HALT command code 2
10-16 23:14:49.042 15056 15056 E ackageinstaller: Not starting debugger since process cannot load the jdwp agent.
10-16 23:14:49.068 15056 15076 E Adreno-AppProfiles: QSPM AIDL service doesn't exist
10-16 23:14:49.098 15056 15056 E ackageinstaller: Unable to open libpenguin.so: dlopen failed: library "libpenguin.so" not found.
10-16 23:14:49.116  5804  5804 E pageboostd: Received HALT command code 2
10-16 23:14:49.116  2193  2193 E SurfaceFlinger: alpha changed 1.000 -> 0.000 - Task=4792#285535
10-16 23:14:49.116  2193  2193 E SurfaceFlinger: alpha changed 1.000 -> 0.000 - Surface(name=4e7a2f1 com.google.android.packageinstaller/com.android.packageinstaller.UninstallerActivity)/@0xc93d247 - animation-leash of window_animation#285543
10-16 23:14:49.116  2193  2193 E SurfaceFlinger: alpha changed 0.000 -> 0.000 - Task=4792#285535
10-16 23:14:49.133  2193  2193 E SurfaceFlinger: alpha changed 1.000 -> 0.000 - Dim Layer for - Task=4792#285546
10-16 23:14:49.150  2193  2193 E SurfaceFlinger: alpha changed 0.000 -> 0.070 - Task=4792#285535
10-16 23:14:49.150  2193  2193 E SurfaceFlinger: alpha changed 0.000 -> 0.223 - Surface(name=4e7a2f1 com.google.android.packageinstaller/com.android.packageinstaller.UninstallerActivity)/@0xc93d247 - animation-leash of window_animation#285543
10-16 23:14:49.166  2193  2193 E SurfaceFlinger: alpha changed 0.000 -> 0.037 - Dim Layer for - Task=4792#285546
10-16 23:14:49.756  2706  4967 E BatteryStatsService: Invalid uid for waking network packet: -1
10-16 23:14:49.880  2037  2037 E sensors-hal: sendContextData:133, slocationcore h 193 m 23 s 55
10-16 23:14:49.880  2037  2037 E sensors-hal: create_send_context_data:64, slocationcore create_send_context_data
10-16 23:14:49.881  2037  2037 E sensors-hal: sendContextData:133, slocationcore h 193 m 23 s 55
10-16 23:14:49.881  2037  2037 E sensors-hal: create_send_context_data:64, slocationcore create_send_context_data
10-16 23:14:49.881  2037  3950 E sensors-hal: handle_sns_client_event:78, slocationcore_event: msgid:1025
10-16 23:14:49.882  2037  3950 E sensors-hal: handle_sns_client_event:78, slocationcore_event: msgid:1025
10-16 23:14:51.304  2193  5455 E NativeCustomFrequencyManager: [NativeCFMS] BpCustomFrequencyManager::acquire()
10-16 23:14:51.344  4370  4370 E {OngoingActivityController}: getTaskInfo find task 4792 fail. taskInfoList.size:3
10-16 23:14:51.421  1183 17064 E keystore2: system/security/keystore2/src/keystore2_main.rs:74 - !@ [SQLITE3] 30: open db: flags=6, /data/misc/keystore/vpnprofilestore.sqlite
10-16 23:14:51.422  1183 17064 E keystore2: system/security/keystore2/src/keystore2_main.rs:74 - !@ [SQLITE3] 30: close db /data/misc/keystore/vpnprofilestore.sqlite.
10-16 23:14:51.447  2193  2193 E SurfaceFlinger: alpha changed 0.070 -> 0.000 - Surface(name=4e7a2f1 com.google.android.packageinstaller/com.android.packageinstaller.UninstallerActivity)/@0xc93d247 - animation-leash of window_animation#285547
10-16 23:14:51.474  2706 11057 E TaskPersister: File error accessing recents directory (directory doesn't exist?).
10-16 23:14:51.480  2193  2193 E SurfaceFlinger: alpha changed 0.070 -> 0.000 - Task=4792#285535
10-16 23:14:51.480  2193  2193 E SurfaceFlinger: alpha changed 0.000 -> 0.000 - Task=4792#285535
10-16 23:14:51.480  2193  2193 E SurfaceFlinger: alpha changed 0.000 -> 1.000 - Task=4792#285535
10-16 23:14:51.498  2706  3029 E WindowManager: win=Window{4e7a2f1 u0 com.google.android.packageinstaller/com.android.packageinstaller.UninstallerActivity EXITING} destroySurfaces: appStopped=false cleanupOnResume=false win.mWindowRemovalAllowed=true win.mRemoveOnExit=true win.mViewVisibility=0 caller=com.android.server.wm.WindowState.onExitAnimationDone:222 com.android.server.wm.WindowState.onAnimationFinished:161 com.android.server.wm.WindowContainer$$ExternalSyntheticLambda5.onAnimationFinished:26 com.android.server.wm.SurfaceAnimator.cancelAnimation:19 com.android.server.wm.SurfaceAnimator.cancelAnimation:1 com.android.server.wm.WindowContainer.setParent:49 com.android.server.wm.WindowContainer.removeChild:17 
10-16 23:14:51.511  2706 11057 E TaskPersister: File error accessing recents directory (directory doesn't exist?).
10-16 23:14:51.530 18610 18657 E Finsky  : [1541] [Counters] attempted to use a non-positive increment for: 4753
10-16 23:14:51.534 15125 15125 E t_app_installer: Not starting debugger since process cannot load the jdwp agent.
10-16 23:14:51.541 18610 18645 E android.vending: Failed to open APK '/data/app/~~VtaipOX67HHwWTotIwVd5w==/com.asif.Stocktally-Mox6Ecr1dLDHWjyQ2tZVBQ==/base.apk': I/O error
10-16 23:14:51.545 18610 18649 E Finsky  : [1535] [Counters] attempted to use a non-positive increment for: 4752
10-16 23:14:51.545 18610 18649 E Finsky  : [1535] [Counters] attempted to use a non-positive increment for: 4753
10-16 23:14:51.552 18610 18645 E android.vending: Failed to open APK '/data/app/~~VtaipOX67HHwWTotIwVd5w==/com.asif.Stocktally-Mox6Ecr1dLDHWjyQ2tZVBQ==/split_config.arm64_v8a.apk': I/O error
10-16 23:14:51.553 18610 18645 E android.vending: Failed to open APK '/data/app/~~VtaipOX67HHwWTotIwVd5w==/com.asif.Stocktally-Mox6Ecr1dLDHWjyQ2tZVBQ==/split_config.en.apk': I/O error
10-16 23:14:51.553 18610 18645 E android.vending: Failed to open APK '/data/app/~~VtaipOX67HHwWTotIwVd5w==/com.asif.Stocktally-Mox6Ecr1dLDHWjyQ2tZVBQ==/split_config.xxhdpi.apk': I/O error
10-16 23:14:51.553 18610 18645 E android.vending: Failed to open APK '/data/app/~~VtaipOX67HHwWTotIwVd5w==/com.asif.Stocktally-Mox6Ecr1dLDHWjyQ2tZVBQ==/base.apk': I/O error
10-16 23:14:51.554 18610 18645 E ResourcesManager: failed to add asset path '/data/app/~~VtaipOX67HHwWTotIwVd5w==/com.asif.Stocktally-Mox6Ecr1dLDHWjyQ2tZVBQ==/base.apk'
10-16 23:14:51.554 18610 18645 E ResourcesManager: java.io.IOException: Failed to load asset path /data/app/~~VtaipOX67HHwWTotIwVd5w==/com.asif.Stocktally-Mox6Ecr1dLDHWjyQ2tZVBQ==/base.apk
10-16 23:14:51.554 18610 18645 E ResourcesManager: 	at android.content.res.ApkAssets.nativeLoad(Native Method)
10-16 23:14:51.554 18610 18645 E ResourcesManager: 	at android.content.res.ApkAssets.<init>(ApkAssets.java:303)
10-16 23:14:51.554 18610 18645 E ResourcesManager: 	at android.content.res.ApkAssets.loadFromPath(ApkAssets.java:152)
10-16 23:14:51.554 18610 18645 E ResourcesManager: 	at android.app.ResourcesManager.loadApkAssets(ResourcesManager.java:607)
10-16 23:14:51.554 18610 18645 E ResourcesManager: 	at android.app.ResourcesManager$ApkAssetsSupplier.load(ResourcesManager.java:259)
10-16 23:14:51.554 18610 18645 E ResourcesManager: 	at android.app.ResourcesManager.createAssetManager(ResourcesManager.java:686)
10-16 23:14:51.554 18610 18645 E ResourcesManager: 	at android.app.ResourcesManager.createResourcesImpl(ResourcesManager.java:820)
10-16 23:14:51.554 18610 18645 E ResourcesManager: 	at android.app.ResourcesManager.findOrCreateResourcesImplForKeyLocked(ResourcesManager.java:886)
10-16 23:14:51.554 18610 18645 E ResourcesManager: 	at android.app.ResourcesManager.createResources(ResourcesManager.java:1347)
10-16 23:14:51.554 18610 18645 E ResourcesManager: 	at android.app.ResourcesManager.getResources(ResourcesManager.java:1489)
10-16 23:14:51.554 18610 18645 E ResourcesManager: 	at android.app.ResourcesManager.getResources(ResourcesManager.java:1423)
10-16 23:14:51.554 18610 18645 E ResourcesManager: 	at android.app.ActivityThread.getTopLevelResources(ActivityThread.java:3058)
10-16 23:14:51.554 18610 18645 E ResourcesManager: 	at android.app.ApplicationPackageManager.getResourcesForApplication(ApplicationPackageManager.java:2267)
10-16 23:14:51.554 18610 18645 E ResourcesManager: 	at android.app.ApplicationPackageManager.getResourcesForApplication(ApplicationPackageManager.java:2253)
10-16 23:14:51.554 18610 18645 E ResourcesManager: 	at android.app.ApplicationPackageManager.getDrawable(ApplicationPackageManager.java:1911)
10-16 23:14:51.554 18610 18645 E ResourcesManager: 	at android.app.ApplicationPackageManager.loadUnbadgedItemIcon(ApplicationPackageManager.java:3849)
10-16 23:14:51.554 18610 18645 E ResourcesManager: 	at android.app.ApplicationPackageManager.loadItemIcon(ApplicationPackageManager.java:3718)
10-16 23:14:51.554 18610 18645 E ResourcesManager: 	at android.content.pm.PackageItemInfo.loadIcon(PackageItemInfo.java:320)
10-16 23:14:51.554 18610 18645 E ResourcesManager: 	at android.content.pm.PackageItemInfo.loadIcon(PackageItemInfo.java:315)
10-16 23:14:51.554 18610 18645 E ResourcesManager: 	at android.app.ApplicationPackageManager.getApplicationIcon(ApplicationPackageManager.java:1982)
10-16 23:14:51.554 18610 18645 E ResourcesManager: 	at oel.a(PG:25)
10-16 23:14:51.554 18610 18645 E ResourcesManager: 	at oer.l(PG:30)
10-16 23:14:51.554 18610 18645 E ResourcesManager: 	at qg.kI(PG:792)
10-16 23:14:51.554 18610 18645 E ResourcesManager: 	at odw.k(PG:36)
10-16 23:14:51.554 18610 18645 E ResourcesManager: 	at odp.f(PG:17)
10-16 23:14:51.554 18610 18645 E ResourcesManager: 	at odp.i(PG:31)
10-16 23:14:51.554 18610 18645 E ResourcesManager: 	at oep.i(PG:1)
10-16 23:14:51.554 18610 18645 E ResourcesManager: 	at oes.d(PG:11)
10-16 23:14:51.554 18610 18645 E ResourcesManager: 	at oes.e(PG:13)
10-16 23:14:51.554 18610 18645 E ResourcesManager: 	at nsd.apply(PG:1703)
10-16 23:14:51.554 18610 18645 E ResourcesManager: 	at bgux.d(PG:3)
10-16 23:14:51.554 18610 18645 E ResourcesManager: 	at bguy.run(PG:38)
10-16 23:14:51.554 18610 18645 E ResourcesManager: 	at java.util.concurrent.ThreadPoolExecutor.runWorker(ThreadPoolExecutor.java:1156)
10-16 23:14:51.554 18610 18645 E ResourcesManager: 	at java.util.concurrent.ThreadPoolExecutor$Worker.run(ThreadPoolExecutor.java:651)
10-16 23:14:51.554 18610 18645 E ResourcesManager: 	at rkp.run(PG:431)
10-16 23:14:51.554 18610 18645 E ResourcesManager: 	at java.lang.Thread.run(Thread.java:1119)
10-16 23:14:51.564  2193  2193 E SurfaceFlinger: alpha changed 0.055 -> 0.000 - Dim Layer for - Task=4792#285546
10-16 23:14:51.564  2706  4013 E AppOps  : attributionTag VCN not declared in manifest of android
10-16 23:14:51.567  1183 17064 E keystore2: system/security/keystore2/src/keystore2_main.rs:74 - !@ [SQLITE3] 30: open db: flags=6, /data/misc/keystore/vpnprofilestore.sqlite
10-16 23:14:51.568  1183 15116 E keystore2: system/security/keystore2/src/keystore2_main.rs:74 - !@ [SQLITE3] 30: open db: flags=6, /data/misc/keystore/vpnprofilestore.sqlite
10-16 23:14:51.569  1183 15116 E keystore2: system/security/keystore2/src/keystore2_main.rs:74 - !@ [SQLITE3] 30: close db /data/misc/keystore/vpnprofilestore.sqlite.
10-16 23:14:51.569  1183 17064 E keystore2: system/security/keystore2/src/keystore2_main.rs:74 - !@ [SQLITE3] 30: close db /data/misc/keystore/vpnprofilestore.sqlite.
10-16 23:14:51.574 18610 18630 E Finsky  : [1519] DM: com.asif.Stocktally has no first install time
10-16 23:14:51.608 15166 15166 E ndroid.keychain: Not starting debugger since process cannot load the jdwp agent.
10-16 23:14:51.609 18610 18651 E AbstractLogEventBuilder: The provided ProductIdOrigin 3 is not one of the process-level expected values: 1 or 2
10-16 23:14:51.612 18610 18657 E Finsky  : [1541] [Counters] attempted to use a non-positive increment for: 4751
10-16 23:14:51.623  2706  4569 E RoleControllerServiceImpl: Default/fallback role holder package doesn't qualify for the role, package: com.google.android.gms.supervision, role: android.app.role.SYSTEM_SUPERVISION
10-16 23:14:51.634  4676  4676 E ApduServiceInfo: Not adding <aid-group> with empty or invalid AIDs
10-16 23:14:51.647  2193  2193 E SurfaceFlinger: alpha changed 1.000 -> 0.000 - Surface(name=a14fe3e Toast)/@0x8e6e9a0 - animation-leash of window_animation#285557
10-16 23:14:51.647  2193  2193 E SurfaceFlinger: alpha changed 0.000 -> 0.000 - Surface(name=a14fe3e Toast)/@0x8e6e9a0 - animation-leash of window_animation#285557
10-16 23:14:51.655  4676  4676 E ApduServiceInfo: Not adding <aid-group> with empty or invalid AIDs
10-16 23:14:51.663  2193  2193 E SurfaceFlinger: alpha changed 0.000 -> 0.067 - Surface(name=a14fe3e Toast)/@0x8e6e9a0 - animation-leash of window_animation#285557
10-16 23:14:51.667  4676  4676 E ApduServiceInfo: Not adding <aid-group> with empty or invalid AIDs
10-16 23:14:51.667  4676  4676 E ApduServiceInfo: Not adding <aid-group> with empty or invalid AIDs
10-16 23:14:51.668  4676  4676 E ApduServiceInfo: Not adding <aid-group> with empty or invalid AIDs
10-16 23:14:51.675  4676  4676 E RegisteredAidCache: Ignoring exact AID A000000004 because prefix AID A000000004* is already registered
10-16 23:14:51.675  4676  4676 E RegisteredAidCache: Ignoring exact AID A0000000041010 because prefix AID A000000004* is already registered
10-16 23:14:51.675  4676  4676 E RegisteredAidCache: Ignoring exact AID A0000000042203 because prefix AID A000000004* is already registered
10-16 23:14:51.675  4676  4676 E RegisteredAidCache: Ignoring exact AID A0000000043060 because prefix AID A000000004* is already registered
10-16 23:14:51.675  4676  4676 E RegisteredAidCache: Ignoring exact AID A0000000041010D07603 because prefix AID A000000004* is already registered
10-16 23:14:51.675  4676  4676 E RegisteredAidCache: Ignoring exact AID A000000003 because prefix AID A000000003* is already registered
10-16 23:14:51.675  4676  4676 E RegisteredAidCache: Ignoring exact AID A0000000031010 because prefix AID A000000003* is already registered
10-16 23:14:51.675  4676  4676 E RegisteredAidCache: Ignoring exact AID A0000000032010 because prefix AID A000000003* is already registered
10-16 23:14:51.675  4676  4676 E RegisteredAidCache: Ignoring exact AID A0000000032020 because prefix AID A000000003* is already registered
10-16 23:14:51.675  4676  4676 E RegisteredAidCache: Ignoring exact AID A00000000305076620 because prefix AID A000000003* is already registered
10-16 23:14:51.675  4676  4676 E RegisteredAidCache: Ignoring exact AID A00000002501 because prefix AID A000000025* is already registered
10-16 23:14:51.675  4676  4676 E RegisteredAidCache: Ignoring exact AID A000000025011001 because prefix AID A000000025* is already registered
10-16 23:14:51.675  4676  4676 E RegisteredAidCache: Ignoring exact AID A0000000250110 because prefix AID A000000025* is already registered
10-16 23:14:51.675  4676  4676 E RegisteredAidCache: Ignoring exact AID A000000025021001 because prefix AID A000000025* is already registered
10-16 23:14:51.676  4676  4676 E RegisteredAidCache: Ignoring exact AID A000000025040303 because prefix AID A000000025* is already registered
10-16 23:14:51.676  4676  4676 E RegisteredAidCache: Ignoring exact AID A0000000030701 because prefix AID A000000003* is already registered
10-16 23:14:51.676  4676  4676 E RegisteredAidCache: Ignoring exact AID A00000000307010001 because prefix AID A000000003* is already registered
10-16 23:14:51.676  4676  4676 E RegisteredAidCache: Ignoring exact AID A0000000049999D840 because prefix AID A000000004* is already registered
10-16 23:14:51.676  4676  4676 E RegisteredAidCache: Ignoring exact AID A00000038410 because prefix AID A000000384* is already registered
10-16 23:14:51.676  4676  4676 E RegisteredAidCache: Ignoring exact AID A00000038420 because prefix AID A000000384* is already registered
10-16 23:14:51.694  4351  5375 E SmsApplication: com.google.android.apps.messaging lost android:read_cell_broadcasts:  (fixing)
10-16 23:14:51.700  2706  4569 E DocumentManagerRoleBehavior: There should be exactly one documenter; found 0: matches=[]
10-16 23:14:51.712  2706  4569 E AppOpService: Blocked setUidMode call for runtime permission app op: uid = 1000, code = CAMERA, mode = foreground, callingUid = 1000, oldMode = allow
10-16 23:14:51.712  2706  4569 E AppOpService: java.lang.RuntimeException
10-16 23:14:51.712  2706  4569 E AppOpService: 	at com.android.server.permission.access.appop.AppOpService.setUidMode(qb/98980305 0b399ac4d289e3f0315d1f7beced4a500f214af83d2ed90ff6fd71a0c4d5f1b4:165)
10-16 23:14:51.712  2706  4569 E AppOpService: 	at com.android.server.appop.AppOpsCheckingServiceTracingDecorator.setUidMode(qb/98980305 0b399ac4d289e3f0315d1f7beced4a500f214af83d2ed90ff6fd71a0c4d5f1b4:10)
10-16 23:14:51.712  2706  4569 E AppOpService: 	at com.android.server.appop.AppOpsService.setUidMode(qb/98980305 0b399ac4d289e3f0315d1f7beced4a500f214af83d2ed90ff6fd71a0c4d5f1b4:52)
10-16 23:14:51.712  2706  4569 E AppOpService: 	at com.android.server.appop.AppOpsService.setUidMode(qb/98980305 0b399ac4d289e3f0315d1f7beced4a500f214af83d2ed90ff6fd71a0c4d5f1b4:1)
10-16 23:14:51.712  2706  4569 E AppOpService: 	at android.app.AppOpsManager.setUidMode(AppOpsManager.java:8106)
10-16 23:14:51.712  2706  4569 E AppOpService: 	at com.android.role.controller.model.Permissions.setAppOpModeAsUser(Permissions.java:908)
10-16 23:14:51.712  2706  4569 E AppOpService: 	at com.android.role.controller.model.Permissions.setAppOpUidModeAsUser(Permissions.java:885)
10-16 23:14:51.712  2706  4569 E AppOpService: 	at com.android.role.controller.model.Permissions.grantPermissionAndAppOpAsUser(Permissions.java:373)
10-16 23:14:51.712  2706  4569 E AppOpService: 	at com.android.role.controller.model.Permissions.grantSingleAsUser(Permissions.java:247)
10-16 23:14:51.712  2706  4569 E AppOpService: 	at com.android.role.controller.model.Permissions.grantAsUser(Permissions.java:205)
10-16 23:14:51.712  2706  4569 E AppOpService: 	at com.android.role.controller.model.Role.grantAsUser(Role.java:867)
10-16 23:14:51.712  2706  4569 E AppOpService: 	at com.android.role.controller.service.RoleControllerServiceImpl.addRoleHolderInternal(RoleControllerServiceImpl.java:376)
10-16 23:14:51.712  2706  4569 E AppOpService: 	at com.android.role.controller.service.RoleControllerServiceImpl.onGrantDefaultRoles(RoleControllerServiceImpl.java:163)
10-16 23:14:51.712  2706  4569 E AppOpService: 	at com.android.role.LocalRoleController.lambda$grantDefaultRoles$1(LocalRoleController.java:56)
10-16 23:14:51.712  2706  4569 E AppOpService: 	at com.android.role.LocalRoleController.$r8$lambda$ye-flP7Mf14AbTzwSmiTgndT6Cg(LocalRoleController.java:0)
10-16 23:14:51.712  2706  4569 E AppOpService: 	at com.android.role.LocalRoleController$$ExternalSyntheticLambda1.run(R8$$SyntheticClass:0)
10-16 23:14:51.712  2706  4569 E AppOpService: 	at android.os.Handler.handleCallback(Handler.java:959)
10-16 23:14:51.712  2706  4569 E AppOpService: 	at android.os.Handler.dispatchMessage(Handler.java:100)
10-16 23:14:51.712  2706  4569 E AppOpService: 	at android.os.Looper.loopOnce(Looper.java:257)
10-16 23:14:51.712  2706  4569 E AppOpService: 	at android.os.Looper.loop(Looper.java:342)
10-16 23:14:51.712  2706  4569 E AppOpService: 	at android.os.HandlerThread.run(HandlerThread.java:85)
10-16 23:14:51.714  4676 15217 E libnfc_nci: SecureElement::getEeInfo: num EEs discovered: 2
10-16 23:14:51.718  4676 15221 E libnfc_nci: SecureElement::getEeInfo: num EEs discovered: 2
10-16 23:14:51.722  4676 15224 E libnfc_nci: SecureElement::getEeInfo: num EEs discovered: 2
10-16 23:14:51.735  4676  4676 E ApduServiceInfo: Not adding <aid-group> with empty or invalid AIDs
10-16 23:14:51.737  4676  4676 E ApduServiceInfo: Not adding <aid-group> with empty or invalid AIDs
10-16 23:14:51.737  4676  4676 E ApduServiceInfo: Not adding <aid-group> with empty or invalid AIDs
10-16 23:14:51.737  4676  4676 E ApduServiceInfo: Not adding <aid-group> with empty or invalid AIDs
10-16 23:14:51.737  4676  4676 E ApduServiceInfo: Not adding <aid-group> with empty or invalid AIDs
10-16 23:14:51.757 11025 11025 E SQLiteLog: (1) no such table: 10565 in "DELETE FROM [10565]"
10-16 23:14:51.758 15226 15226 E msung.klmsagent: Not starting debugger since process cannot load the jdwp agent.
10-16 23:14:51.758 11025 11025 E SDHMS:BatteryStatsDBProvider: delete Exception : no such table: 10565 (code 1 SQLITE_ERROR[1]): , while compiling: DELETE FROM [10565]
10-16 23:14:51.791 15248 15248 E .devicesecurity: Not starting debugger since process cannot load the jdwp agent.
10-16 23:14:51.813  2706  3026 E NotifHistoryProto: Error writing notification icon -
10-16 23:14:51.813  2706  3026 E NotifHistoryProto: java.lang.NullPointerException: Attempt to invoke virtual method 'int android.graphics.drawable.Icon.getType()' on a null object reference
10-16 23:14:51.813  2706  3026 E NotifHistoryProto: 	at com.android.server.notification.NotificationHistoryProtoHelper.writeIcon(qb/98980305 0b399ac4d289e3f0315d1f7beced4a500f214af83d2ed90ff6fd71a0c4d5f1b4:14)
10-16 23:14:51.813  2706  3026 E NotifHistoryProto: 	at com.android.server.notification.NotificationHistoryProtoHelper.write(qb/98980305 0b399ac4d289e3f0315d1f7beced4a500f214af83d2ed90ff6fd71a0c4d5f1b4:437)
10-16 23:14:51.813  2706  3026 E NotifHistoryProto: 	at com.android.server.notification.NotificationHistoryDatabase.writeLocked(qb/98980305 0b399ac4d289e3f0315d1f7beced4a500f214af83d2ed90ff6fd71a0c4d5f1b4:7)
10-16 23:14:51.813  2706  3026 E NotifHistoryProto: 	at com.android.server.notification.NotificationHistoryDatabase$RemovePackageRunnable.run(qb/98980305 0b399ac4d289e3f0315d1f7beced4a500f214af83d2ed90ff6fd71a0c4d5f1b4:85)
10-16 23:14:51.813  2706  3026 E NotifHistoryProto: 	at android.os.Handler.handleCallback(Handler.java:959)
10-16 23:14:51.813  2706  3026 E NotifHistoryProto: 	at android.os.Handler.dispatchMessage(Handler.java:100)
10-16 23:14:51.813  2706  3026 E NotifHistoryProto: 	at android.os.Looper.loopOnce(Looper.java:257)
10-16 23:14:51.813  2706  3026 E NotifHistoryProto: 	at android.os.Looper.loop(Looper.java:342)
10-16 23:14:51.813  2706  3026 E NotifHistoryProto: 	at android.os.HandlerThread.run(HandlerThread.java:85)
10-16 23:14:51.813  2706  3026 E NotifHistoryProto: 	at com.android.server.ServiceThread.run(qb/98980305 0b399ac4d289e3f0315d1f7beced4a500f214af83d2ed90ff6fd71a0c4d5f1b4:13)
10-16 23:14:51.813  2706  3026 E NotifHistoryProto: Error writing notification icon -
10-16 23:14:51.813  2706  3026 E NotifHistoryProto: java.lang.NullPointerException: Attempt to invoke virtual method 'int android.graphics.drawable.Icon.getType()' on a null object reference
10-16 23:14:51.813  2706  3026 E NotifHistoryProto: 	at com.android.server.notification.NotificationHistoryProtoHelper.writeIcon(qb/98980305 0b399ac4d289e3f0315d1f7beced4a500f214af83d2ed90ff6fd71a0c4d5f1b4:14)
10-16 23:14:51.813  2706  3026 E NotifHistoryProto: 	at com.android.server.notification.NotificationHistoryProtoHelper.write(qb/98980305 0b399ac4d289e3f0315d1f7beced4a500f214af83d2ed90ff6fd71a0c4d5f1b4:437)
10-16 23:14:51.813  2706  3026 E NotifHistoryProto: 	at com.android.server.notification.NotificationHistoryDatabase.writeLocked(qb/98980305 0b399ac4d289e3f0315d1f7beced4a500f214af83d2ed90ff6fd71a0c4d5f1b4:7)
10-16 23:14:51.813  2706  3026 E NotifHistoryProto: 	at com.android.server.notification.NotificationHistoryDatabase$RemovePackageRunnable.run(qb/98980305 0b399ac4d289e3f0315d1f7beced4a500f214af83d2ed90ff6fd71a0c4d5f1b4:85)
10-16 23:14:51.813  2706  3026 E NotifHistoryProto: 	at android.os.Handler.handleCallback(Handler.java:959)
10-16 23:14:51.813  2706  3026 E NotifHistoryProto: 	at android.os.Handler.dispatchMessage(Handler.java:100)
10-16 23:14:51.813  2706  3026 E NotifHistoryProto: 	at android.os.Looper.loopOnce(Looper.java:257)
10-16 23:14:51.813  2706  3026 E NotifHistoryProto: 	at android.os.Looper.loop(Looper.java:342)
10-16 23:14:51.813  2706  3026 E NotifHistoryProto: 	at android.os.HandlerThread.run(HandlerThread.java:85)
10-16 23:14:51.813  2706  3026 E NotifHistoryProto: 	at com.android.server.ServiceThread.run(qb/98980305 0b399ac4d289e3f0315d1f7beced4a500f214af83d2ed90ff6fd71a0c4d5f1b4:13)
10-16 23:14:51.813  2706  3026 E NotifHistoryProto: Error writing notification icon -
10-16 23:14:51.813  2706  3026 E NotifHistoryProto: java.lang.NullPointerException: Attempt to invoke virtual method 'int android.graphics.drawable.Icon.getType()' on a null object reference
10-16 23:14:51.813  2706  3026 E NotifHistoryProto: 	at com.android.server.notification.NotificationHistoryProtoHelper.writeIcon(qb/98980305 0b399ac4d289e3f0315d1f7beced4a500f214af83d2ed90ff6fd71a0c4d5f1b4:14)
10-16 23:14:51.813  2706  3026 E NotifHistoryProto: 	at com.android.server.notification.NotificationHistoryProtoHelper.write(qb/98980305 0b399ac4d289e3f0315d1f7beced4a500f214af83d2ed90ff6fd71a0c4d5f1b4:437)
10-16 23:14:51.813  2706  3026 E NotifHistoryProto: 	at com.android.server.notification.NotificationHistoryDatabase.writeLocked(qb/98980305 0b399ac4d289e3f0315d1f7beced4a500f214af83d2ed90ff6fd71a0c4d5f1b4:7)
10-16 23:14:51.813  2706  3026 E NotifHistoryProto: 	at com.android.server.notification.NotificationHistoryDatabase$RemovePackageRunnable.run(qb/98980305 0b399ac4d289e3f0315d1f7beced4a500f214af83d2ed90ff6fd71a0c4d5f1b4:85)
10-16 23:14:51.813  2706  3026 E NotifHistoryProto: 	at android.os.Handler.handleCallback(Handler.java:959)
10-16 23:14:51.813  2706  3026 E NotifHistoryProto: 	at android.os.Handler.dispatchMessage(Handler.java:100)
10-16 23:14:51.813  2706  3026 E NotifHistoryProto: 	at android.os.Looper.loopOnce(Looper.java:257)
10-16 23:14:51.813  2706  3026 E NotifHistoryProto: 	at android.os.Looper.loop(Looper.java:342)
10-16 23:14:51.813  2706  3026 E NotifHistoryProto: 	at android.os.HandlerThread.run(HandlerThread.java:85)
10-16 23:14:51.813  2706  3026 E NotifHistoryProto: 	at com.android.server.ServiceThread.run(qb/98980305 0b399ac4d289e3f0315d1f7beced4a500f214af83d2ed90ff6fd71a0c4d5f1b4:13)
10-16 23:14:51.822 26506 15099 E LoadedApk: Exception : java.lang.NullPointerException: Attempt to invoke virtual method 'boolean android.os.Looper.isPerfLogEnable()' on a null object reference
10-16 23:14:51.825 26506 14863 E LoadedApk: Exception : java.lang.NullPointerException: Attempt to invoke virtual method 'boolean android.os.Looper.isPerfLogEnable()' on a null object reference
10-16 23:14:51.835  2706 18881 E IPCThreadState: Process seems to be sending too many oneway calls.
10-16 23:14:51.865 10819 10819 E SixIntentsReceiver: onReceive - Abort. SIX is disabled
10-16 23:14:51.877 15306 15306 E .android.chrome: Not starting debugger since process cannot load the jdwp agent.
10-16 23:14:51.928 26561 14460 E WorkSourceUtil: Could not find package: com.asif.Stocktally
10-16 23:14:51.992 15349 15349 E ier.carrierwifi: Not starting debugger since process cannot load the jdwp agent.
10-16 23:14:52.015  2706 18881 E oneway spamming:   #00 pc 0000000000064144  /system/lib64/libbinder.so (android::BpBinder::transact(unsigned int, android::Parcel const&, android::Parcel*, unsigned int)+172) (BuildId: 7da404fa99d51802d32ee9ee33e64f0d)
10-16 23:14:52.015  2706 18881 E oneway spamming:   #01 pc 00000000001aec0c  /system/lib64/libandroid_runtime.so (android_os_BinderProxy_transact(_JNIEnv*, _jobject*, int, _jobject*, _jobject*, int)+156) (BuildId: ad7f4df4440922b525b76b10f4ea2a45)
10-16 23:14:52.015  2706 18881 E oneway spamming:   #02 pc 0000000000da893c  /data/misc/apexdata/com.android.art/dalvik-cache/arm64/boot.oat (art_jni_trampoline+140)
10-16 23:14:52.015  2706 18881 E oneway spamming:   #03 pc 000000000098eeb0  /data/misc/apexdata/com.android.art/dalvik-cache/arm64/boot.oat (android.os.BinderProxy.transact+2368)
10-16 23:14:52.015  2706 18881 E oneway spamming:   #04 pc 000000000068b5bc  /apex/com.android.art/lib64/libart.so (nterp_helper+9292) (BuildId: 80d2ab18f9d259d8e546c1e6bae752b1)
10-16 23:14:52.015  2706 18881 E oneway spamming:   #05 pc 000000000034c71c  /system/framework/framework.jar (android.app.usage.ICacheQuotaService$Stub$Proxy.computeCacheQuotaHints+48)
10-16 23:14:52.015  2706 18881 E oneway spamming:   #06 pc 000000000068aee4  /apex/com.android.art/lib64/libart.so (nterp_helper+7540) (BuildId: 80d2ab18f9d259d8e546c1e6bae752b1)
10-16 23:14:52.015  2706 18881 E oneway spamming:   #07 pc 0000000000411f6c  /system/framework/services.jar (com.android.server.storage.CacheQuotaStrategy$1$1.run+84)
10-16 23:14:52.015  2706 18881 E oneway spamming:   #08 pc 0000000000924d00  /data/misc/apexdata/com.android.art/dalvik-cache/arm64/boot.oat (android.os.AsyncTask$SerialExecutor$1.run+64)
10-16 23:14:52.015  2706 18881 E oneway spamming:   #09 pc 00000000004a8d04  /data/misc/apexdata/com.android.art/dalvik-cache/arm64/boot.oat (java.util.concurrent.ThreadPoolExecutor.runWorker+676)
10-16 23:14:52.015  2706 18881 E oneway spamming:   #10 pc 00000000004acca8  /data/misc/apexdata/com.android.art/dalvik-cache/arm64/boot.oat (java.util.concurrent.ThreadPoolExecutor$Worker.run+56)
10-16 23:14:52.015  2706 18881 E oneway spamming:   #11 pc 000000000033d4f0  /data/misc/apexdata/com.android.art/dalvik-cache/arm64/boot.oat (java.lang.Thread.run+64)
10-16 23:14:52.015  2706 18881 E oneway spamming:   #12 pc 000000000032d194  /apex/com.android.art/lib64/libart.so (art_quick_invoke_stub+612) (BuildId: 80d2ab18f9d259d8e546c1e6bae752b1)
10-16 23:14:52.015  2706 18881 E oneway spamming:   #13 pc 00000000002de270  /apex/com.android.art/lib64/libart.so (art::ArtMethod::Invoke(art::Thread*, unsigned int*, unsigned int, art::JValue*, char const*)+216) (BuildId: 80d2ab18f9d259d8e546c1e6bae752b1)
10-16 23:14:52.015  2706 18881 E oneway spamming:   #14 pc 00000000004bfcf4  /apex/com.android.art/lib64/libart.so (art::Thread::CreateCallback(void*)+932) (BuildId: 80d2ab18f9d259d8e546c1e6bae752b1)
10-16 23:14:52.015  2706 18881 E oneway spamming:   #15 pc 00000000004bf940  /apex/com.android.art/lib64/libart.so (art::Thread::CreateCallbackWithUffdGc(void*)+8) (BuildId: 80d2ab18f9d259d8e546c1e6bae752b1)
10-16 23:14:52.015  2706 18881 E oneway spamming:   #16 pc 0000000000071c28  /apex/com.android.runtime/lib64/bionic/libc.so (__pthread_start(void*)+196) (BuildId: 9ecf995a27c885d1447a549f8c253e65)
10-16 23:14:52.015  2706 18881 E oneway spamming:   #17 pc 0000000000063d20  /apex/com.android.runtime/lib64/bionic/libc.so (__start_thread+68) (BuildId: 9ecf995a27c885d1447a549f8c253e65)
10-16 23:14:52.070 12703 15363 E AppIconSolution: Couldn't get theme package resources, package is null
10-16 23:14:52.094 15368 15368 E .android.forest: Not starting debugger since process cannot load the jdwp agent.
10-16 23:14:52.106  2156 21624 E ConversionHelperAidl: Function: parseAndSetVendorParameters Line: 94 Failed 
10-16 23:14:52.106  2156 21624 E ConversionHelperAidl: Function: parseAndSetVendorParameters Line: 94 Failed 
10-16 23:14:52.107  2156 21624 E ConversionHelperAidl: Function: parseAndSetVendorParameters Line: 94 Failed 
10-16 23:14:52.107  2156 21624 E ConversionHelperAidl: Function: parseAndSetVendorParameters Line: 94 Failed 
10-16 23:14:52.145 19861 20025 E ActivityThread: Failed to find provider info for com.zhiliaoapp.musically.apm
10-16 23:14:52.166 12703 15363 E AppIconSolution: Couldn't get theme package resources, package is null
10-16 23:14:52.204 15368 15368 E DWBu    : App icon disabled, so return addDynamicShortcuts
10-16 23:14:52.204 12703 15363 E Friday_VoiceNotificationUtil: not bitmap
10-16 23:14:52.235 15368 15424 E DWBb    : init
10-16 23:14:52.236 15368 15368 E DWBi    : package name can't find
10-16 23:14:52.237 15422 15422 E droid.mapsagent: Not starting debugger since process cannot load the jdwp agent.
10-16 23:14:52.252 15368 15424 E DWBb    : init-end
10-16 23:14:52.252 15368 15424 E DWBc    : init
10-16 23:14:52.259 15368 15424 E DWBc    : init-end
10-16 23:14:52.286 10794 22111 E MediaProvider: insertFileIfNecessary failed
10-16 23:14:52.286 10794 22111 E MediaProvider: java.lang.IllegalArgumentException: Primary directory null not allowed for content://media/external_primary/file; allowed directories are [Download, Documents]
10-16 23:14:52.286 10794 22111 E MediaProvider: 	at com.android.providers.media.MediaProvider.ensureFileColumns(MediaProvider.java:4996)
10-16 23:14:52.286 10794 22111 E MediaProvider: 	at com.android.providers.media.MediaProvider.ensureUniqueFileColumns(MediaProvider.java:4619)
10-16 23:14:52.286 10794 22111 E MediaProvider: 	at com.android.providers.media.MediaProvider.insertFile(MediaProvider.java:5439)
10-16 23:14:52.286 10794 22111 E MediaProvider: 	at com.android.providers.media.MediaProvider.insertInternal(MediaProvider.java:6045)
10-16 23:14:52.286 10794 22111 E MediaProvider: 	at com.android.providers.media.MediaProvider.insert(MediaProvider.java:5728)
10-16 23:14:52.286 10794 22111 E MediaProvider: 	at com.android.providers.media.MediaProvider.insertFileForFuse(MediaProvider.java:11495)
10-16 23:14:52.286 10794 22111 E MediaProvider: 	at com.android.providers.media.MediaProvider.insertFileIfNecessaryForFuse(MediaProvider.java:11590)
10-16 23:14:52.289 10794 22109 E MediaProvider: insertFileIfNecessary failed
10-16 23:14:52.289 10794 22109 E MediaProvider: java.lang.IllegalArgumentException: Primary directory null not allowed for content://media/external_primary/file; allowed directories are [Download, Documents]
10-16 23:14:52.289 10794 22109 E MediaProvider: 	at com.android.providers.media.MediaProvider.ensureFileColumns(MediaProvider.java:4996)
10-16 23:14:52.289 10794 22109 E MediaProvider: 	at com.android.providers.media.MediaProvider.ensureUniqueFileColumns(MediaProvider.java:4619)
10-16 23:14:52.289 10794 22109 E MediaProvider: 	at com.android.providers.media.MediaProvider.insertFile(MediaProvider.java:5439)
10-16 23:14:52.289 10794 22109 E MediaProvider: 	at com.android.providers.media.MediaProvider.insertInternal(MediaProvider.java:6045)
10-16 23:14:52.289 10794 22109 E MediaProvider: 	at com.android.providers.media.MediaProvider.insert(MediaProvider.java:5728)
10-16 23:14:52.289 10794 22109 E MediaProvider: 	at com.android.providers.media.MediaProvider.insertFileForFuse(MediaProvider.java:11495)
10-16 23:14:52.289 10794 22109 E MediaProvider: 	at com.android.providers.media.MediaProvider.insertFileIfNecessaryForFuse(MediaProvider.java:11590)
10-16 23:14:52.291 10794 20491 E MediaProvider: insertFileIfNecessary failed
10-16 23:14:52.291 10794 20491 E MediaProvider: java.lang.IllegalArgumentException: Primary directory null not allowed for content://media/external_primary/file; allowed directories are [Download, Documents]
10-16 23:14:52.291 10794 20491 E MediaProvider: 	at com.android.providers.media.MediaProvider.ensureFileColumns(MediaProvider.java:4996)
10-16 23:14:52.291 10794 20491 E MediaProvider: 	at com.android.providers.media.MediaProvider.ensureUniqueFileColumns(MediaProvider.java:4619)
10-16 23:14:52.291 10794 20491 E MediaProvider: 	at com.android.providers.media.MediaProvider.insertFile(MediaProvider.java:5439)
10-16 23:14:52.291 10794 20491 E MediaProvider: 	at com.android.providers.media.MediaProvider.insertInternal(MediaProvider.java:6045)
